<testsuites id="" name="" tests="1374" failures="333" skipped="1040" errors="0" time="2695.8950809999997">
<testsuite name="accessibility/component-accessibility.spec.ts" timestamp="2025-06-29T03:15:12.290Z" hostname="chromium" tests="9" failures="9" skipped="0" time="8.532" errors="0">
<testcase name="Accessibility Compliance - Components › should have proper heading hierarchy" classname="accessibility/component-accessibility.spec.ts" time="1.16">
<failure message="component-accessibility.spec.ts:20:3 should have proper heading hierarchy" type="FAILURE">
<![CDATA[  [chromium] › accessibility/component-accessibility.spec.ts:20:3 › Accessibility Compliance - Components › should have proper heading hierarchy 

    Error: page.evaluate: SecurityError: Failed to read the 'localStorage' property from 'Window': Access is denied for this document.
        at UtilityScript.evaluate (<anonymous>:293:16)
        at UtilityScript.<anonymous> (<anonymous>:1:44)
        at UtilityScript.evaluate (<anonymous>:293:16)
        at UtilityScript.<anonymous> (<anonymous>:1:44)
        at TestUtils.seedTestData (/mnt/r/Projects/ForkFlow-crm/tests/helpers/testUtils.ts:364:21)
        at /mnt/r/Projects/ForkFlow-crm/tests/accessibility/component-accessibility.spec.ts:13:17

    attachment #1: screenshot (image/png) ──────────────────────────────────────────────────────────
    test-results/accessibility-component-ac-b705c-ve-proper-heading-hierarchy-chromium/test-failed-1.png
    ────────────────────────────────────────────────────────────────────────────────────────────────

    attachment #2: video (video/webm) ──────────────────────────────────────────────────────────────
    test-results/accessibility-component-ac-b705c-ve-proper-heading-hierarchy-chromium/video.webm
    ────────────────────────────────────────────────────────────────────────────────────────────────
]]>
</failure>
<system-out>
<![CDATA[
[[ATTACHMENT|accessibility-component-ac-b705c-ve-proper-heading-hierarchy-chromium/test-failed-1.png]]

[[ATTACHMENT|accessibility-component-ac-b705c-ve-proper-heading-hierarchy-chromium/video.webm]]
]]>
</system-out>
</testcase>
<testcase name="Accessibility Compliance - Components › should have accessible interactive elements" classname="accessibility/component-accessibility.spec.ts" time="1.16">
<failure message="component-accessibility.spec.ts:32:3 should have accessible interactive elements" type="FAILURE">
<![CDATA[  [chromium] › accessibility/component-accessibility.spec.ts:32:3 › Accessibility Compliance - Components › should have accessible interactive elements 

    Error: page.evaluate: SecurityError: Failed to read the 'localStorage' property from 'Window': Access is denied for this document.
        at UtilityScript.evaluate (<anonymous>:293:16)
        at UtilityScript.<anonymous> (<anonymous>:1:44)
        at UtilityScript.evaluate (<anonymous>:293:16)
        at UtilityScript.<anonymous> (<anonymous>:1:44)
        at TestUtils.seedTestData (/mnt/r/Projects/ForkFlow-crm/tests/helpers/testUtils.ts:364:21)
        at /mnt/r/Projects/ForkFlow-crm/tests/accessibility/component-accessibility.spec.ts:13:17

    attachment #1: screenshot (image/png) ──────────────────────────────────────────────────────────
    test-results/accessibility-component-ac-043e6-ssible-interactive-elements-chromium/test-failed-1.png
    ────────────────────────────────────────────────────────────────────────────────────────────────

    attachment #2: video (video/webm) ──────────────────────────────────────────────────────────────
    test-results/accessibility-component-ac-043e6-ssible-interactive-elements-chromium/video.webm
    ────────────────────────────────────────────────────────────────────────────────────────────────
]]>
</failure>
<system-out>
<![CDATA[
[[ATTACHMENT|accessibility-component-ac-043e6-ssible-interactive-elements-chromium/test-failed-1.png]]

[[ATTACHMENT|accessibility-component-ac-043e6-ssible-interactive-elements-chromium/video.webm]]
]]>
</system-out>
</testcase>
<testcase name="Accessibility Compliance - Components › should have proper focus management" classname="accessibility/component-accessibility.spec.ts" time="0.837">
<failure message="component-accessibility.spec.ts:49:3 should have proper focus management" type="FAILURE">
<![CDATA[  [chromium] › accessibility/component-accessibility.spec.ts:49:3 › Accessibility Compliance - Components › should have proper focus management 

    Error: page.evaluate: SecurityError: Failed to read the 'localStorage' property from 'Window': Access is denied for this document.
        at UtilityScript.evaluate (<anonymous>:293:16)
        at UtilityScript.<anonymous> (<anonymous>:1:44)
        at UtilityScript.evaluate (<anonymous>:293:16)
        at UtilityScript.<anonymous> (<anonymous>:1:44)
        at TestUtils.seedTestData (/mnt/r/Projects/ForkFlow-crm/tests/helpers/testUtils.ts:364:21)
        at /mnt/r/Projects/ForkFlow-crm/tests/accessibility/component-accessibility.spec.ts:13:17

    attachment #1: screenshot (image/png) ──────────────────────────────────────────────────────────
    test-results/accessibility-component-ac-82f89-ave-proper-focus-management-chromium/test-failed-1.png
    ────────────────────────────────────────────────────────────────────────────────────────────────

    attachment #2: video (video/webm) ──────────────────────────────────────────────────────────────
    test-results/accessibility-component-ac-82f89-ave-proper-focus-management-chromium/video.webm
    ────────────────────────────────────────────────────────────────────────────────────────────────
]]>
</failure>
<system-out>
<![CDATA[
[[ATTACHMENT|accessibility-component-ac-82f89-ave-proper-focus-management-chromium/test-failed-1.png]]

[[ATTACHMENT|accessibility-component-ac-82f89-ave-proper-focus-management-chromium/video.webm]]
]]>
</system-out>
</testcase>
<testcase name="Accessibility Compliance - Components › should have accessible forms" classname="accessibility/component-accessibility.spec.ts" time="0.729">
<failure message="component-accessibility.spec.ts:74:3 should have accessible forms" type="FAILURE">
<![CDATA[  [chromium] › accessibility/component-accessibility.spec.ts:74:3 › Accessibility Compliance - Components › should have accessible forms 

    Error: page.evaluate: SecurityError: Failed to read the 'localStorage' property from 'Window': Access is denied for this document.
        at UtilityScript.evaluate (<anonymous>:293:16)
        at UtilityScript.<anonymous> (<anonymous>:1:44)
        at UtilityScript.evaluate (<anonymous>:293:16)
        at UtilityScript.<anonymous> (<anonymous>:1:44)
        at TestUtils.seedTestData (/mnt/r/Projects/ForkFlow-crm/tests/helpers/testUtils.ts:364:21)
        at /mnt/r/Projects/ForkFlow-crm/tests/accessibility/component-accessibility.spec.ts:13:17

    attachment #1: screenshot (image/png) ──────────────────────────────────────────────────────────
    test-results/accessibility-component-ac-d4ce6-hould-have-accessible-forms-chromium/test-failed-1.png
    ────────────────────────────────────────────────────────────────────────────────────────────────

    attachment #2: video (video/webm) ──────────────────────────────────────────────────────────────
    test-results/accessibility-component-ac-d4ce6-hould-have-accessible-forms-chromium/video.webm
    ────────────────────────────────────────────────────────────────────────────────────────────────
]]>
</failure>
<system-out>
<![CDATA[
[[ATTACHMENT|accessibility-component-ac-d4ce6-hould-have-accessible-forms-chromium/test-failed-1.png]]

[[ATTACHMENT|accessibility-component-ac-d4ce6-hould-have-accessible-forms-chromium/video.webm]]
]]>
</system-out>
</testcase>
<testcase name="Accessibility Compliance - Components › should have proper color contrast" classname="accessibility/component-accessibility.spec.ts" time="0.756">
<failure message="component-accessibility.spec.ts:99:3 should have proper color contrast" type="FAILURE">
<![CDATA[  [chromium] › accessibility/component-accessibility.spec.ts:99:3 › Accessibility Compliance - Components › should have proper color contrast 

    Error: page.evaluate: SecurityError: Failed to read the 'localStorage' property from 'Window': Access is denied for this document.
        at UtilityScript.evaluate (<anonymous>:293:16)
        at UtilityScript.<anonymous> (<anonymous>:1:44)
        at UtilityScript.evaluate (<anonymous>:293:16)
        at UtilityScript.<anonymous> (<anonymous>:1:44)
        at TestUtils.seedTestData (/mnt/r/Projects/ForkFlow-crm/tests/helpers/testUtils.ts:364:21)
        at /mnt/r/Projects/ForkFlow-crm/tests/accessibility/component-accessibility.spec.ts:13:17

    attachment #1: screenshot (image/png) ──────────────────────────────────────────────────────────
    test-results/accessibility-component-ac-c0ee6--have-proper-color-contrast-chromium/test-failed-1.png
    ────────────────────────────────────────────────────────────────────────────────────────────────

    attachment #2: video (video/webm) ──────────────────────────────────────────────────────────────
    test-results/accessibility-component-ac-c0ee6--have-proper-color-contrast-chromium/video.webm
    ────────────────────────────────────────────────────────────────────────────────────────────────
]]>
</failure>
<system-out>
<![CDATA[
[[ATTACHMENT|accessibility-component-ac-c0ee6--have-proper-color-contrast-chromium/test-failed-1.png]]

[[ATTACHMENT|accessibility-component-ac-c0ee6--have-proper-color-contrast-chromium/video.webm]]
]]>
</system-out>
</testcase>
<testcase name="Accessibility Compliance - Components › should have accessible images" classname="accessibility/component-accessibility.spec.ts" time="0.803">
<failure message="component-accessibility.spec.ts:119:3 should have accessible images" type="FAILURE">
<![CDATA[  [chromium] › accessibility/component-accessibility.spec.ts:119:3 › Accessibility Compliance - Components › should have accessible images 

    Error: page.evaluate: SecurityError: Failed to read the 'localStorage' property from 'Window': Access is denied for this document.
        at UtilityScript.evaluate (<anonymous>:293:16)
        at UtilityScript.<anonymous> (<anonymous>:1:44)
        at UtilityScript.evaluate (<anonymous>:293:16)
        at UtilityScript.<anonymous> (<anonymous>:1:44)
        at TestUtils.seedTestData (/mnt/r/Projects/ForkFlow-crm/tests/helpers/testUtils.ts:364:21)
        at /mnt/r/Projects/ForkFlow-crm/tests/accessibility/component-accessibility.spec.ts:13:17

    attachment #1: screenshot (image/png) ──────────────────────────────────────────────────────────
    test-results/accessibility-component-ac-a3f3c-ould-have-accessible-images-chromium/test-failed-1.png
    ────────────────────────────────────────────────────────────────────────────────────────────────

    attachment #2: video (video/webm) ──────────────────────────────────────────────────────────────
    test-results/accessibility-component-ac-a3f3c-ould-have-accessible-images-chromium/video.webm
    ────────────────────────────────────────────────────────────────────────────────────────────────
]]>
</failure>
<system-out>
<![CDATA[
[[ATTACHMENT|accessibility-component-ac-a3f3c-ould-have-accessible-images-chromium/test-failed-1.png]]

[[ATTACHMENT|accessibility-component-ac-a3f3c-ould-have-accessible-images-chromium/video.webm]]
]]>
</system-out>
</testcase>
<testcase name="Accessibility Compliance - Components › should have proper ARIA attributes" classname="accessibility/component-accessibility.spec.ts" time="1.034">
<failure message="component-accessibility.spec.ts:142:3 should have proper ARIA attributes" type="FAILURE">
<![CDATA[  [chromium] › accessibility/component-accessibility.spec.ts:142:3 › Accessibility Compliance - Components › should have proper ARIA attributes 

    Error: page.evaluate: SecurityError: Failed to read the 'localStorage' property from 'Window': Access is denied for this document.
        at UtilityScript.evaluate (<anonymous>:293:16)
        at UtilityScript.<anonymous> (<anonymous>:1:44)
        at UtilityScript.evaluate (<anonymous>:293:16)
        at UtilityScript.<anonymous> (<anonymous>:1:44)
        at TestUtils.seedTestData (/mnt/r/Projects/ForkFlow-crm/tests/helpers/testUtils.ts:364:21)
        at /mnt/r/Projects/ForkFlow-crm/tests/accessibility/component-accessibility.spec.ts:13:17

    attachment #1: screenshot (image/png) ──────────────────────────────────────────────────────────
    test-results/accessibility-component-ac-a1e10-have-proper-ARIA-attributes-chromium/test-failed-1.png
    ────────────────────────────────────────────────────────────────────────────────────────────────

    attachment #2: video (video/webm) ──────────────────────────────────────────────────────────────
    test-results/accessibility-component-ac-a1e10-have-proper-ARIA-attributes-chromium/video.webm
    ────────────────────────────────────────────────────────────────────────────────────────────────
]]>
</failure>
<system-out>
<![CDATA[
[[ATTACHMENT|accessibility-component-ac-a1e10-have-proper-ARIA-attributes-chromium/test-failed-1.png]]

[[ATTACHMENT|accessibility-component-ac-a1e10-have-proper-ARIA-attributes-chromium/video.webm]]
]]>
</system-out>
</testcase>
<testcase name="Accessibility Compliance - Components › should support keyboard navigation" classname="accessibility/component-accessibility.spec.ts" time="1.028">
<failure message="component-accessibility.spec.ts:165:3 should support keyboard navigation" type="FAILURE">
<![CDATA[  [chromium] › accessibility/component-accessibility.spec.ts:165:3 › Accessibility Compliance - Components › should support keyboard navigation 

    Error: page.evaluate: SecurityError: Failed to read the 'localStorage' property from 'Window': Access is denied for this document.
        at UtilityScript.evaluate (<anonymous>:293:16)
        at UtilityScript.<anonymous> (<anonymous>:1:44)
        at UtilityScript.evaluate (<anonymous>:293:16)
        at UtilityScript.<anonymous> (<anonymous>:1:44)
        at TestUtils.seedTestData (/mnt/r/Projects/ForkFlow-crm/tests/helpers/testUtils.ts:364:21)
        at /mnt/r/Projects/ForkFlow-crm/tests/accessibility/component-accessibility.spec.ts:13:17

    attachment #1: screenshot (image/png) ──────────────────────────────────────────────────────────
    test-results/accessibility-component-ac-24fce-support-keyboard-navigation-chromium/test-failed-1.png
    ────────────────────────────────────────────────────────────────────────────────────────────────

    attachment #2: video (video/webm) ──────────────────────────────────────────────────────────────
    test-results/accessibility-component-ac-24fce-support-keyboard-navigation-chromium/video.webm
    ────────────────────────────────────────────────────────────────────────────────────────────────
]]>
</failure>
<system-out>
<![CDATA[
[[ATTACHMENT|accessibility-component-ac-24fce-support-keyboard-navigation-chromium/test-failed-1.png]]

[[ATTACHMENT|accessibility-component-ac-24fce-support-keyboard-navigation-chromium/video.webm]]
]]>
</system-out>
</testcase>
<testcase name="Accessibility Compliance - Components › should have proper link accessibility" classname="accessibility/component-accessibility.spec.ts" time="1.025">
<failure message="component-accessibility.spec.ts:182:3 should have proper link accessibility" type="FAILURE">
<![CDATA[  [chromium] › accessibility/component-accessibility.spec.ts:182:3 › Accessibility Compliance - Components › should have proper link accessibility 

    Error: page.evaluate: SecurityError: Failed to read the 'localStorage' property from 'Window': Access is denied for this document.
        at UtilityScript.evaluate (<anonymous>:293:16)
        at UtilityScript.<anonymous> (<anonymous>:1:44)
        at UtilityScript.evaluate (<anonymous>:293:16)
        at UtilityScript.<anonymous> (<anonymous>:1:44)
        at TestUtils.seedTestData (/mnt/r/Projects/ForkFlow-crm/tests/helpers/testUtils.ts:364:21)
        at /mnt/r/Projects/ForkFlow-crm/tests/accessibility/component-accessibility.spec.ts:13:17

    attachment #1: screenshot (image/png) ──────────────────────────────────────────────────────────
    test-results/accessibility-component-ac-1e52c-e-proper-link-accessibility-chromium/test-failed-1.png
    ────────────────────────────────────────────────────────────────────────────────────────────────

    attachment #2: video (video/webm) ──────────────────────────────────────────────────────────────
    test-results/accessibility-component-ac-1e52c-e-proper-link-accessibility-chromium/video.webm
    ────────────────────────────────────────────────────────────────────────────────────────────────
]]>
</failure>
<system-out>
<![CDATA[
[[ATTACHMENT|accessibility-component-ac-1e52c-e-proper-link-accessibility-chromium/test-failed-1.png]]

[[ATTACHMENT|accessibility-component-ac-1e52c-e-proper-link-accessibility-chromium/video.webm]]
]]>
</system-out>
</testcase>
</testsuite>
<testsuite name="organizations/accessibility.spec.ts" timestamp="2025-06-29T03:15:12.290Z" hostname="chromium" tests="25" failures="25" skipped="0" time="22.207" errors="0">
<testcase name="Organization Accessibility (WCAG 2.1 AA) › Keyboard Navigation › should support full keyboard navigation in organization list" classname="organizations/accessibility.spec.ts" time="0.916">
<failure message="accessibility.spec.ts:21:5 should support full keyboard navigation in organization list" type="FAILURE">
<![CDATA[  [chromium] › organizations/accessibility.spec.ts:21:5 › Organization Accessibility (WCAG 2.1 AA) › Keyboard Navigation › should support full keyboard navigation in organization list 

    Error: page.evaluate: SecurityError: Failed to read the 'localStorage' property from 'Window': Access is denied for this document.
        at UtilityScript.evaluate (<anonymous>:293:16)
        at UtilityScript.<anonymous> (<anonymous>:1:44)
        at UtilityScript.evaluate (<anonymous>:293:16)
        at UtilityScript.<anonymous> (<anonymous>:1:44)
        at TestUtils.login (/mnt/r/Projects/ForkFlow-crm/tests/helpers/testUtils.ts:9:38)
        at /mnt/r/Projects/ForkFlow-crm/tests/organizations/accessibility.spec.ts:16:19

    attachment #1: screenshot (image/png) ──────────────────────────────────────────────────────────
    test-results/organizations-accessibilit-45942-gation-in-organization-list-chromium/test-failed-1.png
    ────────────────────────────────────────────────────────────────────────────────────────────────

    attachment #2: video (video/webm) ──────────────────────────────────────────────────────────────
    test-results/organizations-accessibilit-45942-gation-in-organization-list-chromium/video.webm
    ────────────────────────────────────────────────────────────────────────────────────────────────
]]>
</failure>
<system-out>
<![CDATA[
[[ATTACHMENT|organizations-accessibilit-45942-gation-in-organization-list-chromium/test-failed-1.png]]

[[ATTACHMENT|organizations-accessibilit-45942-gation-in-organization-list-chromium/video.webm]]
]]>
</system-out>
<system-err>
<![CDATA[Error accessing localStorage: page.evaluate: SecurityError: Failed to read the 'localStorage' property from 'Window': Access is denied for this document.
    at UtilityScript.evaluate (<anonymous>:293:16)
    at UtilityScript.<anonymous> (<anonymous>:1:44)
    at TestUtils.isLoggedIn [90m(/mnt/r/Projects/ForkFlow-crm/[39mtests/helpers/testUtils.ts:51:30[90m)[39m
    at [90m/mnt/r/Projects/ForkFlow-crm/[39mtests/organizations/accessibility.spec.ts:15:23 {
  [[32mSymbol(step)[39m]: {
    stepId: [32m'pw:api@12'[39m,
    location: {
      file: [32m'/mnt/r/Projects/ForkFlow-crm/tests/helpers/testUtils.ts'[39m,
      line: [33m51[39m,
      column: [33m30[39m,
      function: [32m'TestUtils.isLoggedIn'[39m
    },
    category: [32m'pw:api'[39m,
    title: [32m'Evaluate'[39m,
    apiName: [32m'page.evaluate'[39m,
    params: {
      expression: [32m'() => {\n'[39m +
        [32m"        const hasAuth = !!localStorage.getItem('auth') || !!localStorage.getItem('user');\n"[39m +
        [32m"        const isTestMode = localStorage.getItem('test-mode') === 'true';\n"[39m +
        [32m'        return hasAuth || isTestMode;\n'[39m +
        [32m'      }'[39m,
      isFunction: [33mtrue[39m,
      arg: [36m[Object][39m
    },
    boxedStack: [90mundefined[39m,
    steps: [],
    attachmentIndices: [],
    info: TestStepInfoImpl {
      annotations: [],
      _testInfo: [36m[TestInfoImpl][39m,
      _stepId: [32m'pw:api@12'[39m
    },
    complete: [36m[Function: complete][39m,
    endWallTime: [33m1751166966350[39m,
    error: {
      message: [32m"Error: page.evaluate: SecurityError: Failed to read the 'localStorage' property from 'Window': Access is denied for this document.\n"[39m +
        [32m'    at UtilityScript.evaluate (<anonymous>:293:16)\n'[39m +
        [32m'    at UtilityScript.<anonymous> (<anonymous>:1:44)'[39m,
      stack: [32m"Error: page.evaluate: SecurityError: Failed to read the 'localStorage' property from 'Window': Access is denied for this document.\n"[39m +
        [32m'    at UtilityScript.evaluate (<anonymous>:293:16)\n'[39m +
        [32m'    at UtilityScript.<anonymous> (<anonymous>:1:44)\n'[39m +
        [32m'    at UtilityScript.evaluate (<anonymous>:293:16)\n'[39m +
        [32m'    at UtilityScript.<anonymous> (<anonymous>:1:44)\n'[39m +
        [32m'    at TestUtils.isLoggedIn (/mnt/r/Projects/ForkFlow-crm/tests/helpers/testUtils.ts:51:30)\n'[39m +
        [32m'    at /mnt/r/Projects/ForkFlow-crm/tests/organizations/accessibility.spec.ts:15:23'[39m,
      cause: [90mundefined[39m
    }
  }
}
]]>
</system-err>
</testcase>
<testcase name="Organization Accessibility (WCAG 2.1 AA) › Keyboard Navigation › should support keyboard navigation in organization form" classname="organizations/accessibility.spec.ts" time="0.967">
<failure message="accessibility.spec.ts:40:5 should support keyboard navigation in organization form" type="FAILURE">
<![CDATA[  [chromium] › organizations/accessibility.spec.ts:40:5 › Organization Accessibility (WCAG 2.1 AA) › Keyboard Navigation › should support keyboard navigation in organization form 

    Error: page.evaluate: SecurityError: Failed to read the 'localStorage' property from 'Window': Access is denied for this document.
        at UtilityScript.evaluate (<anonymous>:293:16)
        at UtilityScript.<anonymous> (<anonymous>:1:44)
        at UtilityScript.evaluate (<anonymous>:293:16)
        at UtilityScript.<anonymous> (<anonymous>:1:44)
        at TestUtils.login (/mnt/r/Projects/ForkFlow-crm/tests/helpers/testUtils.ts:9:38)
        at /mnt/r/Projects/ForkFlow-crm/tests/organizations/accessibility.spec.ts:16:19

    attachment #1: screenshot (image/png) ──────────────────────────────────────────────────────────
    test-results/organizations-accessibilit-e3d0d-gation-in-organization-form-chromium/test-failed-1.png
    ────────────────────────────────────────────────────────────────────────────────────────────────

    attachment #2: video (video/webm) ──────────────────────────────────────────────────────────────
    test-results/organizations-accessibilit-e3d0d-gation-in-organization-form-chromium/video.webm
    ────────────────────────────────────────────────────────────────────────────────────────────────
]]>
</failure>
<system-out>
<![CDATA[
[[ATTACHMENT|organizations-accessibilit-e3d0d-gation-in-organization-form-chromium/test-failed-1.png]]

[[ATTACHMENT|organizations-accessibilit-e3d0d-gation-in-organization-form-chromium/video.webm]]
]]>
</system-out>
<system-err>
<![CDATA[Error accessing localStorage: page.evaluate: SecurityError: Failed to read the 'localStorage' property from 'Window': Access is denied for this document.
    at UtilityScript.evaluate (<anonymous>:293:16)
    at UtilityScript.<anonymous> (<anonymous>:1:44)
    at TestUtils.isLoggedIn [90m(/mnt/r/Projects/ForkFlow-crm/[39mtests/helpers/testUtils.ts:51:30[90m)[39m
    at [90m/mnt/r/Projects/ForkFlow-crm/[39mtests/organizations/accessibility.spec.ts:15:23 {
  [[32mSymbol(step)[39m]: {
    stepId: [32m'pw:api@12'[39m,
    location: {
      file: [32m'/mnt/r/Projects/ForkFlow-crm/tests/helpers/testUtils.ts'[39m,
      line: [33m51[39m,
      column: [33m30[39m,
      function: [32m'TestUtils.isLoggedIn'[39m
    },
    category: [32m'pw:api'[39m,
    title: [32m'Evaluate'[39m,
    apiName: [32m'page.evaluate'[39m,
    params: {
      expression: [32m'() => {\n'[39m +
        [32m"        const hasAuth = !!localStorage.getItem('auth') || !!localStorage.getItem('user');\n"[39m +
        [32m"        const isTestMode = localStorage.getItem('test-mode') === 'true';\n"[39m +
        [32m'        return hasAuth || isTestMode;\n'[39m +
        [32m'      }'[39m,
      isFunction: [33mtrue[39m,
      arg: [36m[Object][39m
    },
    boxedStack: [90mundefined[39m,
    steps: [],
    attachmentIndices: [],
    info: TestStepInfoImpl {
      annotations: [],
      _testInfo: [36m[TestInfoImpl][39m,
      _stepId: [32m'pw:api@12'[39m
    },
    complete: [36m[Function: complete][39m,
    endWallTime: [33m1751166978616[39m,
    error: {
      message: [32m"Error: page.evaluate: SecurityError: Failed to read the 'localStorage' property from 'Window': Access is denied for this document.\n"[39m +
        [32m'    at UtilityScript.evaluate (<anonymous>:293:16)\n'[39m +
        [32m'    at UtilityScript.<anonymous> (<anonymous>:1:44)'[39m,
      stack: [32m"Error: page.evaluate: SecurityError: Failed to read the 'localStorage' property from 'Window': Access is denied for this document.\n"[39m +
        [32m'    at UtilityScript.evaluate (<anonymous>:293:16)\n'[39m +
        [32m'    at UtilityScript.<anonymous> (<anonymous>:1:44)\n'[39m +
        [32m'    at UtilityScript.evaluate (<anonymous>:293:16)\n'[39m +
        [32m'    at UtilityScript.<anonymous> (<anonymous>:1:44)\n'[39m +
        [32m'    at TestUtils.isLoggedIn (/mnt/r/Projects/ForkFlow-crm/tests/helpers/testUtils.ts:51:30)\n'[39m +
        [32m'    at /mnt/r/Projects/ForkFlow-crm/tests/organizations/accessibility.spec.ts:15:23'[39m,
      cause: [90mundefined[39m
    }
  }
}
]]>
</system-err>
</testcase>
<testcase name="Organization Accessibility (WCAG 2.1 AA) › Keyboard Navigation › should support Enter key to submit forms" classname="organizations/accessibility.spec.ts" time="1.091">
<failure message="accessibility.spec.ts:58:5 should support Enter key to submit forms" type="FAILURE">
<![CDATA[  [chromium] › organizations/accessibility.spec.ts:58:5 › Organization Accessibility (WCAG 2.1 AA) › Keyboard Navigation › should support Enter key to submit forms 

    Error: page.evaluate: SecurityError: Failed to read the 'localStorage' property from 'Window': Access is denied for this document.
        at UtilityScript.evaluate (<anonymous>:293:16)
        at UtilityScript.<anonymous> (<anonymous>:1:44)
        at UtilityScript.evaluate (<anonymous>:293:16)
        at UtilityScript.<anonymous> (<anonymous>:1:44)
        at TestUtils.login (/mnt/r/Projects/ForkFlow-crm/tests/helpers/testUtils.ts:9:38)
        at /mnt/r/Projects/ForkFlow-crm/tests/organizations/accessibility.spec.ts:16:19

    attachment #1: screenshot (image/png) ──────────────────────────────────────────────────────────
    test-results/organizations-accessibilit-ff61c-t-Enter-key-to-submit-forms-chromium/test-failed-1.png
    ────────────────────────────────────────────────────────────────────────────────────────────────

    attachment #2: video (video/webm) ──────────────────────────────────────────────────────────────
    test-results/organizations-accessibilit-ff61c-t-Enter-key-to-submit-forms-chromium/video.webm
    ────────────────────────────────────────────────────────────────────────────────────────────────
]]>
</failure>
<system-out>
<![CDATA[
[[ATTACHMENT|organizations-accessibilit-ff61c-t-Enter-key-to-submit-forms-chromium/test-failed-1.png]]

[[ATTACHMENT|organizations-accessibilit-ff61c-t-Enter-key-to-submit-forms-chromium/video.webm]]
]]>
</system-out>
<system-err>
<![CDATA[Error accessing localStorage: page.evaluate: SecurityError: Failed to read the 'localStorage' property from 'Window': Access is denied for this document.
    at UtilityScript.evaluate (<anonymous>:293:16)
    at UtilityScript.<anonymous> (<anonymous>:1:44)
    at TestUtils.isLoggedIn [90m(/mnt/r/Projects/ForkFlow-crm/[39mtests/helpers/testUtils.ts:51:30[90m)[39m
    at [90m/mnt/r/Projects/ForkFlow-crm/[39mtests/organizations/accessibility.spec.ts:15:23 {
  [[32mSymbol(step)[39m]: {
    stepId: [32m'pw:api@12'[39m,
    location: {
      file: [32m'/mnt/r/Projects/ForkFlow-crm/tests/helpers/testUtils.ts'[39m,
      line: [33m51[39m,
      column: [33m30[39m,
      function: [32m'TestUtils.isLoggedIn'[39m
    },
    category: [32m'pw:api'[39m,
    title: [32m'Evaluate'[39m,
    apiName: [32m'page.evaluate'[39m,
    params: {
      expression: [32m'() => {\n'[39m +
        [32m"        const hasAuth = !!localStorage.getItem('auth') || !!localStorage.getItem('user');\n"[39m +
        [32m"        const isTestMode = localStorage.getItem('test-mode') === 'true';\n"[39m +
        [32m'        return hasAuth || isTestMode;\n'[39m +
        [32m'      }'[39m,
      isFunction: [33mtrue[39m,
      arg: [36m[Object][39m
    },
    boxedStack: [90mundefined[39m,
    steps: [],
    attachmentIndices: [],
    info: TestStepInfoImpl {
      annotations: [],
      _testInfo: [36m[TestInfoImpl][39m,
      _stepId: [32m'pw:api@12'[39m
    },
    complete: [36m[Function: complete][39m,
    endWallTime: [33m1751166979166[39m,
    error: {
      message: [32m"Error: page.evaluate: SecurityError: Failed to read the 'localStorage' property from 'Window': Access is denied for this document.\n"[39m +
        [32m'    at UtilityScript.evaluate (<anonymous>:293:16)\n'[39m +
        [32m'    at UtilityScript.<anonymous> (<anonymous>:1:44)'[39m,
      stack: [32m"Error: page.evaluate: SecurityError: Failed to read the 'localStorage' property from 'Window': Access is denied for this document.\n"[39m +
        [32m'    at UtilityScript.evaluate (<anonymous>:293:16)\n'[39m +
        [32m'    at UtilityScript.<anonymous> (<anonymous>:1:44)\n'[39m +
        [32m'    at UtilityScript.evaluate (<anonymous>:293:16)\n'[39m +
        [32m'    at UtilityScript.<anonymous> (<anonymous>:1:44)\n'[39m +
        [32m'    at TestUtils.isLoggedIn (/mnt/r/Projects/ForkFlow-crm/tests/helpers/testUtils.ts:51:30)\n'[39m +
        [32m'    at /mnt/r/Projects/ForkFlow-crm/tests/organizations/accessibility.spec.ts:15:23'[39m,
      cause: [90mundefined[39m
    }
  }
}
]]>
</system-err>
</testcase>
<testcase name="Organization Accessibility (WCAG 2.1 AA) › Keyboard Navigation › should support Escape key to cancel operations" classname="organizations/accessibility.spec.ts" time="0.858">
<failure message="accessibility.spec.ts:70:5 should support Escape key to cancel operations" type="FAILURE">
<![CDATA[  [chromium] › organizations/accessibility.spec.ts:70:5 › Organization Accessibility (WCAG 2.1 AA) › Keyboard Navigation › should support Escape key to cancel operations 

    Error: page.evaluate: SecurityError: Failed to read the 'localStorage' property from 'Window': Access is denied for this document.
        at UtilityScript.evaluate (<anonymous>:293:16)
        at UtilityScript.<anonymous> (<anonymous>:1:44)
        at UtilityScript.evaluate (<anonymous>:293:16)
        at UtilityScript.<anonymous> (<anonymous>:1:44)
        at TestUtils.login (/mnt/r/Projects/ForkFlow-crm/tests/helpers/testUtils.ts:9:38)
        at /mnt/r/Projects/ForkFlow-crm/tests/organizations/accessibility.spec.ts:16:19

    attachment #1: screenshot (image/png) ──────────────────────────────────────────────────────────
    test-results/organizations-accessibilit-01bc2-pe-key-to-cancel-operations-chromium/test-failed-1.png
    ────────────────────────────────────────────────────────────────────────────────────────────────

    attachment #2: video (video/webm) ──────────────────────────────────────────────────────────────
    test-results/organizations-accessibilit-01bc2-pe-key-to-cancel-operations-chromium/video.webm
    ────────────────────────────────────────────────────────────────────────────────────────────────
]]>
</failure>
<system-out>
<![CDATA[
[[ATTACHMENT|organizations-accessibilit-01bc2-pe-key-to-cancel-operations-chromium/test-failed-1.png]]

[[ATTACHMENT|organizations-accessibilit-01bc2-pe-key-to-cancel-operations-chromium/video.webm]]
]]>
</system-out>
<system-err>
<![CDATA[Error accessing localStorage: page.evaluate: SecurityError: Failed to read the 'localStorage' property from 'Window': Access is denied for this document.
    at UtilityScript.evaluate (<anonymous>:293:16)
    at UtilityScript.<anonymous> (<anonymous>:1:44)
    at TestUtils.isLoggedIn [90m(/mnt/r/Projects/ForkFlow-crm/[39mtests/helpers/testUtils.ts:51:30[90m)[39m
    at [90m/mnt/r/Projects/ForkFlow-crm/[39mtests/organizations/accessibility.spec.ts:15:23 {
  [[32mSymbol(step)[39m]: {
    stepId: [32m'pw:api@12'[39m,
    location: {
      file: [32m'/mnt/r/Projects/ForkFlow-crm/tests/helpers/testUtils.ts'[39m,
      line: [33m51[39m,
      column: [33m30[39m,
      function: [32m'TestUtils.isLoggedIn'[39m
    },
    category: [32m'pw:api'[39m,
    title: [32m'Evaluate'[39m,
    apiName: [32m'page.evaluate'[39m,
    params: {
      expression: [32m'() => {\n'[39m +
        [32m"        const hasAuth = !!localStorage.getItem('auth') || !!localStorage.getItem('user');\n"[39m +
        [32m"        const isTestMode = localStorage.getItem('test-mode') === 'true';\n"[39m +
        [32m'        return hasAuth || isTestMode;\n'[39m +
        [32m'      }'[39m,
      isFunction: [33mtrue[39m,
      arg: [36m[Object][39m
    },
    boxedStack: [90mundefined[39m,
    steps: [],
    attachmentIndices: [],
    info: TestStepInfoImpl {
      annotations: [],
      _testInfo: [36m[TestInfoImpl][39m,
      _stepId: [32m'pw:api@12'[39m
    },
    complete: [36m[Function: complete][39m,
    endWallTime: [33m1751166990753[39m,
    error: {
      message: [32m"Error: page.evaluate: SecurityError: Failed to read the 'localStorage' property from 'Window': Access is denied for this document.\n"[39m +
        [32m'    at UtilityScript.evaluate (<anonymous>:293:16)\n'[39m +
        [32m'    at UtilityScript.<anonymous> (<anonymous>:1:44)'[39m,
      stack: [32m"Error: page.evaluate: SecurityError: Failed to read the 'localStorage' property from 'Window': Access is denied for this document.\n"[39m +
        [32m'    at UtilityScript.evaluate (<anonymous>:293:16)\n'[39m +
        [32m'    at UtilityScript.<anonymous> (<anonymous>:1:44)\n'[39m +
        [32m'    at UtilityScript.evaluate (<anonymous>:293:16)\n'[39m +
        [32m'    at UtilityScript.<anonymous> (<anonymous>:1:44)\n'[39m +
        [32m'    at TestUtils.isLoggedIn (/mnt/r/Projects/ForkFlow-crm/tests/helpers/testUtils.ts:51:30)\n'[39m +
        [32m'    at /mnt/r/Projects/ForkFlow-crm/tests/organizations/accessibility.spec.ts:15:23'[39m,
      cause: [90mundefined[39m
    }
  }
}
]]>
</system-err>
</testcase>
<testcase name="Organization Accessibility (WCAG 2.1 AA) › Keyboard Navigation › should support arrow keys in dropdown menus" classname="organizations/accessibility.spec.ts" time="0.826">
<failure message="accessibility.spec.ts:85:5 should support arrow keys in dropdown menus" type="FAILURE">
<![CDATA[  [chromium] › organizations/accessibility.spec.ts:85:5 › Organization Accessibility (WCAG 2.1 AA) › Keyboard Navigation › should support arrow keys in dropdown menus 

    Error: page.evaluate: SecurityError: Failed to read the 'localStorage' property from 'Window': Access is denied for this document.
        at UtilityScript.evaluate (<anonymous>:293:16)
        at UtilityScript.<anonymous> (<anonymous>:1:44)
        at UtilityScript.evaluate (<anonymous>:293:16)
        at UtilityScript.<anonymous> (<anonymous>:1:44)
        at TestUtils.login (/mnt/r/Projects/ForkFlow-crm/tests/helpers/testUtils.ts:9:38)
        at /mnt/r/Projects/ForkFlow-crm/tests/organizations/accessibility.spec.ts:16:19

    attachment #1: screenshot (image/png) ──────────────────────────────────────────────────────────
    test-results/organizations-accessibilit-027af-rrow-keys-in-dropdown-menus-chromium/test-failed-1.png
    ────────────────────────────────────────────────────────────────────────────────────────────────

    attachment #2: video (video/webm) ──────────────────────────────────────────────────────────────
    test-results/organizations-accessibilit-027af-rrow-keys-in-dropdown-menus-chromium/video.webm
    ────────────────────────────────────────────────────────────────────────────────────────────────
]]>
</failure>
<system-out>
<![CDATA[
[[ATTACHMENT|organizations-accessibilit-027af-rrow-keys-in-dropdown-menus-chromium/test-failed-1.png]]

[[ATTACHMENT|organizations-accessibilit-027af-rrow-keys-in-dropdown-menus-chromium/video.webm]]
]]>
</system-out>
<system-err>
<![CDATA[Error accessing localStorage: page.evaluate: SecurityError: Failed to read the 'localStorage' property from 'Window': Access is denied for this document.
    at UtilityScript.evaluate (<anonymous>:293:16)
    at UtilityScript.<anonymous> (<anonymous>:1:44)
    at TestUtils.isLoggedIn [90m(/mnt/r/Projects/ForkFlow-crm/[39mtests/helpers/testUtils.ts:51:30[90m)[39m
    at [90m/mnt/r/Projects/ForkFlow-crm/[39mtests/organizations/accessibility.spec.ts:15:23 {
  [[32mSymbol(step)[39m]: {
    stepId: [32m'pw:api@12'[39m,
    location: {
      file: [32m'/mnt/r/Projects/ForkFlow-crm/tests/helpers/testUtils.ts'[39m,
      line: [33m51[39m,
      column: [33m30[39m,
      function: [32m'TestUtils.isLoggedIn'[39m
    },
    category: [32m'pw:api'[39m,
    title: [32m'Evaluate'[39m,
    apiName: [32m'page.evaluate'[39m,
    params: {
      expression: [32m'() => {\n'[39m +
        [32m"        const hasAuth = !!localStorage.getItem('auth') || !!localStorage.getItem('user');\n"[39m +
        [32m"        const isTestMode = localStorage.getItem('test-mode') === 'true';\n"[39m +
        [32m'        return hasAuth || isTestMode;\n'[39m +
        [32m'      }'[39m,
      isFunction: [33mtrue[39m,
      arg: [36m[Object][39m
    },
    boxedStack: [90mundefined[39m,
    steps: [],
    attachmentIndices: [],
    info: TestStepInfoImpl {
      annotations: [],
      _testInfo: [36m[TestInfoImpl][39m,
      _stepId: [32m'pw:api@12'[39m
    },
    complete: [36m[Function: complete][39m,
    endWallTime: [33m1751166990820[39m,
    error: {
      message: [32m"Error: page.evaluate: SecurityError: Failed to read the 'localStorage' property from 'Window': Access is denied for this document.\n"[39m +
        [32m'    at UtilityScript.evaluate (<anonymous>:293:16)\n'[39m +
        [32m'    at UtilityScript.<anonymous> (<anonymous>:1:44)'[39m,
      stack: [32m"Error: page.evaluate: SecurityError: Failed to read the 'localStorage' property from 'Window': Access is denied for this document.\n"[39m +
        [32m'    at UtilityScript.evaluate (<anonymous>:293:16)\n'[39m +
        [32m'    at UtilityScript.<anonymous> (<anonymous>:1:44)\n'[39m +
        [32m'    at UtilityScript.evaluate (<anonymous>:293:16)\n'[39m +
        [32m'    at UtilityScript.<anonymous> (<anonymous>:1:44)\n'[39m +
        [32m'    at TestUtils.isLoggedIn (/mnt/r/Projects/ForkFlow-crm/tests/helpers/testUtils.ts:51:30)\n'[39m +
        [32m'    at /mnt/r/Projects/ForkFlow-crm/tests/organizations/accessibility.spec.ts:15:23'[39m,
      cause: [90mundefined[39m
    }
  }
}
]]>
</system-err>
</testcase>
<testcase name="Organization Accessibility (WCAG 2.1 AA) › Screen Reader Support › should have proper headings hierarchy" classname="organizations/accessibility.spec.ts" time="0.958">
<failure message="accessibility.spec.ts:103:5 should have proper headings hierarchy" type="FAILURE">
<![CDATA[  [chromium] › organizations/accessibility.spec.ts:103:5 › Organization Accessibility (WCAG 2.1 AA) › Screen Reader Support › should have proper headings hierarchy 

    Error: page.evaluate: SecurityError: Failed to read the 'localStorage' property from 'Window': Access is denied for this document.
        at UtilityScript.evaluate (<anonymous>:293:16)
        at UtilityScript.<anonymous> (<anonymous>:1:44)
        at UtilityScript.evaluate (<anonymous>:293:16)
        at UtilityScript.<anonymous> (<anonymous>:1:44)
        at TestUtils.login (/mnt/r/Projects/ForkFlow-crm/tests/helpers/testUtils.ts:9:38)
        at /mnt/r/Projects/ForkFlow-crm/tests/organizations/accessibility.spec.ts:16:19

    attachment #1: screenshot (image/png) ──────────────────────────────────────────────────────────
    test-results/organizations-accessibilit-bd41e-e-proper-headings-hierarchy-chromium/test-failed-1.png
    ────────────────────────────────────────────────────────────────────────────────────────────────

    attachment #2: video (video/webm) ──────────────────────────────────────────────────────────────
    test-results/organizations-accessibilit-bd41e-e-proper-headings-hierarchy-chromium/video.webm
    ────────────────────────────────────────────────────────────────────────────────────────────────
]]>
</failure>
<system-out>
<![CDATA[
[[ATTACHMENT|organizations-accessibilit-bd41e-e-proper-headings-hierarchy-chromium/test-failed-1.png]]

[[ATTACHMENT|organizations-accessibilit-bd41e-e-proper-headings-hierarchy-chromium/video.webm]]
]]>
</system-out>
<system-err>
<![CDATA[Error accessing localStorage: page.evaluate: SecurityError: Failed to read the 'localStorage' property from 'Window': Access is denied for this document.
    at UtilityScript.evaluate (<anonymous>:293:16)
    at UtilityScript.<anonymous> (<anonymous>:1:44)
    at TestUtils.isLoggedIn [90m(/mnt/r/Projects/ForkFlow-crm/[39mtests/helpers/testUtils.ts:51:30[90m)[39m
    at [90m/mnt/r/Projects/ForkFlow-crm/[39mtests/organizations/accessibility.spec.ts:15:23 {
  [[32mSymbol(step)[39m]: {
    stepId: [32m'pw:api@12'[39m,
    location: {
      file: [32m'/mnt/r/Projects/ForkFlow-crm/tests/helpers/testUtils.ts'[39m,
      line: [33m51[39m,
      column: [33m30[39m,
      function: [32m'TestUtils.isLoggedIn'[39m
    },
    category: [32m'pw:api'[39m,
    title: [32m'Evaluate'[39m,
    apiName: [32m'page.evaluate'[39m,
    params: {
      expression: [32m'() => {\n'[39m +
        [32m"        const hasAuth = !!localStorage.getItem('auth') || !!localStorage.getItem('user');\n"[39m +
        [32m"        const isTestMode = localStorage.getItem('test-mode') === 'true';\n"[39m +
        [32m'        return hasAuth || isTestMode;\n'[39m +
        [32m'      }'[39m,
      isFunction: [33mtrue[39m,
      arg: [36m[Object][39m
    },
    boxedStack: [90mundefined[39m,
    steps: [],
    attachmentIndices: [],
    info: TestStepInfoImpl {
      annotations: [],
      _testInfo: [36m[TestInfoImpl][39m,
      _stepId: [32m'pw:api@12'[39m
    },
    complete: [36m[Function: complete][39m,
    endWallTime: [33m1751167001596[39m,
    error: {
      message: [32m"Error: page.evaluate: SecurityError: Failed to read the 'localStorage' property from 'Window': Access is denied for this document.\n"[39m +
        [32m'    at UtilityScript.evaluate (<anonymous>:293:16)\n'[39m +
        [32m'    at UtilityScript.<anonymous> (<anonymous>:1:44)'[39m,
      stack: [32m"Error: page.evaluate: SecurityError: Failed to read the 'localStorage' property from 'Window': Access is denied for this document.\n"[39m +
        [32m'    at UtilityScript.evaluate (<anonymous>:293:16)\n'[39m +
        [32m'    at UtilityScript.<anonymous> (<anonymous>:1:44)\n'[39m +
        [32m'    at UtilityScript.evaluate (<anonymous>:293:16)\n'[39m +
        [32m'    at UtilityScript.<anonymous> (<anonymous>:1:44)\n'[39m +
        [32m'    at TestUtils.isLoggedIn (/mnt/r/Projects/ForkFlow-crm/tests/helpers/testUtils.ts:51:30)\n'[39m +
        [32m'    at /mnt/r/Projects/ForkFlow-crm/tests/organizations/accessibility.spec.ts:15:23'[39m,
      cause: [90mundefined[39m
    }
  }
}
]]>
</system-err>
</testcase>
<testcase name="Organization Accessibility (WCAG 2.1 AA) › Screen Reader Support › should have proper labels for all form inputs" classname="organizations/accessibility.spec.ts" time="1.017">
<failure message="accessibility.spec.ts:117:5 should have proper labels for all form inputs" type="FAILURE">
<![CDATA[  [chromium] › organizations/accessibility.spec.ts:117:5 › Organization Accessibility (WCAG 2.1 AA) › Screen Reader Support › should have proper labels for all form inputs 

    Error: page.evaluate: SecurityError: Failed to read the 'localStorage' property from 'Window': Access is denied for this document.
        at UtilityScript.evaluate (<anonymous>:293:16)
        at UtilityScript.<anonymous> (<anonymous>:1:44)
        at UtilityScript.evaluate (<anonymous>:293:16)
        at UtilityScript.<anonymous> (<anonymous>:1:44)
        at TestUtils.login (/mnt/r/Projects/ForkFlow-crm/tests/helpers/testUtils.ts:9:38)
        at /mnt/r/Projects/ForkFlow-crm/tests/organizations/accessibility.spec.ts:16:19

    attachment #1: screenshot (image/png) ──────────────────────────────────────────────────────────
    test-results/organizations-accessibilit-821be--labels-for-all-form-inputs-chromium/test-failed-1.png
    ────────────────────────────────────────────────────────────────────────────────────────────────

    attachment #2: video (video/webm) ──────────────────────────────────────────────────────────────
    test-results/organizations-accessibilit-821be--labels-for-all-form-inputs-chromium/video.webm
    ────────────────────────────────────────────────────────────────────────────────────────────────
]]>
</failure>
<system-out>
<![CDATA[
[[ATTACHMENT|organizations-accessibilit-821be--labels-for-all-form-inputs-chromium/test-failed-1.png]]

[[ATTACHMENT|organizations-accessibilit-821be--labels-for-all-form-inputs-chromium/video.webm]]
]]>
</system-out>
<system-err>
<![CDATA[Error accessing localStorage: page.evaluate: SecurityError: Failed to read the 'localStorage' property from 'Window': Access is denied for this document.
    at UtilityScript.evaluate (<anonymous>:293:16)
    at UtilityScript.<anonymous> (<anonymous>:1:44)
    at TestUtils.isLoggedIn [90m(/mnt/r/Projects/ForkFlow-crm/[39mtests/helpers/testUtils.ts:51:30[90m)[39m
    at [90m/mnt/r/Projects/ForkFlow-crm/[39mtests/organizations/accessibility.spec.ts:15:23 {
  [[32mSymbol(step)[39m]: {
    stepId: [32m'pw:api@12'[39m,
    location: {
      file: [32m'/mnt/r/Projects/ForkFlow-crm/tests/helpers/testUtils.ts'[39m,
      line: [33m51[39m,
      column: [33m30[39m,
      function: [32m'TestUtils.isLoggedIn'[39m
    },
    category: [32m'pw:api'[39m,
    title: [32m'Evaluate'[39m,
    apiName: [32m'page.evaluate'[39m,
    params: {
      expression: [32m'() => {\n'[39m +
        [32m"        const hasAuth = !!localStorage.getItem('auth') || !!localStorage.getItem('user');\n"[39m +
        [32m"        const isTestMode = localStorage.getItem('test-mode') === 'true';\n"[39m +
        [32m'        return hasAuth || isTestMode;\n'[39m +
        [32m'      }'[39m,
      isFunction: [33mtrue[39m,
      arg: [36m[Object][39m
    },
    boxedStack: [90mundefined[39m,
    steps: [],
    attachmentIndices: [],
    info: TestStepInfoImpl {
      annotations: [],
      _testInfo: [36m[TestInfoImpl][39m,
      _stepId: [32m'pw:api@12'[39m
    },
    complete: [36m[Function: complete][39m,
    endWallTime: [33m1751167001630[39m,
    error: {
      message: [32m"Error: page.evaluate: SecurityError: Failed to read the 'localStorage' property from 'Window': Access is denied for this document.\n"[39m +
        [32m'    at UtilityScript.evaluate (<anonymous>:293:16)\n'[39m +
        [32m'    at UtilityScript.<anonymous> (<anonymous>:1:44)'[39m,
      stack: [32m"Error: page.evaluate: SecurityError: Failed to read the 'localStorage' property from 'Window': Access is denied for this document.\n"[39m +
        [32m'    at UtilityScript.evaluate (<anonymous>:293:16)\n'[39m +
        [32m'    at UtilityScript.<anonymous> (<anonymous>:1:44)\n'[39m +
        [32m'    at UtilityScript.evaluate (<anonymous>:293:16)\n'[39m +
        [32m'    at UtilityScript.<anonymous> (<anonymous>:1:44)\n'[39m +
        [32m'    at TestUtils.isLoggedIn (/mnt/r/Projects/ForkFlow-crm/tests/helpers/testUtils.ts:51:30)\n'[39m +
        [32m'    at /mnt/r/Projects/ForkFlow-crm/tests/organizations/accessibility.spec.ts:15:23'[39m,
      cause: [90mundefined[39m
    }
  }
}
]]>
</system-err>
</testcase>
<testcase name="Organization Accessibility (WCAG 2.1 AA) › Screen Reader Support › should have proper ARIA attributes for interactive elements" classname="organizations/accessibility.spec.ts" time="0.817">
<failure message="accessibility.spec.ts:135:5 should have proper ARIA attributes for interactive elements" type="FAILURE">
<![CDATA[  [chromium] › organizations/accessibility.spec.ts:135:5 › Organization Accessibility (WCAG 2.1 AA) › Screen Reader Support › should have proper ARIA attributes for interactive elements 

    Error: page.evaluate: SecurityError: Failed to read the 'localStorage' property from 'Window': Access is denied for this document.
        at UtilityScript.evaluate (<anonymous>:293:16)
        at UtilityScript.<anonymous> (<anonymous>:1:44)
        at UtilityScript.evaluate (<anonymous>:293:16)
        at UtilityScript.<anonymous> (<anonymous>:1:44)
        at TestUtils.login (/mnt/r/Projects/ForkFlow-crm/tests/helpers/testUtils.ts:9:38)
        at /mnt/r/Projects/ForkFlow-crm/tests/organizations/accessibility.spec.ts:16:19

    attachment #1: screenshot (image/png) ──────────────────────────────────────────────────────────
    test-results/organizations-accessibilit-d29e2-es-for-interactive-elements-chromium/test-failed-1.png
    ────────────────────────────────────────────────────────────────────────────────────────────────

    attachment #2: video (video/webm) ──────────────────────────────────────────────────────────────
    test-results/organizations-accessibilit-d29e2-es-for-interactive-elements-chromium/video.webm
    ────────────────────────────────────────────────────────────────────────────────────────────────
]]>
</failure>
<system-out>
<![CDATA[
[[ATTACHMENT|organizations-accessibilit-d29e2-es-for-interactive-elements-chromium/test-failed-1.png]]

[[ATTACHMENT|organizations-accessibilit-d29e2-es-for-interactive-elements-chromium/video.webm]]
]]>
</system-out>
<system-err>
<![CDATA[Error accessing localStorage: page.evaluate: SecurityError: Failed to read the 'localStorage' property from 'Window': Access is denied for this document.
    at UtilityScript.evaluate (<anonymous>:293:16)
    at UtilityScript.<anonymous> (<anonymous>:1:44)
    at TestUtils.isLoggedIn [90m(/mnt/r/Projects/ForkFlow-crm/[39mtests/helpers/testUtils.ts:51:30[90m)[39m
    at [90m/mnt/r/Projects/ForkFlow-crm/[39mtests/organizations/accessibility.spec.ts:15:23 {
  [[32mSymbol(step)[39m]: {
    stepId: [32m'pw:api@12'[39m,
    location: {
      file: [32m'/mnt/r/Projects/ForkFlow-crm/tests/helpers/testUtils.ts'[39m,
      line: [33m51[39m,
      column: [33m30[39m,
      function: [32m'TestUtils.isLoggedIn'[39m
    },
    category: [32m'pw:api'[39m,
    title: [32m'Evaluate'[39m,
    apiName: [32m'page.evaluate'[39m,
    params: {
      expression: [32m'() => {\n'[39m +
        [32m"        const hasAuth = !!localStorage.getItem('auth') || !!localStorage.getItem('user');\n"[39m +
        [32m"        const isTestMode = localStorage.getItem('test-mode') === 'true';\n"[39m +
        [32m'        return hasAuth || isTestMode;\n'[39m +
        [32m'      }'[39m,
      isFunction: [33mtrue[39m,
      arg: [36m[Object][39m
    },
    boxedStack: [90mundefined[39m,
    steps: [],
    attachmentIndices: [],
    info: TestStepInfoImpl {
      annotations: [],
      _testInfo: [36m[TestInfoImpl][39m,
      _stepId: [32m'pw:api@12'[39m
    },
    complete: [36m[Function: complete][39m,
    endWallTime: [33m1751167011016[39m,
    error: {
      message: [32m"Error: page.evaluate: SecurityError: Failed to read the 'localStorage' property from 'Window': Access is denied for this document.\n"[39m +
        [32m'    at UtilityScript.evaluate (<anonymous>:293:16)\n'[39m +
        [32m'    at UtilityScript.<anonymous> (<anonymous>:1:44)'[39m,
      stack: [32m"Error: page.evaluate: SecurityError: Failed to read the 'localStorage' property from 'Window': Access is denied for this document.\n"[39m +
        [32m'    at UtilityScript.evaluate (<anonymous>:293:16)\n'[39m +
        [32m'    at UtilityScript.<anonymous> (<anonymous>:1:44)\n'[39m +
        [32m'    at UtilityScript.evaluate (<anonymous>:293:16)\n'[39m +
        [32m'    at UtilityScript.<anonymous> (<anonymous>:1:44)\n'[39m +
        [32m'    at TestUtils.isLoggedIn (/mnt/r/Projects/ForkFlow-crm/tests/helpers/testUtils.ts:51:30)\n'[39m +
        [32m'    at /mnt/r/Projects/ForkFlow-crm/tests/organizations/accessibility.spec.ts:15:23'[39m,
      cause: [90mundefined[39m
    }
  }
}
]]>
</system-err>
</testcase>
<testcase name="Organization Accessibility (WCAG 2.1 AA) › Screen Reader Support › should have proper alt text for images" classname="organizations/accessibility.spec.ts" time="0.799">
<failure message="accessibility.spec.ts:150:5 should have proper alt text for images" type="FAILURE">
<![CDATA[  [chromium] › organizations/accessibility.spec.ts:150:5 › Organization Accessibility (WCAG 2.1 AA) › Screen Reader Support › should have proper alt text for images 

    Error: page.evaluate: SecurityError: Failed to read the 'localStorage' property from 'Window': Access is denied for this document.
        at UtilityScript.evaluate (<anonymous>:293:16)
        at UtilityScript.<anonymous> (<anonymous>:1:44)
        at UtilityScript.evaluate (<anonymous>:293:16)
        at UtilityScript.<anonymous> (<anonymous>:1:44)
        at TestUtils.login (/mnt/r/Projects/ForkFlow-crm/tests/helpers/testUtils.ts:9:38)
        at /mnt/r/Projects/ForkFlow-crm/tests/organizations/accessibility.spec.ts:16:19

    attachment #1: screenshot (image/png) ──────────────────────────────────────────────────────────
    test-results/organizations-accessibilit-0c117--proper-alt-text-for-images-chromium/test-failed-1.png
    ────────────────────────────────────────────────────────────────────────────────────────────────

    attachment #2: video (video/webm) ──────────────────────────────────────────────────────────────
    test-results/organizations-accessibilit-0c117--proper-alt-text-for-images-chromium/video.webm
    ────────────────────────────────────────────────────────────────────────────────────────────────
]]>
</failure>
<system-out>
<![CDATA[
[[ATTACHMENT|organizations-accessibilit-0c117--proper-alt-text-for-images-chromium/test-failed-1.png]]

[[ATTACHMENT|organizations-accessibilit-0c117--proper-alt-text-for-images-chromium/video.webm]]
]]>
</system-out>
<system-err>
<![CDATA[Error accessing localStorage: page.evaluate: SecurityError: Failed to read the 'localStorage' property from 'Window': Access is denied for this document.
    at UtilityScript.evaluate (<anonymous>:293:16)
    at UtilityScript.<anonymous> (<anonymous>:1:44)
    at TestUtils.isLoggedIn [90m(/mnt/r/Projects/ForkFlow-crm/[39mtests/helpers/testUtils.ts:51:30[90m)[39m
    at [90m/mnt/r/Projects/ForkFlow-crm/[39mtests/organizations/accessibility.spec.ts:15:23 {
  [[32mSymbol(step)[39m]: {
    stepId: [32m'pw:api@12'[39m,
    location: {
      file: [32m'/mnt/r/Projects/ForkFlow-crm/tests/helpers/testUtils.ts'[39m,
      line: [33m51[39m,
      column: [33m30[39m,
      function: [32m'TestUtils.isLoggedIn'[39m
    },
    category: [32m'pw:api'[39m,
    title: [32m'Evaluate'[39m,
    apiName: [32m'page.evaluate'[39m,
    params: {
      expression: [32m'() => {\n'[39m +
        [32m"        const hasAuth = !!localStorage.getItem('auth') || !!localStorage.getItem('user');\n"[39m +
        [32m"        const isTestMode = localStorage.getItem('test-mode') === 'true';\n"[39m +
        [32m'        return hasAuth || isTestMode;\n'[39m +
        [32m'      }'[39m,
      isFunction: [33mtrue[39m,
      arg: [36m[Object][39m
    },
    boxedStack: [90mundefined[39m,
    steps: [],
    attachmentIndices: [],
    info: TestStepInfoImpl {
      annotations: [],
      _testInfo: [36m[TestInfoImpl][39m,
      _stepId: [32m'pw:api@12'[39m
    },
    complete: [36m[Function: complete][39m,
    endWallTime: [33m1751167011016[39m,
    error: {
      message: [32m"Error: page.evaluate: SecurityError: Failed to read the 'localStorage' property from 'Window': Access is denied for this document.\n"[39m +
        [32m'    at UtilityScript.evaluate (<anonymous>:293:16)\n'[39m +
        [32m'    at UtilityScript.<anonymous> (<anonymous>:1:44)'[39m,
      stack: [32m"Error: page.evaluate: SecurityError: Failed to read the 'localStorage' property from 'Window': Access is denied for this document.\n"[39m +
        [32m'    at UtilityScript.evaluate (<anonymous>:293:16)\n'[39m +
        [32m'    at UtilityScript.<anonymous> (<anonymous>:1:44)\n'[39m +
        [32m'    at UtilityScript.evaluate (<anonymous>:293:16)\n'[39m +
        [32m'    at UtilityScript.<anonymous> (<anonymous>:1:44)\n'[39m +
        [32m'    at TestUtils.isLoggedIn (/mnt/r/Projects/ForkFlow-crm/tests/helpers/testUtils.ts:51:30)\n'[39m +
        [32m'    at /mnt/r/Projects/ForkFlow-crm/tests/organizations/accessibility.spec.ts:15:23'[39m,
      cause: [90mundefined[39m
    }
  }
}
]]>
</system-err>
</testcase>
<testcase name="Organization Accessibility (WCAG 2.1 AA) › Screen Reader Support › should have live regions for dynamic content" classname="organizations/accessibility.spec.ts" time="0.805">
<failure message="accessibility.spec.ts:163:5 should have live regions for dynamic content" type="FAILURE">
<![CDATA[  [chromium] › organizations/accessibility.spec.ts:163:5 › Organization Accessibility (WCAG 2.1 AA) › Screen Reader Support › should have live regions for dynamic content 

    Error: page.evaluate: SecurityError: Failed to read the 'localStorage' property from 'Window': Access is denied for this document.
        at UtilityScript.evaluate (<anonymous>:293:16)
        at UtilityScript.<anonymous> (<anonymous>:1:44)
        at UtilityScript.evaluate (<anonymous>:293:16)
        at UtilityScript.<anonymous> (<anonymous>:1:44)
        at TestUtils.login (/mnt/r/Projects/ForkFlow-crm/tests/helpers/testUtils.ts:9:38)
        at /mnt/r/Projects/ForkFlow-crm/tests/organizations/accessibility.spec.ts:16:19

    attachment #1: screenshot (image/png) ──────────────────────────────────────────────────────────
    test-results/organizations-accessibilit-b5e36-regions-for-dynamic-content-chromium/test-failed-1.png
    ────────────────────────────────────────────────────────────────────────────────────────────────

    attachment #2: video (video/webm) ──────────────────────────────────────────────────────────────
    test-results/organizations-accessibilit-b5e36-regions-for-dynamic-content-chromium/video.webm
    ────────────────────────────────────────────────────────────────────────────────────────────────
]]>
</failure>
<system-out>
<![CDATA[
[[ATTACHMENT|organizations-accessibilit-b5e36-regions-for-dynamic-content-chromium/test-failed-1.png]]

[[ATTACHMENT|organizations-accessibilit-b5e36-regions-for-dynamic-content-chromium/video.webm]]
]]>
</system-out>
<system-err>
<![CDATA[Error accessing localStorage: page.evaluate: SecurityError: Failed to read the 'localStorage' property from 'Window': Access is denied for this document.
    at UtilityScript.evaluate (<anonymous>:293:16)
    at UtilityScript.<anonymous> (<anonymous>:1:44)
    at TestUtils.isLoggedIn [90m(/mnt/r/Projects/ForkFlow-crm/[39mtests/helpers/testUtils.ts:51:30[90m)[39m
    at [90m/mnt/r/Projects/ForkFlow-crm/[39mtests/organizations/accessibility.spec.ts:15:23 {
  [[32mSymbol(step)[39m]: {
    stepId: [32m'pw:api@12'[39m,
    location: {
      file: [32m'/mnt/r/Projects/ForkFlow-crm/tests/helpers/testUtils.ts'[39m,
      line: [33m51[39m,
      column: [33m30[39m,
      function: [32m'TestUtils.isLoggedIn'[39m
    },
    category: [32m'pw:api'[39m,
    title: [32m'Evaluate'[39m,
    apiName: [32m'page.evaluate'[39m,
    params: {
      expression: [32m'() => {\n'[39m +
        [32m"        const hasAuth = !!localStorage.getItem('auth') || !!localStorage.getItem('user');\n"[39m +
        [32m"        const isTestMode = localStorage.getItem('test-mode') === 'true';\n"[39m +
        [32m'        return hasAuth || isTestMode;\n'[39m +
        [32m'      }'[39m,
      isFunction: [33mtrue[39m,
      arg: [36m[Object][39m
    },
    boxedStack: [90mundefined[39m,
    steps: [],
    attachmentIndices: [],
    info: TestStepInfoImpl {
      annotations: [],
      _testInfo: [36m[TestInfoImpl][39m,
      _stepId: [32m'pw:api@12'[39m
    },
    complete: [36m[Function: complete][39m,
    endWallTime: [33m1751167020128[39m,
    error: {
      message: [32m"Error: page.evaluate: SecurityError: Failed to read the 'localStorage' property from 'Window': Access is denied for this document.\n"[39m +
        [32m'    at UtilityScript.evaluate (<anonymous>:293:16)\n'[39m +
        [32m'    at UtilityScript.<anonymous> (<anonymous>:1:44)'[39m,
      stack: [32m"Error: page.evaluate: SecurityError: Failed to read the 'localStorage' property from 'Window': Access is denied for this document.\n"[39m +
        [32m'    at UtilityScript.evaluate (<anonymous>:293:16)\n'[39m +
        [32m'    at UtilityScript.<anonymous> (<anonymous>:1:44)\n'[39m +
        [32m'    at UtilityScript.evaluate (<anonymous>:293:16)\n'[39m +
        [32m'    at UtilityScript.<anonymous> (<anonymous>:1:44)\n'[39m +
        [32m'    at TestUtils.isLoggedIn (/mnt/r/Projects/ForkFlow-crm/tests/helpers/testUtils.ts:51:30)\n'[39m +
        [32m'    at /mnt/r/Projects/ForkFlow-crm/tests/organizations/accessibility.spec.ts:15:23'[39m,
      cause: [90mundefined[39m
    }
  }
}
]]>
</system-err>
</testcase>
<testcase name="Organization Accessibility (WCAG 2.1 AA) › Color and Contrast › should have sufficient color contrast for text" classname="organizations/accessibility.spec.ts" time="0.892">
<failure message="accessibility.spec.ts:179:5 should have sufficient color contrast for text" type="FAILURE">
<![CDATA[  [chromium] › organizations/accessibility.spec.ts:179:5 › Organization Accessibility (WCAG 2.1 AA) › Color and Contrast › should have sufficient color contrast for text 

    Error: page.evaluate: SecurityError: Failed to read the 'localStorage' property from 'Window': Access is denied for this document.
        at UtilityScript.evaluate (<anonymous>:293:16)
        at UtilityScript.<anonymous> (<anonymous>:1:44)
        at UtilityScript.evaluate (<anonymous>:293:16)
        at UtilityScript.<anonymous> (<anonymous>:1:44)
        at TestUtils.login (/mnt/r/Projects/ForkFlow-crm/tests/helpers/testUtils.ts:9:38)
        at /mnt/r/Projects/ForkFlow-crm/tests/organizations/accessibility.spec.ts:16:19

    attachment #1: screenshot (image/png) ──────────────────────────────────────────────────────────
    test-results/organizations-accessibilit-32cf2-ent-color-contrast-for-text-chromium/test-failed-1.png
    ────────────────────────────────────────────────────────────────────────────────────────────────

    attachment #2: video (video/webm) ──────────────────────────────────────────────────────────────
    test-results/organizations-accessibilit-32cf2-ent-color-contrast-for-text-chromium/video.webm
    ────────────────────────────────────────────────────────────────────────────────────────────────
]]>
</failure>
<system-out>
<![CDATA[
[[ATTACHMENT|organizations-accessibilit-32cf2-ent-color-contrast-for-text-chromium/test-failed-1.png]]

[[ATTACHMENT|organizations-accessibilit-32cf2-ent-color-contrast-for-text-chromium/video.webm]]
]]>
</system-out>
<system-err>
<![CDATA[Error accessing localStorage: page.evaluate: SecurityError: Failed to read the 'localStorage' property from 'Window': Access is denied for this document.
    at UtilityScript.evaluate (<anonymous>:293:16)
    at UtilityScript.<anonymous> (<anonymous>:1:44)
    at TestUtils.isLoggedIn [90m(/mnt/r/Projects/ForkFlow-crm/[39mtests/helpers/testUtils.ts:51:30[90m)[39m
    at [90m/mnt/r/Projects/ForkFlow-crm/[39mtests/organizations/accessibility.spec.ts:15:23 {
  [[32mSymbol(step)[39m]: {
    stepId: [32m'pw:api@12'[39m,
    location: {
      file: [32m'/mnt/r/Projects/ForkFlow-crm/tests/helpers/testUtils.ts'[39m,
      line: [33m51[39m,
      column: [33m30[39m,
      function: [32m'TestUtils.isLoggedIn'[39m
    },
    category: [32m'pw:api'[39m,
    title: [32m'Evaluate'[39m,
    apiName: [32m'page.evaluate'[39m,
    params: {
      expression: [32m'() => {\n'[39m +
        [32m"        const hasAuth = !!localStorage.getItem('auth') || !!localStorage.getItem('user');\n"[39m +
        [32m"        const isTestMode = localStorage.getItem('test-mode') === 'true';\n"[39m +
        [32m'        return hasAuth || isTestMode;\n'[39m +
        [32m'      }'[39m,
      isFunction: [33mtrue[39m,
      arg: [36m[Object][39m
    },
    boxedStack: [90mundefined[39m,
    steps: [],
    attachmentIndices: [],
    info: TestStepInfoImpl {
      annotations: [],
      _testInfo: [36m[TestInfoImpl][39m,
      _stepId: [32m'pw:api@12'[39m
    },
    complete: [36m[Function: complete][39m,
    endWallTime: [33m1751167020154[39m,
    error: {
      message: [32m"Error: page.evaluate: SecurityError: Failed to read the 'localStorage' property from 'Window': Access is denied for this document.\n"[39m +
        [32m'    at UtilityScript.evaluate (<anonymous>:293:16)\n'[39m +
        [32m'    at UtilityScript.<anonymous> (<anonymous>:1:44)'[39m,
      stack: [32m"Error: page.evaluate: SecurityError: Failed to read the 'localStorage' property from 'Window': Access is denied for this document.\n"[39m +
        [32m'    at UtilityScript.evaluate (<anonymous>:293:16)\n'[39m +
        [32m'    at UtilityScript.<anonymous> (<anonymous>:1:44)\n'[39m +
        [32m'    at UtilityScript.evaluate (<anonymous>:293:16)\n'[39m +
        [32m'    at UtilityScript.<anonymous> (<anonymous>:1:44)\n'[39m +
        [32m'    at TestUtils.isLoggedIn (/mnt/r/Projects/ForkFlow-crm/tests/helpers/testUtils.ts:51:30)\n'[39m +
        [32m'    at /mnt/r/Projects/ForkFlow-crm/tests/organizations/accessibility.spec.ts:15:23'[39m,
      cause: [90mundefined[39m
    }
  }
}
]]>
</system-err>
</testcase>
<testcase name="Organization Accessibility (WCAG 2.1 AA) › Color and Contrast › should not rely solely on color to convey information" classname="organizations/accessibility.spec.ts" time="0.861">
<failure message="accessibility.spec.ts:201:5 should not rely solely on color to convey information" type="FAILURE">
<![CDATA[  [chromium] › organizations/accessibility.spec.ts:201:5 › Organization Accessibility (WCAG 2.1 AA) › Color and Contrast › should not rely solely on color to convey information 

    Error: page.evaluate: SecurityError: Failed to read the 'localStorage' property from 'Window': Access is denied for this document.
        at UtilityScript.evaluate (<anonymous>:293:16)
        at UtilityScript.<anonymous> (<anonymous>:1:44)
        at UtilityScript.evaluate (<anonymous>:293:16)
        at UtilityScript.<anonymous> (<anonymous>:1:44)
        at TestUtils.login (/mnt/r/Projects/ForkFlow-crm/tests/helpers/testUtils.ts:9:38)
        at /mnt/r/Projects/ForkFlow-crm/tests/organizations/accessibility.spec.ts:16:19

    attachment #1: screenshot (image/png) ──────────────────────────────────────────────────────────
    test-results/organizations-accessibilit-3a313-color-to-convey-information-chromium/test-failed-1.png
    ────────────────────────────────────────────────────────────────────────────────────────────────

    attachment #2: video (video/webm) ──────────────────────────────────────────────────────────────
    test-results/organizations-accessibilit-3a313-color-to-convey-information-chromium/video.webm
    ────────────────────────────────────────────────────────────────────────────────────────────────
]]>
</failure>
<system-out>
<![CDATA[
[[ATTACHMENT|organizations-accessibilit-3a313-color-to-convey-information-chromium/test-failed-1.png]]

[[ATTACHMENT|organizations-accessibilit-3a313-color-to-convey-information-chromium/video.webm]]
]]>
</system-out>
<system-err>
<![CDATA[Error accessing localStorage: page.evaluate: SecurityError: Failed to read the 'localStorage' property from 'Window': Access is denied for this document.
    at UtilityScript.evaluate (<anonymous>:293:16)
    at UtilityScript.<anonymous> (<anonymous>:1:44)
    at TestUtils.isLoggedIn [90m(/mnt/r/Projects/ForkFlow-crm/[39mtests/helpers/testUtils.ts:51:30[90m)[39m
    at [90m/mnt/r/Projects/ForkFlow-crm/[39mtests/organizations/accessibility.spec.ts:15:23 {
  [[32mSymbol(step)[39m]: {
    stepId: [32m'pw:api@12'[39m,
    location: {
      file: [32m'/mnt/r/Projects/ForkFlow-crm/tests/helpers/testUtils.ts'[39m,
      line: [33m51[39m,
      column: [33m30[39m,
      function: [32m'TestUtils.isLoggedIn'[39m
    },
    category: [32m'pw:api'[39m,
    title: [32m'Evaluate'[39m,
    apiName: [32m'page.evaluate'[39m,
    params: {
      expression: [32m'() => {\n'[39m +
        [32m"        const hasAuth = !!localStorage.getItem('auth') || !!localStorage.getItem('user');\n"[39m +
        [32m"        const isTestMode = localStorage.getItem('test-mode') === 'true';\n"[39m +
        [32m'        return hasAuth || isTestMode;\n'[39m +
        [32m'      }'[39m,
      isFunction: [33mtrue[39m,
      arg: [36m[Object][39m
    },
    boxedStack: [90mundefined[39m,
    steps: [],
    attachmentIndices: [],
    info: TestStepInfoImpl {
      annotations: [],
      _testInfo: [36m[TestInfoImpl][39m,
      _stepId: [32m'pw:api@12'[39m
    },
    complete: [36m[Function: complete][39m,
    endWallTime: [33m1751167029962[39m,
    error: {
      message: [32m"Error: page.evaluate: SecurityError: Failed to read the 'localStorage' property from 'Window': Access is denied for this document.\n"[39m +
        [32m'    at UtilityScript.evaluate (<anonymous>:293:16)\n'[39m +
        [32m'    at UtilityScript.<anonymous> (<anonymous>:1:44)'[39m,
      stack: [32m"Error: page.evaluate: SecurityError: Failed to read the 'localStorage' property from 'Window': Access is denied for this document.\n"[39m +
        [32m'    at UtilityScript.evaluate (<anonymous>:293:16)\n'[39m +
        [32m'    at UtilityScript.<anonymous> (<anonymous>:1:44)\n'[39m +
        [32m'    at UtilityScript.evaluate (<anonymous>:293:16)\n'[39m +
        [32m'    at UtilityScript.<anonymous> (<anonymous>:1:44)\n'[39m +
        [32m'    at TestUtils.isLoggedIn (/mnt/r/Projects/ForkFlow-crm/tests/helpers/testUtils.ts:51:30)\n'[39m +
        [32m'    at /mnt/r/Projects/ForkFlow-crm/tests/organizations/accessibility.spec.ts:15:23'[39m,
      cause: [90mundefined[39m
    }
  }
}
]]>
</system-err>
</testcase>
<testcase name="Organization Accessibility (WCAG 2.1 AA) › Focus Management › should have visible focus indicators" classname="organizations/accessibility.spec.ts" time="0.815">
<failure message="accessibility.spec.ts:226:5 should have visible focus indicators" type="FAILURE">
<![CDATA[  [chromium] › organizations/accessibility.spec.ts:226:5 › Organization Accessibility (WCAG 2.1 AA) › Focus Management › should have visible focus indicators 

    Error: page.evaluate: SecurityError: Failed to read the 'localStorage' property from 'Window': Access is denied for this document.
        at UtilityScript.evaluate (<anonymous>:293:16)
        at UtilityScript.<anonymous> (<anonymous>:1:44)
        at UtilityScript.evaluate (<anonymous>:293:16)
        at UtilityScript.<anonymous> (<anonymous>:1:44)
        at TestUtils.login (/mnt/r/Projects/ForkFlow-crm/tests/helpers/testUtils.ts:9:38)
        at /mnt/r/Projects/ForkFlow-crm/tests/organizations/accessibility.spec.ts:16:19

    attachment #1: screenshot (image/png) ──────────────────────────────────────────────────────────
    test-results/organizations-accessibilit-b433d-ve-visible-focus-indicators-chromium/test-failed-1.png
    ────────────────────────────────────────────────────────────────────────────────────────────────

    attachment #2: video (video/webm) ──────────────────────────────────────────────────────────────
    test-results/organizations-accessibilit-b433d-ve-visible-focus-indicators-chromium/video.webm
    ────────────────────────────────────────────────────────────────────────────────────────────────
]]>
</failure>
<system-out>
<![CDATA[
[[ATTACHMENT|organizations-accessibilit-b433d-ve-visible-focus-indicators-chromium/test-failed-1.png]]

[[ATTACHMENT|organizations-accessibilit-b433d-ve-visible-focus-indicators-chromium/video.webm]]
]]>
</system-out>
<system-err>
<![CDATA[Error accessing localStorage: page.evaluate: SecurityError: Failed to read the 'localStorage' property from 'Window': Access is denied for this document.
    at UtilityScript.evaluate (<anonymous>:293:16)
    at UtilityScript.<anonymous> (<anonymous>:1:44)
    at TestUtils.isLoggedIn [90m(/mnt/r/Projects/ForkFlow-crm/[39mtests/helpers/testUtils.ts:51:30[90m)[39m
    at [90m/mnt/r/Projects/ForkFlow-crm/[39mtests/organizations/accessibility.spec.ts:15:23 {
  [[32mSymbol(step)[39m]: {
    stepId: [32m'pw:api@12'[39m,
    location: {
      file: [32m'/mnt/r/Projects/ForkFlow-crm/tests/helpers/testUtils.ts'[39m,
      line: [33m51[39m,
      column: [33m30[39m,
      function: [32m'TestUtils.isLoggedIn'[39m
    },
    category: [32m'pw:api'[39m,
    title: [32m'Evaluate'[39m,
    apiName: [32m'page.evaluate'[39m,
    params: {
      expression: [32m'() => {\n'[39m +
        [32m"        const hasAuth = !!localStorage.getItem('auth') || !!localStorage.getItem('user');\n"[39m +
        [32m"        const isTestMode = localStorage.getItem('test-mode') === 'true';\n"[39m +
        [32m'        return hasAuth || isTestMode;\n'[39m +
        [32m'      }'[39m,
      isFunction: [33mtrue[39m,
      arg: [36m[Object][39m
    },
    boxedStack: [90mundefined[39m,
    steps: [],
    attachmentIndices: [],
    info: TestStepInfoImpl {
      annotations: [],
      _testInfo: [36m[TestInfoImpl][39m,
      _stepId: [32m'pw:api@12'[39m
    },
    complete: [36m[Function: complete][39m,
    endWallTime: [33m1751167029916[39m,
    error: {
      message: [32m"Error: page.evaluate: SecurityError: Failed to read the 'localStorage' property from 'Window': Access is denied for this document.\n"[39m +
        [32m'    at UtilityScript.evaluate (<anonymous>:293:16)\n'[39m +
        [32m'    at UtilityScript.<anonymous> (<anonymous>:1:44)'[39m,
      stack: [32m"Error: page.evaluate: SecurityError: Failed to read the 'localStorage' property from 'Window': Access is denied for this document.\n"[39m +
        [32m'    at UtilityScript.evaluate (<anonymous>:293:16)\n'[39m +
        [32m'    at UtilityScript.<anonymous> (<anonymous>:1:44)\n'[39m +
        [32m'    at UtilityScript.evaluate (<anonymous>:293:16)\n'[39m +
        [32m'    at UtilityScript.<anonymous> (<anonymous>:1:44)\n'[39m +
        [32m'    at TestUtils.isLoggedIn (/mnt/r/Projects/ForkFlow-crm/tests/helpers/testUtils.ts:51:30)\n'[39m +
        [32m'    at /mnt/r/Projects/ForkFlow-crm/tests/organizations/accessibility.spec.ts:15:23'[39m,
      cause: [90mundefined[39m
    }
  }
}
]]>
</system-err>
</testcase>
<testcase name="Organization Accessibility (WCAG 2.1 AA) › Focus Management › should manage focus in modal dialogs" classname="organizations/accessibility.spec.ts" time="1.144">
<failure message="accessibility.spec.ts:254:5 should manage focus in modal dialogs" type="FAILURE">
<![CDATA[  [chromium] › organizations/accessibility.spec.ts:254:5 › Organization Accessibility (WCAG 2.1 AA) › Focus Management › should manage focus in modal dialogs 

    Error: page.evaluate: SecurityError: Failed to read the 'localStorage' property from 'Window': Access is denied for this document.
        at UtilityScript.evaluate (<anonymous>:293:16)
        at UtilityScript.<anonymous> (<anonymous>:1:44)
        at UtilityScript.evaluate (<anonymous>:293:16)
        at UtilityScript.<anonymous> (<anonymous>:1:44)
        at TestUtils.login (/mnt/r/Projects/ForkFlow-crm/tests/helpers/testUtils.ts:9:38)
        at /mnt/r/Projects/ForkFlow-crm/tests/organizations/accessibility.spec.ts:16:19

    attachment #1: screenshot (image/png) ──────────────────────────────────────────────────────────
    test-results/organizations-accessibilit-f595e-nage-focus-in-modal-dialogs-chromium/test-failed-1.png
    ────────────────────────────────────────────────────────────────────────────────────────────────

    attachment #2: video (video/webm) ──────────────────────────────────────────────────────────────
    test-results/organizations-accessibilit-f595e-nage-focus-in-modal-dialogs-chromium/video.webm
    ────────────────────────────────────────────────────────────────────────────────────────────────
]]>
</failure>
<system-out>
<![CDATA[
[[ATTACHMENT|organizations-accessibilit-f595e-nage-focus-in-modal-dialogs-chromium/test-failed-1.png]]

[[ATTACHMENT|organizations-accessibilit-f595e-nage-focus-in-modal-dialogs-chromium/video.webm]]
]]>
</system-out>
<system-err>
<![CDATA[Error accessing localStorage: page.evaluate: SecurityError: Failed to read the 'localStorage' property from 'Window': Access is denied for this document.
    at UtilityScript.evaluate (<anonymous>:293:16)
    at UtilityScript.<anonymous> (<anonymous>:1:44)
    at TestUtils.isLoggedIn [90m(/mnt/r/Projects/ForkFlow-crm/[39mtests/helpers/testUtils.ts:51:30[90m)[39m
    at [90m/mnt/r/Projects/ForkFlow-crm/[39mtests/organizations/accessibility.spec.ts:15:23 {
  [[32mSymbol(step)[39m]: {
    stepId: [32m'pw:api@12'[39m,
    location: {
      file: [32m'/mnt/r/Projects/ForkFlow-crm/tests/helpers/testUtils.ts'[39m,
      line: [33m51[39m,
      column: [33m30[39m,
      function: [32m'TestUtils.isLoggedIn'[39m
    },
    category: [32m'pw:api'[39m,
    title: [32m'Evaluate'[39m,
    apiName: [32m'page.evaluate'[39m,
    params: {
      expression: [32m'() => {\n'[39m +
        [32m"        const hasAuth = !!localStorage.getItem('auth') || !!localStorage.getItem('user');\n"[39m +
        [32m"        const isTestMode = localStorage.getItem('test-mode') === 'true';\n"[39m +
        [32m'        return hasAuth || isTestMode;\n'[39m +
        [32m'      }'[39m,
      isFunction: [33mtrue[39m,
      arg: [36m[Object][39m
    },
    boxedStack: [90mundefined[39m,
    steps: [],
    attachmentIndices: [],
    info: TestStepInfoImpl {
      annotations: [],
      _testInfo: [36m[TestInfoImpl][39m,
      _stepId: [32m'pw:api@12'[39m
    },
    complete: [36m[Function: complete][39m,
    endWallTime: [33m1751167039492[39m,
    error: {
      message: [32m"Error: page.evaluate: SecurityError: Failed to read the 'localStorage' property from 'Window': Access is denied for this document.\n"[39m +
        [32m'    at UtilityScript.evaluate (<anonymous>:293:16)\n'[39m +
        [32m'    at UtilityScript.<anonymous> (<anonymous>:1:44)'[39m,
      stack: [32m"Error: page.evaluate: SecurityError: Failed to read the 'localStorage' property from 'Window': Access is denied for this document.\n"[39m +
        [32m'    at UtilityScript.evaluate (<anonymous>:293:16)\n'[39m +
        [32m'    at UtilityScript.<anonymous> (<anonymous>:1:44)\n'[39m +
        [32m'    at UtilityScript.evaluate (<anonymous>:293:16)\n'[39m +
        [32m'    at UtilityScript.<anonymous> (<anonymous>:1:44)\n'[39m +
        [32m'    at TestUtils.isLoggedIn (/mnt/r/Projects/ForkFlow-crm/tests/helpers/testUtils.ts:51:30)\n'[39m +
        [32m'    at /mnt/r/Projects/ForkFlow-crm/tests/organizations/accessibility.spec.ts:15:23'[39m,
      cause: [90mundefined[39m
    }
  }
}
]]>
</system-err>
</testcase>
<testcase name="Organization Accessibility (WCAG 2.1 AA) › Focus Management › should restore focus after modal closes" classname="organizations/accessibility.spec.ts" time="1.085">
<failure message="accessibility.spec.ts:274:5 should restore focus after modal closes" type="FAILURE">
<![CDATA[  [chromium] › organizations/accessibility.spec.ts:274:5 › Organization Accessibility (WCAG 2.1 AA) › Focus Management › should restore focus after modal closes 

    Error: page.evaluate: SecurityError: Failed to read the 'localStorage' property from 'Window': Access is denied for this document.
        at UtilityScript.evaluate (<anonymous>:293:16)
        at UtilityScript.<anonymous> (<anonymous>:1:44)
        at UtilityScript.evaluate (<anonymous>:293:16)
        at UtilityScript.<anonymous> (<anonymous>:1:44)
        at TestUtils.login (/mnt/r/Projects/ForkFlow-crm/tests/helpers/testUtils.ts:9:38)
        at /mnt/r/Projects/ForkFlow-crm/tests/organizations/accessibility.spec.ts:16:19

    attachment #1: screenshot (image/png) ──────────────────────────────────────────────────────────
    test-results/organizations-accessibilit-c3d44-re-focus-after-modal-closes-chromium/test-failed-1.png
    ────────────────────────────────────────────────────────────────────────────────────────────────

    attachment #2: video (video/webm) ──────────────────────────────────────────────────────────────
    test-results/organizations-accessibilit-c3d44-re-focus-after-modal-closes-chromium/video.webm
    ────────────────────────────────────────────────────────────────────────────────────────────────
]]>
</failure>
<system-out>
<![CDATA[
[[ATTACHMENT|organizations-accessibilit-c3d44-re-focus-after-modal-closes-chromium/test-failed-1.png]]

[[ATTACHMENT|organizations-accessibilit-c3d44-re-focus-after-modal-closes-chromium/video.webm]]
]]>
</system-out>
<system-err>
<![CDATA[Error accessing localStorage: page.evaluate: SecurityError: Failed to read the 'localStorage' property from 'Window': Access is denied for this document.
    at UtilityScript.evaluate (<anonymous>:293:16)
    at UtilityScript.<anonymous> (<anonymous>:1:44)
    at TestUtils.isLoggedIn [90m(/mnt/r/Projects/ForkFlow-crm/[39mtests/helpers/testUtils.ts:51:30[90m)[39m
    at [90m/mnt/r/Projects/ForkFlow-crm/[39mtests/organizations/accessibility.spec.ts:15:23 {
  [[32mSymbol(step)[39m]: {
    stepId: [32m'pw:api@12'[39m,
    location: {
      file: [32m'/mnt/r/Projects/ForkFlow-crm/tests/helpers/testUtils.ts'[39m,
      line: [33m51[39m,
      column: [33m30[39m,
      function: [32m'TestUtils.isLoggedIn'[39m
    },
    category: [32m'pw:api'[39m,
    title: [32m'Evaluate'[39m,
    apiName: [32m'page.evaluate'[39m,
    params: {
      expression: [32m'() => {\n'[39m +
        [32m"        const hasAuth = !!localStorage.getItem('auth') || !!localStorage.getItem('user');\n"[39m +
        [32m"        const isTestMode = localStorage.getItem('test-mode') === 'true';\n"[39m +
        [32m'        return hasAuth || isTestMode;\n'[39m +
        [32m'      }'[39m,
      isFunction: [33mtrue[39m,
      arg: [36m[Object][39m
    },
    boxedStack: [90mundefined[39m,
    steps: [],
    attachmentIndices: [],
    info: TestStepInfoImpl {
      annotations: [],
      _testInfo: [36m[TestInfoImpl][39m,
      _stepId: [32m'pw:api@12'[39m
    },
    complete: [36m[Function: complete][39m,
    endWallTime: [33m1751167039431[39m,
    error: {
      message: [32m"Error: page.evaluate: SecurityError: Failed to read the 'localStorage' property from 'Window': Access is denied for this document.\n"[39m +
        [32m'    at UtilityScript.evaluate (<anonymous>:293:16)\n'[39m +
        [32m'    at UtilityScript.<anonymous> (<anonymous>:1:44)'[39m,
      stack: [32m"Error: page.evaluate: SecurityError: Failed to read the 'localStorage' property from 'Window': Access is denied for this document.\n"[39m +
        [32m'    at UtilityScript.evaluate (<anonymous>:293:16)\n'[39m +
        [32m'    at UtilityScript.<anonymous> (<anonymous>:1:44)\n'[39m +
        [32m'    at UtilityScript.evaluate (<anonymous>:293:16)\n'[39m +
        [32m'    at UtilityScript.<anonymous> (<anonymous>:1:44)\n'[39m +
        [32m'    at TestUtils.isLoggedIn (/mnt/r/Projects/ForkFlow-crm/tests/helpers/testUtils.ts:51:30)\n'[39m +
        [32m'    at /mnt/r/Projects/ForkFlow-crm/tests/organizations/accessibility.spec.ts:15:23'[39m,
      cause: [90mundefined[39m
    }
  }
}
]]>
</system-err>
</testcase>
<testcase name="Organization Accessibility (WCAG 2.1 AA) › Error and Status Announcements › should announce form validation errors" classname="organizations/accessibility.spec.ts" time="0.85">
<failure message="accessibility.spec.ts:292:5 should announce form validation errors" type="FAILURE">
<![CDATA[  [chromium] › organizations/accessibility.spec.ts:292:5 › Organization Accessibility (WCAG 2.1 AA) › Error and Status Announcements › should announce form validation errors 

    Error: page.evaluate: SecurityError: Failed to read the 'localStorage' property from 'Window': Access is denied for this document.
        at UtilityScript.evaluate (<anonymous>:293:16)
        at UtilityScript.<anonymous> (<anonymous>:1:44)
        at UtilityScript.evaluate (<anonymous>:293:16)
        at UtilityScript.<anonymous> (<anonymous>:1:44)
        at TestUtils.login (/mnt/r/Projects/ForkFlow-crm/tests/helpers/testUtils.ts:9:38)
        at /mnt/r/Projects/ForkFlow-crm/tests/organizations/accessibility.spec.ts:16:19

    attachment #1: screenshot (image/png) ──────────────────────────────────────────────────────────
    test-results/organizations-accessibilit-36d84-unce-form-validation-errors-chromium/test-failed-1.png
    ────────────────────────────────────────────────────────────────────────────────────────────────

    attachment #2: video (video/webm) ──────────────────────────────────────────────────────────────
    test-results/organizations-accessibilit-36d84-unce-form-validation-errors-chromium/video.webm
    ────────────────────────────────────────────────────────────────────────────────────────────────
]]>
</failure>
<system-out>
<![CDATA[
[[ATTACHMENT|organizations-accessibilit-36d84-unce-form-validation-errors-chromium/test-failed-1.png]]

[[ATTACHMENT|organizations-accessibilit-36d84-unce-form-validation-errors-chromium/video.webm]]
]]>
</system-out>
<system-err>
<![CDATA[Error accessing localStorage: page.evaluate: SecurityError: Failed to read the 'localStorage' property from 'Window': Access is denied for this document.
    at UtilityScript.evaluate (<anonymous>:293:16)
    at UtilityScript.<anonymous> (<anonymous>:1:44)
    at TestUtils.isLoggedIn [90m(/mnt/r/Projects/ForkFlow-crm/[39mtests/helpers/testUtils.ts:51:30[90m)[39m
    at [90m/mnt/r/Projects/ForkFlow-crm/[39mtests/organizations/accessibility.spec.ts:15:23 {
  [[32mSymbol(step)[39m]: {
    stepId: [32m'pw:api@12'[39m,
    location: {
      file: [32m'/mnt/r/Projects/ForkFlow-crm/tests/helpers/testUtils.ts'[39m,
      line: [33m51[39m,
      column: [33m30[39m,
      function: [32m'TestUtils.isLoggedIn'[39m
    },
    category: [32m'pw:api'[39m,
    title: [32m'Evaluate'[39m,
    apiName: [32m'page.evaluate'[39m,
    params: {
      expression: [32m'() => {\n'[39m +
        [32m"        const hasAuth = !!localStorage.getItem('auth') || !!localStorage.getItem('user');\n"[39m +
        [32m"        const isTestMode = localStorage.getItem('test-mode') === 'true';\n"[39m +
        [32m'        return hasAuth || isTestMode;\n'[39m +
        [32m'      }'[39m,
      isFunction: [33mtrue[39m,
      arg: [36m[Object][39m
    },
    boxedStack: [90mundefined[39m,
    steps: [],
    attachmentIndices: [],
    info: TestStepInfoImpl {
      annotations: [],
      _testInfo: [36m[TestInfoImpl][39m,
      _stepId: [32m'pw:api@12'[39m
    },
    complete: [36m[Function: complete][39m,
    endWallTime: [33m1751167049640[39m,
    error: {
      message: [32m"Error: page.evaluate: SecurityError: Failed to read the 'localStorage' property from 'Window': Access is denied for this document.\n"[39m +
        [32m'    at UtilityScript.evaluate (<anonymous>:293:16)\n'[39m +
        [32m'    at UtilityScript.<anonymous> (<anonymous>:1:44)'[39m,
      stack: [32m"Error: page.evaluate: SecurityError: Failed to read the 'localStorage' property from 'Window': Access is denied for this document.\n"[39m +
        [32m'    at UtilityScript.evaluate (<anonymous>:293:16)\n'[39m +
        [32m'    at UtilityScript.<anonymous> (<anonymous>:1:44)\n'[39m +
        [32m'    at UtilityScript.evaluate (<anonymous>:293:16)\n'[39m +
        [32m'    at UtilityScript.<anonymous> (<anonymous>:1:44)\n'[39m +
        [32m'    at TestUtils.isLoggedIn (/mnt/r/Projects/ForkFlow-crm/tests/helpers/testUtils.ts:51:30)\n'[39m +
        [32m'    at /mnt/r/Projects/ForkFlow-crm/tests/organizations/accessibility.spec.ts:15:23'[39m,
      cause: [90mundefined[39m
    }
  }
}
]]>
</system-err>
</testcase>
<testcase name="Organization Accessibility (WCAG 2.1 AA) › Error and Status Announcements › should announce successful operations" classname="organizations/accessibility.spec.ts" time="0.793">
<failure message="accessibility.spec.ts:310:5 should announce successful operations" type="FAILURE">
<![CDATA[  [chromium] › organizations/accessibility.spec.ts:310:5 › Organization Accessibility (WCAG 2.1 AA) › Error and Status Announcements › should announce successful operations 

    Error: page.evaluate: SecurityError: Failed to read the 'localStorage' property from 'Window': Access is denied for this document.
        at UtilityScript.evaluate (<anonymous>:293:16)
        at UtilityScript.<anonymous> (<anonymous>:1:44)
        at UtilityScript.evaluate (<anonymous>:293:16)
        at UtilityScript.<anonymous> (<anonymous>:1:44)
        at TestUtils.login (/mnt/r/Projects/ForkFlow-crm/tests/helpers/testUtils.ts:9:38)
        at /mnt/r/Projects/ForkFlow-crm/tests/organizations/accessibility.spec.ts:16:19

    attachment #1: screenshot (image/png) ──────────────────────────────────────────────────────────
    test-results/organizations-accessibilit-2a628-ounce-successful-operations-chromium/test-failed-1.png
    ────────────────────────────────────────────────────────────────────────────────────────────────

    attachment #2: video (video/webm) ──────────────────────────────────────────────────────────────
    test-results/organizations-accessibilit-2a628-ounce-successful-operations-chromium/video.webm
    ────────────────────────────────────────────────────────────────────────────────────────────────
]]>
</failure>
<system-out>
<![CDATA[
[[ATTACHMENT|organizations-accessibilit-2a628-ounce-successful-operations-chromium/test-failed-1.png]]

[[ATTACHMENT|organizations-accessibilit-2a628-ounce-successful-operations-chromium/video.webm]]
]]>
</system-out>
<system-err>
<![CDATA[Error accessing localStorage: page.evaluate: SecurityError: Failed to read the 'localStorage' property from 'Window': Access is denied for this document.
    at UtilityScript.evaluate (<anonymous>:293:16)
    at UtilityScript.<anonymous> (<anonymous>:1:44)
    at TestUtils.isLoggedIn [90m(/mnt/r/Projects/ForkFlow-crm/[39mtests/helpers/testUtils.ts:51:30[90m)[39m
    at [90m/mnt/r/Projects/ForkFlow-crm/[39mtests/organizations/accessibility.spec.ts:15:23 {
  [[32mSymbol(step)[39m]: {
    stepId: [32m'pw:api@12'[39m,
    location: {
      file: [32m'/mnt/r/Projects/ForkFlow-crm/tests/helpers/testUtils.ts'[39m,
      line: [33m51[39m,
      column: [33m30[39m,
      function: [32m'TestUtils.isLoggedIn'[39m
    },
    category: [32m'pw:api'[39m,
    title: [32m'Evaluate'[39m,
    apiName: [32m'page.evaluate'[39m,
    params: {
      expression: [32m'() => {\n'[39m +
        [32m"        const hasAuth = !!localStorage.getItem('auth') || !!localStorage.getItem('user');\n"[39m +
        [32m"        const isTestMode = localStorage.getItem('test-mode') === 'true';\n"[39m +
        [32m'        return hasAuth || isTestMode;\n'[39m +
        [32m'      }'[39m,
      isFunction: [33mtrue[39m,
      arg: [36m[Object][39m
    },
    boxedStack: [90mundefined[39m,
    steps: [],
    attachmentIndices: [],
    info: TestStepInfoImpl {
      annotations: [],
      _testInfo: [36m[TestInfoImpl][39m,
      _stepId: [32m'pw:api@12'[39m
    },
    complete: [36m[Function: complete][39m,
    endWallTime: [33m1751167049687[39m,
    error: {
      message: [32m"Error: page.evaluate: SecurityError: Failed to read the 'localStorage' property from 'Window': Access is denied for this document.\n"[39m +
        [32m'    at UtilityScript.evaluate (<anonymous>:293:16)\n'[39m +
        [32m'    at UtilityScript.<anonymous> (<anonymous>:1:44)'[39m,
      stack: [32m"Error: page.evaluate: SecurityError: Failed to read the 'localStorage' property from 'Window': Access is denied for this document.\n"[39m +
        [32m'    at UtilityScript.evaluate (<anonymous>:293:16)\n'[39m +
        [32m'    at UtilityScript.<anonymous> (<anonymous>:1:44)\n'[39m +
        [32m'    at UtilityScript.evaluate (<anonymous>:293:16)\n'[39m +
        [32m'    at UtilityScript.<anonymous> (<anonymous>:1:44)\n'[39m +
        [32m'    at TestUtils.isLoggedIn (/mnt/r/Projects/ForkFlow-crm/tests/helpers/testUtils.ts:51:30)\n'[39m +
        [32m'    at /mnt/r/Projects/ForkFlow-crm/tests/organizations/accessibility.spec.ts:15:23'[39m,
      cause: [90mundefined[39m
    }
  }
}
]]>
</system-err>
</testcase>
<testcase name="Organization Accessibility (WCAG 2.1 AA) › Responsive Accessibility › should maintain accessibility on mobile" classname="organizations/accessibility.spec.ts" time="0.838">
<failure message="accessibility.spec.ts:326:5 should maintain accessibility on mobile" type="FAILURE">
<![CDATA[  [chromium] › organizations/accessibility.spec.ts:326:5 › Organization Accessibility (WCAG 2.1 AA) › Responsive Accessibility › should maintain accessibility on mobile 

    Error: page.evaluate: SecurityError: Failed to read the 'localStorage' property from 'Window': Access is denied for this document.
        at UtilityScript.evaluate (<anonymous>:293:16)
        at UtilityScript.<anonymous> (<anonymous>:1:44)
        at UtilityScript.evaluate (<anonymous>:293:16)
        at UtilityScript.<anonymous> (<anonymous>:1:44)
        at TestUtils.login (/mnt/r/Projects/ForkFlow-crm/tests/helpers/testUtils.ts:9:38)
        at /mnt/r/Projects/ForkFlow-crm/tests/organizations/accessibility.spec.ts:16:19

    attachment #1: screenshot (image/png) ──────────────────────────────────────────────────────────
    test-results/organizations-accessibilit-88ced-ain-accessibility-on-mobile-chromium/test-failed-1.png
    ────────────────────────────────────────────────────────────────────────────────────────────────

    attachment #2: video (video/webm) ──────────────────────────────────────────────────────────────
    test-results/organizations-accessibilit-88ced-ain-accessibility-on-mobile-chromium/video.webm
    ────────────────────────────────────────────────────────────────────────────────────────────────
]]>
</failure>
<system-out>
<![CDATA[
[[ATTACHMENT|organizations-accessibilit-88ced-ain-accessibility-on-mobile-chromium/test-failed-1.png]]

[[ATTACHMENT|organizations-accessibilit-88ced-ain-accessibility-on-mobile-chromium/video.webm]]
]]>
</system-out>
<system-err>
<![CDATA[Error accessing localStorage: page.evaluate: SecurityError: Failed to read the 'localStorage' property from 'Window': Access is denied for this document.
    at UtilityScript.evaluate (<anonymous>:293:16)
    at UtilityScript.<anonymous> (<anonymous>:1:44)
    at TestUtils.isLoggedIn [90m(/mnt/r/Projects/ForkFlow-crm/[39mtests/helpers/testUtils.ts:51:30[90m)[39m
    at [90m/mnt/r/Projects/ForkFlow-crm/[39mtests/organizations/accessibility.spec.ts:15:23 {
  [[32mSymbol(step)[39m]: {
    stepId: [32m'pw:api@12'[39m,
    location: {
      file: [32m'/mnt/r/Projects/ForkFlow-crm/tests/helpers/testUtils.ts'[39m,
      line: [33m51[39m,
      column: [33m30[39m,
      function: [32m'TestUtils.isLoggedIn'[39m
    },
    category: [32m'pw:api'[39m,
    title: [32m'Evaluate'[39m,
    apiName: [32m'page.evaluate'[39m,
    params: {
      expression: [32m'() => {\n'[39m +
        [32m"        const hasAuth = !!localStorage.getItem('auth') || !!localStorage.getItem('user');\n"[39m +
        [32m"        const isTestMode = localStorage.getItem('test-mode') === 'true';\n"[39m +
        [32m'        return hasAuth || isTestMode;\n'[39m +
        [32m'      }'[39m,
      isFunction: [33mtrue[39m,
      arg: [36m[Object][39m
    },
    boxedStack: [90mundefined[39m,
    steps: [],
    attachmentIndices: [],
    info: TestStepInfoImpl {
      annotations: [],
      _testInfo: [36m[TestInfoImpl][39m,
      _stepId: [32m'pw:api@12'[39m
    },
    complete: [36m[Function: complete][39m,
    endWallTime: [33m1751167059336[39m,
    error: {
      message: [32m"Error: page.evaluate: SecurityError: Failed to read the 'localStorage' property from 'Window': Access is denied for this document.\n"[39m +
        [32m'    at UtilityScript.evaluate (<anonymous>:293:16)\n'[39m +
        [32m'    at UtilityScript.<anonymous> (<anonymous>:1:44)'[39m,
      stack: [32m"Error: page.evaluate: SecurityError: Failed to read the 'localStorage' property from 'Window': Access is denied for this document.\n"[39m +
        [32m'    at UtilityScript.evaluate (<anonymous>:293:16)\n'[39m +
        [32m'    at UtilityScript.<anonymous> (<anonymous>:1:44)\n'[39m +
        [32m'    at UtilityScript.evaluate (<anonymous>:293:16)\n'[39m +
        [32m'    at UtilityScript.<anonymous> (<anonymous>:1:44)\n'[39m +
        [32m'    at TestUtils.isLoggedIn (/mnt/r/Projects/ForkFlow-crm/tests/helpers/testUtils.ts:51:30)\n'[39m +
        [32m'    at /mnt/r/Projects/ForkFlow-crm/tests/organizations/accessibility.spec.ts:15:23'[39m,
      cause: [90mundefined[39m
    }
  }
}
]]>
</system-err>
</testcase>
<testcase name="Organization Accessibility (WCAG 2.1 AA) › Responsive Accessibility › should support zoom up to 200%" classname="organizations/accessibility.spec.ts" time="0.826">
<failure message="accessibility.spec.ts:345:5 should support zoom up to 200%" type="FAILURE">
<![CDATA[  [chromium] › organizations/accessibility.spec.ts:345:5 › Organization Accessibility (WCAG 2.1 AA) › Responsive Accessibility › should support zoom up to 200% 

    Error: page.evaluate: SecurityError: Failed to read the 'localStorage' property from 'Window': Access is denied for this document.
        at UtilityScript.evaluate (<anonymous>:293:16)
        at UtilityScript.<anonymous> (<anonymous>:1:44)
        at UtilityScript.evaluate (<anonymous>:293:16)
        at UtilityScript.<anonymous> (<anonymous>:1:44)
        at TestUtils.login (/mnt/r/Projects/ForkFlow-crm/tests/helpers/testUtils.ts:9:38)
        at /mnt/r/Projects/ForkFlow-crm/tests/organizations/accessibility.spec.ts:16:19

    attachment #1: screenshot (image/png) ──────────────────────────────────────────────────────────
    test-results/organizations-accessibilit-27d14-uld-support-zoom-up-to-200--chromium/test-failed-1.png
    ────────────────────────────────────────────────────────────────────────────────────────────────

    attachment #2: video (video/webm) ──────────────────────────────────────────────────────────────
    test-results/organizations-accessibilit-27d14-uld-support-zoom-up-to-200--chromium/video.webm
    ────────────────────────────────────────────────────────────────────────────────────────────────
]]>
</failure>
<system-out>
<![CDATA[
[[ATTACHMENT|organizations-accessibilit-27d14-uld-support-zoom-up-to-200--chromium/test-failed-1.png]]

[[ATTACHMENT|organizations-accessibilit-27d14-uld-support-zoom-up-to-200--chromium/video.webm]]
]]>
</system-out>
<system-err>
<![CDATA[Error accessing localStorage: page.evaluate: SecurityError: Failed to read the 'localStorage' property from 'Window': Access is denied for this document.
    at UtilityScript.evaluate (<anonymous>:293:16)
    at UtilityScript.<anonymous> (<anonymous>:1:44)
    at TestUtils.isLoggedIn [90m(/mnt/r/Projects/ForkFlow-crm/[39mtests/helpers/testUtils.ts:51:30[90m)[39m
    at [90m/mnt/r/Projects/ForkFlow-crm/[39mtests/organizations/accessibility.spec.ts:15:23 {
  [[32mSymbol(step)[39m]: {
    stepId: [32m'pw:api@12'[39m,
    location: {
      file: [32m'/mnt/r/Projects/ForkFlow-crm/tests/helpers/testUtils.ts'[39m,
      line: [33m51[39m,
      column: [33m30[39m,
      function: [32m'TestUtils.isLoggedIn'[39m
    },
    category: [32m'pw:api'[39m,
    title: [32m'Evaluate'[39m,
    apiName: [32m'page.evaluate'[39m,
    params: {
      expression: [32m'() => {\n'[39m +
        [32m"        const hasAuth = !!localStorage.getItem('auth') || !!localStorage.getItem('user');\n"[39m +
        [32m"        const isTestMode = localStorage.getItem('test-mode') === 'true';\n"[39m +
        [32m'        return hasAuth || isTestMode;\n'[39m +
        [32m'      }'[39m,
      isFunction: [33mtrue[39m,
      arg: [36m[Object][39m
    },
    boxedStack: [90mundefined[39m,
    steps: [],
    attachmentIndices: [],
    info: TestStepInfoImpl {
      annotations: [],
      _testInfo: [36m[TestInfoImpl][39m,
      _stepId: [32m'pw:api@12'[39m
    },
    complete: [36m[Function: complete][39m,
    endWallTime: [33m1751167059683[39m,
    error: {
      message: [32m"Error: page.evaluate: SecurityError: Failed to read the 'localStorage' property from 'Window': Access is denied for this document.\n"[39m +
        [32m'    at UtilityScript.evaluate (<anonymous>:293:16)\n'[39m +
        [32m'    at UtilityScript.<anonymous> (<anonymous>:1:44)'[39m,
      stack: [32m"Error: page.evaluate: SecurityError: Failed to read the 'localStorage' property from 'Window': Access is denied for this document.\n"[39m +
        [32m'    at UtilityScript.evaluate (<anonymous>:293:16)\n'[39m +
        [32m'    at UtilityScript.<anonymous> (<anonymous>:1:44)\n'[39m +
        [32m'    at UtilityScript.evaluate (<anonymous>:293:16)\n'[39m +
        [32m'    at UtilityScript.<anonymous> (<anonymous>:1:44)\n'[39m +
        [32m'    at TestUtils.isLoggedIn (/mnt/r/Projects/ForkFlow-crm/tests/helpers/testUtils.ts:51:30)\n'[39m +
        [32m'    at /mnt/r/Projects/ForkFlow-crm/tests/organizations/accessibility.spec.ts:15:23'[39m,
      cause: [90mundefined[39m
    }
  }
}
]]>
</system-err>
</testcase>
<testcase name="Organization Accessibility (WCAG 2.1 AA) › Assistive Technology Support › should support high contrast mode" classname="organizations/accessibility.spec.ts" time="0.848">
<failure message="accessibility.spec.ts:361:5 should support high contrast mode" type="FAILURE">
<![CDATA[  [chromium] › organizations/accessibility.spec.ts:361:5 › Organization Accessibility (WCAG 2.1 AA) › Assistive Technology Support › should support high contrast mode 

    Error: page.evaluate: SecurityError: Failed to read the 'localStorage' property from 'Window': Access is denied for this document.
        at UtilityScript.evaluate (<anonymous>:293:16)
        at UtilityScript.<anonymous> (<anonymous>:1:44)
        at UtilityScript.evaluate (<anonymous>:293:16)
        at UtilityScript.<anonymous> (<anonymous>:1:44)
        at TestUtils.login (/mnt/r/Projects/ForkFlow-crm/tests/helpers/testUtils.ts:9:38)
        at /mnt/r/Projects/ForkFlow-crm/tests/organizations/accessibility.spec.ts:16:19

    attachment #1: screenshot (image/png) ──────────────────────────────────────────────────────────
    test-results/organizations-accessibilit-259a8--support-high-contrast-mode-chromium/test-failed-1.png
    ────────────────────────────────────────────────────────────────────────────────────────────────

    attachment #2: video (video/webm) ──────────────────────────────────────────────────────────────
    test-results/organizations-accessibilit-259a8--support-high-contrast-mode-chromium/video.webm
    ────────────────────────────────────────────────────────────────────────────────────────────────
]]>
</failure>
<system-out>
<![CDATA[
[[ATTACHMENT|organizations-accessibilit-259a8--support-high-contrast-mode-chromium/test-failed-1.png]]

[[ATTACHMENT|organizations-accessibilit-259a8--support-high-contrast-mode-chromium/video.webm]]
]]>
</system-out>
<system-err>
<![CDATA[Error accessing localStorage: page.evaluate: SecurityError: Failed to read the 'localStorage' property from 'Window': Access is denied for this document.
    at UtilityScript.evaluate (<anonymous>:293:16)
    at UtilityScript.<anonymous> (<anonymous>:1:44)
    at TestUtils.isLoggedIn [90m(/mnt/r/Projects/ForkFlow-crm/[39mtests/helpers/testUtils.ts:51:30[90m)[39m
    at [90m/mnt/r/Projects/ForkFlow-crm/[39mtests/organizations/accessibility.spec.ts:15:23 {
  [[32mSymbol(step)[39m]: {
    stepId: [32m'pw:api@12'[39m,
    location: {
      file: [32m'/mnt/r/Projects/ForkFlow-crm/tests/helpers/testUtils.ts'[39m,
      line: [33m51[39m,
      column: [33m30[39m,
      function: [32m'TestUtils.isLoggedIn'[39m
    },
    category: [32m'pw:api'[39m,
    title: [32m'Evaluate'[39m,
    apiName: [32m'page.evaluate'[39m,
    params: {
      expression: [32m'() => {\n'[39m +
        [32m"        const hasAuth = !!localStorage.getItem('auth') || !!localStorage.getItem('user');\n"[39m +
        [32m"        const isTestMode = localStorage.getItem('test-mode') === 'true';\n"[39m +
        [32m'        return hasAuth || isTestMode;\n'[39m +
        [32m'      }'[39m,
      isFunction: [33mtrue[39m,
      arg: [36m[Object][39m
    },
    boxedStack: [90mundefined[39m,
    steps: [],
    attachmentIndices: [],
    info: TestStepInfoImpl {
      annotations: [],
      _testInfo: [36m[TestInfoImpl][39m,
      _stepId: [32m'pw:api@12'[39m
    },
    complete: [36m[Function: complete][39m,
    endWallTime: [33m1751167069752[39m,
    error: {
      message: [32m"Error: page.evaluate: SecurityError: Failed to read the 'localStorage' property from 'Window': Access is denied for this document.\n"[39m +
        [32m'    at UtilityScript.evaluate (<anonymous>:293:16)\n'[39m +
        [32m'    at UtilityScript.<anonymous> (<anonymous>:1:44)'[39m,
      stack: [32m"Error: page.evaluate: SecurityError: Failed to read the 'localStorage' property from 'Window': Access is denied for this document.\n"[39m +
        [32m'    at UtilityScript.evaluate (<anonymous>:293:16)\n'[39m +
        [32m'    at UtilityScript.<anonymous> (<anonymous>:1:44)\n'[39m +
        [32m'    at UtilityScript.evaluate (<anonymous>:293:16)\n'[39m +
        [32m'    at UtilityScript.<anonymous> (<anonymous>:1:44)\n'[39m +
        [32m'    at TestUtils.isLoggedIn (/mnt/r/Projects/ForkFlow-crm/tests/helpers/testUtils.ts:51:30)\n'[39m +
        [32m'    at /mnt/r/Projects/ForkFlow-crm/tests/organizations/accessibility.spec.ts:15:23'[39m,
      cause: [90mundefined[39m
    }
  }
}
]]>
</system-err>
</testcase>
<testcase name="Organization Accessibility (WCAG 2.1 AA) › Assistive Technology Support › should work with reduced motion preferences" classname="organizations/accessibility.spec.ts" time="0.815">
<failure message="accessibility.spec.ts:382:5 should work with reduced motion preferences" type="FAILURE">
<![CDATA[  [chromium] › organizations/accessibility.spec.ts:382:5 › Organization Accessibility (WCAG 2.1 AA) › Assistive Technology Support › should work with reduced motion preferences 

    Error: page.evaluate: SecurityError: Failed to read the 'localStorage' property from 'Window': Access is denied for this document.
        at UtilityScript.evaluate (<anonymous>:293:16)
        at UtilityScript.<anonymous> (<anonymous>:1:44)
        at UtilityScript.evaluate (<anonymous>:293:16)
        at UtilityScript.<anonymous> (<anonymous>:1:44)
        at TestUtils.login (/mnt/r/Projects/ForkFlow-crm/tests/helpers/testUtils.ts:9:38)
        at /mnt/r/Projects/ForkFlow-crm/tests/organizations/accessibility.spec.ts:16:19

    attachment #1: screenshot (image/png) ──────────────────────────────────────────────────────────
    test-results/organizations-accessibilit-c2985--reduced-motion-preferences-chromium/test-failed-1.png
    ────────────────────────────────────────────────────────────────────────────────────────────────

    attachment #2: video (video/webm) ──────────────────────────────────────────────────────────────
    test-results/organizations-accessibilit-c2985--reduced-motion-preferences-chromium/video.webm
    ────────────────────────────────────────────────────────────────────────────────────────────────
]]>
</failure>
<system-out>
<![CDATA[
[[ATTACHMENT|organizations-accessibilit-c2985--reduced-motion-preferences-chromium/test-failed-1.png]]

[[ATTACHMENT|organizations-accessibilit-c2985--reduced-motion-preferences-chromium/video.webm]]
]]>
</system-out>
<system-err>
<![CDATA[Error accessing localStorage: page.evaluate: SecurityError: Failed to read the 'localStorage' property from 'Window': Access is denied for this document.
    at UtilityScript.evaluate (<anonymous>:293:16)
    at UtilityScript.<anonymous> (<anonymous>:1:44)
    at TestUtils.isLoggedIn [90m(/mnt/r/Projects/ForkFlow-crm/[39mtests/helpers/testUtils.ts:51:30[90m)[39m
    at [90m/mnt/r/Projects/ForkFlow-crm/[39mtests/organizations/accessibility.spec.ts:15:23 {
  [[32mSymbol(step)[39m]: {
    stepId: [32m'pw:api@12'[39m,
    location: {
      file: [32m'/mnt/r/Projects/ForkFlow-crm/tests/helpers/testUtils.ts'[39m,
      line: [33m51[39m,
      column: [33m30[39m,
      function: [32m'TestUtils.isLoggedIn'[39m
    },
    category: [32m'pw:api'[39m,
    title: [32m'Evaluate'[39m,
    apiName: [32m'page.evaluate'[39m,
    params: {
      expression: [32m'() => {\n'[39m +
        [32m"        const hasAuth = !!localStorage.getItem('auth') || !!localStorage.getItem('user');\n"[39m +
        [32m"        const isTestMode = localStorage.getItem('test-mode') === 'true';\n"[39m +
        [32m'        return hasAuth || isTestMode;\n'[39m +
        [32m'      }'[39m,
      isFunction: [33mtrue[39m,
      arg: [36m[Object][39m
    },
    boxedStack: [90mundefined[39m,
    steps: [],
    attachmentIndices: [],
    info: TestStepInfoImpl {
      annotations: [],
      _testInfo: [36m[TestInfoImpl][39m,
      _stepId: [32m'pw:api@12'[39m
    },
    complete: [36m[Function: complete][39m,
    endWallTime: [33m1751167069365[39m,
    error: {
      message: [32m"Error: page.evaluate: SecurityError: Failed to read the 'localStorage' property from 'Window': Access is denied for this document.\n"[39m +
        [32m'    at UtilityScript.evaluate (<anonymous>:293:16)\n'[39m +
        [32m'    at UtilityScript.<anonymous> (<anonymous>:1:44)'[39m,
      stack: [32m"Error: page.evaluate: SecurityError: Failed to read the 'localStorage' property from 'Window': Access is denied for this document.\n"[39m +
        [32m'    at UtilityScript.evaluate (<anonymous>:293:16)\n'[39m +
        [32m'    at UtilityScript.<anonymous> (<anonymous>:1:44)\n'[39m +
        [32m'    at UtilityScript.evaluate (<anonymous>:293:16)\n'[39m +
        [32m'    at UtilityScript.<anonymous> (<anonymous>:1:44)\n'[39m +
        [32m'    at TestUtils.isLoggedIn (/mnt/r/Projects/ForkFlow-crm/tests/helpers/testUtils.ts:51:30)\n'[39m +
        [32m'    at /mnt/r/Projects/ForkFlow-crm/tests/organizations/accessibility.spec.ts:15:23'[39m,
      cause: [90mundefined[39m
    }
  }
}
]]>
</system-err>
</testcase>
<testcase name="Organization Accessibility (WCAG 2.1 AA) › Language and Internationalization › should have proper lang attribute" classname="organizations/accessibility.spec.ts" time="0.855">
<failure message="accessibility.spec.ts:408:5 should have proper lang attribute" type="FAILURE">
<![CDATA[  [chromium] › organizations/accessibility.spec.ts:408:5 › Organization Accessibility (WCAG 2.1 AA) › Language and Internationalization › should have proper lang attribute 

    Error: page.evaluate: SecurityError: Failed to read the 'localStorage' property from 'Window': Access is denied for this document.
        at UtilityScript.evaluate (<anonymous>:293:16)
        at UtilityScript.<anonymous> (<anonymous>:1:44)
        at UtilityScript.evaluate (<anonymous>:293:16)
        at UtilityScript.<anonymous> (<anonymous>:1:44)
        at TestUtils.login (/mnt/r/Projects/ForkFlow-crm/tests/helpers/testUtils.ts:9:38)
        at /mnt/r/Projects/ForkFlow-crm/tests/organizations/accessibility.spec.ts:16:19

    attachment #1: screenshot (image/png) ──────────────────────────────────────────────────────────
    test-results/organizations-accessibilit-b9d1f--have-proper-lang-attribute-chromium/test-failed-1.png
    ────────────────────────────────────────────────────────────────────────────────────────────────

    attachment #2: video (video/webm) ──────────────────────────────────────────────────────────────
    test-results/organizations-accessibilit-b9d1f--have-proper-lang-attribute-chromium/video.webm
    ────────────────────────────────────────────────────────────────────────────────────────────────
]]>
</failure>
<system-out>
<![CDATA[
[[ATTACHMENT|organizations-accessibilit-b9d1f--have-proper-lang-attribute-chromium/test-failed-1.png]]

[[ATTACHMENT|organizations-accessibilit-b9d1f--have-proper-lang-attribute-chromium/video.webm]]
]]>
</system-out>
<system-err>
<![CDATA[Error accessing localStorage: page.evaluate: SecurityError: Failed to read the 'localStorage' property from 'Window': Access is denied for this document.
    at UtilityScript.evaluate (<anonymous>:293:16)
    at UtilityScript.<anonymous> (<anonymous>:1:44)
    at TestUtils.isLoggedIn [90m(/mnt/r/Projects/ForkFlow-crm/[39mtests/helpers/testUtils.ts:51:30[90m)[39m
    at [90m/mnt/r/Projects/ForkFlow-crm/[39mtests/organizations/accessibility.spec.ts:15:23 {
  [[32mSymbol(step)[39m]: {
    stepId: [32m'pw:api@12'[39m,
    location: {
      file: [32m'/mnt/r/Projects/ForkFlow-crm/tests/helpers/testUtils.ts'[39m,
      line: [33m51[39m,
      column: [33m30[39m,
      function: [32m'TestUtils.isLoggedIn'[39m
    },
    category: [32m'pw:api'[39m,
    title: [32m'Evaluate'[39m,
    apiName: [32m'page.evaluate'[39m,
    params: {
      expression: [32m'() => {\n'[39m +
        [32m"        const hasAuth = !!localStorage.getItem('auth') || !!localStorage.getItem('user');\n"[39m +
        [32m"        const isTestMode = localStorage.getItem('test-mode') === 'true';\n"[39m +
        [32m'        return hasAuth || isTestMode;\n'[39m +
        [32m'      }'[39m,
      isFunction: [33mtrue[39m,
      arg: [36m[Object][39m
    },
    boxedStack: [90mundefined[39m,
    steps: [],
    attachmentIndices: [],
    info: TestStepInfoImpl {
      annotations: [],
      _testInfo: [36m[TestInfoImpl][39m,
      _stepId: [32m'pw:api@12'[39m
    },
    complete: [36m[Function: complete][39m,
    endWallTime: [33m1751167079958[39m,
    error: {
      message: [32m"Error: page.evaluate: SecurityError: Failed to read the 'localStorage' property from 'Window': Access is denied for this document.\n"[39m +
        [32m'    at UtilityScript.evaluate (<anonymous>:293:16)\n'[39m +
        [32m'    at UtilityScript.<anonymous> (<anonymous>:1:44)'[39m,
      stack: [32m"Error: page.evaluate: SecurityError: Failed to read the 'localStorage' property from 'Window': Access is denied for this document.\n"[39m +
        [32m'    at UtilityScript.evaluate (<anonymous>:293:16)\n'[39m +
        [32m'    at UtilityScript.<anonymous> (<anonymous>:1:44)\n'[39m +
        [32m'    at UtilityScript.evaluate (<anonymous>:293:16)\n'[39m +
        [32m'    at UtilityScript.<anonymous> (<anonymous>:1:44)\n'[39m +
        [32m'    at TestUtils.isLoggedIn (/mnt/r/Projects/ForkFlow-crm/tests/helpers/testUtils.ts:51:30)\n'[39m +
        [32m'    at /mnt/r/Projects/ForkFlow-crm/tests/organizations/accessibility.spec.ts:15:23'[39m,
      cause: [90mundefined[39m
    }
  }
}
]]>
</system-err>
</testcase>
<testcase name="Organization Accessibility (WCAG 2.1 AA) › Language and Internationalization › should handle text direction for RTL languages" classname="organizations/accessibility.spec.ts" time="0.783">
<failure message="accessibility.spec.ts:417:5 should handle text direction for RTL languages" type="FAILURE">
<![CDATA[  [chromium] › organizations/accessibility.spec.ts:417:5 › Organization Accessibility (WCAG 2.1 AA) › Language and Internationalization › should handle text direction for RTL languages 

    Error: page.evaluate: SecurityError: Failed to read the 'localStorage' property from 'Window': Access is denied for this document.
        at UtilityScript.evaluate (<anonymous>:293:16)
        at UtilityScript.<anonymous> (<anonymous>:1:44)
        at UtilityScript.evaluate (<anonymous>:293:16)
        at UtilityScript.<anonymous> (<anonymous>:1:44)
        at TestUtils.login (/mnt/r/Projects/ForkFlow-crm/tests/helpers/testUtils.ts:9:38)
        at /mnt/r/Projects/ForkFlow-crm/tests/organizations/accessibility.spec.ts:16:19

    attachment #1: screenshot (image/png) ──────────────────────────────────────────────────────────
    test-results/organizations-accessibilit-3ba3f-direction-for-RTL-languages-chromium/test-failed-1.png
    ────────────────────────────────────────────────────────────────────────────────────────────────

    attachment #2: video (video/webm) ──────────────────────────────────────────────────────────────
    test-results/organizations-accessibilit-3ba3f-direction-for-RTL-languages-chromium/video.webm
    ────────────────────────────────────────────────────────────────────────────────────────────────
]]>
</failure>
<system-out>
<![CDATA[
[[ATTACHMENT|organizations-accessibilit-3ba3f-direction-for-RTL-languages-chromium/test-failed-1.png]]

[[ATTACHMENT|organizations-accessibilit-3ba3f-direction-for-RTL-languages-chromium/video.webm]]
]]>
</system-out>
<system-err>
<![CDATA[Error accessing localStorage: page.evaluate: SecurityError: Failed to read the 'localStorage' property from 'Window': Access is denied for this document.
    at UtilityScript.evaluate (<anonymous>:293:16)
    at UtilityScript.<anonymous> (<anonymous>:1:44)
    at TestUtils.isLoggedIn [90m(/mnt/r/Projects/ForkFlow-crm/[39mtests/helpers/testUtils.ts:51:30[90m)[39m
    at [90m/mnt/r/Projects/ForkFlow-crm/[39mtests/organizations/accessibility.spec.ts:15:23 {
  [[32mSymbol(step)[39m]: {
    stepId: [32m'pw:api@12'[39m,
    location: {
      file: [32m'/mnt/r/Projects/ForkFlow-crm/tests/helpers/testUtils.ts'[39m,
      line: [33m51[39m,
      column: [33m30[39m,
      function: [32m'TestUtils.isLoggedIn'[39m
    },
    category: [32m'pw:api'[39m,
    title: [32m'Evaluate'[39m,
    apiName: [32m'page.evaluate'[39m,
    params: {
      expression: [32m'() => {\n'[39m +
        [32m"        const hasAuth = !!localStorage.getItem('auth') || !!localStorage.getItem('user');\n"[39m +
        [32m"        const isTestMode = localStorage.getItem('test-mode') === 'true';\n"[39m +
        [32m'        return hasAuth || isTestMode;\n'[39m +
        [32m'      }'[39m,
      isFunction: [33mtrue[39m,
      arg: [36m[Object][39m
    },
    boxedStack: [90mundefined[39m,
    steps: [],
    attachmentIndices: [],
    info: TestStepInfoImpl {
      annotations: [],
      _testInfo: [36m[TestInfoImpl][39m,
      _stepId: [32m'pw:api@12'[39m
    },
    complete: [36m[Function: complete][39m,
    endWallTime: [33m1751167079931[39m,
    error: {
      message: [32m"Error: page.evaluate: SecurityError: Failed to read the 'localStorage' property from 'Window': Access is denied for this document.\n"[39m +
        [32m'    at UtilityScript.evaluate (<anonymous>:293:16)\n'[39m +
        [32m'    at UtilityScript.<anonymous> (<anonymous>:1:44)'[39m,
      stack: [32m"Error: page.evaluate: SecurityError: Failed to read the 'localStorage' property from 'Window': Access is denied for this document.\n"[39m +
        [32m'    at UtilityScript.evaluate (<anonymous>:293:16)\n'[39m +
        [32m'    at UtilityScript.<anonymous> (<anonymous>:1:44)\n'[39m +
        [32m'    at UtilityScript.evaluate (<anonymous>:293:16)\n'[39m +
        [32m'    at UtilityScript.<anonymous> (<anonymous>:1:44)\n'[39m +
        [32m'    at TestUtils.isLoggedIn (/mnt/r/Projects/ForkFlow-crm/tests/helpers/testUtils.ts:51:30)\n'[39m +
        [32m'    at /mnt/r/Projects/ForkFlow-crm/tests/organizations/accessibility.spec.ts:15:23'[39m,
      cause: [90mundefined[39m
    }
  }
}
]]>
</system-err>
</testcase>
<testcase name="Organization Accessibility (WCAG 2.1 AA) › Data Tables Accessibility › should have proper table structure for organization list" classname="organizations/accessibility.spec.ts" time="0.874">
<failure message="accessibility.spec.ts:427:5 should have proper table structure for organization list" type="FAILURE">
<![CDATA[  [chromium] › organizations/accessibility.spec.ts:427:5 › Organization Accessibility (WCAG 2.1 AA) › Data Tables Accessibility › should have proper table structure for organization list 

    Error: page.evaluate: SecurityError: Failed to read the 'localStorage' property from 'Window': Access is denied for this document.
        at UtilityScript.evaluate (<anonymous>:293:16)
        at UtilityScript.<anonymous> (<anonymous>:1:44)
        at UtilityScript.evaluate (<anonymous>:293:16)
        at UtilityScript.<anonymous> (<anonymous>:1:44)
        at TestUtils.login (/mnt/r/Projects/ForkFlow-crm/tests/helpers/testUtils.ts:9:38)
        at /mnt/r/Projects/ForkFlow-crm/tests/organizations/accessibility.spec.ts:16:19

    attachment #1: screenshot (image/png) ──────────────────────────────────────────────────────────
    test-results/organizations-accessibilit-40b86-cture-for-organization-list-chromium/test-failed-1.png
    ────────────────────────────────────────────────────────────────────────────────────────────────

    attachment #2: video (video/webm) ──────────────────────────────────────────────────────────────
    test-results/organizations-accessibilit-40b86-cture-for-organization-list-chromium/video.webm
    ────────────────────────────────────────────────────────────────────────────────────────────────
]]>
</failure>
<system-out>
<![CDATA[
[[ATTACHMENT|organizations-accessibilit-40b86-cture-for-organization-list-chromium/test-failed-1.png]]

[[ATTACHMENT|organizations-accessibilit-40b86-cture-for-organization-list-chromium/video.webm]]
]]>
</system-out>
<system-err>
<![CDATA[Error accessing localStorage: page.evaluate: SecurityError: Failed to read the 'localStorage' property from 'Window': Access is denied for this document.
    at UtilityScript.evaluate (<anonymous>:293:16)
    at UtilityScript.<anonymous> (<anonymous>:1:44)
    at TestUtils.isLoggedIn [90m(/mnt/r/Projects/ForkFlow-crm/[39mtests/helpers/testUtils.ts:51:30[90m)[39m
    at [90m/mnt/r/Projects/ForkFlow-crm/[39mtests/organizations/accessibility.spec.ts:15:23 {
  [[32mSymbol(step)[39m]: {
    stepId: [32m'pw:api@12'[39m,
    location: {
      file: [32m'/mnt/r/Projects/ForkFlow-crm/tests/helpers/testUtils.ts'[39m,
      line: [33m51[39m,
      column: [33m30[39m,
      function: [32m'TestUtils.isLoggedIn'[39m
    },
    category: [32m'pw:api'[39m,
    title: [32m'Evaluate'[39m,
    apiName: [32m'page.evaluate'[39m,
    params: {
      expression: [32m'() => {\n'[39m +
        [32m"        const hasAuth = !!localStorage.getItem('auth') || !!localStorage.getItem('user');\n"[39m +
        [32m"        const isTestMode = localStorage.getItem('test-mode') === 'true';\n"[39m +
        [32m'        return hasAuth || isTestMode;\n'[39m +
        [32m'      }'[39m,
      isFunction: [33mtrue[39m,
      arg: [36m[Object][39m
    },
    boxedStack: [90mundefined[39m,
    steps: [],
    attachmentIndices: [],
    info: TestStepInfoImpl {
      annotations: [],
      _testInfo: [36m[TestInfoImpl][39m,
      _stepId: [32m'pw:api@12'[39m
    },
    complete: [36m[Function: complete][39m,
    endWallTime: [33m1751167089248[39m,
    error: {
      message: [32m"Error: page.evaluate: SecurityError: Failed to read the 'localStorage' property from 'Window': Access is denied for this document.\n"[39m +
        [32m'    at UtilityScript.evaluate (<anonymous>:293:16)\n'[39m +
        [32m'    at UtilityScript.<anonymous> (<anonymous>:1:44)'[39m,
      stack: [32m"Error: page.evaluate: SecurityError: Failed to read the 'localStorage' property from 'Window': Access is denied for this document.\n"[39m +
        [32m'    at UtilityScript.evaluate (<anonymous>:293:16)\n'[39m +
        [32m'    at UtilityScript.<anonymous> (<anonymous>:1:44)\n'[39m +
        [32m'    at UtilityScript.evaluate (<anonymous>:293:16)\n'[39m +
        [32m'    at UtilityScript.<anonymous> (<anonymous>:1:44)\n'[39m +
        [32m'    at TestUtils.isLoggedIn (/mnt/r/Projects/ForkFlow-crm/tests/helpers/testUtils.ts:51:30)\n'[39m +
        [32m'    at /mnt/r/Projects/ForkFlow-crm/tests/organizations/accessibility.spec.ts:15:23'[39m,
      cause: [90mundefined[39m
    }
  }
}
]]>
</system-err>
</testcase>
<testcase name="Organization Accessibility (WCAG 2.1 AA) › Data Tables Accessibility › should support table navigation with arrow keys" classname="organizations/accessibility.spec.ts" time="0.874">
<failure message="accessibility.spec.ts:448:5 should support table navigation with arrow keys" type="FAILURE">
<![CDATA[  [chromium] › organizations/accessibility.spec.ts:448:5 › Organization Accessibility (WCAG 2.1 AA) › Data Tables Accessibility › should support table navigation with arrow keys 

    Error: page.evaluate: SecurityError: Failed to read the 'localStorage' property from 'Window': Access is denied for this document.
        at UtilityScript.evaluate (<anonymous>:293:16)
        at UtilityScript.<anonymous> (<anonymous>:1:44)
        at UtilityScript.evaluate (<anonymous>:293:16)
        at UtilityScript.<anonymous> (<anonymous>:1:44)
        at TestUtils.login (/mnt/r/Projects/ForkFlow-crm/tests/helpers/testUtils.ts:9:38)
        at /mnt/r/Projects/ForkFlow-crm/tests/organizations/accessibility.spec.ts:16:19

    attachment #1: screenshot (image/png) ──────────────────────────────────────────────────────────
    test-results/organizations-accessibilit-5118a--navigation-with-arrow-keys-chromium/test-failed-1.png
    ────────────────────────────────────────────────────────────────────────────────────────────────

    attachment #2: video (video/webm) ──────────────────────────────────────────────────────────────
    test-results/organizations-accessibilit-5118a--navigation-with-arrow-keys-chromium/video.webm
    ────────────────────────────────────────────────────────────────────────────────────────────────
]]>
</failure>
<system-out>
<![CDATA[
[[ATTACHMENT|organizations-accessibilit-5118a--navigation-with-arrow-keys-chromium/test-failed-1.png]]

[[ATTACHMENT|organizations-accessibilit-5118a--navigation-with-arrow-keys-chromium/video.webm]]
]]>
</system-out>
<system-err>
<![CDATA[Error accessing localStorage: page.evaluate: SecurityError: Failed to read the 'localStorage' property from 'Window': Access is denied for this document.
    at UtilityScript.evaluate (<anonymous>:293:16)
    at UtilityScript.<anonymous> (<anonymous>:1:44)
    at TestUtils.isLoggedIn [90m(/mnt/r/Projects/ForkFlow-crm/[39mtests/helpers/testUtils.ts:51:30[90m)[39m
    at [90m/mnt/r/Projects/ForkFlow-crm/[39mtests/organizations/accessibility.spec.ts:15:23 {
  [[32mSymbol(step)[39m]: {
    stepId: [32m'pw:api@12'[39m,
    location: {
      file: [32m'/mnt/r/Projects/ForkFlow-crm/tests/helpers/testUtils.ts'[39m,
      line: [33m51[39m,
      column: [33m30[39m,
      function: [32m'TestUtils.isLoggedIn'[39m
    },
    category: [32m'pw:api'[39m,
    title: [32m'Evaluate'[39m,
    apiName: [32m'page.evaluate'[39m,
    params: {
      expression: [32m'() => {\n'[39m +
        [32m"        const hasAuth = !!localStorage.getItem('auth') || !!localStorage.getItem('user');\n"[39m +
        [32m"        const isTestMode = localStorage.getItem('test-mode') === 'true';\n"[39m +
        [32m'        return hasAuth || isTestMode;\n'[39m +
        [32m'      }'[39m,
      isFunction: [33mtrue[39m,
      arg: [36m[Object][39m
    },
    boxedStack: [90mundefined[39m,
    steps: [],
    attachmentIndices: [],
    info: TestStepInfoImpl {
      annotations: [],
      _testInfo: [36m[TestInfoImpl][39m,
      _stepId: [32m'pw:api@12'[39m
    },
    complete: [36m[Function: complete][39m,
    endWallTime: [33m1751167089327[39m,
    error: {
      message: [32m"Error: page.evaluate: SecurityError: Failed to read the 'localStorage' property from 'Window': Access is denied for this document.\n"[39m +
        [32m'    at UtilityScript.evaluate (<anonymous>:293:16)\n'[39m +
        [32m'    at UtilityScript.<anonymous> (<anonymous>:1:44)'[39m,
      stack: [32m"Error: page.evaluate: SecurityError: Failed to read the 'localStorage' property from 'Window': Access is denied for this document.\n"[39m +
        [32m'    at UtilityScript.evaluate (<anonymous>:293:16)\n'[39m +
        [32m'    at UtilityScript.<anonymous> (<anonymous>:1:44)\n'[39m +
        [32m'    at UtilityScript.evaluate (<anonymous>:293:16)\n'[39m +
        [32m'    at UtilityScript.<anonymous> (<anonymous>:1:44)\n'[39m +
        [32m'    at TestUtils.isLoggedIn (/mnt/r/Projects/ForkFlow-crm/tests/helpers/testUtils.ts:51:30)\n'[39m +
        [32m'    at /mnt/r/Projects/ForkFlow-crm/tests/organizations/accessibility.spec.ts:15:23'[39m,
      cause: [90mundefined[39m
    }
  }
}
]]>
</system-err>
</testcase>
</testsuite>
<testsuite name="organizations/crud-workflow.spec.ts" timestamp="2025-06-29T03:15:12.290Z" hostname="chromium" tests="21" failures="21" skipped="0" time="15.959" errors="0">
<testcase name="Organization CRUD Workflow › Create Organization › should create organization with basic information" classname="organizations/crud-workflow.spec.ts" time="0.7">
<failure message="crud-workflow.spec.ts:31:5 should create organization with basic information" type="FAILURE">
<![CDATA[  [chromium] › organizations/crud-workflow.spec.ts:31:5 › Organization CRUD Workflow › Create Organization › should create organization with basic information 

    Error: page.evaluate: SecurityError: Failed to read the 'localStorage' property from 'Window': Access is denied for this document.
        at UtilityScript.evaluate (<anonymous>:293:16)
        at UtilityScript.<anonymous> (<anonymous>:1:44)
        at UtilityScript.evaluate (<anonymous>:293:16)
        at UtilityScript.<anonymous> (<anonymous>:1:44)
        at TestUtils.seedTestData (/mnt/r/Projects/ForkFlow-crm/tests/helpers/testUtils.ts:364:21)
        at /mnt/r/Projects/ForkFlow-crm/tests/organizations/crud-workflow.spec.ts:17:17

    attachment #1: screenshot (image/png) ──────────────────────────────────────────────────────────
    test-results/organizations-crud-workflo-8ccdb-tion-with-basic-information-chromium/test-failed-1.png
    ────────────────────────────────────────────────────────────────────────────────────────────────

    attachment #2: video (video/webm) ──────────────────────────────────────────────────────────────
    test-results/organizations-crud-workflo-8ccdb-tion-with-basic-information-chromium/video.webm
    ────────────────────────────────────────────────────────────────────────────────────────────────
]]>
</failure>
<system-out>
<![CDATA[
[[ATTACHMENT|organizations-crud-workflo-8ccdb-tion-with-basic-information-chromium/test-failed-1.png]]

[[ATTACHMENT|organizations-crud-workflo-8ccdb-tion-with-basic-information-chromium/video.webm]]
]]>
</system-out>
</testcase>
<testcase name="Organization CRUD Workflow › Create Organization › should create organization with complete information" classname="organizations/crud-workflow.spec.ts" time="0.746">
<failure message="crud-workflow.spec.ts:46:5 should create organization with complete information" type="FAILURE">
<![CDATA[  [chromium] › organizations/crud-workflow.spec.ts:46:5 › Organization CRUD Workflow › Create Organization › should create organization with complete information 

    Error: page.evaluate: SecurityError: Failed to read the 'localStorage' property from 'Window': Access is denied for this document.
        at UtilityScript.evaluate (<anonymous>:293:16)
        at UtilityScript.<anonymous> (<anonymous>:1:44)
        at UtilityScript.evaluate (<anonymous>:293:16)
        at UtilityScript.<anonymous> (<anonymous>:1:44)
        at TestUtils.seedTestData (/mnt/r/Projects/ForkFlow-crm/tests/helpers/testUtils.ts:364:21)
        at /mnt/r/Projects/ForkFlow-crm/tests/organizations/crud-workflow.spec.ts:17:17

    attachment #1: screenshot (image/png) ──────────────────────────────────────────────────────────
    test-results/organizations-crud-workflo-aebdc-n-with-complete-information-chromium/test-failed-1.png
    ────────────────────────────────────────────────────────────────────────────────────────────────

    attachment #2: video (video/webm) ──────────────────────────────────────────────────────────────
    test-results/organizations-crud-workflo-aebdc-n-with-complete-information-chromium/video.webm
    ────────────────────────────────────────────────────────────────────────────────────────────────
]]>
</failure>
<system-out>
<![CDATA[
[[ATTACHMENT|organizations-crud-workflo-aebdc-n-with-complete-information-chromium/test-failed-1.png]]

[[ATTACHMENT|organizations-crud-workflo-aebdc-n-with-complete-information-chromium/video.webm]]
]]>
</system-out>
</testcase>
<testcase name="Organization CRUD Workflow › Create Organization › should create organization with minimal required fields" classname="organizations/crud-workflow.spec.ts" time="0.876">
<failure message="crud-workflow.spec.ts:58:5 should create organization with minimal required fields" type="FAILURE">
<![CDATA[  [chromium] › organizations/crud-workflow.spec.ts:58:5 › Organization CRUD Workflow › Create Organization › should create organization with minimal required fields 

    Error: page.evaluate: SecurityError: Failed to read the 'localStorage' property from 'Window': Access is denied for this document.
        at UtilityScript.evaluate (<anonymous>:293:16)
        at UtilityScript.<anonymous> (<anonymous>:1:44)
        at UtilityScript.evaluate (<anonymous>:293:16)
        at UtilityScript.<anonymous> (<anonymous>:1:44)
        at TestUtils.seedTestData (/mnt/r/Projects/ForkFlow-crm/tests/helpers/testUtils.ts:364:21)
        at /mnt/r/Projects/ForkFlow-crm/tests/organizations/crud-workflow.spec.ts:17:17

    attachment #1: screenshot (image/png) ──────────────────────────────────────────────────────────
    test-results/organizations-crud-workflo-63c5d-ith-minimal-required-fields-chromium/test-failed-1.png
    ────────────────────────────────────────────────────────────────────────────────────────────────

    attachment #2: video (video/webm) ──────────────────────────────────────────────────────────────
    test-results/organizations-crud-workflo-63c5d-ith-minimal-required-fields-chromium/video.webm
    ────────────────────────────────────────────────────────────────────────────────────────────────
]]>
</failure>
<system-out>
<![CDATA[
[[ATTACHMENT|organizations-crud-workflo-63c5d-ith-minimal-required-fields-chromium/test-failed-1.png]]

[[ATTACHMENT|organizations-crud-workflo-63c5d-ith-minimal-required-fields-chromium/video.webm]]
]]>
</system-out>
</testcase>
<testcase name="Organization CRUD Workflow › Create Organization › should validate required fields" classname="organizations/crud-workflow.spec.ts" time="0.756">
<failure message="crud-workflow.spec.ts:69:5 should validate required fields" type="FAILURE">
<![CDATA[  [chromium] › organizations/crud-workflow.spec.ts:69:5 › Organization CRUD Workflow › Create Organization › should validate required fields 

    Error: page.evaluate: SecurityError: Failed to read the 'localStorage' property from 'Window': Access is denied for this document.
        at UtilityScript.evaluate (<anonymous>:293:16)
        at UtilityScript.<anonymous> (<anonymous>:1:44)
        at UtilityScript.evaluate (<anonymous>:293:16)
        at UtilityScript.<anonymous> (<anonymous>:1:44)
        at TestUtils.seedTestData (/mnt/r/Projects/ForkFlow-crm/tests/helpers/testUtils.ts:364:21)
        at /mnt/r/Projects/ForkFlow-crm/tests/organizations/crud-workflow.spec.ts:17:17

    attachment #1: screenshot (image/png) ──────────────────────────────────────────────────────────
    test-results/organizations-crud-workflo-caee9-ld-validate-required-fields-chromium/test-failed-1.png
    ────────────────────────────────────────────────────────────────────────────────────────────────

    attachment #2: video (video/webm) ──────────────────────────────────────────────────────────────
    test-results/organizations-crud-workflo-caee9-ld-validate-required-fields-chromium/video.webm
    ────────────────────────────────────────────────────────────────────────────────────────────────
]]>
</failure>
<system-out>
<![CDATA[
[[ATTACHMENT|organizations-crud-workflo-caee9-ld-validate-required-fields-chromium/test-failed-1.png]]

[[ATTACHMENT|organizations-crud-workflo-caee9-ld-validate-required-fields-chromium/video.webm]]
]]>
</system-out>
</testcase>
<testcase name="Organization CRUD Workflow › Create Organization › should validate field formats" classname="organizations/crud-workflow.spec.ts" time="0.794">
<failure message="crud-workflow.spec.ts:82:5 should validate field formats" type="FAILURE">
<![CDATA[  [chromium] › organizations/crud-workflow.spec.ts:82:5 › Organization CRUD Workflow › Create Organization › should validate field formats 

    Error: page.evaluate: SecurityError: Failed to read the 'localStorage' property from 'Window': Access is denied for this document.
        at UtilityScript.evaluate (<anonymous>:293:16)
        at UtilityScript.<anonymous> (<anonymous>:1:44)
        at UtilityScript.evaluate (<anonymous>:293:16)
        at UtilityScript.<anonymous> (<anonymous>:1:44)
        at TestUtils.seedTestData (/mnt/r/Projects/ForkFlow-crm/tests/helpers/testUtils.ts:364:21)
        at /mnt/r/Projects/ForkFlow-crm/tests/organizations/crud-workflow.spec.ts:17:17

    attachment #1: screenshot (image/png) ──────────────────────────────────────────────────────────
    test-results/organizations-crud-workflo-fd81f-ould-validate-field-formats-chromium/test-failed-1.png
    ────────────────────────────────────────────────────────────────────────────────────────────────

    attachment #2: video (video/webm) ──────────────────────────────────────────────────────────────
    test-results/organizations-crud-workflo-fd81f-ould-validate-field-formats-chromium/video.webm
    ────────────────────────────────────────────────────────────────────────────────────────────────
]]>
</failure>
<system-out>
<![CDATA[
[[ATTACHMENT|organizations-crud-workflo-fd81f-ould-validate-field-formats-chromium/test-failed-1.png]]

[[ATTACHMENT|organizations-crud-workflo-fd81f-ould-validate-field-formats-chromium/video.webm]]
]]>
</system-out>
</testcase>
<testcase name="Organization CRUD Workflow › Create Organization › should auto-populate account manager if not provided" classname="organizations/crud-workflow.spec.ts" time="0.793">
<failure message="crud-workflow.spec.ts:95:5 should auto-populate account manager if not provided" type="FAILURE">
<![CDATA[  [chromium] › organizations/crud-workflow.spec.ts:95:5 › Organization CRUD Workflow › Create Organization › should auto-populate account manager if not provided 

    Error: page.evaluate: SecurityError: Failed to read the 'localStorage' property from 'Window': Access is denied for this document.
        at UtilityScript.evaluate (<anonymous>:293:16)
        at UtilityScript.<anonymous> (<anonymous>:1:44)
        at UtilityScript.evaluate (<anonymous>:293:16)
        at UtilityScript.<anonymous> (<anonymous>:1:44)
        at TestUtils.seedTestData (/mnt/r/Projects/ForkFlow-crm/tests/helpers/testUtils.ts:364:21)
        at /mnt/r/Projects/ForkFlow-crm/tests/organizations/crud-workflow.spec.ts:17:17

    attachment #1: screenshot (image/png) ──────────────────────────────────────────────────────────
    test-results/organizations-crud-workflo-e0319-unt-manager-if-not-provided-chromium/test-failed-1.png
    ────────────────────────────────────────────────────────────────────────────────────────────────

    attachment #2: video (video/webm) ──────────────────────────────────────────────────────────────
    test-results/organizations-crud-workflo-e0319-unt-manager-if-not-provided-chromium/video.webm
    ────────────────────────────────────────────────────────────────────────────────────────────────
]]>
</failure>
<system-out>
<![CDATA[
[[ATTACHMENT|organizations-crud-workflo-e0319-unt-manager-if-not-provided-chromium/test-failed-1.png]]

[[ATTACHMENT|organizations-crud-workflo-e0319-unt-manager-if-not-provided-chromium/video.webm]]
]]>
</system-out>
</testcase>
<testcase name="Organization CRUD Workflow › Create Organization › should handle GPS location capture" classname="organizations/crud-workflow.spec.ts" time="0.726">
<failure message="crud-workflow.spec.ts:110:5 should handle GPS location capture" type="FAILURE">
<![CDATA[  [chromium] › organizations/crud-workflow.spec.ts:110:5 › Organization CRUD Workflow › Create Organization › should handle GPS location capture 

    Error: page.evaluate: SecurityError: Failed to read the 'localStorage' property from 'Window': Access is denied for this document.
        at UtilityScript.evaluate (<anonymous>:293:16)
        at UtilityScript.<anonymous> (<anonymous>:1:44)
        at UtilityScript.evaluate (<anonymous>:293:16)
        at UtilityScript.<anonymous> (<anonymous>:1:44)
        at TestUtils.seedTestData (/mnt/r/Projects/ForkFlow-crm/tests/helpers/testUtils.ts:364:21)
        at /mnt/r/Projects/ForkFlow-crm/tests/organizations/crud-workflow.spec.ts:17:17

    attachment #1: screenshot (image/png) ──────────────────────────────────────────────────────────
    test-results/organizations-crud-workflo-57164-handle-GPS-location-capture-chromium/test-failed-1.png
    ────────────────────────────────────────────────────────────────────────────────────────────────

    attachment #2: video (video/webm) ──────────────────────────────────────────────────────────────
    test-results/organizations-crud-workflo-57164-handle-GPS-location-capture-chromium/video.webm
    ────────────────────────────────────────────────────────────────────────────────────────────────
]]>
</failure>
<system-out>
<![CDATA[
[[ATTACHMENT|organizations-crud-workflo-57164-handle-GPS-location-capture-chromium/test-failed-1.png]]

[[ATTACHMENT|organizations-crud-workflo-57164-handle-GPS-location-capture-chromium/video.webm]]
]]>
</system-out>
</testcase>
<testcase name="Organization CRUD Workflow › Read Organization › should display organization details" classname="organizations/crud-workflow.spec.ts" time="0.74">
<failure message="crud-workflow.spec.ts:131:5 should display organization details" type="FAILURE">
<![CDATA[  [chromium] › organizations/crud-workflow.spec.ts:131:5 › Organization CRUD Workflow › Read Organization › should display organization details 

    Error: page.evaluate: SecurityError: Failed to read the 'localStorage' property from 'Window': Access is denied for this document.
        at UtilityScript.evaluate (<anonymous>:293:16)
        at UtilityScript.<anonymous> (<anonymous>:1:44)
        at UtilityScript.evaluate (<anonymous>:293:16)
        at UtilityScript.<anonymous> (<anonymous>:1:44)
        at TestUtils.seedTestData (/mnt/r/Projects/ForkFlow-crm/tests/helpers/testUtils.ts:364:21)
        at /mnt/r/Projects/ForkFlow-crm/tests/organizations/crud-workflow.spec.ts:17:17

    attachment #1: screenshot (image/png) ──────────────────────────────────────────────────────────
    test-results/organizations-crud-workflo-6f755-isplay-organization-details-chromium/test-failed-1.png
    ────────────────────────────────────────────────────────────────────────────────────────────────

    attachment #2: video (video/webm) ──────────────────────────────────────────────────────────────
    test-results/organizations-crud-workflo-6f755-isplay-organization-details-chromium/video.webm
    ────────────────────────────────────────────────────────────────────────────────────────────────
]]>
</failure>
<system-out>
<![CDATA[
[[ATTACHMENT|organizations-crud-workflo-6f755-isplay-organization-details-chromium/test-failed-1.png]]

[[ATTACHMENT|organizations-crud-workflo-6f755-isplay-organization-details-chromium/video.webm]]
]]>
</system-out>
</testcase>
<testcase name="Organization CRUD Workflow › Read Organization › should display computed statistics" classname="organizations/crud-workflow.spec.ts" time="0.768">
<failure message="crud-workflow.spec.ts:143:5 should display computed statistics" type="FAILURE">
<![CDATA[  [chromium] › organizations/crud-workflow.spec.ts:143:5 › Organization CRUD Workflow › Read Organization › should display computed statistics 

    Error: page.evaluate: SecurityError: Failed to read the 'localStorage' property from 'Window': Access is denied for this document.
        at UtilityScript.evaluate (<anonymous>:293:16)
        at UtilityScript.<anonymous> (<anonymous>:1:44)
        at UtilityScript.evaluate (<anonymous>:293:16)
        at UtilityScript.<anonymous> (<anonymous>:1:44)
        at TestUtils.seedTestData (/mnt/r/Projects/ForkFlow-crm/tests/helpers/testUtils.ts:364:21)
        at /mnt/r/Projects/ForkFlow-crm/tests/organizations/crud-workflow.spec.ts:17:17

    attachment #1: screenshot (image/png) ──────────────────────────────────────────────────────────
    test-results/organizations-crud-workflo-764ee-display-computed-statistics-chromium/test-failed-1.png
    ────────────────────────────────────────────────────────────────────────────────────────────────

    attachment #2: video (video/webm) ──────────────────────────────────────────────────────────────
    test-results/organizations-crud-workflo-764ee-display-computed-statistics-chromium/video.webm
    ────────────────────────────────────────────────────────────────────────────────────────────────
]]>
</failure>
<system-out>
<![CDATA[
[[ATTACHMENT|organizations-crud-workflo-764ee-display-computed-statistics-chromium/test-failed-1.png]]

[[ATTACHMENT|organizations-crud-workflo-764ee-display-computed-statistics-chromium/video.webm]]
]]>
</system-out>
</testcase>
<testcase name="Organization CRUD Workflow › Read Organization › should show related contacts and deals" classname="organizations/crud-workflow.spec.ts" time="0.723">
<failure message="crud-workflow.spec.ts:153:5 should show related contacts and deals" type="FAILURE">
<![CDATA[  [chromium] › organizations/crud-workflow.spec.ts:153:5 › Organization CRUD Workflow › Read Organization › should show related contacts and deals 

    Error: page.evaluate: SecurityError: Failed to read the 'localStorage' property from 'Window': Access is denied for this document.
        at UtilityScript.evaluate (<anonymous>:293:16)
        at UtilityScript.<anonymous> (<anonymous>:1:44)
        at UtilityScript.evaluate (<anonymous>:293:16)
        at UtilityScript.<anonymous> (<anonymous>:1:44)
        at TestUtils.seedTestData (/mnt/r/Projects/ForkFlow-crm/tests/helpers/testUtils.ts:364:21)
        at /mnt/r/Projects/ForkFlow-crm/tests/organizations/crud-workflow.spec.ts:17:17

    attachment #1: screenshot (image/png) ──────────────────────────────────────────────────────────
    test-results/organizations-crud-workflo-3cd63--related-contacts-and-deals-chromium/test-failed-1.png
    ────────────────────────────────────────────────────────────────────────────────────────────────

    attachment #2: video (video/webm) ──────────────────────────────────────────────────────────────
    test-results/organizations-crud-workflo-3cd63--related-contacts-and-deals-chromium/video.webm
    ────────────────────────────────────────────────────────────────────────────────────────────────
]]>
</failure>
<system-out>
<![CDATA[
[[ATTACHMENT|organizations-crud-workflo-3cd63--related-contacts-and-deals-chromium/test-failed-1.png]]

[[ATTACHMENT|organizations-crud-workflo-3cd63--related-contacts-and-deals-chromium/video.webm]]
]]>
</system-out>
</testcase>
<testcase name="Organization CRUD Workflow › Update Organization › should update organization information" classname="organizations/crud-workflow.spec.ts" time="0.741">
<failure message="crud-workflow.spec.ts:166:5 should update organization information" type="FAILURE">
<![CDATA[  [chromium] › organizations/crud-workflow.spec.ts:166:5 › Organization CRUD Workflow › Update Organization › should update organization information 

    Error: page.evaluate: SecurityError: Failed to read the 'localStorage' property from 'Window': Access is denied for this document.
        at UtilityScript.evaluate (<anonymous>:293:16)
        at UtilityScript.<anonymous> (<anonymous>:1:44)
        at UtilityScript.evaluate (<anonymous>:293:16)
        at UtilityScript.<anonymous> (<anonymous>:1:44)
        at TestUtils.seedTestData (/mnt/r/Projects/ForkFlow-crm/tests/helpers/testUtils.ts:364:21)
        at /mnt/r/Projects/ForkFlow-crm/tests/organizations/crud-workflow.spec.ts:17:17

    attachment #1: screenshot (image/png) ──────────────────────────────────────────────────────────
    test-results/organizations-crud-workflo-907e4-te-organization-information-chromium/test-failed-1.png
    ────────────────────────────────────────────────────────────────────────────────────────────────

    attachment #2: video (video/webm) ──────────────────────────────────────────────────────────────
    test-results/organizations-crud-workflo-907e4-te-organization-information-chromium/video.webm
    ────────────────────────────────────────────────────────────────────────────────────────────────
]]>
</failure>
<system-out>
<![CDATA[
[[ATTACHMENT|organizations-crud-workflo-907e4-te-organization-information-chromium/test-failed-1.png]]

[[ATTACHMENT|organizations-crud-workflo-907e4-te-organization-information-chromium/video.webm]]
]]>
</system-out>
</testcase>
<testcase name="Organization CRUD Workflow › Update Organization › should validate updates" classname="organizations/crud-workflow.spec.ts" time="0.76">
<failure message="crud-workflow.spec.ts:192:5 should validate updates" type="FAILURE">
<![CDATA[  [chromium] › organizations/crud-workflow.spec.ts:192:5 › Organization CRUD Workflow › Update Organization › should validate updates 

    Error: page.evaluate: SecurityError: Failed to read the 'localStorage' property from 'Window': Access is denied for this document.
        at UtilityScript.evaluate (<anonymous>:293:16)
        at UtilityScript.<anonymous> (<anonymous>:1:44)
        at UtilityScript.evaluate (<anonymous>:293:16)
        at UtilityScript.<anonymous> (<anonymous>:1:44)
        at TestUtils.seedTestData (/mnt/r/Projects/ForkFlow-crm/tests/helpers/testUtils.ts:364:21)
        at /mnt/r/Projects/ForkFlow-crm/tests/organizations/crud-workflow.spec.ts:17:17

    attachment #1: screenshot (image/png) ──────────────────────────────────────────────────────────
    test-results/organizations-crud-workflo-2d3f9-ion-should-validate-updates-chromium/test-failed-1.png
    ────────────────────────────────────────────────────────────────────────────────────────────────

    attachment #2: video (video/webm) ──────────────────────────────────────────────────────────────
    test-results/organizations-crud-workflo-2d3f9-ion-should-validate-updates-chromium/video.webm
    ────────────────────────────────────────────────────────────────────────────────────────────────
]]>
</failure>
<system-out>
<![CDATA[
[[ATTACHMENT|organizations-crud-workflo-2d3f9-ion-should-validate-updates-chromium/test-failed-1.png]]

[[ATTACHMENT|organizations-crud-workflo-2d3f9-ion-should-validate-updates-chromium/video.webm]]
]]>
</system-out>
</testcase>
<testcase name="Organization CRUD Workflow › Update Organization › should preserve existing data when updating" classname="organizations/crud-workflow.spec.ts" time="0.802">
<failure message="crud-workflow.spec.ts:216:5 should preserve existing data when updating" type="FAILURE">
<![CDATA[  [chromium] › organizations/crud-workflow.spec.ts:216:5 › Organization CRUD Workflow › Update Organization › should preserve existing data when updating 

    Error: page.evaluate: SecurityError: Failed to read the 'localStorage' property from 'Window': Access is denied for this document.
        at UtilityScript.evaluate (<anonymous>:293:16)
        at UtilityScript.<anonymous> (<anonymous>:1:44)
        at UtilityScript.evaluate (<anonymous>:293:16)
        at UtilityScript.<anonymous> (<anonymous>:1:44)
        at TestUtils.seedTestData (/mnt/r/Projects/ForkFlow-crm/tests/helpers/testUtils.ts:364:21)
        at /mnt/r/Projects/ForkFlow-crm/tests/organizations/crud-workflow.spec.ts:17:17

    attachment #1: screenshot (image/png) ──────────────────────────────────────────────────────────
    test-results/organizations-crud-workflo-7c0d6-existing-data-when-updating-chromium/test-failed-1.png
    ────────────────────────────────────────────────────────────────────────────────────────────────

    attachment #2: video (video/webm) ──────────────────────────────────────────────────────────────
    test-results/organizations-crud-workflo-7c0d6-existing-data-when-updating-chromium/video.webm
    ────────────────────────────────────────────────────────────────────────────────────────────────
]]>
</failure>
<system-out>
<![CDATA[
[[ATTACHMENT|organizations-crud-workflo-7c0d6-existing-data-when-updating-chromium/test-failed-1.png]]

[[ATTACHMENT|organizations-crud-workflo-7c0d6-existing-data-when-updating-chromium/video.webm]]
]]>
</system-out>
</testcase>
<testcase name="Organization CRUD Workflow › Delete Organization › should delete organization" classname="organizations/crud-workflow.spec.ts" time="0.771">
<failure message="crud-workflow.spec.ts:240:5 should delete organization" type="FAILURE">
<![CDATA[  [chromium] › organizations/crud-workflow.spec.ts:240:5 › Organization CRUD Workflow › Delete Organization › should delete organization 

    Error: page.evaluate: SecurityError: Failed to read the 'localStorage' property from 'Window': Access is denied for this document.
        at UtilityScript.evaluate (<anonymous>:293:16)
        at UtilityScript.<anonymous> (<anonymous>:1:44)
        at UtilityScript.evaluate (<anonymous>:293:16)
        at UtilityScript.<anonymous> (<anonymous>:1:44)
        at TestUtils.seedTestData (/mnt/r/Projects/ForkFlow-crm/tests/helpers/testUtils.ts:364:21)
        at /mnt/r/Projects/ForkFlow-crm/tests/organizations/crud-workflow.spec.ts:17:17

    attachment #1: screenshot (image/png) ──────────────────────────────────────────────────────────
    test-results/organizations-crud-workflo-4d342--should-delete-organization-chromium/test-failed-1.png
    ────────────────────────────────────────────────────────────────────────────────────────────────

    attachment #2: video (video/webm) ──────────────────────────────────────────────────────────────
    test-results/organizations-crud-workflo-4d342--should-delete-organization-chromium/video.webm
    ────────────────────────────────────────────────────────────────────────────────────────────────
]]>
</failure>
<system-out>
<![CDATA[
[[ATTACHMENT|organizations-crud-workflo-4d342--should-delete-organization-chromium/test-failed-1.png]]

[[ATTACHMENT|organizations-crud-workflo-4d342--should-delete-organization-chromium/video.webm]]
]]>
</system-out>
</testcase>
<testcase name="Organization CRUD Workflow › Delete Organization › should require confirmation for deletion" classname="organizations/crud-workflow.spec.ts" time="0.807">
<failure message="crud-workflow.spec.ts:258:5 should require confirmation for deletion" type="FAILURE">
<![CDATA[  [chromium] › organizations/crud-workflow.spec.ts:258:5 › Organization CRUD Workflow › Delete Organization › should require confirmation for deletion 

    Error: page.evaluate: SecurityError: Failed to read the 'localStorage' property from 'Window': Access is denied for this document.
        at UtilityScript.evaluate (<anonymous>:293:16)
        at UtilityScript.<anonymous> (<anonymous>:1:44)
        at UtilityScript.evaluate (<anonymous>:293:16)
        at UtilityScript.<anonymous> (<anonymous>:1:44)
        at TestUtils.seedTestData (/mnt/r/Projects/ForkFlow-crm/tests/helpers/testUtils.ts:364:21)
        at /mnt/r/Projects/ForkFlow-crm/tests/organizations/crud-workflow.spec.ts:17:17

    attachment #1: screenshot (image/png) ──────────────────────────────────────────────────────────
    test-results/organizations-crud-workflo-d2cb2-e-confirmation-for-deletion-chromium/test-failed-1.png
    ────────────────────────────────────────────────────────────────────────────────────────────────

    attachment #2: video (video/webm) ──────────────────────────────────────────────────────────────
    test-results/organizations-crud-workflo-d2cb2-e-confirmation-for-deletion-chromium/video.webm
    ────────────────────────────────────────────────────────────────────────────────────────────────
]]>
</failure>
<system-out>
<![CDATA[
[[ATTACHMENT|organizations-crud-workflo-d2cb2-e-confirmation-for-deletion-chromium/test-failed-1.png]]

[[ATTACHMENT|organizations-crud-workflo-d2cb2-e-confirmation-for-deletion-chromium/video.webm]]
]]>
</system-out>
</testcase>
<testcase name="Organization CRUD Workflow › Delete Organization › should handle deletion errors gracefully" classname="organizations/crud-workflow.spec.ts" time="0.796">
<failure message="crud-workflow.spec.ts:278:5 should handle deletion errors gracefully" type="FAILURE">
<![CDATA[  [chromium] › organizations/crud-workflow.spec.ts:278:5 › Organization CRUD Workflow › Delete Organization › should handle deletion errors gracefully 

    Error: page.evaluate: SecurityError: Failed to read the 'localStorage' property from 'Window': Access is denied for this document.
        at UtilityScript.evaluate (<anonymous>:293:16)
        at UtilityScript.<anonymous> (<anonymous>:1:44)
        at UtilityScript.evaluate (<anonymous>:293:16)
        at UtilityScript.<anonymous> (<anonymous>:1:44)
        at TestUtils.seedTestData (/mnt/r/Projects/ForkFlow-crm/tests/helpers/testUtils.ts:364:21)
        at /mnt/r/Projects/ForkFlow-crm/tests/organizations/crud-workflow.spec.ts:17:17

    attachment #1: screenshot (image/png) ──────────────────────────────────────────────────────────
    test-results/organizations-crud-workflo-58cf9--deletion-errors-gracefully-chromium/test-failed-1.png
    ────────────────────────────────────────────────────────────────────────────────────────────────

    attachment #2: video (video/webm) ──────────────────────────────────────────────────────────────
    test-results/organizations-crud-workflo-58cf9--deletion-errors-gracefully-chromium/video.webm
    ────────────────────────────────────────────────────────────────────────────────────────────────
]]>
</failure>
<system-out>
<![CDATA[
[[ATTACHMENT|organizations-crud-workflo-58cf9--deletion-errors-gracefully-chromium/test-failed-1.png]]

[[ATTACHMENT|organizations-crud-workflo-58cf9--deletion-errors-gracefully-chromium/video.webm]]
]]>
</system-out>
</testcase>
<testcase name="Organization CRUD Workflow › Bulk Operations › should handle bulk updates" classname="organizations/crud-workflow.spec.ts" time="0.806">
<failure message="crud-workflow.spec.ts:309:5 should handle bulk updates" type="FAILURE">
<![CDATA[  [chromium] › organizations/crud-workflow.spec.ts:309:5 › Organization CRUD Workflow › Bulk Operations › should handle bulk updates 

    Error: page.evaluate: SecurityError: Failed to read the 'localStorage' property from 'Window': Access is denied for this document.
        at UtilityScript.evaluate (<anonymous>:293:16)
        at UtilityScript.<anonymous> (<anonymous>:1:44)
        at UtilityScript.evaluate (<anonymous>:293:16)
        at UtilityScript.<anonymous> (<anonymous>:1:44)
        at TestUtils.seedTestData (/mnt/r/Projects/ForkFlow-crm/tests/helpers/testUtils.ts:364:21)
        at /mnt/r/Projects/ForkFlow-crm/tests/organizations/crud-workflow.spec.ts:17:17

    attachment #1: screenshot (image/png) ──────────────────────────────────────────────────────────
    test-results/organizations-crud-workflo-ede33--should-handle-bulk-updates-chromium/test-failed-1.png
    ────────────────────────────────────────────────────────────────────────────────────────────────

    attachment #2: video (video/webm) ──────────────────────────────────────────────────────────────
    test-results/organizations-crud-workflo-ede33--should-handle-bulk-updates-chromium/video.webm
    ────────────────────────────────────────────────────────────────────────────────────────────────
]]>
</failure>
<system-out>
<![CDATA[
[[ATTACHMENT|organizations-crud-workflo-ede33--should-handle-bulk-updates-chromium/test-failed-1.png]]

[[ATTACHMENT|organizations-crud-workflo-ede33--should-handle-bulk-updates-chromium/video.webm]]
]]>
</system-out>
</testcase>
<testcase name="Organization CRUD Workflow › Bulk Operations › should export organization data" classname="organizations/crud-workflow.spec.ts" time="0.727">
<failure message="crud-workflow.spec.ts:328:5 should export organization data" type="FAILURE">
<![CDATA[  [chromium] › organizations/crud-workflow.spec.ts:328:5 › Organization CRUD Workflow › Bulk Operations › should export organization data 

    Error: page.evaluate: SecurityError: Failed to read the 'localStorage' property from 'Window': Access is denied for this document.
        at UtilityScript.evaluate (<anonymous>:293:16)
        at UtilityScript.<anonymous> (<anonymous>:1:44)
        at UtilityScript.evaluate (<anonymous>:293:16)
        at UtilityScript.<anonymous> (<anonymous>:1:44)
        at TestUtils.seedTestData (/mnt/r/Projects/ForkFlow-crm/tests/helpers/testUtils.ts:364:21)
        at /mnt/r/Projects/ForkFlow-crm/tests/organizations/crud-workflow.spec.ts:17:17

    attachment #1: screenshot (image/png) ──────────────────────────────────────────────────────────
    test-results/organizations-crud-workflo-f4c08-ld-export-organization-data-chromium/test-failed-1.png
    ────────────────────────────────────────────────────────────────────────────────────────────────

    attachment #2: video (video/webm) ──────────────────────────────────────────────────────────────
    test-results/organizations-crud-workflo-f4c08-ld-export-organization-data-chromium/video.webm
    ────────────────────────────────────────────────────────────────────────────────────────────────
]]>
</failure>
<system-out>
<![CDATA[
[[ATTACHMENT|organizations-crud-workflo-f4c08-ld-export-organization-data-chromium/test-failed-1.png]]

[[ATTACHMENT|organizations-crud-workflo-f4c08-ld-export-organization-data-chromium/video.webm]]
]]>
</system-out>
</testcase>
<testcase name="Organization CRUD Workflow › Performance › should load organization form quickly" classname="organizations/crud-workflow.spec.ts" time="0.715">
<failure message="crud-workflow.spec.ts:343:5 should load organization form quickly" type="FAILURE">
<![CDATA[  [chromium] › organizations/crud-workflow.spec.ts:343:5 › Organization CRUD Workflow › Performance › should load organization form quickly 

    Error: page.evaluate: SecurityError: Failed to read the 'localStorage' property from 'Window': Access is denied for this document.
        at UtilityScript.evaluate (<anonymous>:293:16)
        at UtilityScript.<anonymous> (<anonymous>:1:44)
        at UtilityScript.evaluate (<anonymous>:293:16)
        at UtilityScript.<anonymous> (<anonymous>:1:44)
        at TestUtils.seedTestData (/mnt/r/Projects/ForkFlow-crm/tests/helpers/testUtils.ts:364:21)
        at /mnt/r/Projects/ForkFlow-crm/tests/organizations/crud-workflow.spec.ts:17:17

    attachment #1: screenshot (image/png) ──────────────────────────────────────────────────────────
    test-results/organizations-crud-workflo-fbf40-d-organization-form-quickly-chromium/test-failed-1.png
    ────────────────────────────────────────────────────────────────────────────────────────────────

    attachment #2: video (video/webm) ──────────────────────────────────────────────────────────────
    test-results/organizations-crud-workflo-fbf40-d-organization-form-quickly-chromium/video.webm
    ────────────────────────────────────────────────────────────────────────────────────────────────
]]>
</failure>
<system-out>
<![CDATA[
[[ATTACHMENT|organizations-crud-workflo-fbf40-d-organization-form-quickly-chromium/test-failed-1.png]]

[[ATTACHMENT|organizations-crud-workflo-fbf40-d-organization-form-quickly-chromium/video.webm]]
]]>
</system-out>
</testcase>
<testcase name="Organization CRUD Workflow › Performance › should save organization quickly" classname="organizations/crud-workflow.spec.ts" time="0.681">
<failure message="crud-workflow.spec.ts:350:5 should save organization quickly" type="FAILURE">
<![CDATA[  [chromium] › organizations/crud-workflow.spec.ts:350:5 › Organization CRUD Workflow › Performance › should save organization quickly 

    Error: page.evaluate: SecurityError: Failed to read the 'localStorage' property from 'Window': Access is denied for this document.
        at UtilityScript.evaluate (<anonymous>:293:16)
        at UtilityScript.<anonymous> (<anonymous>:1:44)
        at UtilityScript.evaluate (<anonymous>:293:16)
        at UtilityScript.<anonymous> (<anonymous>:1:44)
        at TestUtils.seedTestData (/mnt/r/Projects/ForkFlow-crm/tests/helpers/testUtils.ts:364:21)
        at /mnt/r/Projects/ForkFlow-crm/tests/organizations/crud-workflow.spec.ts:17:17

    attachment #1: screenshot (image/png) ──────────────────────────────────────────────────────────
    test-results/organizations-crud-workflo-8e29f-d-save-organization-quickly-chromium/test-failed-1.png
    ────────────────────────────────────────────────────────────────────────────────────────────────

    attachment #2: video (video/webm) ──────────────────────────────────────────────────────────────
    test-results/organizations-crud-workflo-8e29f-d-save-organization-quickly-chromium/video.webm
    ────────────────────────────────────────────────────────────────────────────────────────────────
]]>
</failure>
<system-out>
<![CDATA[
[[ATTACHMENT|organizations-crud-workflo-8e29f-d-save-organization-quickly-chromium/test-failed-1.png]]

[[ATTACHMENT|organizations-crud-workflo-8e29f-d-save-organization-quickly-chromium/video.webm]]
]]>
</system-out>
</testcase>
<testcase name="Organization CRUD Workflow › Performance › should handle large datasets" classname="organizations/crud-workflow.spec.ts" time="0.731">
<failure message="crud-workflow.spec.ts:360:5 should handle large datasets" type="FAILURE">
<![CDATA[  [chromium] › organizations/crud-workflow.spec.ts:360:5 › Organization CRUD Workflow › Performance › should handle large datasets 

    Error: page.evaluate: SecurityError: Failed to read the 'localStorage' property from 'Window': Access is denied for this document.
        at UtilityScript.evaluate (<anonymous>:293:16)
        at UtilityScript.<anonymous> (<anonymous>:1:44)
        at UtilityScript.evaluate (<anonymous>:293:16)
        at UtilityScript.<anonymous> (<anonymous>:1:44)
        at TestUtils.seedTestData (/mnt/r/Projects/ForkFlow-crm/tests/helpers/testUtils.ts:364:21)
        at /mnt/r/Projects/ForkFlow-crm/tests/organizations/crud-workflow.spec.ts:17:17

    attachment #1: screenshot (image/png) ──────────────────────────────────────────────────────────
    test-results/organizations-crud-workflo-83caa-hould-handle-large-datasets-chromium/test-failed-1.png
    ────────────────────────────────────────────────────────────────────────────────────────────────

    attachment #2: video (video/webm) ──────────────────────────────────────────────────────────────
    test-results/organizations-crud-workflo-83caa-hould-handle-large-datasets-chromium/video.webm
    ────────────────────────────────────────────────────────────────────────────────────────────────
]]>
</failure>
<system-out>
<![CDATA[
[[ATTACHMENT|organizations-crud-workflo-83caa-hould-handle-large-datasets-chromium/test-failed-1.png]]

[[ATTACHMENT|organizations-crud-workflo-83caa-hould-handle-large-datasets-chromium/video.webm]]
]]>
</system-out>
</testcase>
</testsuite>
<testsuite name="organizations/error-handling.spec.ts" timestamp="2025-06-29T03:15:12.290Z" hostname="chromium" tests="23" failures="23" skipped="0" time="16.2" errors="0">
<testcase name="Organization Error Handling and Edge Cases › Network Error Handling › should handle network timeout during create" classname="organizations/error-handling.spec.ts" time="0.706">
<failure message="error-handling.spec.ts:21:5 should handle network timeout during create" type="FAILURE">
<![CDATA[  [chromium] › organizations/error-handling.spec.ts:21:5 › Organization Error Handling and Edge Cases › Network Error Handling › should handle network timeout during create 

    Error: page.evaluate: SecurityError: Failed to read the 'localStorage' property from 'Window': Access is denied for this document.
        at UtilityScript.evaluate (<anonymous>:293:16)
        at UtilityScript.<anonymous> (<anonymous>:1:44)
        at UtilityScript.evaluate (<anonymous>:293:16)
        at UtilityScript.<anonymous> (<anonymous>:1:44)
        at TestUtils.login (/mnt/r/Projects/ForkFlow-crm/tests/helpers/testUtils.ts:9:38)
        at /mnt/r/Projects/ForkFlow-crm/tests/organizations/error-handling.spec.ts:16:19

    attachment #1: screenshot (image/png) ──────────────────────────────────────────────────────────
    test-results/organizations-error-handli-dd769-twork-timeout-during-create-chromium/test-failed-1.png
    ────────────────────────────────────────────────────────────────────────────────────────────────

    attachment #2: video (video/webm) ──────────────────────────────────────────────────────────────
    test-results/organizations-error-handli-dd769-twork-timeout-during-create-chromium/video.webm
    ────────────────────────────────────────────────────────────────────────────────────────────────
]]>
</failure>
<system-out>
<![CDATA[
[[ATTACHMENT|organizations-error-handli-dd769-twork-timeout-during-create-chromium/test-failed-1.png]]

[[ATTACHMENT|organizations-error-handli-dd769-twork-timeout-during-create-chromium/video.webm]]
]]>
</system-out>
<system-err>
<![CDATA[Error accessing localStorage: page.evaluate: SecurityError: Failed to read the 'localStorage' property from 'Window': Access is denied for this document.
    at UtilityScript.evaluate (<anonymous>:293:16)
    at UtilityScript.<anonymous> (<anonymous>:1:44)
    at TestUtils.isLoggedIn [90m(/mnt/r/Projects/ForkFlow-crm/[39mtests/helpers/testUtils.ts:51:30[90m)[39m
    at [90m/mnt/r/Projects/ForkFlow-crm/[39mtests/organizations/error-handling.spec.ts:15:23 {
  [[32mSymbol(step)[39m]: {
    stepId: [32m'pw:api@12'[39m,
    location: {
      file: [32m'/mnt/r/Projects/ForkFlow-crm/tests/helpers/testUtils.ts'[39m,
      line: [33m51[39m,
      column: [33m30[39m,
      function: [32m'TestUtils.isLoggedIn'[39m
    },
    category: [32m'pw:api'[39m,
    title: [32m'Evaluate'[39m,
    apiName: [32m'page.evaluate'[39m,
    params: {
      expression: [32m'() => {\n'[39m +
        [32m"        const hasAuth = !!localStorage.getItem('auth') || !!localStorage.getItem('user');\n"[39m +
        [32m"        const isTestMode = localStorage.getItem('test-mode') === 'true';\n"[39m +
        [32m'        return hasAuth || isTestMode;\n'[39m +
        [32m'      }'[39m,
      isFunction: [33mtrue[39m,
      arg: [36m[Object][39m
    },
    boxedStack: [90mundefined[39m,
    steps: [],
    attachmentIndices: [],
    info: TestStepInfoImpl {
      annotations: [],
      _testInfo: [36m[TestInfoImpl][39m,
      _stepId: [32m'pw:api@12'[39m
    },
    complete: [36m[Function: complete][39m,
    endWallTime: [33m1751167201310[39m,
    error: {
      message: [32m"Error: page.evaluate: SecurityError: Failed to read the 'localStorage' property from 'Window': Access is denied for this document.\n"[39m +
        [32m'    at UtilityScript.evaluate (<anonymous>:293:16)\n'[39m +
        [32m'    at UtilityScript.<anonymous> (<anonymous>:1:44)'[39m,
      stack: [32m"Error: page.evaluate: SecurityError: Failed to read the 'localStorage' property from 'Window': Access is denied for this document.\n"[39m +
        [32m'    at UtilityScript.evaluate (<anonymous>:293:16)\n'[39m +
        [32m'    at UtilityScript.<anonymous> (<anonymous>:1:44)\n'[39m +
        [32m'    at UtilityScript.evaluate (<anonymous>:293:16)\n'[39m +
        [32m'    at UtilityScript.<anonymous> (<anonymous>:1:44)\n'[39m +
        [32m'    at TestUtils.isLoggedIn (/mnt/r/Projects/ForkFlow-crm/tests/helpers/testUtils.ts:51:30)\n'[39m +
        [32m'    at /mnt/r/Projects/ForkFlow-crm/tests/organizations/error-handling.spec.ts:15:23'[39m,
      cause: [90mundefined[39m
    }
  }
}
]]>
</system-err>
</testcase>
<testcase name="Organization Error Handling and Edge Cases › Network Error Handling › should handle 500 server error during create" classname="organizations/error-handling.spec.ts" time="0.748">
<failure message="error-handling.spec.ts:40:5 should handle 500 server error during create" type="FAILURE">
<![CDATA[  [chromium] › organizations/error-handling.spec.ts:40:5 › Organization Error Handling and Edge Cases › Network Error Handling › should handle 500 server error during create 

    Error: page.evaluate: SecurityError: Failed to read the 'localStorage' property from 'Window': Access is denied for this document.
        at UtilityScript.evaluate (<anonymous>:293:16)
        at UtilityScript.<anonymous> (<anonymous>:1:44)
        at UtilityScript.evaluate (<anonymous>:293:16)
        at UtilityScript.<anonymous> (<anonymous>:1:44)
        at TestUtils.login (/mnt/r/Projects/ForkFlow-crm/tests/helpers/testUtils.ts:9:38)
        at /mnt/r/Projects/ForkFlow-crm/tests/organizations/error-handling.spec.ts:16:19

    attachment #1: screenshot (image/png) ──────────────────────────────────────────────────────────
    test-results/organizations-error-handli-bac69--server-error-during-create-chromium/test-failed-1.png
    ────────────────────────────────────────────────────────────────────────────────────────────────

    attachment #2: video (video/webm) ──────────────────────────────────────────────────────────────
    test-results/organizations-error-handli-bac69--server-error-during-create-chromium/video.webm
    ────────────────────────────────────────────────────────────────────────────────────────────────
]]>
</failure>
<system-out>
<![CDATA[
[[ATTACHMENT|organizations-error-handli-bac69--server-error-during-create-chromium/test-failed-1.png]]

[[ATTACHMENT|organizations-error-handli-bac69--server-error-during-create-chromium/video.webm]]
]]>
</system-out>
<system-err>
<![CDATA[Error accessing localStorage: page.evaluate: SecurityError: Failed to read the 'localStorage' property from 'Window': Access is denied for this document.
    at UtilityScript.evaluate (<anonymous>:293:16)
    at UtilityScript.<anonymous> (<anonymous>:1:44)
    at TestUtils.isLoggedIn [90m(/mnt/r/Projects/ForkFlow-crm/[39mtests/helpers/testUtils.ts:51:30[90m)[39m
    at [90m/mnt/r/Projects/ForkFlow-crm/[39mtests/organizations/error-handling.spec.ts:15:23 {
  [[32mSymbol(step)[39m]: {
    stepId: [32m'pw:api@12'[39m,
    location: {
      file: [32m'/mnt/r/Projects/ForkFlow-crm/tests/helpers/testUtils.ts'[39m,
      line: [33m51[39m,
      column: [33m30[39m,
      function: [32m'TestUtils.isLoggedIn'[39m
    },
    category: [32m'pw:api'[39m,
    title: [32m'Evaluate'[39m,
    apiName: [32m'page.evaluate'[39m,
    params: {
      expression: [32m'() => {\n'[39m +
        [32m"        const hasAuth = !!localStorage.getItem('auth') || !!localStorage.getItem('user');\n"[39m +
        [32m"        const isTestMode = localStorage.getItem('test-mode') === 'true';\n"[39m +
        [32m'        return hasAuth || isTestMode;\n'[39m +
        [32m'      }'[39m,
      isFunction: [33mtrue[39m,
      arg: [36m[Object][39m
    },
    boxedStack: [90mundefined[39m,
    steps: [],
    attachmentIndices: [],
    info: TestStepInfoImpl {
      annotations: [],
      _testInfo: [36m[TestInfoImpl][39m,
      _stepId: [32m'pw:api@12'[39m
    },
    complete: [36m[Function: complete][39m,
    endWallTime: [33m1751167213365[39m,
    error: {
      message: [32m"Error: page.evaluate: SecurityError: Failed to read the 'localStorage' property from 'Window': Access is denied for this document.\n"[39m +
        [32m'    at UtilityScript.evaluate (<anonymous>:293:16)\n'[39m +
        [32m'    at UtilityScript.<anonymous> (<anonymous>:1:44)'[39m,
      stack: [32m"Error: page.evaluate: SecurityError: Failed to read the 'localStorage' property from 'Window': Access is denied for this document.\n"[39m +
        [32m'    at UtilityScript.evaluate (<anonymous>:293:16)\n'[39m +
        [32m'    at UtilityScript.<anonymous> (<anonymous>:1:44)\n'[39m +
        [32m'    at UtilityScript.evaluate (<anonymous>:293:16)\n'[39m +
        [32m'    at UtilityScript.<anonymous> (<anonymous>:1:44)\n'[39m +
        [32m'    at TestUtils.isLoggedIn (/mnt/r/Projects/ForkFlow-crm/tests/helpers/testUtils.ts:51:30)\n'[39m +
        [32m'    at /mnt/r/Projects/ForkFlow-crm/tests/organizations/error-handling.spec.ts:15:23'[39m,
      cause: [90mundefined[39m
    }
  }
}
]]>
</system-err>
</testcase>
<testcase name="Organization Error Handling and Edge Cases › Network Error Handling › should handle network disconnection" classname="organizations/error-handling.spec.ts" time="0.781">
<failure message="error-handling.spec.ts:62:5 should handle network disconnection" type="FAILURE">
<![CDATA[  [chromium] › organizations/error-handling.spec.ts:62:5 › Organization Error Handling and Edge Cases › Network Error Handling › should handle network disconnection 

    Error: page.evaluate: SecurityError: Failed to read the 'localStorage' property from 'Window': Access is denied for this document.
        at UtilityScript.evaluate (<anonymous>:293:16)
        at UtilityScript.<anonymous> (<anonymous>:1:44)
        at UtilityScript.evaluate (<anonymous>:293:16)
        at UtilityScript.<anonymous> (<anonymous>:1:44)
        at TestUtils.login (/mnt/r/Projects/ForkFlow-crm/tests/helpers/testUtils.ts:9:38)
        at /mnt/r/Projects/ForkFlow-crm/tests/organizations/error-handling.spec.ts:16:19

    attachment #1: screenshot (image/png) ──────────────────────────────────────────────────────────
    test-results/organizations-error-handli-d13fe-andle-network-disconnection-chromium/test-failed-1.png
    ────────────────────────────────────────────────────────────────────────────────────────────────

    attachment #2: video (video/webm) ──────────────────────────────────────────────────────────────
    test-results/organizations-error-handli-d13fe-andle-network-disconnection-chromium/video.webm
    ────────────────────────────────────────────────────────────────────────────────────────────────
]]>
</failure>
<system-out>
<![CDATA[
[[ATTACHMENT|organizations-error-handli-d13fe-andle-network-disconnection-chromium/test-failed-1.png]]

[[ATTACHMENT|organizations-error-handli-d13fe-andle-network-disconnection-chromium/video.webm]]
]]>
</system-out>
<system-err>
<![CDATA[Error accessing localStorage: page.evaluate: SecurityError: Failed to read the 'localStorage' property from 'Window': Access is denied for this document.
    at UtilityScript.evaluate (<anonymous>:293:16)
    at UtilityScript.<anonymous> (<anonymous>:1:44)
    at TestUtils.isLoggedIn [90m(/mnt/r/Projects/ForkFlow-crm/[39mtests/helpers/testUtils.ts:51:30[90m)[39m
    at [90m/mnt/r/Projects/ForkFlow-crm/[39mtests/organizations/error-handling.spec.ts:15:23 {
  [[32mSymbol(step)[39m]: {
    stepId: [32m'pw:api@12'[39m,
    location: {
      file: [32m'/mnt/r/Projects/ForkFlow-crm/tests/helpers/testUtils.ts'[39m,
      line: [33m51[39m,
      column: [33m30[39m,
      function: [32m'TestUtils.isLoggedIn'[39m
    },
    category: [32m'pw:api'[39m,
    title: [32m'Evaluate'[39m,
    apiName: [32m'page.evaluate'[39m,
    params: {
      expression: [32m'() => {\n'[39m +
        [32m"        const hasAuth = !!localStorage.getItem('auth') || !!localStorage.getItem('user');\n"[39m +
        [32m"        const isTestMode = localStorage.getItem('test-mode') === 'true';\n"[39m +
        [32m'        return hasAuth || isTestMode;\n'[39m +
        [32m'      }'[39m,
      isFunction: [33mtrue[39m,
      arg: [36m[Object][39m
    },
    boxedStack: [90mundefined[39m,
    steps: [],
    attachmentIndices: [],
    info: TestStepInfoImpl {
      annotations: [],
      _testInfo: [36m[TestInfoImpl][39m,
      _stepId: [32m'pw:api@12'[39m
    },
    complete: [36m[Function: complete][39m,
    endWallTime: [33m1751167214607[39m,
    error: {
      message: [32m"Error: page.evaluate: SecurityError: Failed to read the 'localStorage' property from 'Window': Access is denied for this document.\n"[39m +
        [32m'    at UtilityScript.evaluate (<anonymous>:293:16)\n'[39m +
        [32m'    at UtilityScript.<anonymous> (<anonymous>:1:44)'[39m,
      stack: [32m"Error: page.evaluate: SecurityError: Failed to read the 'localStorage' property from 'Window': Access is denied for this document.\n"[39m +
        [32m'    at UtilityScript.evaluate (<anonymous>:293:16)\n'[39m +
        [32m'    at UtilityScript.<anonymous> (<anonymous>:1:44)\n'[39m +
        [32m'    at UtilityScript.evaluate (<anonymous>:293:16)\n'[39m +
        [32m'    at UtilityScript.<anonymous> (<anonymous>:1:44)\n'[39m +
        [32m'    at TestUtils.isLoggedIn (/mnt/r/Projects/ForkFlow-crm/tests/helpers/testUtils.ts:51:30)\n'[39m +
        [32m'    at /mnt/r/Projects/ForkFlow-crm/tests/organizations/error-handling.spec.ts:15:23'[39m,
      cause: [90mundefined[39m
    }
  }
}
]]>
</system-err>
</testcase>
<testcase name="Organization Error Handling and Edge Cases › Network Error Handling › should handle slow API responses" classname="organizations/error-handling.spec.ts" time="0.694">
<failure message="error-handling.spec.ts:82:5 should handle slow API responses" type="FAILURE">
<![CDATA[  [chromium] › organizations/error-handling.spec.ts:82:5 › Organization Error Handling and Edge Cases › Network Error Handling › should handle slow API responses 

    Error: page.evaluate: SecurityError: Failed to read the 'localStorage' property from 'Window': Access is denied for this document.
        at UtilityScript.evaluate (<anonymous>:293:16)
        at UtilityScript.<anonymous> (<anonymous>:1:44)
        at UtilityScript.evaluate (<anonymous>:293:16)
        at UtilityScript.<anonymous> (<anonymous>:1:44)
        at TestUtils.login (/mnt/r/Projects/ForkFlow-crm/tests/helpers/testUtils.ts:9:38)
        at /mnt/r/Projects/ForkFlow-crm/tests/organizations/error-handling.spec.ts:16:19

    attachment #1: screenshot (image/png) ──────────────────────────────────────────────────────────
    test-results/organizations-error-handli-bd3ac-d-handle-slow-API-responses-chromium/test-failed-1.png
    ────────────────────────────────────────────────────────────────────────────────────────────────

    attachment #2: video (video/webm) ──────────────────────────────────────────────────────────────
    test-results/organizations-error-handli-bd3ac-d-handle-slow-API-responses-chromium/video.webm
    ────────────────────────────────────────────────────────────────────────────────────────────────
]]>
</failure>
<system-out>
<![CDATA[
[[ATTACHMENT|organizations-error-handli-bd3ac-d-handle-slow-API-responses-chromium/test-failed-1.png]]

[[ATTACHMENT|organizations-error-handli-bd3ac-d-handle-slow-API-responses-chromium/video.webm]]
]]>
</system-out>
<system-err>
<![CDATA[Error accessing localStorage: page.evaluate: SecurityError: Failed to read the 'localStorage' property from 'Window': Access is denied for this document.
    at UtilityScript.evaluate (<anonymous>:293:16)
    at UtilityScript.<anonymous> (<anonymous>:1:44)
    at TestUtils.isLoggedIn [90m(/mnt/r/Projects/ForkFlow-crm/[39mtests/helpers/testUtils.ts:51:30[90m)[39m
    at [90m/mnt/r/Projects/ForkFlow-crm/[39mtests/organizations/error-handling.spec.ts:15:23 {
  [[32mSymbol(step)[39m]: {
    stepId: [32m'pw:api@12'[39m,
    location: {
      file: [32m'/mnt/r/Projects/ForkFlow-crm/tests/helpers/testUtils.ts'[39m,
      line: [33m51[39m,
      column: [33m30[39m,
      function: [32m'TestUtils.isLoggedIn'[39m
    },
    category: [32m'pw:api'[39m,
    title: [32m'Evaluate'[39m,
    apiName: [32m'page.evaluate'[39m,
    params: {
      expression: [32m'() => {\n'[39m +
        [32m"        const hasAuth = !!localStorage.getItem('auth') || !!localStorage.getItem('user');\n"[39m +
        [32m"        const isTestMode = localStorage.getItem('test-mode') === 'true';\n"[39m +
        [32m'        return hasAuth || isTestMode;\n'[39m +
        [32m'      }'[39m,
      isFunction: [33mtrue[39m,
      arg: [36m[Object][39m
    },
    boxedStack: [90mundefined[39m,
    steps: [],
    attachmentIndices: [],
    info: TestStepInfoImpl {
      annotations: [],
      _testInfo: [36m[TestInfoImpl][39m,
      _stepId: [32m'pw:api@12'[39m
    },
    complete: [36m[Function: complete][39m,
    endWallTime: [33m1751167225923[39m,
    error: {
      message: [32m"Error: page.evaluate: SecurityError: Failed to read the 'localStorage' property from 'Window': Access is denied for this document.\n"[39m +
        [32m'    at UtilityScript.evaluate (<anonymous>:293:16)\n'[39m +
        [32m'    at UtilityScript.<anonymous> (<anonymous>:1:44)'[39m,
      stack: [32m"Error: page.evaluate: SecurityError: Failed to read the 'localStorage' property from 'Window': Access is denied for this document.\n"[39m +
        [32m'    at UtilityScript.evaluate (<anonymous>:293:16)\n'[39m +
        [32m'    at UtilityScript.<anonymous> (<anonymous>:1:44)\n'[39m +
        [32m'    at UtilityScript.evaluate (<anonymous>:293:16)\n'[39m +
        [32m'    at UtilityScript.<anonymous> (<anonymous>:1:44)\n'[39m +
        [32m'    at TestUtils.isLoggedIn (/mnt/r/Projects/ForkFlow-crm/tests/helpers/testUtils.ts:51:30)\n'[39m +
        [32m'    at /mnt/r/Projects/ForkFlow-crm/tests/organizations/error-handling.spec.ts:15:23'[39m,
      cause: [90mundefined[39m
    }
  }
}
]]>
</system-err>
</testcase>
<testcase name="Organization Error Handling and Edge Cases › Data Validation Edge Cases › should handle extremely long text inputs" classname="organizations/error-handling.spec.ts" time="0.723">
<failure message="error-handling.spec.ts:105:5 should handle extremely long text inputs" type="FAILURE">
<![CDATA[  [chromium] › organizations/error-handling.spec.ts:105:5 › Organization Error Handling and Edge Cases › Data Validation Edge Cases › should handle extremely long text inputs 

    Error: page.evaluate: SecurityError: Failed to read the 'localStorage' property from 'Window': Access is denied for this document.
        at UtilityScript.evaluate (<anonymous>:293:16)
        at UtilityScript.<anonymous> (<anonymous>:1:44)
        at UtilityScript.evaluate (<anonymous>:293:16)
        at UtilityScript.<anonymous> (<anonymous>:1:44)
        at TestUtils.login (/mnt/r/Projects/ForkFlow-crm/tests/helpers/testUtils.ts:9:38)
        at /mnt/r/Projects/ForkFlow-crm/tests/organizations/error-handling.spec.ts:16:19

    attachment #1: screenshot (image/png) ──────────────────────────────────────────────────────────
    test-results/organizations-error-handli-6e85a--extremely-long-text-inputs-chromium/test-failed-1.png
    ────────────────────────────────────────────────────────────────────────────────────────────────

    attachment #2: video (video/webm) ──────────────────────────────────────────────────────────────
    test-results/organizations-error-handli-6e85a--extremely-long-text-inputs-chromium/video.webm
    ────────────────────────────────────────────────────────────────────────────────────────────────
]]>
</failure>
<system-out>
<![CDATA[
[[ATTACHMENT|organizations-error-handli-6e85a--extremely-long-text-inputs-chromium/test-failed-1.png]]

[[ATTACHMENT|organizations-error-handli-6e85a--extremely-long-text-inputs-chromium/video.webm]]
]]>
</system-out>
<system-err>
<![CDATA[Error accessing localStorage: page.evaluate: SecurityError: Failed to read the 'localStorage' property from 'Window': Access is denied for this document.
    at UtilityScript.evaluate (<anonymous>:293:16)
    at UtilityScript.<anonymous> (<anonymous>:1:44)
    at TestUtils.isLoggedIn [90m(/mnt/r/Projects/ForkFlow-crm/[39mtests/helpers/testUtils.ts:51:30[90m)[39m
    at [90m/mnt/r/Projects/ForkFlow-crm/[39mtests/organizations/error-handling.spec.ts:15:23 {
  [[32mSymbol(step)[39m]: {
    stepId: [32m'pw:api@12'[39m,
    location: {
      file: [32m'/mnt/r/Projects/ForkFlow-crm/tests/helpers/testUtils.ts'[39m,
      line: [33m51[39m,
      column: [33m30[39m,
      function: [32m'TestUtils.isLoggedIn'[39m
    },
    category: [32m'pw:api'[39m,
    title: [32m'Evaluate'[39m,
    apiName: [32m'page.evaluate'[39m,
    params: {
      expression: [32m'() => {\n'[39m +
        [32m"        const hasAuth = !!localStorage.getItem('auth') || !!localStorage.getItem('user');\n"[39m +
        [32m"        const isTestMode = localStorage.getItem('test-mode') === 'true';\n"[39m +
        [32m'        return hasAuth || isTestMode;\n'[39m +
        [32m'      }'[39m,
      isFunction: [33mtrue[39m,
      arg: [36m[Object][39m
    },
    boxedStack: [90mundefined[39m,
    steps: [],
    attachmentIndices: [],
    info: TestStepInfoImpl {
      annotations: [],
      _testInfo: [36m[TestInfoImpl][39m,
      _stepId: [32m'pw:api@12'[39m
    },
    complete: [36m[Function: complete][39m,
    endWallTime: [33m1751167227711[39m,
    error: {
      message: [32m"Error: page.evaluate: SecurityError: Failed to read the 'localStorage' property from 'Window': Access is denied for this document.\n"[39m +
        [32m'    at UtilityScript.evaluate (<anonymous>:293:16)\n'[39m +
        [32m'    at UtilityScript.<anonymous> (<anonymous>:1:44)'[39m,
      stack: [32m"Error: page.evaluate: SecurityError: Failed to read the 'localStorage' property from 'Window': Access is denied for this document.\n"[39m +
        [32m'    at UtilityScript.evaluate (<anonymous>:293:16)\n'[39m +
        [32m'    at UtilityScript.<anonymous> (<anonymous>:1:44)\n'[39m +
        [32m'    at UtilityScript.evaluate (<anonymous>:293:16)\n'[39m +
        [32m'    at UtilityScript.<anonymous> (<anonymous>:1:44)\n'[39m +
        [32m'    at TestUtils.isLoggedIn (/mnt/r/Projects/ForkFlow-crm/tests/helpers/testUtils.ts:51:30)\n'[39m +
        [32m'    at /mnt/r/Projects/ForkFlow-crm/tests/organizations/error-handling.spec.ts:15:23'[39m,
      cause: [90mundefined[39m
    }
  }
}
]]>
</system-err>
</testcase>
<testcase name="Organization Error Handling and Edge Cases › Data Validation Edge Cases › should handle special characters in inputs" classname="organizations/error-handling.spec.ts" time="0.653">
<failure message="error-handling.spec.ts:124:5 should handle special characters in inputs" type="FAILURE">
<![CDATA[  [chromium] › organizations/error-handling.spec.ts:124:5 › Organization Error Handling and Edge Cases › Data Validation Edge Cases › should handle special characters in inputs 

    Error: page.evaluate: SecurityError: Failed to read the 'localStorage' property from 'Window': Access is denied for this document.
        at UtilityScript.evaluate (<anonymous>:293:16)
        at UtilityScript.<anonymous> (<anonymous>:1:44)
        at UtilityScript.evaluate (<anonymous>:293:16)
        at UtilityScript.<anonymous> (<anonymous>:1:44)
        at TestUtils.login (/mnt/r/Projects/ForkFlow-crm/tests/helpers/testUtils.ts:9:38)
        at /mnt/r/Projects/ForkFlow-crm/tests/organizations/error-handling.spec.ts:16:19

    attachment #1: screenshot (image/png) ──────────────────────────────────────────────────────────
    test-results/organizations-error-handli-28aa8-pecial-characters-in-inputs-chromium/test-failed-1.png
    ────────────────────────────────────────────────────────────────────────────────────────────────

    attachment #2: video (video/webm) ──────────────────────────────────────────────────────────────
    test-results/organizations-error-handli-28aa8-pecial-characters-in-inputs-chromium/video.webm
    ────────────────────────────────────────────────────────────────────────────────────────────────
]]>
</failure>
<system-out>
<![CDATA[
[[ATTACHMENT|organizations-error-handli-28aa8-pecial-characters-in-inputs-chromium/test-failed-1.png]]

[[ATTACHMENT|organizations-error-handli-28aa8-pecial-characters-in-inputs-chromium/video.webm]]
]]>
</system-out>
<system-err>
<![CDATA[Error accessing localStorage: page.evaluate: SecurityError: Failed to read the 'localStorage' property from 'Window': Access is denied for this document.
    at UtilityScript.evaluate (<anonymous>:293:16)
    at UtilityScript.<anonymous> (<anonymous>:1:44)
    at TestUtils.isLoggedIn [90m(/mnt/r/Projects/ForkFlow-crm/[39mtests/helpers/testUtils.ts:51:30[90m)[39m
    at [90m/mnt/r/Projects/ForkFlow-crm/[39mtests/organizations/error-handling.spec.ts:15:23 {
  [[32mSymbol(step)[39m]: {
    stepId: [32m'pw:api@12'[39m,
    location: {
      file: [32m'/mnt/r/Projects/ForkFlow-crm/tests/helpers/testUtils.ts'[39m,
      line: [33m51[39m,
      column: [33m30[39m,
      function: [32m'TestUtils.isLoggedIn'[39m
    },
    category: [32m'pw:api'[39m,
    title: [32m'Evaluate'[39m,
    apiName: [32m'page.evaluate'[39m,
    params: {
      expression: [32m'() => {\n'[39m +
        [32m"        const hasAuth = !!localStorage.getItem('auth') || !!localStorage.getItem('user');\n"[39m +
        [32m"        const isTestMode = localStorage.getItem('test-mode') === 'true';\n"[39m +
        [32m'        return hasAuth || isTestMode;\n'[39m +
        [32m'      }'[39m,
      isFunction: [33mtrue[39m,
      arg: [36m[Object][39m
    },
    boxedStack: [90mundefined[39m,
    steps: [],
    attachmentIndices: [],
    info: TestStepInfoImpl {
      annotations: [],
      _testInfo: [36m[TestInfoImpl][39m,
      _stepId: [32m'pw:api@12'[39m
    },
    complete: [36m[Function: complete][39m,
    endWallTime: [33m1751167239065[39m,
    error: {
      message: [32m"Error: page.evaluate: SecurityError: Failed to read the 'localStorage' property from 'Window': Access is denied for this document.\n"[39m +
        [32m'    at UtilityScript.evaluate (<anonymous>:293:16)\n'[39m +
        [32m'    at UtilityScript.<anonymous> (<anonymous>:1:44)'[39m,
      stack: [32m"Error: page.evaluate: SecurityError: Failed to read the 'localStorage' property from 'Window': Access is denied for this document.\n"[39m +
        [32m'    at UtilityScript.evaluate (<anonymous>:293:16)\n'[39m +
        [32m'    at UtilityScript.<anonymous> (<anonymous>:1:44)\n'[39m +
        [32m'    at UtilityScript.evaluate (<anonymous>:293:16)\n'[39m +
        [32m'    at UtilityScript.<anonymous> (<anonymous>:1:44)\n'[39m +
        [32m'    at TestUtils.isLoggedIn (/mnt/r/Projects/ForkFlow-crm/tests/helpers/testUtils.ts:51:30)\n'[39m +
        [32m'    at /mnt/r/Projects/ForkFlow-crm/tests/organizations/error-handling.spec.ts:15:23'[39m,
      cause: [90mundefined[39m
    }
  }
}
]]>
</system-err>
</testcase>
<testcase name="Organization Error Handling and Edge Cases › Data Validation Edge Cases › should handle SQL injection attempts" classname="organizations/error-handling.spec.ts" time="0.761">
<failure message="error-handling.spec.ts:141:5 should handle SQL injection attempts" type="FAILURE">
<![CDATA[  [chromium] › organizations/error-handling.spec.ts:141:5 › Organization Error Handling and Edge Cases › Data Validation Edge Cases › should handle SQL injection attempts 

    Error: page.evaluate: SecurityError: Failed to read the 'localStorage' property from 'Window': Access is denied for this document.
        at UtilityScript.evaluate (<anonymous>:293:16)
        at UtilityScript.<anonymous> (<anonymous>:1:44)
        at UtilityScript.evaluate (<anonymous>:293:16)
        at UtilityScript.<anonymous> (<anonymous>:1:44)
        at TestUtils.login (/mnt/r/Projects/ForkFlow-crm/tests/helpers/testUtils.ts:9:38)
        at /mnt/r/Projects/ForkFlow-crm/tests/organizations/error-handling.spec.ts:16:19

    attachment #1: screenshot (image/png) ──────────────────────────────────────────────────────────
    test-results/organizations-error-handli-e4398-ndle-SQL-injection-attempts-chromium/test-failed-1.png
    ────────────────────────────────────────────────────────────────────────────────────────────────

    attachment #2: video (video/webm) ──────────────────────────────────────────────────────────────
    test-results/organizations-error-handli-e4398-ndle-SQL-injection-attempts-chromium/video.webm
    ────────────────────────────────────────────────────────────────────────────────────────────────
]]>
</failure>
<system-out>
<![CDATA[
[[ATTACHMENT|organizations-error-handli-e4398-ndle-SQL-injection-attempts-chromium/test-failed-1.png]]

[[ATTACHMENT|organizations-error-handli-e4398-ndle-SQL-injection-attempts-chromium/video.webm]]
]]>
</system-out>
<system-err>
<![CDATA[Error accessing localStorage: page.evaluate: SecurityError: Failed to read the 'localStorage' property from 'Window': Access is denied for this document.
    at UtilityScript.evaluate (<anonymous>:293:16)
    at UtilityScript.<anonymous> (<anonymous>:1:44)
    at TestUtils.isLoggedIn [90m(/mnt/r/Projects/ForkFlow-crm/[39mtests/helpers/testUtils.ts:51:30[90m)[39m
    at [90m/mnt/r/Projects/ForkFlow-crm/[39mtests/organizations/error-handling.spec.ts:15:23 {
  [[32mSymbol(step)[39m]: {
    stepId: [32m'pw:api@12'[39m,
    location: {
      file: [32m'/mnt/r/Projects/ForkFlow-crm/tests/helpers/testUtils.ts'[39m,
      line: [33m51[39m,
      column: [33m30[39m,
      function: [32m'TestUtils.isLoggedIn'[39m
    },
    category: [32m'pw:api'[39m,
    title: [32m'Evaluate'[39m,
    apiName: [32m'page.evaluate'[39m,
    params: {
      expression: [32m'() => {\n'[39m +
        [32m"        const hasAuth = !!localStorage.getItem('auth') || !!localStorage.getItem('user');\n"[39m +
        [32m"        const isTestMode = localStorage.getItem('test-mode') === 'true';\n"[39m +
        [32m'        return hasAuth || isTestMode;\n'[39m +
        [32m'      }'[39m,
      isFunction: [33mtrue[39m,
      arg: [36m[Object][39m
    },
    boxedStack: [90mundefined[39m,
    steps: [],
    attachmentIndices: [],
    info: TestStepInfoImpl {
      annotations: [],
      _testInfo: [36m[TestInfoImpl][39m,
      _stepId: [32m'pw:api@12'[39m
    },
    complete: [36m[Function: complete][39m,
    endWallTime: [33m1751167240946[39m,
    error: {
      message: [32m"Error: page.evaluate: SecurityError: Failed to read the 'localStorage' property from 'Window': Access is denied for this document.\n"[39m +
        [32m'    at UtilityScript.evaluate (<anonymous>:293:16)\n'[39m +
        [32m'    at UtilityScript.<anonymous> (<anonymous>:1:44)'[39m,
      stack: [32m"Error: page.evaluate: SecurityError: Failed to read the 'localStorage' property from 'Window': Access is denied for this document.\n"[39m +
        [32m'    at UtilityScript.evaluate (<anonymous>:293:16)\n'[39m +
        [32m'    at UtilityScript.<anonymous> (<anonymous>:1:44)\n'[39m +
        [32m'    at UtilityScript.evaluate (<anonymous>:293:16)\n'[39m +
        [32m'    at UtilityScript.<anonymous> (<anonymous>:1:44)\n'[39m +
        [32m'    at TestUtils.isLoggedIn (/mnt/r/Projects/ForkFlow-crm/tests/helpers/testUtils.ts:51:30)\n'[39m +
        [32m'    at /mnt/r/Projects/ForkFlow-crm/tests/organizations/error-handling.spec.ts:15:23'[39m,
      cause: [90mundefined[39m
    }
  }
}
]]>
</system-err>
</testcase>
<testcase name="Organization Error Handling and Edge Cases › Data Validation Edge Cases › should handle XSS attempts" classname="organizations/error-handling.spec.ts" time="0.672">
<failure message="error-handling.spec.ts:160:5 should handle XSS attempts" type="FAILURE">
<![CDATA[  [chromium] › organizations/error-handling.spec.ts:160:5 › Organization Error Handling and Edge Cases › Data Validation Edge Cases › should handle XSS attempts 

    Error: page.evaluate: SecurityError: Failed to read the 'localStorage' property from 'Window': Access is denied for this document.
        at UtilityScript.evaluate (<anonymous>:293:16)
        at UtilityScript.<anonymous> (<anonymous>:1:44)
        at UtilityScript.evaluate (<anonymous>:293:16)
        at UtilityScript.<anonymous> (<anonymous>:1:44)
        at TestUtils.login (/mnt/r/Projects/ForkFlow-crm/tests/helpers/testUtils.ts:9:38)
        at /mnt/r/Projects/ForkFlow-crm/tests/organizations/error-handling.spec.ts:16:19

    attachment #1: screenshot (image/png) ──────────────────────────────────────────────────────────
    test-results/organizations-error-handli-2f1a4--should-handle-XSS-attempts-chromium/test-failed-1.png
    ────────────────────────────────────────────────────────────────────────────────────────────────

    attachment #2: video (video/webm) ──────────────────────────────────────────────────────────────
    test-results/organizations-error-handli-2f1a4--should-handle-XSS-attempts-chromium/video.webm
    ────────────────────────────────────────────────────────────────────────────────────────────────
]]>
</failure>
<system-out>
<![CDATA[
[[ATTACHMENT|organizations-error-handli-2f1a4--should-handle-XSS-attempts-chromium/test-failed-1.png]]

[[ATTACHMENT|organizations-error-handli-2f1a4--should-handle-XSS-attempts-chromium/video.webm]]
]]>
</system-out>
<system-err>
<![CDATA[Error accessing localStorage: page.evaluate: SecurityError: Failed to read the 'localStorage' property from 'Window': Access is denied for this document.
    at UtilityScript.evaluate (<anonymous>:293:16)
    at UtilityScript.<anonymous> (<anonymous>:1:44)
    at TestUtils.isLoggedIn [90m(/mnt/r/Projects/ForkFlow-crm/[39mtests/helpers/testUtils.ts:51:30[90m)[39m
    at [90m/mnt/r/Projects/ForkFlow-crm/[39mtests/organizations/error-handling.spec.ts:15:23 {
  [[32mSymbol(step)[39m]: {
    stepId: [32m'pw:api@12'[39m,
    location: {
      file: [32m'/mnt/r/Projects/ForkFlow-crm/tests/helpers/testUtils.ts'[39m,
      line: [33m51[39m,
      column: [33m30[39m,
      function: [32m'TestUtils.isLoggedIn'[39m
    },
    category: [32m'pw:api'[39m,
    title: [32m'Evaluate'[39m,
    apiName: [32m'page.evaluate'[39m,
    params: {
      expression: [32m'() => {\n'[39m +
        [32m"        const hasAuth = !!localStorage.getItem('auth') || !!localStorage.getItem('user');\n"[39m +
        [32m"        const isTestMode = localStorage.getItem('test-mode') === 'true';\n"[39m +
        [32m'        return hasAuth || isTestMode;\n'[39m +
        [32m'      }'[39m,
      isFunction: [33mtrue[39m,
      arg: [36m[Object][39m
    },
    boxedStack: [90mundefined[39m,
    steps: [],
    attachmentIndices: [],
    info: TestStepInfoImpl {
      annotations: [],
      _testInfo: [36m[TestInfoImpl][39m,
      _stepId: [32m'pw:api@12'[39m
    },
    complete: [36m[Function: complete][39m,
    endWallTime: [33m1751167252605[39m,
    error: {
      message: [32m"Error: page.evaluate: SecurityError: Failed to read the 'localStorage' property from 'Window': Access is denied for this document.\n"[39m +
        [32m'    at UtilityScript.evaluate (<anonymous>:293:16)\n'[39m +
        [32m'    at UtilityScript.<anonymous> (<anonymous>:1:44)'[39m,
      stack: [32m"Error: page.evaluate: SecurityError: Failed to read the 'localStorage' property from 'Window': Access is denied for this document.\n"[39m +
        [32m'    at UtilityScript.evaluate (<anonymous>:293:16)\n'[39m +
        [32m'    at UtilityScript.<anonymous> (<anonymous>:1:44)\n'[39m +
        [32m'    at UtilityScript.evaluate (<anonymous>:293:16)\n'[39m +
        [32m'    at UtilityScript.<anonymous> (<anonymous>:1:44)\n'[39m +
        [32m'    at TestUtils.isLoggedIn (/mnt/r/Projects/ForkFlow-crm/tests/helpers/testUtils.ts:51:30)\n'[39m +
        [32m'    at /mnt/r/Projects/ForkFlow-crm/tests/organizations/error-handling.spec.ts:15:23'[39m,
      cause: [90mundefined[39m
    }
  }
}
]]>
</system-err>
</testcase>
<testcase name="Organization Error Handling and Edge Cases › Concurrency and Race Conditions › should handle simultaneous organization creation" classname="organizations/error-handling.spec.ts" time="0.625">
<failure message="error-handling.spec.ts:184:5 should handle simultaneous organization creation" type="FAILURE">
<![CDATA[  [chromium] › organizations/error-handling.spec.ts:184:5 › Organization Error Handling and Edge Cases › Concurrency and Race Conditions › should handle simultaneous organization creation 

    Error: page.evaluate: SecurityError: Failed to read the 'localStorage' property from 'Window': Access is denied for this document.
        at UtilityScript.evaluate (<anonymous>:293:16)
        at UtilityScript.<anonymous> (<anonymous>:1:44)
        at UtilityScript.evaluate (<anonymous>:293:16)
        at UtilityScript.<anonymous> (<anonymous>:1:44)
        at TestUtils.login (/mnt/r/Projects/ForkFlow-crm/tests/helpers/testUtils.ts:9:38)
        at /mnt/r/Projects/ForkFlow-crm/tests/organizations/error-handling.spec.ts:16:19

    attachment #1: screenshot (image/png) ──────────────────────────────────────────────────────────
    test-results/organizations-error-handli-b7a9c-neous-organization-creation-chromium/test-failed-1.png
    ────────────────────────────────────────────────────────────────────────────────────────────────

    attachment #2: video (video/webm) ──────────────────────────────────────────────────────────────
    test-results/organizations-error-handli-b7a9c-neous-organization-creation-chromium/video.webm
    ────────────────────────────────────────────────────────────────────────────────────────────────
]]>
</failure>
<system-out>
<![CDATA[
[[ATTACHMENT|organizations-error-handli-b7a9c-neous-organization-creation-chromium/test-failed-1.png]]

[[ATTACHMENT|organizations-error-handli-b7a9c-neous-organization-creation-chromium/video.webm]]
]]>
</system-out>
<system-err>
<![CDATA[Error accessing localStorage: page.evaluate: SecurityError: Failed to read the 'localStorage' property from 'Window': Access is denied for this document.
    at UtilityScript.evaluate (<anonymous>:293:16)
    at UtilityScript.<anonymous> (<anonymous>:1:44)
    at TestUtils.isLoggedIn [90m(/mnt/r/Projects/ForkFlow-crm/[39mtests/helpers/testUtils.ts:51:30[90m)[39m
    at [90m/mnt/r/Projects/ForkFlow-crm/[39mtests/organizations/error-handling.spec.ts:15:23 {
  [[32mSymbol(step)[39m]: {
    stepId: [32m'pw:api@12'[39m,
    location: {
      file: [32m'/mnt/r/Projects/ForkFlow-crm/tests/helpers/testUtils.ts'[39m,
      line: [33m51[39m,
      column: [33m30[39m,
      function: [32m'TestUtils.isLoggedIn'[39m
    },
    category: [32m'pw:api'[39m,
    title: [32m'Evaluate'[39m,
    apiName: [32m'page.evaluate'[39m,
    params: {
      expression: [32m'() => {\n'[39m +
        [32m"        const hasAuth = !!localStorage.getItem('auth') || !!localStorage.getItem('user');\n"[39m +
        [32m"        const isTestMode = localStorage.getItem('test-mode') === 'true';\n"[39m +
        [32m'        return hasAuth || isTestMode;\n'[39m +
        [32m'      }'[39m,
      isFunction: [33mtrue[39m,
      arg: [36m[Object][39m
    },
    boxedStack: [90mundefined[39m,
    steps: [],
    attachmentIndices: [],
    info: TestStepInfoImpl {
      annotations: [],
      _testInfo: [36m[TestInfoImpl][39m,
      _stepId: [32m'pw:api@12'[39m
    },
    complete: [36m[Function: complete][39m,
    endWallTime: [33m1751167254469[39m,
    error: {
      message: [32m"Error: page.evaluate: SecurityError: Failed to read the 'localStorage' property from 'Window': Access is denied for this document.\n"[39m +
        [32m'    at UtilityScript.evaluate (<anonymous>:293:16)\n'[39m +
        [32m'    at UtilityScript.<anonymous> (<anonymous>:1:44)'[39m,
      stack: [32m"Error: page.evaluate: SecurityError: Failed to read the 'localStorage' property from 'Window': Access is denied for this document.\n"[39m +
        [32m'    at UtilityScript.evaluate (<anonymous>:293:16)\n'[39m +
        [32m'    at UtilityScript.<anonymous> (<anonymous>:1:44)\n'[39m +
        [32m'    at UtilityScript.evaluate (<anonymous>:293:16)\n'[39m +
        [32m'    at UtilityScript.<anonymous> (<anonymous>:1:44)\n'[39m +
        [32m'    at TestUtils.isLoggedIn (/mnt/r/Projects/ForkFlow-crm/tests/helpers/testUtils.ts:51:30)\n'[39m +
        [32m'    at /mnt/r/Projects/ForkFlow-crm/tests/organizations/error-handling.spec.ts:15:23'[39m,
      cause: [90mundefined[39m
    }
  }
}
]]>
</system-err>
</testcase>
<testcase name="Organization Error Handling and Edge Cases › Concurrency and Race Conditions › should handle edit conflicts" classname="organizations/error-handling.spec.ts" time="0.67">
<failure message="error-handling.spec.ts:218:5 should handle edit conflicts" type="FAILURE">
<![CDATA[  [chromium] › organizations/error-handling.spec.ts:218:5 › Organization Error Handling and Edge Cases › Concurrency and Race Conditions › should handle edit conflicts 

    Error: page.evaluate: SecurityError: Failed to read the 'localStorage' property from 'Window': Access is denied for this document.
        at UtilityScript.evaluate (<anonymous>:293:16)
        at UtilityScript.<anonymous> (<anonymous>:1:44)
        at UtilityScript.evaluate (<anonymous>:293:16)
        at UtilityScript.<anonymous> (<anonymous>:1:44)
        at TestUtils.login (/mnt/r/Projects/ForkFlow-crm/tests/helpers/testUtils.ts:9:38)
        at /mnt/r/Projects/ForkFlow-crm/tests/organizations/error-handling.spec.ts:16:19

    attachment #1: screenshot (image/png) ──────────────────────────────────────────────────────────
    test-results/organizations-error-handli-2d30f-hould-handle-edit-conflicts-chromium/test-failed-1.png
    ────────────────────────────────────────────────────────────────────────────────────────────────

    attachment #2: video (video/webm) ──────────────────────────────────────────────────────────────
    test-results/organizations-error-handli-2d30f-hould-handle-edit-conflicts-chromium/video.webm
    ────────────────────────────────────────────────────────────────────────────────────────────────
]]>
</failure>
<system-out>
<![CDATA[
[[ATTACHMENT|organizations-error-handli-2d30f-hould-handle-edit-conflicts-chromium/test-failed-1.png]]

[[ATTACHMENT|organizations-error-handli-2d30f-hould-handle-edit-conflicts-chromium/video.webm]]
]]>
</system-out>
<system-err>
<![CDATA[Error accessing localStorage: page.evaluate: SecurityError: Failed to read the 'localStorage' property from 'Window': Access is denied for this document.
    at UtilityScript.evaluate (<anonymous>:293:16)
    at UtilityScript.<anonymous> (<anonymous>:1:44)
    at TestUtils.isLoggedIn [90m(/mnt/r/Projects/ForkFlow-crm/[39mtests/helpers/testUtils.ts:51:30[90m)[39m
    at [90m/mnt/r/Projects/ForkFlow-crm/[39mtests/organizations/error-handling.spec.ts:15:23 {
  [[32mSymbol(step)[39m]: {
    stepId: [32m'pw:api@12'[39m,
    location: {
      file: [32m'/mnt/r/Projects/ForkFlow-crm/tests/helpers/testUtils.ts'[39m,
      line: [33m51[39m,
      column: [33m30[39m,
      function: [32m'TestUtils.isLoggedIn'[39m
    },
    category: [32m'pw:api'[39m,
    title: [32m'Evaluate'[39m,
    apiName: [32m'page.evaluate'[39m,
    params: {
      expression: [32m'() => {\n'[39m +
        [32m"        const hasAuth = !!localStorage.getItem('auth') || !!localStorage.getItem('user');\n"[39m +
        [32m"        const isTestMode = localStorage.getItem('test-mode') === 'true';\n"[39m +
        [32m'        return hasAuth || isTestMode;\n'[39m +
        [32m'      }'[39m,
      isFunction: [33mtrue[39m,
      arg: [36m[Object][39m
    },
    boxedStack: [90mundefined[39m,
    steps: [],
    attachmentIndices: [],
    info: TestStepInfoImpl {
      annotations: [],
      _testInfo: [36m[TestInfoImpl][39m,
      _stepId: [32m'pw:api@12'[39m
    },
    complete: [36m[Function: complete][39m,
    endWallTime: [33m1751167265542[39m,
    error: {
      message: [32m"Error: page.evaluate: SecurityError: Failed to read the 'localStorage' property from 'Window': Access is denied for this document.\n"[39m +
        [32m'    at UtilityScript.evaluate (<anonymous>:293:16)\n'[39m +
        [32m'    at UtilityScript.<anonymous> (<anonymous>:1:44)'[39m,
      stack: [32m"Error: page.evaluate: SecurityError: Failed to read the 'localStorage' property from 'Window': Access is denied for this document.\n"[39m +
        [32m'    at UtilityScript.evaluate (<anonymous>:293:16)\n'[39m +
        [32m'    at UtilityScript.<anonymous> (<anonymous>:1:44)\n'[39m +
        [32m'    at UtilityScript.evaluate (<anonymous>:293:16)\n'[39m +
        [32m'    at UtilityScript.<anonymous> (<anonymous>:1:44)\n'[39m +
        [32m'    at TestUtils.isLoggedIn (/mnt/r/Projects/ForkFlow-crm/tests/helpers/testUtils.ts:51:30)\n'[39m +
        [32m'    at /mnt/r/Projects/ForkFlow-crm/tests/organizations/error-handling.spec.ts:15:23'[39m,
      cause: [90mundefined[39m
    }
  }
}
]]>
</system-err>
</testcase>
<testcase name="Organization Error Handling and Edge Cases › Resource Limits and Performance Edge Cases › should handle large file uploads for logos" classname="organizations/error-handling.spec.ts" time="0.679">
<failure message="error-handling.spec.ts:251:5 should handle large file uploads for logos" type="FAILURE">
<![CDATA[  [chromium] › organizations/error-handling.spec.ts:251:5 › Organization Error Handling and Edge Cases › Resource Limits and Performance Edge Cases › should handle large file uploads for logos 

    Error: page.evaluate: SecurityError: Failed to read the 'localStorage' property from 'Window': Access is denied for this document.
        at UtilityScript.evaluate (<anonymous>:293:16)
        at UtilityScript.<anonymous> (<anonymous>:1:44)
        at UtilityScript.evaluate (<anonymous>:293:16)
        at UtilityScript.<anonymous> (<anonymous>:1:44)
        at TestUtils.login (/mnt/r/Projects/ForkFlow-crm/tests/helpers/testUtils.ts:9:38)
        at /mnt/r/Projects/ForkFlow-crm/tests/organizations/error-handling.spec.ts:16:19

    attachment #1: screenshot (image/png) ──────────────────────────────────────────────────────────
    test-results/organizations-error-handli-04674-arge-file-uploads-for-logos-chromium/test-failed-1.png
    ────────────────────────────────────────────────────────────────────────────────────────────────

    attachment #2: video (video/webm) ──────────────────────────────────────────────────────────────
    test-results/organizations-error-handli-04674-arge-file-uploads-for-logos-chromium/video.webm
    ────────────────────────────────────────────────────────────────────────────────────────────────
]]>
</failure>
<system-out>
<![CDATA[
[[ATTACHMENT|organizations-error-handli-04674-arge-file-uploads-for-logos-chromium/test-failed-1.png]]

[[ATTACHMENT|organizations-error-handli-04674-arge-file-uploads-for-logos-chromium/video.webm]]
]]>
</system-out>
<system-err>
<![CDATA[Error accessing localStorage: page.evaluate: SecurityError: Failed to read the 'localStorage' property from 'Window': Access is denied for this document.
    at UtilityScript.evaluate (<anonymous>:293:16)
    at UtilityScript.<anonymous> (<anonymous>:1:44)
    at TestUtils.isLoggedIn [90m(/mnt/r/Projects/ForkFlow-crm/[39mtests/helpers/testUtils.ts:51:30[90m)[39m
    at [90m/mnt/r/Projects/ForkFlow-crm/[39mtests/organizations/error-handling.spec.ts:15:23 {
  [[32mSymbol(step)[39m]: {
    stepId: [32m'pw:api@12'[39m,
    location: {
      file: [32m'/mnt/r/Projects/ForkFlow-crm/tests/helpers/testUtils.ts'[39m,
      line: [33m51[39m,
      column: [33m30[39m,
      function: [32m'TestUtils.isLoggedIn'[39m
    },
    category: [32m'pw:api'[39m,
    title: [32m'Evaluate'[39m,
    apiName: [32m'page.evaluate'[39m,
    params: {
      expression: [32m'() => {\n'[39m +
        [32m"        const hasAuth = !!localStorage.getItem('auth') || !!localStorage.getItem('user');\n"[39m +
        [32m"        const isTestMode = localStorage.getItem('test-mode') === 'true';\n"[39m +
        [32m'        return hasAuth || isTestMode;\n'[39m +
        [32m'      }'[39m,
      isFunction: [33mtrue[39m,
      arg: [36m[Object][39m
    },
    boxedStack: [90mundefined[39m,
    steps: [],
    attachmentIndices: [],
    info: TestStepInfoImpl {
      annotations: [],
      _testInfo: [36m[TestInfoImpl][39m,
      _stepId: [32m'pw:api@12'[39m
    },
    complete: [36m[Function: complete][39m,
    endWallTime: [33m1751167267402[39m,
    error: {
      message: [32m"Error: page.evaluate: SecurityError: Failed to read the 'localStorage' property from 'Window': Access is denied for this document.\n"[39m +
        [32m'    at UtilityScript.evaluate (<anonymous>:293:16)\n'[39m +
        [32m'    at UtilityScript.<anonymous> (<anonymous>:1:44)'[39m,
      stack: [32m"Error: page.evaluate: SecurityError: Failed to read the 'localStorage' property from 'Window': Access is denied for this document.\n"[39m +
        [32m'    at UtilityScript.evaluate (<anonymous>:293:16)\n'[39m +
        [32m'    at UtilityScript.<anonymous> (<anonymous>:1:44)\n'[39m +
        [32m'    at UtilityScript.evaluate (<anonymous>:293:16)\n'[39m +
        [32m'    at UtilityScript.<anonymous> (<anonymous>:1:44)\n'[39m +
        [32m'    at TestUtils.isLoggedIn (/mnt/r/Projects/ForkFlow-crm/tests/helpers/testUtils.ts:51:30)\n'[39m +
        [32m'    at /mnt/r/Projects/ForkFlow-crm/tests/organizations/error-handling.spec.ts:15:23'[39m,
      cause: [90mundefined[39m
    }
  }
}
]]>
</system-err>
</testcase>
<testcase name="Organization Error Handling and Edge Cases › Resource Limits and Performance Edge Cases › should handle browser memory limits" classname="organizations/error-handling.spec.ts" time="0.638">
<failure message="error-handling.spec.ts:276:5 should handle browser memory limits" type="FAILURE">
<![CDATA[  [chromium] › organizations/error-handling.spec.ts:276:5 › Organization Error Handling and Edge Cases › Resource Limits and Performance Edge Cases › should handle browser memory limits 

    Error: page.evaluate: SecurityError: Failed to read the 'localStorage' property from 'Window': Access is denied for this document.
        at UtilityScript.evaluate (<anonymous>:293:16)
        at UtilityScript.<anonymous> (<anonymous>:1:44)
        at UtilityScript.evaluate (<anonymous>:293:16)
        at UtilityScript.<anonymous> (<anonymous>:1:44)
        at TestUtils.login (/mnt/r/Projects/ForkFlow-crm/tests/helpers/testUtils.ts:9:38)
        at /mnt/r/Projects/ForkFlow-crm/tests/organizations/error-handling.spec.ts:16:19

    attachment #1: screenshot (image/png) ──────────────────────────────────────────────────────────
    test-results/organizations-error-handli-b9fd1-andle-browser-memory-limits-chromium/test-failed-1.png
    ────────────────────────────────────────────────────────────────────────────────────────────────

    attachment #2: video (video/webm) ──────────────────────────────────────────────────────────────
    test-results/organizations-error-handli-b9fd1-andle-browser-memory-limits-chromium/video.webm
    ────────────────────────────────────────────────────────────────────────────────────────────────
]]>
</failure>
<system-out>
<![CDATA[
[[ATTACHMENT|organizations-error-handli-b9fd1-andle-browser-memory-limits-chromium/test-failed-1.png]]

[[ATTACHMENT|organizations-error-handli-b9fd1-andle-browser-memory-limits-chromium/video.webm]]
]]>
</system-out>
<system-err>
<![CDATA[Error accessing localStorage: page.evaluate: SecurityError: Failed to read the 'localStorage' property from 'Window': Access is denied for this document.
    at UtilityScript.evaluate (<anonymous>:293:16)
    at UtilityScript.<anonymous> (<anonymous>:1:44)
    at TestUtils.isLoggedIn [90m(/mnt/r/Projects/ForkFlow-crm/[39mtests/helpers/testUtils.ts:51:30[90m)[39m
    at [90m/mnt/r/Projects/ForkFlow-crm/[39mtests/organizations/error-handling.spec.ts:15:23 {
  [[32mSymbol(step)[39m]: {
    stepId: [32m'pw:api@12'[39m,
    location: {
      file: [32m'/mnt/r/Projects/ForkFlow-crm/tests/helpers/testUtils.ts'[39m,
      line: [33m51[39m,
      column: [33m30[39m,
      function: [32m'TestUtils.isLoggedIn'[39m
    },
    category: [32m'pw:api'[39m,
    title: [32m'Evaluate'[39m,
    apiName: [32m'page.evaluate'[39m,
    params: {
      expression: [32m'() => {\n'[39m +
        [32m"        const hasAuth = !!localStorage.getItem('auth') || !!localStorage.getItem('user');\n"[39m +
        [32m"        const isTestMode = localStorage.getItem('test-mode') === 'true';\n"[39m +
        [32m'        return hasAuth || isTestMode;\n'[39m +
        [32m'      }'[39m,
      isFunction: [33mtrue[39m,
      arg: [36m[Object][39m
    },
    boxedStack: [90mundefined[39m,
    steps: [],
    attachmentIndices: [],
    info: TestStepInfoImpl {
      annotations: [],
      _testInfo: [36m[TestInfoImpl][39m,
      _stepId: [32m'pw:api@12'[39m
    },
    complete: [36m[Function: complete][39m,
    endWallTime: [33m1751167279047[39m,
    error: {
      message: [32m"Error: page.evaluate: SecurityError: Failed to read the 'localStorage' property from 'Window': Access is denied for this document.\n"[39m +
        [32m'    at UtilityScript.evaluate (<anonymous>:293:16)\n'[39m +
        [32m'    at UtilityScript.<anonymous> (<anonymous>:1:44)'[39m,
      stack: [32m"Error: page.evaluate: SecurityError: Failed to read the 'localStorage' property from 'Window': Access is denied for this document.\n"[39m +
        [32m'    at UtilityScript.evaluate (<anonymous>:293:16)\n'[39m +
        [32m'    at UtilityScript.<anonymous> (<anonymous>:1:44)\n'[39m +
        [32m'    at UtilityScript.evaluate (<anonymous>:293:16)\n'[39m +
        [32m'    at UtilityScript.<anonymous> (<anonymous>:1:44)\n'[39m +
        [32m'    at TestUtils.isLoggedIn (/mnt/r/Projects/ForkFlow-crm/tests/helpers/testUtils.ts:51:30)\n'[39m +
        [32m'    at /mnt/r/Projects/ForkFlow-crm/tests/organizations/error-handling.spec.ts:15:23'[39m,
      cause: [90mundefined[39m
    }
  }
}
]]>
</system-err>
</testcase>
<testcase name="Organization Error Handling and Edge Cases › Browser Compatibility Edge Cases › should handle disabled JavaScript" classname="organizations/error-handling.spec.ts" time="0.698">
<failure message="error-handling.spec.ts:299:5 should handle disabled JavaScript" type="FAILURE">
<![CDATA[  [chromium] › organizations/error-handling.spec.ts:299:5 › Organization Error Handling and Edge Cases › Browser Compatibility Edge Cases › should handle disabled JavaScript 

    Error: page.evaluate: SecurityError: Failed to read the 'localStorage' property from 'Window': Access is denied for this document.
        at UtilityScript.evaluate (<anonymous>:293:16)
        at UtilityScript.<anonymous> (<anonymous>:1:44)
        at UtilityScript.evaluate (<anonymous>:293:16)
        at UtilityScript.<anonymous> (<anonymous>:1:44)
        at TestUtils.login (/mnt/r/Projects/ForkFlow-crm/tests/helpers/testUtils.ts:9:38)
        at /mnt/r/Projects/ForkFlow-crm/tests/organizations/error-handling.spec.ts:16:19

    attachment #1: screenshot (image/png) ──────────────────────────────────────────────────────────
    test-results/organizations-error-handli-d0c62--handle-disabled-JavaScript-chromium/test-failed-1.png
    ────────────────────────────────────────────────────────────────────────────────────────────────

    attachment #2: video (video/webm) ──────────────────────────────────────────────────────────────
    test-results/organizations-error-handli-d0c62--handle-disabled-JavaScript-chromium/video.webm
    ────────────────────────────────────────────────────────────────────────────────────────────────
]]>
</failure>
<system-out>
<![CDATA[
[[ATTACHMENT|organizations-error-handli-d0c62--handle-disabled-JavaScript-chromium/test-failed-1.png]]

[[ATTACHMENT|organizations-error-handli-d0c62--handle-disabled-JavaScript-chromium/video.webm]]
]]>
</system-out>
<system-err>
<![CDATA[Error accessing localStorage: page.evaluate: SecurityError: Failed to read the 'localStorage' property from 'Window': Access is denied for this document.
    at UtilityScript.evaluate (<anonymous>:293:16)
    at UtilityScript.<anonymous> (<anonymous>:1:44)
    at TestUtils.isLoggedIn [90m(/mnt/r/Projects/ForkFlow-crm/[39mtests/helpers/testUtils.ts:51:30[90m)[39m
    at [90m/mnt/r/Projects/ForkFlow-crm/[39mtests/organizations/error-handling.spec.ts:15:23 {
  [[32mSymbol(step)[39m]: {
    stepId: [32m'pw:api@12'[39m,
    location: {
      file: [32m'/mnt/r/Projects/ForkFlow-crm/tests/helpers/testUtils.ts'[39m,
      line: [33m51[39m,
      column: [33m30[39m,
      function: [32m'TestUtils.isLoggedIn'[39m
    },
    category: [32m'pw:api'[39m,
    title: [32m'Evaluate'[39m,
    apiName: [32m'page.evaluate'[39m,
    params: {
      expression: [32m'() => {\n'[39m +
        [32m"        const hasAuth = !!localStorage.getItem('auth') || !!localStorage.getItem('user');\n"[39m +
        [32m"        const isTestMode = localStorage.getItem('test-mode') === 'true';\n"[39m +
        [32m'        return hasAuth || isTestMode;\n'[39m +
        [32m'      }'[39m,
      isFunction: [33mtrue[39m,
      arg: [36m[Object][39m
    },
    boxedStack: [90mundefined[39m,
    steps: [],
    attachmentIndices: [],
    info: TestStepInfoImpl {
      annotations: [],
      _testInfo: [36m[TestInfoImpl][39m,
      _stepId: [32m'pw:api@12'[39m
    },
    complete: [36m[Function: complete][39m,
    endWallTime: [33m1751167280915[39m,
    error: {
      message: [32m"Error: page.evaluate: SecurityError: Failed to read the 'localStorage' property from 'Window': Access is denied for this document.\n"[39m +
        [32m'    at UtilityScript.evaluate (<anonymous>:293:16)\n'[39m +
        [32m'    at UtilityScript.<anonymous> (<anonymous>:1:44)'[39m,
      stack: [32m"Error: page.evaluate: SecurityError: Failed to read the 'localStorage' property from 'Window': Access is denied for this document.\n"[39m +
        [32m'    at UtilityScript.evaluate (<anonymous>:293:16)\n'[39m +
        [32m'    at UtilityScript.<anonymous> (<anonymous>:1:44)\n'[39m +
        [32m'    at UtilityScript.evaluate (<anonymous>:293:16)\n'[39m +
        [32m'    at UtilityScript.<anonymous> (<anonymous>:1:44)\n'[39m +
        [32m'    at TestUtils.isLoggedIn (/mnt/r/Projects/ForkFlow-crm/tests/helpers/testUtils.ts:51:30)\n'[39m +
        [32m'    at /mnt/r/Projects/ForkFlow-crm/tests/organizations/error-handling.spec.ts:15:23'[39m,
      cause: [90mundefined[39m
    }
  }
}
]]>
</system-err>
</testcase>
<testcase name="Organization Error Handling and Edge Cases › Browser Compatibility Edge Cases › should handle cookies disabled" classname="organizations/error-handling.spec.ts" time="0.927">
<failure message="error-handling.spec.ts:314:5 should handle cookies disabled" type="FAILURE">
<![CDATA[  [chromium] › organizations/error-handling.spec.ts:314:5 › Organization Error Handling and Edge Cases › Browser Compatibility Edge Cases › should handle cookies disabled 

    Error: page.evaluate: SecurityError: Failed to read the 'localStorage' property from 'Window': Access is denied for this document.
        at UtilityScript.evaluate (<anonymous>:293:16)
        at UtilityScript.<anonymous> (<anonymous>:1:44)
        at UtilityScript.evaluate (<anonymous>:293:16)
        at UtilityScript.<anonymous> (<anonymous>:1:44)
        at TestUtils.login (/mnt/r/Projects/ForkFlow-crm/tests/helpers/testUtils.ts:9:38)
        at /mnt/r/Projects/ForkFlow-crm/tests/organizations/error-handling.spec.ts:16:19

    attachment #1: screenshot (image/png) ──────────────────────────────────────────────────────────
    test-results/organizations-error-handli-d8055-uld-handle-cookies-disabled-chromium/test-failed-1.png
    ────────────────────────────────────────────────────────────────────────────────────────────────

    attachment #2: video (video/webm) ──────────────────────────────────────────────────────────────
    test-results/organizations-error-handli-d8055-uld-handle-cookies-disabled-chromium/video.webm
    ────────────────────────────────────────────────────────────────────────────────────────────────
]]>
</failure>
<system-out>
<![CDATA[
[[ATTACHMENT|organizations-error-handli-d8055-uld-handle-cookies-disabled-chromium/test-failed-1.png]]

[[ATTACHMENT|organizations-error-handli-d8055-uld-handle-cookies-disabled-chromium/video.webm]]
]]>
</system-out>
<system-err>
<![CDATA[Error accessing localStorage: page.evaluate: SecurityError: Failed to read the 'localStorage' property from 'Window': Access is denied for this document.
    at UtilityScript.evaluate (<anonymous>:293:16)
    at UtilityScript.<anonymous> (<anonymous>:1:44)
    at TestUtils.isLoggedIn [90m(/mnt/r/Projects/ForkFlow-crm/[39mtests/helpers/testUtils.ts:51:30[90m)[39m
    at [90m/mnt/r/Projects/ForkFlow-crm/[39mtests/organizations/error-handling.spec.ts:15:23 {
  [[32mSymbol(step)[39m]: {
    stepId: [32m'pw:api@12'[39m,
    location: {
      file: [32m'/mnt/r/Projects/ForkFlow-crm/tests/helpers/testUtils.ts'[39m,
      line: [33m51[39m,
      column: [33m30[39m,
      function: [32m'TestUtils.isLoggedIn'[39m
    },
    category: [32m'pw:api'[39m,
    title: [32m'Evaluate'[39m,
    apiName: [32m'page.evaluate'[39m,
    params: {
      expression: [32m'() => {\n'[39m +
        [32m"        const hasAuth = !!localStorage.getItem('auth') || !!localStorage.getItem('user');\n"[39m +
        [32m"        const isTestMode = localStorage.getItem('test-mode') === 'true';\n"[39m +
        [32m'        return hasAuth || isTestMode;\n'[39m +
        [32m'      }'[39m,
      isFunction: [33mtrue[39m,
      arg: [36m[Object][39m
    },
    boxedStack: [90mundefined[39m,
    steps: [],
    attachmentIndices: [],
    info: TestStepInfoImpl {
      annotations: [],
      _testInfo: [36m[TestInfoImpl][39m,
      _stepId: [32m'pw:api@12'[39m
    },
    complete: [36m[Function: complete][39m,
    endWallTime: [33m1751167292029[39m,
    error: {
      message: [32m"Error: page.evaluate: SecurityError: Failed to read the 'localStorage' property from 'Window': Access is denied for this document.\n"[39m +
        [32m'    at UtilityScript.evaluate (<anonymous>:293:16)\n'[39m +
        [32m'    at UtilityScript.<anonymous> (<anonymous>:1:44)'[39m,
      stack: [32m"Error: page.evaluate: SecurityError: Failed to read the 'localStorage' property from 'Window': Access is denied for this document.\n"[39m +
        [32m'    at UtilityScript.evaluate (<anonymous>:293:16)\n'[39m +
        [32m'    at UtilityScript.<anonymous> (<anonymous>:1:44)\n'[39m +
        [32m'    at UtilityScript.evaluate (<anonymous>:293:16)\n'[39m +
        [32m'    at UtilityScript.<anonymous> (<anonymous>:1:44)\n'[39m +
        [32m'    at TestUtils.isLoggedIn (/mnt/r/Projects/ForkFlow-crm/tests/helpers/testUtils.ts:51:30)\n'[39m +
        [32m'    at /mnt/r/Projects/ForkFlow-crm/tests/organizations/error-handling.spec.ts:15:23'[39m,
      cause: [90mundefined[39m
    }
  }
}
]]>
</system-err>
</testcase>
<testcase name="Organization Error Handling and Edge Cases › Browser Compatibility Edge Cases › should handle local storage disabled" classname="organizations/error-handling.spec.ts" time="0.88">
<failure message="error-handling.spec.ts:324:5 should handle local storage disabled" type="FAILURE">
<![CDATA[  [chromium] › organizations/error-handling.spec.ts:324:5 › Organization Error Handling and Edge Cases › Browser Compatibility Edge Cases › should handle local storage disabled 

    Error: page.evaluate: SecurityError: Failed to read the 'localStorage' property from 'Window': Access is denied for this document.
        at UtilityScript.evaluate (<anonymous>:293:16)
        at UtilityScript.<anonymous> (<anonymous>:1:44)
        at UtilityScript.evaluate (<anonymous>:293:16)
        at UtilityScript.<anonymous> (<anonymous>:1:44)
        at TestUtils.login (/mnt/r/Projects/ForkFlow-crm/tests/helpers/testUtils.ts:9:38)
        at /mnt/r/Projects/ForkFlow-crm/tests/organizations/error-handling.spec.ts:16:19

    attachment #1: screenshot (image/png) ──────────────────────────────────────────────────────────
    test-results/organizations-error-handli-c4485-ndle-local-storage-disabled-chromium/test-failed-1.png
    ────────────────────────────────────────────────────────────────────────────────────────────────

    attachment #2: video (video/webm) ──────────────────────────────────────────────────────────────
    test-results/organizations-error-handli-c4485-ndle-local-storage-disabled-chromium/video.webm
    ────────────────────────────────────────────────────────────────────────────────────────────────
]]>
</failure>
<system-out>
<![CDATA[
[[ATTACHMENT|organizations-error-handli-c4485-ndle-local-storage-disabled-chromium/test-failed-1.png]]

[[ATTACHMENT|organizations-error-handli-c4485-ndle-local-storage-disabled-chromium/video.webm]]
]]>
</system-out>
<system-err>
<![CDATA[Error accessing localStorage: page.evaluate: SecurityError: Failed to read the 'localStorage' property from 'Window': Access is denied for this document.
    at UtilityScript.evaluate (<anonymous>:293:16)
    at UtilityScript.<anonymous> (<anonymous>:1:44)
    at TestUtils.isLoggedIn [90m(/mnt/r/Projects/ForkFlow-crm/[39mtests/helpers/testUtils.ts:51:30[90m)[39m
    at [90m/mnt/r/Projects/ForkFlow-crm/[39mtests/organizations/error-handling.spec.ts:15:23 {
  [[32mSymbol(step)[39m]: {
    stepId: [32m'pw:api@12'[39m,
    location: {
      file: [32m'/mnt/r/Projects/ForkFlow-crm/tests/helpers/testUtils.ts'[39m,
      line: [33m51[39m,
      column: [33m30[39m,
      function: [32m'TestUtils.isLoggedIn'[39m
    },
    category: [32m'pw:api'[39m,
    title: [32m'Evaluate'[39m,
    apiName: [32m'page.evaluate'[39m,
    params: {
      expression: [32m'() => {\n'[39m +
        [32m"        const hasAuth = !!localStorage.getItem('auth') || !!localStorage.getItem('user');\n"[39m +
        [32m"        const isTestMode = localStorage.getItem('test-mode') === 'true';\n"[39m +
        [32m'        return hasAuth || isTestMode;\n'[39m +
        [32m'      }'[39m,
      isFunction: [33mtrue[39m,
      arg: [36m[Object][39m
    },
    boxedStack: [90mundefined[39m,
    steps: [],
    attachmentIndices: [],
    info: TestStepInfoImpl {
      annotations: [],
      _testInfo: [36m[TestInfoImpl][39m,
      _stepId: [32m'pw:api@12'[39m
    },
    complete: [36m[Function: complete][39m,
    endWallTime: [33m1751167293898[39m,
    error: {
      message: [32m"Error: page.evaluate: SecurityError: Failed to read the 'localStorage' property from 'Window': Access is denied for this document.\n"[39m +
        [32m'    at UtilityScript.evaluate (<anonymous>:293:16)\n'[39m +
        [32m'    at UtilityScript.<anonymous> (<anonymous>:1:44)'[39m,
      stack: [32m"Error: page.evaluate: SecurityError: Failed to read the 'localStorage' property from 'Window': Access is denied for this document.\n"[39m +
        [32m'    at UtilityScript.evaluate (<anonymous>:293:16)\n'[39m +
        [32m'    at UtilityScript.<anonymous> (<anonymous>:1:44)\n'[39m +
        [32m'    at UtilityScript.evaluate (<anonymous>:293:16)\n'[39m +
        [32m'    at UtilityScript.<anonymous> (<anonymous>:1:44)\n'[39m +
        [32m'    at TestUtils.isLoggedIn (/mnt/r/Projects/ForkFlow-crm/tests/helpers/testUtils.ts:51:30)\n'[39m +
        [32m'    at /mnt/r/Projects/ForkFlow-crm/tests/organizations/error-handling.spec.ts:15:23'[39m,
      cause: [90mundefined[39m
    }
  }
}
]]>
</system-err>
</testcase>
<testcase name="Organization Error Handling and Edge Cases › GPS and Geolocation Edge Cases › should handle GPS permission denied" classname="organizations/error-handling.spec.ts" time="0.661">
<failure message="error-handling.spec.ts:341:5 should handle GPS permission denied" type="FAILURE">
<![CDATA[  [chromium] › organizations/error-handling.spec.ts:341:5 › Organization Error Handling and Edge Cases › GPS and Geolocation Edge Cases › should handle GPS permission denied 

    Error: page.evaluate: SecurityError: Failed to read the 'localStorage' property from 'Window': Access is denied for this document.
        at UtilityScript.evaluate (<anonymous>:293:16)
        at UtilityScript.<anonymous> (<anonymous>:1:44)
        at UtilityScript.evaluate (<anonymous>:293:16)
        at UtilityScript.<anonymous> (<anonymous>:1:44)
        at TestUtils.login (/mnt/r/Projects/ForkFlow-crm/tests/helpers/testUtils.ts:9:38)
        at /mnt/r/Projects/ForkFlow-crm/tests/organizations/error-handling.spec.ts:16:19

    attachment #1: screenshot (image/png) ──────────────────────────────────────────────────────────
    test-results/organizations-error-handli-8a260-andle-GPS-permission-denied-chromium/test-failed-1.png
    ────────────────────────────────────────────────────────────────────────────────────────────────

    attachment #2: video (video/webm) ──────────────────────────────────────────────────────────────
    test-results/organizations-error-handli-8a260-andle-GPS-permission-denied-chromium/video.webm
    ────────────────────────────────────────────────────────────────────────────────────────────────
]]>
</failure>
<system-out>
<![CDATA[
[[ATTACHMENT|organizations-error-handli-8a260-andle-GPS-permission-denied-chromium/test-failed-1.png]]

[[ATTACHMENT|organizations-error-handli-8a260-andle-GPS-permission-denied-chromium/video.webm]]
]]>
</system-out>
<system-err>
<![CDATA[Error accessing localStorage: page.evaluate: SecurityError: Failed to read the 'localStorage' property from 'Window': Access is denied for this document.
    at UtilityScript.evaluate (<anonymous>:293:16)
    at UtilityScript.<anonymous> (<anonymous>:1:44)
    at TestUtils.isLoggedIn [90m(/mnt/r/Projects/ForkFlow-crm/[39mtests/helpers/testUtils.ts:51:30[90m)[39m
    at [90m/mnt/r/Projects/ForkFlow-crm/[39mtests/organizations/error-handling.spec.ts:15:23 {
  [[32mSymbol(step)[39m]: {
    stepId: [32m'pw:api@12'[39m,
    location: {
      file: [32m'/mnt/r/Projects/ForkFlow-crm/tests/helpers/testUtils.ts'[39m,
      line: [33m51[39m,
      column: [33m30[39m,
      function: [32m'TestUtils.isLoggedIn'[39m
    },
    category: [32m'pw:api'[39m,
    title: [32m'Evaluate'[39m,
    apiName: [32m'page.evaluate'[39m,
    params: {
      expression: [32m'() => {\n'[39m +
        [32m"        const hasAuth = !!localStorage.getItem('auth') || !!localStorage.getItem('user');\n"[39m +
        [32m"        const isTestMode = localStorage.getItem('test-mode') === 'true';\n"[39m +
        [32m'        return hasAuth || isTestMode;\n'[39m +
        [32m'      }'[39m,
      isFunction: [33mtrue[39m,
      arg: [36m[Object][39m
    },
    boxedStack: [90mundefined[39m,
    steps: [],
    attachmentIndices: [],
    info: TestStepInfoImpl {
      annotations: [],
      _testInfo: [36m[TestInfoImpl][39m,
      _stepId: [32m'pw:api@12'[39m
    },
    complete: [36m[Function: complete][39m,
    endWallTime: [33m1751167305128[39m,
    error: {
      message: [32m"Error: page.evaluate: SecurityError: Failed to read the 'localStorage' property from 'Window': Access is denied for this document.\n"[39m +
        [32m'    at UtilityScript.evaluate (<anonymous>:293:16)\n'[39m +
        [32m'    at UtilityScript.<anonymous> (<anonymous>:1:44)'[39m,
      stack: [32m"Error: page.evaluate: SecurityError: Failed to read the 'localStorage' property from 'Window': Access is denied for this document.\n"[39m +
        [32m'    at UtilityScript.evaluate (<anonymous>:293:16)\n'[39m +
        [32m'    at UtilityScript.<anonymous> (<anonymous>:1:44)\n'[39m +
        [32m'    at UtilityScript.evaluate (<anonymous>:293:16)\n'[39m +
        [32m'    at UtilityScript.<anonymous> (<anonymous>:1:44)\n'[39m +
        [32m'    at TestUtils.isLoggedIn (/mnt/r/Projects/ForkFlow-crm/tests/helpers/testUtils.ts:51:30)\n'[39m +
        [32m'    at /mnt/r/Projects/ForkFlow-crm/tests/organizations/error-handling.spec.ts:15:23'[39m,
      cause: [90mundefined[39m
    }
  }
}
]]>
</system-err>
</testcase>
<testcase name="Organization Error Handling and Edge Cases › GPS and Geolocation Edge Cases › should handle GPS timeout" classname="organizations/error-handling.spec.ts" time="0.664">
<failure message="error-handling.spec.ts:353:5 should handle GPS timeout" type="FAILURE">
<![CDATA[  [chromium] › organizations/error-handling.spec.ts:353:5 › Organization Error Handling and Edge Cases › GPS and Geolocation Edge Cases › should handle GPS timeout 

    Error: page.evaluate: SecurityError: Failed to read the 'localStorage' property from 'Window': Access is denied for this document.
        at UtilityScript.evaluate (<anonymous>:293:16)
        at UtilityScript.<anonymous> (<anonymous>:1:44)
        at UtilityScript.evaluate (<anonymous>:293:16)
        at UtilityScript.<anonymous> (<anonymous>:1:44)
        at TestUtils.login (/mnt/r/Projects/ForkFlow-crm/tests/helpers/testUtils.ts:9:38)
        at /mnt/r/Projects/ForkFlow-crm/tests/organizations/error-handling.spec.ts:16:19

    attachment #1: screenshot (image/png) ──────────────────────────────────────────────────────────
    test-results/organizations-error-handli-88966-s-should-handle-GPS-timeout-chromium/test-failed-1.png
    ────────────────────────────────────────────────────────────────────────────────────────────────

    attachment #2: video (video/webm) ──────────────────────────────────────────────────────────────
    test-results/organizations-error-handli-88966-s-should-handle-GPS-timeout-chromium/video.webm
    ────────────────────────────────────────────────────────────────────────────────────────────────
]]>
</failure>
<system-out>
<![CDATA[
[[ATTACHMENT|organizations-error-handli-88966-s-should-handle-GPS-timeout-chromium/test-failed-1.png]]

[[ATTACHMENT|organizations-error-handli-88966-s-should-handle-GPS-timeout-chromium/video.webm]]
]]>
</system-out>
<system-err>
<![CDATA[Error accessing localStorage: page.evaluate: SecurityError: Failed to read the 'localStorage' property from 'Window': Access is denied for this document.
    at UtilityScript.evaluate (<anonymous>:293:16)
    at UtilityScript.<anonymous> (<anonymous>:1:44)
    at TestUtils.isLoggedIn [90m(/mnt/r/Projects/ForkFlow-crm/[39mtests/helpers/testUtils.ts:51:30[90m)[39m
    at [90m/mnt/r/Projects/ForkFlow-crm/[39mtests/organizations/error-handling.spec.ts:15:23 {
  [[32mSymbol(step)[39m]: {
    stepId: [32m'pw:api@12'[39m,
    location: {
      file: [32m'/mnt/r/Projects/ForkFlow-crm/tests/helpers/testUtils.ts'[39m,
      line: [33m51[39m,
      column: [33m30[39m,
      function: [32m'TestUtils.isLoggedIn'[39m
    },
    category: [32m'pw:api'[39m,
    title: [32m'Evaluate'[39m,
    apiName: [32m'page.evaluate'[39m,
    params: {
      expression: [32m'() => {\n'[39m +
        [32m"        const hasAuth = !!localStorage.getItem('auth') || !!localStorage.getItem('user');\n"[39m +
        [32m"        const isTestMode = localStorage.getItem('test-mode') === 'true';\n"[39m +
        [32m'        return hasAuth || isTestMode;\n'[39m +
        [32m'      }'[39m,
      isFunction: [33mtrue[39m,
      arg: [36m[Object][39m
    },
    boxedStack: [90mundefined[39m,
    steps: [],
    attachmentIndices: [],
    info: TestStepInfoImpl {
      annotations: [],
      _testInfo: [36m[TestInfoImpl][39m,
      _stepId: [32m'pw:api@12'[39m
    },
    complete: [36m[Function: complete][39m,
    endWallTime: [33m1751167307619[39m,
    error: {
      message: [32m"Error: page.evaluate: SecurityError: Failed to read the 'localStorage' property from 'Window': Access is denied for this document.\n"[39m +
        [32m'    at UtilityScript.evaluate (<anonymous>:293:16)\n'[39m +
        [32m'    at UtilityScript.<anonymous> (<anonymous>:1:44)'[39m,
      stack: [32m"Error: page.evaluate: SecurityError: Failed to read the 'localStorage' property from 'Window': Access is denied for this document.\n"[39m +
        [32m'    at UtilityScript.evaluate (<anonymous>:293:16)\n'[39m +
        [32m'    at UtilityScript.<anonymous> (<anonymous>:1:44)\n'[39m +
        [32m'    at UtilityScript.evaluate (<anonymous>:293:16)\n'[39m +
        [32m'    at UtilityScript.<anonymous> (<anonymous>:1:44)\n'[39m +
        [32m'    at TestUtils.isLoggedIn (/mnt/r/Projects/ForkFlow-crm/tests/helpers/testUtils.ts:51:30)\n'[39m +
        [32m'    at /mnt/r/Projects/ForkFlow-crm/tests/organizations/error-handling.spec.ts:15:23'[39m,
      cause: [90mundefined[39m
    }
  }
}
]]>
</system-err>
</testcase>
<testcase name="Organization Error Handling and Edge Cases › GPS and Geolocation Edge Cases › should handle invalid GPS coordinates" classname="organizations/error-handling.spec.ts" time="0.68">
<failure message="error-handling.spec.ts:378:5 should handle invalid GPS coordinates" type="FAILURE">
<![CDATA[  [chromium] › organizations/error-handling.spec.ts:378:5 › Organization Error Handling and Edge Cases › GPS and Geolocation Edge Cases › should handle invalid GPS coordinates 

    Error: page.evaluate: SecurityError: Failed to read the 'localStorage' property from 'Window': Access is denied for this document.
        at UtilityScript.evaluate (<anonymous>:293:16)
        at UtilityScript.<anonymous> (<anonymous>:1:44)
        at UtilityScript.evaluate (<anonymous>:293:16)
        at UtilityScript.<anonymous> (<anonymous>:1:44)
        at TestUtils.login (/mnt/r/Projects/ForkFlow-crm/tests/helpers/testUtils.ts:9:38)
        at /mnt/r/Projects/ForkFlow-crm/tests/organizations/error-handling.spec.ts:16:19

    attachment #1: screenshot (image/png) ──────────────────────────────────────────────────────────
    test-results/organizations-error-handli-ffd61-dle-invalid-GPS-coordinates-chromium/test-failed-1.png
    ────────────────────────────────────────────────────────────────────────────────────────────────

    attachment #2: video (video/webm) ──────────────────────────────────────────────────────────────
    test-results/organizations-error-handli-ffd61-dle-invalid-GPS-coordinates-chromium/video.webm
    ────────────────────────────────────────────────────────────────────────────────────────────────
]]>
</failure>
<system-out>
<![CDATA[
[[ATTACHMENT|organizations-error-handli-ffd61-dle-invalid-GPS-coordinates-chromium/test-failed-1.png]]

[[ATTACHMENT|organizations-error-handli-ffd61-dle-invalid-GPS-coordinates-chromium/video.webm]]
]]>
</system-out>
<system-err>
<![CDATA[Error accessing localStorage: page.evaluate: SecurityError: Failed to read the 'localStorage' property from 'Window': Access is denied for this document.
    at UtilityScript.evaluate (<anonymous>:293:16)
    at UtilityScript.<anonymous> (<anonymous>:1:44)
    at TestUtils.isLoggedIn [90m(/mnt/r/Projects/ForkFlow-crm/[39mtests/helpers/testUtils.ts:51:30[90m)[39m
    at [90m/mnt/r/Projects/ForkFlow-crm/[39mtests/organizations/error-handling.spec.ts:15:23 {
  [[32mSymbol(step)[39m]: {
    stepId: [32m'pw:api@12'[39m,
    location: {
      file: [32m'/mnt/r/Projects/ForkFlow-crm/tests/helpers/testUtils.ts'[39m,
      line: [33m51[39m,
      column: [33m30[39m,
      function: [32m'TestUtils.isLoggedIn'[39m
    },
    category: [32m'pw:api'[39m,
    title: [32m'Evaluate'[39m,
    apiName: [32m'page.evaluate'[39m,
    params: {
      expression: [32m'() => {\n'[39m +
        [32m"        const hasAuth = !!localStorage.getItem('auth') || !!localStorage.getItem('user');\n"[39m +
        [32m"        const isTestMode = localStorage.getItem('test-mode') === 'true';\n"[39m +
        [32m'        return hasAuth || isTestMode;\n'[39m +
        [32m'      }'[39m,
      isFunction: [33mtrue[39m,
      arg: [36m[Object][39m
    },
    boxedStack: [90mundefined[39m,
    steps: [],
    attachmentIndices: [],
    info: TestStepInfoImpl {
      annotations: [],
      _testInfo: [36m[TestInfoImpl][39m,
      _stepId: [32m'pw:api@12'[39m
    },
    complete: [36m[Function: complete][39m,
    endWallTime: [33m1751167318945[39m,
    error: {
      message: [32m"Error: page.evaluate: SecurityError: Failed to read the 'localStorage' property from 'Window': Access is denied for this document.\n"[39m +
        [32m'    at UtilityScript.evaluate (<anonymous>:293:16)\n'[39m +
        [32m'    at UtilityScript.<anonymous> (<anonymous>:1:44)'[39m,
      stack: [32m"Error: page.evaluate: SecurityError: Failed to read the 'localStorage' property from 'Window': Access is denied for this document.\n"[39m +
        [32m'    at UtilityScript.evaluate (<anonymous>:293:16)\n'[39m +
        [32m'    at UtilityScript.<anonymous> (<anonymous>:1:44)\n'[39m +
        [32m'    at UtilityScript.evaluate (<anonymous>:293:16)\n'[39m +
        [32m'    at UtilityScript.<anonymous> (<anonymous>:1:44)\n'[39m +
        [32m'    at TestUtils.isLoggedIn (/mnt/r/Projects/ForkFlow-crm/tests/helpers/testUtils.ts:51:30)\n'[39m +
        [32m'    at /mnt/r/Projects/ForkFlow-crm/tests/organizations/error-handling.spec.ts:15:23'[39m,
      cause: [90mundefined[39m
    }
  }
}
]]>
</system-err>
</testcase>
<testcase name="Organization Error Handling and Edge Cases › Form State Edge Cases › should handle browser back/forward during form submission" classname="organizations/error-handling.spec.ts" time="0.676">
<failure message="error-handling.spec.ts:408:5 should handle browser back/forward during form submission" type="FAILURE">
<![CDATA[  [chromium] › organizations/error-handling.spec.ts:408:5 › Organization Error Handling and Edge Cases › Form State Edge Cases › should handle browser back/forward during form submission 

    Error: page.evaluate: SecurityError: Failed to read the 'localStorage' property from 'Window': Access is denied for this document.
        at UtilityScript.evaluate (<anonymous>:293:16)
        at UtilityScript.<anonymous> (<anonymous>:1:44)
        at UtilityScript.evaluate (<anonymous>:293:16)
        at UtilityScript.<anonymous> (<anonymous>:1:44)
        at TestUtils.login (/mnt/r/Projects/ForkFlow-crm/tests/helpers/testUtils.ts:9:38)
        at /mnt/r/Projects/ForkFlow-crm/tests/organizations/error-handling.spec.ts:16:19

    attachment #1: screenshot (image/png) ──────────────────────────────────────────────────────────
    test-results/organizations-error-handli-86fda-ward-during-form-submission-chromium/test-failed-1.png
    ────────────────────────────────────────────────────────────────────────────────────────────────

    attachment #2: video (video/webm) ──────────────────────────────────────────────────────────────
    test-results/organizations-error-handli-86fda-ward-during-form-submission-chromium/video.webm
    ────────────────────────────────────────────────────────────────────────────────────────────────
]]>
</failure>
<system-out>
<![CDATA[
[[ATTACHMENT|organizations-error-handli-86fda-ward-during-form-submission-chromium/test-failed-1.png]]

[[ATTACHMENT|organizations-error-handli-86fda-ward-during-form-submission-chromium/video.webm]]
]]>
</system-out>
<system-err>
<![CDATA[Error accessing localStorage: page.evaluate: SecurityError: Failed to read the 'localStorage' property from 'Window': Access is denied for this document.
    at UtilityScript.evaluate (<anonymous>:293:16)
    at UtilityScript.<anonymous> (<anonymous>:1:44)
    at TestUtils.isLoggedIn [90m(/mnt/r/Projects/ForkFlow-crm/[39mtests/helpers/testUtils.ts:51:30[90m)[39m
    at [90m/mnt/r/Projects/ForkFlow-crm/[39mtests/organizations/error-handling.spec.ts:15:23 {
  [[32mSymbol(step)[39m]: {
    stepId: [32m'pw:api@12'[39m,
    location: {
      file: [32m'/mnt/r/Projects/ForkFlow-crm/tests/helpers/testUtils.ts'[39m,
      line: [33m51[39m,
      column: [33m30[39m,
      function: [32m'TestUtils.isLoggedIn'[39m
    },
    category: [32m'pw:api'[39m,
    title: [32m'Evaluate'[39m,
    apiName: [32m'page.evaluate'[39m,
    params: {
      expression: [32m'() => {\n'[39m +
        [32m"        const hasAuth = !!localStorage.getItem('auth') || !!localStorage.getItem('user');\n"[39m +
        [32m"        const isTestMode = localStorage.getItem('test-mode') === 'true';\n"[39m +
        [32m'        return hasAuth || isTestMode;\n'[39m +
        [32m'      }'[39m,
      isFunction: [33mtrue[39m,
      arg: [36m[Object][39m
    },
    boxedStack: [90mundefined[39m,
    steps: [],
    attachmentIndices: [],
    info: TestStepInfoImpl {
      annotations: [],
      _testInfo: [36m[TestInfoImpl][39m,
      _stepId: [32m'pw:api@12'[39m
    },
    complete: [36m[Function: complete][39m,
    endWallTime: [33m1751167320962[39m,
    error: {
      message: [32m"Error: page.evaluate: SecurityError: Failed to read the 'localStorage' property from 'Window': Access is denied for this document.\n"[39m +
        [32m'    at UtilityScript.evaluate (<anonymous>:293:16)\n'[39m +
        [32m'    at UtilityScript.<anonymous> (<anonymous>:1:44)'[39m,
      stack: [32m"Error: page.evaluate: SecurityError: Failed to read the 'localStorage' property from 'Window': Access is denied for this document.\n"[39m +
        [32m'    at UtilityScript.evaluate (<anonymous>:293:16)\n'[39m +
        [32m'    at UtilityScript.<anonymous> (<anonymous>:1:44)\n'[39m +
        [32m'    at UtilityScript.evaluate (<anonymous>:293:16)\n'[39m +
        [32m'    at UtilityScript.<anonymous> (<anonymous>:1:44)\n'[39m +
        [32m'    at TestUtils.isLoggedIn (/mnt/r/Projects/ForkFlow-crm/tests/helpers/testUtils.ts:51:30)\n'[39m +
        [32m'    at /mnt/r/Projects/ForkFlow-crm/tests/organizations/error-handling.spec.ts:15:23'[39m,
      cause: [90mundefined[39m
    }
  }
}
]]>
</system-err>
</testcase>
<testcase name="Organization Error Handling and Edge Cases › Form State Edge Cases › should handle page refresh during form submission" classname="organizations/error-handling.spec.ts" time="0.64">
<failure message="error-handling.spec.ts:422:5 should handle page refresh during form submission" type="FAILURE">
<![CDATA[  [chromium] › organizations/error-handling.spec.ts:422:5 › Organization Error Handling and Edge Cases › Form State Edge Cases › should handle page refresh during form submission 

    Error: page.evaluate: SecurityError: Failed to read the 'localStorage' property from 'Window': Access is denied for this document.
        at UtilityScript.evaluate (<anonymous>:293:16)
        at UtilityScript.<anonymous> (<anonymous>:1:44)
        at UtilityScript.evaluate (<anonymous>:293:16)
        at UtilityScript.<anonymous> (<anonymous>:1:44)
        at TestUtils.login (/mnt/r/Projects/ForkFlow-crm/tests/helpers/testUtils.ts:9:38)
        at /mnt/r/Projects/ForkFlow-crm/tests/organizations/error-handling.spec.ts:16:19

    attachment #1: screenshot (image/png) ──────────────────────────────────────────────────────────
    test-results/organizations-error-handli-07ef0-resh-during-form-submission-chromium/test-failed-1.png
    ────────────────────────────────────────────────────────────────────────────────────────────────

    attachment #2: video (video/webm) ──────────────────────────────────────────────────────────────
    test-results/organizations-error-handli-07ef0-resh-during-form-submission-chromium/video.webm
    ────────────────────────────────────────────────────────────────────────────────────────────────
]]>
</failure>
<system-out>
<![CDATA[
[[ATTACHMENT|organizations-error-handli-07ef0-resh-during-form-submission-chromium/test-failed-1.png]]

[[ATTACHMENT|organizations-error-handli-07ef0-resh-during-form-submission-chromium/video.webm]]
]]>
</system-out>
<system-err>
<![CDATA[Error accessing localStorage: page.evaluate: SecurityError: Failed to read the 'localStorage' property from 'Window': Access is denied for this document.
    at UtilityScript.evaluate (<anonymous>:293:16)
    at UtilityScript.<anonymous> (<anonymous>:1:44)
    at TestUtils.isLoggedIn [90m(/mnt/r/Projects/ForkFlow-crm/[39mtests/helpers/testUtils.ts:51:30[90m)[39m
    at [90m/mnt/r/Projects/ForkFlow-crm/[39mtests/organizations/error-handling.spec.ts:15:23 {
  [[32mSymbol(step)[39m]: {
    stepId: [32m'pw:api@12'[39m,
    location: {
      file: [32m'/mnt/r/Projects/ForkFlow-crm/tests/helpers/testUtils.ts'[39m,
      line: [33m51[39m,
      column: [33m30[39m,
      function: [32m'TestUtils.isLoggedIn'[39m
    },
    category: [32m'pw:api'[39m,
    title: [32m'Evaluate'[39m,
    apiName: [32m'page.evaluate'[39m,
    params: {
      expression: [32m'() => {\n'[39m +
        [32m"        const hasAuth = !!localStorage.getItem('auth') || !!localStorage.getItem('user');\n"[39m +
        [32m"        const isTestMode = localStorage.getItem('test-mode') === 'true';\n"[39m +
        [32m'        return hasAuth || isTestMode;\n'[39m +
        [32m'      }'[39m,
      isFunction: [33mtrue[39m,
      arg: [36m[Object][39m
    },
    boxedStack: [90mundefined[39m,
    steps: [],
    attachmentIndices: [],
    info: TestStepInfoImpl {
      annotations: [],
      _testInfo: [36m[TestInfoImpl][39m,
      _stepId: [32m'pw:api@12'[39m
    },
    complete: [36m[Function: complete][39m,
    endWallTime: [33m1751167332047[39m,
    error: {
      message: [32m"Error: page.evaluate: SecurityError: Failed to read the 'localStorage' property from 'Window': Access is denied for this document.\n"[39m +
        [32m'    at UtilityScript.evaluate (<anonymous>:293:16)\n'[39m +
        [32m'    at UtilityScript.<anonymous> (<anonymous>:1:44)'[39m,
      stack: [32m"Error: page.evaluate: SecurityError: Failed to read the 'localStorage' property from 'Window': Access is denied for this document.\n"[39m +
        [32m'    at UtilityScript.evaluate (<anonymous>:293:16)\n'[39m +
        [32m'    at UtilityScript.<anonymous> (<anonymous>:1:44)\n'[39m +
        [32m'    at UtilityScript.evaluate (<anonymous>:293:16)\n'[39m +
        [32m'    at UtilityScript.<anonymous> (<anonymous>:1:44)\n'[39m +
        [32m'    at TestUtils.isLoggedIn (/mnt/r/Projects/ForkFlow-crm/tests/helpers/testUtils.ts:51:30)\n'[39m +
        [32m'    at /mnt/r/Projects/ForkFlow-crm/tests/organizations/error-handling.spec.ts:15:23'[39m,
      cause: [90mundefined[39m
    }
  }
}
]]>
</system-err>
</testcase>
<testcase name="Organization Error Handling and Edge Cases › Form State Edge Cases › should handle browser tab close during form editing" classname="organizations/error-handling.spec.ts" time="0.72">
<failure message="error-handling.spec.ts:441:5 should handle browser tab close during form editing" type="FAILURE">
<![CDATA[  [chromium] › organizations/error-handling.spec.ts:441:5 › Organization Error Handling and Edge Cases › Form State Edge Cases › should handle browser tab close during form editing 

    Error: page.evaluate: SecurityError: Failed to read the 'localStorage' property from 'Window': Access is denied for this document.
        at UtilityScript.evaluate (<anonymous>:293:16)
        at UtilityScript.<anonymous> (<anonymous>:1:44)
        at UtilityScript.evaluate (<anonymous>:293:16)
        at UtilityScript.<anonymous> (<anonymous>:1:44)
        at TestUtils.login (/mnt/r/Projects/ForkFlow-crm/tests/helpers/testUtils.ts:9:38)
        at /mnt/r/Projects/ForkFlow-crm/tests/organizations/error-handling.spec.ts:16:19

    attachment #1: screenshot (image/png) ──────────────────────────────────────────────────────────
    test-results/organizations-error-handli-50a78-b-close-during-form-editing-chromium/test-failed-1.png
    ────────────────────────────────────────────────────────────────────────────────────────────────

    attachment #2: video (video/webm) ──────────────────────────────────────────────────────────────
    test-results/organizations-error-handli-50a78-b-close-during-form-editing-chromium/video.webm
    ────────────────────────────────────────────────────────────────────────────────────────────────
]]>
</failure>
<system-out>
<![CDATA[
[[ATTACHMENT|organizations-error-handli-50a78-b-close-during-form-editing-chromium/test-failed-1.png]]

[[ATTACHMENT|organizations-error-handli-50a78-b-close-during-form-editing-chromium/video.webm]]
]]>
</system-out>
<system-err>
<![CDATA[Error accessing localStorage: page.evaluate: SecurityError: Failed to read the 'localStorage' property from 'Window': Access is denied for this document.
    at UtilityScript.evaluate (<anonymous>:293:16)
    at UtilityScript.<anonymous> (<anonymous>:1:44)
    at TestUtils.isLoggedIn [90m(/mnt/r/Projects/ForkFlow-crm/[39mtests/helpers/testUtils.ts:51:30[90m)[39m
    at [90m/mnt/r/Projects/ForkFlow-crm/[39mtests/organizations/error-handling.spec.ts:15:23 {
  [[32mSymbol(step)[39m]: {
    stepId: [32m'pw:api@12'[39m,
    location: {
      file: [32m'/mnt/r/Projects/ForkFlow-crm/tests/helpers/testUtils.ts'[39m,
      line: [33m51[39m,
      column: [33m30[39m,
      function: [32m'TestUtils.isLoggedIn'[39m
    },
    category: [32m'pw:api'[39m,
    title: [32m'Evaluate'[39m,
    apiName: [32m'page.evaluate'[39m,
    params: {
      expression: [32m'() => {\n'[39m +
        [32m"        const hasAuth = !!localStorage.getItem('auth') || !!localStorage.getItem('user');\n"[39m +
        [32m"        const isTestMode = localStorage.getItem('test-mode') === 'true';\n"[39m +
        [32m'        return hasAuth || isTestMode;\n'[39m +
        [32m'      }'[39m,
      isFunction: [33mtrue[39m,
      arg: [36m[Object][39m
    },
    boxedStack: [90mundefined[39m,
    steps: [],
    attachmentIndices: [],
    info: TestStepInfoImpl {
      annotations: [],
      _testInfo: [36m[TestInfoImpl][39m,
      _stepId: [32m'pw:api@12'[39m
    },
    complete: [36m[Function: complete][39m,
    endWallTime: [33m1751167333930[39m,
    error: {
      message: [32m"Error: page.evaluate: SecurityError: Failed to read the 'localStorage' property from 'Window': Access is denied for this document.\n"[39m +
        [32m'    at UtilityScript.evaluate (<anonymous>:293:16)\n'[39m +
        [32m'    at UtilityScript.<anonymous> (<anonymous>:1:44)'[39m,
      stack: [32m"Error: page.evaluate: SecurityError: Failed to read the 'localStorage' property from 'Window': Access is denied for this document.\n"[39m +
        [32m'    at UtilityScript.evaluate (<anonymous>:293:16)\n'[39m +
        [32m'    at UtilityScript.<anonymous> (<anonymous>:1:44)\n'[39m +
        [32m'    at UtilityScript.evaluate (<anonymous>:293:16)\n'[39m +
        [32m'    at UtilityScript.<anonymous> (<anonymous>:1:44)\n'[39m +
        [32m'    at TestUtils.isLoggedIn (/mnt/r/Projects/ForkFlow-crm/tests/helpers/testUtils.ts:51:30)\n'[39m +
        [32m'    at /mnt/r/Projects/ForkFlow-crm/tests/organizations/error-handling.spec.ts:15:23'[39m,
      cause: [90mundefined[39m
    }
  }
}
]]>
</system-err>
</testcase>
<testcase name="Organization Error Handling and Edge Cases › Data Integrity Edge Cases › should handle duplicate organization names" classname="organizations/error-handling.spec.ts" time="0.656">
<failure message="error-handling.spec.ts:458:5 should handle duplicate organization names" type="FAILURE">
<![CDATA[  [chromium] › organizations/error-handling.spec.ts:458:5 › Organization Error Handling and Edge Cases › Data Integrity Edge Cases › should handle duplicate organization names 

    Error: page.evaluate: SecurityError: Failed to read the 'localStorage' property from 'Window': Access is denied for this document.
        at UtilityScript.evaluate (<anonymous>:293:16)
        at UtilityScript.<anonymous> (<anonymous>:1:44)
        at UtilityScript.evaluate (<anonymous>:293:16)
        at UtilityScript.<anonymous> (<anonymous>:1:44)
        at TestUtils.login (/mnt/r/Projects/ForkFlow-crm/tests/helpers/testUtils.ts:9:38)
        at /mnt/r/Projects/ForkFlow-crm/tests/organizations/error-handling.spec.ts:16:19

    attachment #1: screenshot (image/png) ──────────────────────────────────────────────────────────
    test-results/organizations-error-handli-6c1c9-uplicate-organization-names-chromium/test-failed-1.png
    ────────────────────────────────────────────────────────────────────────────────────────────────

    attachment #2: video (video/webm) ──────────────────────────────────────────────────────────────
    test-results/organizations-error-handli-6c1c9-uplicate-organization-names-chromium/video.webm
    ────────────────────────────────────────────────────────────────────────────────────────────────
]]>
</failure>
<system-out>
<![CDATA[
[[ATTACHMENT|organizations-error-handli-6c1c9-uplicate-organization-names-chromium/test-failed-1.png]]

[[ATTACHMENT|organizations-error-handli-6c1c9-uplicate-organization-names-chromium/video.webm]]
]]>
</system-out>
<system-err>
<![CDATA[Error accessing localStorage: page.evaluate: SecurityError: Failed to read the 'localStorage' property from 'Window': Access is denied for this document.
    at UtilityScript.evaluate (<anonymous>:293:16)
    at UtilityScript.<anonymous> (<anonymous>:1:44)
    at TestUtils.isLoggedIn [90m(/mnt/r/Projects/ForkFlow-crm/[39mtests/helpers/testUtils.ts:51:30[90m)[39m
    at [90m/mnt/r/Projects/ForkFlow-crm/[39mtests/organizations/error-handling.spec.ts:15:23 {
  [[32mSymbol(step)[39m]: {
    stepId: [32m'pw:api@12'[39m,
    location: {
      file: [32m'/mnt/r/Projects/ForkFlow-crm/tests/helpers/testUtils.ts'[39m,
      line: [33m51[39m,
      column: [33m30[39m,
      function: [32m'TestUtils.isLoggedIn'[39m
    },
    category: [32m'pw:api'[39m,
    title: [32m'Evaluate'[39m,
    apiName: [32m'page.evaluate'[39m,
    params: {
      expression: [32m'() => {\n'[39m +
        [32m"        const hasAuth = !!localStorage.getItem('auth') || !!localStorage.getItem('user');\n"[39m +
        [32m"        const isTestMode = localStorage.getItem('test-mode') === 'true';\n"[39m +
        [32m'        return hasAuth || isTestMode;\n'[39m +
        [32m'      }'[39m,
      isFunction: [33mtrue[39m,
      arg: [36m[Object][39m
    },
    boxedStack: [90mundefined[39m,
    steps: [],
    attachmentIndices: [],
    info: TestStepInfoImpl {
      annotations: [],
      _testInfo: [36m[TestInfoImpl][39m,
      _stepId: [32m'pw:api@12'[39m
    },
    complete: [36m[Function: complete][39m,
    endWallTime: [33m1751167345961[39m,
    error: {
      message: [32m"Error: page.evaluate: SecurityError: Failed to read the 'localStorage' property from 'Window': Access is denied for this document.\n"[39m +
        [32m'    at UtilityScript.evaluate (<anonymous>:293:16)\n'[39m +
        [32m'    at UtilityScript.<anonymous> (<anonymous>:1:44)'[39m,
      stack: [32m"Error: page.evaluate: SecurityError: Failed to read the 'localStorage' property from 'Window': Access is denied for this document.\n"[39m +
        [32m'    at UtilityScript.evaluate (<anonymous>:293:16)\n'[39m +
        [32m'    at UtilityScript.<anonymous> (<anonymous>:1:44)\n'[39m +
        [32m'    at UtilityScript.evaluate (<anonymous>:293:16)\n'[39m +
        [32m'    at UtilityScript.<anonymous> (<anonymous>:1:44)\n'[39m +
        [32m'    at TestUtils.isLoggedIn (/mnt/r/Projects/ForkFlow-crm/tests/helpers/testUtils.ts:51:30)\n'[39m +
        [32m'    at /mnt/r/Projects/ForkFlow-crm/tests/organizations/error-handling.spec.ts:15:23'[39m,
      cause: [90mundefined[39m
    }
  }
}
]]>
</system-err>
</testcase>
<testcase name="Organization Error Handling and Edge Cases › Data Integrity Edge Cases › should handle orphaned data cleanup" classname="organizations/error-handling.spec.ts" time="0.648">
<failure message="error-handling.spec.ts:482:5 should handle orphaned data cleanup" type="FAILURE">
<![CDATA[  [chromium] › organizations/error-handling.spec.ts:482:5 › Organization Error Handling and Edge Cases › Data Integrity Edge Cases › should handle orphaned data cleanup 

    Error: page.evaluate: SecurityError: Failed to read the 'localStorage' property from 'Window': Access is denied for this document.
        at UtilityScript.evaluate (<anonymous>:293:16)
        at UtilityScript.<anonymous> (<anonymous>:1:44)
        at UtilityScript.evaluate (<anonymous>:293:16)
        at UtilityScript.<anonymous> (<anonymous>:1:44)
        at TestUtils.login (/mnt/r/Projects/ForkFlow-crm/tests/helpers/testUtils.ts:9:38)
        at /mnt/r/Projects/ForkFlow-crm/tests/organizations/error-handling.spec.ts:16:19

    attachment #1: screenshot (image/png) ──────────────────────────────────────────────────────────
    test-results/organizations-error-handli-9c2f5-andle-orphaned-data-cleanup-chromium/test-failed-1.png
    ────────────────────────────────────────────────────────────────────────────────────────────────

    attachment #2: video (video/webm) ──────────────────────────────────────────────────────────────
    test-results/organizations-error-handli-9c2f5-andle-orphaned-data-cleanup-chromium/video.webm
    ────────────────────────────────────────────────────────────────────────────────────────────────
]]>
</failure>
<system-out>
<![CDATA[
[[ATTACHMENT|organizations-error-handli-9c2f5-andle-orphaned-data-cleanup-chromium/test-failed-1.png]]

[[ATTACHMENT|organizations-error-handli-9c2f5-andle-orphaned-data-cleanup-chromium/video.webm]]
]]>
</system-out>
<system-err>
<![CDATA[Error accessing localStorage: page.evaluate: SecurityError: Failed to read the 'localStorage' property from 'Window': Access is denied for this document.
    at UtilityScript.evaluate (<anonymous>:293:16)
    at UtilityScript.<anonymous> (<anonymous>:1:44)
    at TestUtils.isLoggedIn [90m(/mnt/r/Projects/ForkFlow-crm/[39mtests/helpers/testUtils.ts:51:30[90m)[39m
    at [90m/mnt/r/Projects/ForkFlow-crm/[39mtests/organizations/error-handling.spec.ts:15:23 {
  [[32mSymbol(step)[39m]: {
    stepId: [32m'pw:api@12'[39m,
    location: {
      file: [32m'/mnt/r/Projects/ForkFlow-crm/tests/helpers/testUtils.ts'[39m,
      line: [33m51[39m,
      column: [33m30[39m,
      function: [32m'TestUtils.isLoggedIn'[39m
    },
    category: [32m'pw:api'[39m,
    title: [32m'Evaluate'[39m,
    apiName: [32m'page.evaluate'[39m,
    params: {
      expression: [32m'() => {\n'[39m +
        [32m"        const hasAuth = !!localStorage.getItem('auth') || !!localStorage.getItem('user');\n"[39m +
        [32m"        const isTestMode = localStorage.getItem('test-mode') === 'true';\n"[39m +
        [32m'        return hasAuth || isTestMode;\n'[39m +
        [32m'      }'[39m,
      isFunction: [33mtrue[39m,
      arg: [36m[Object][39m
    },
    boxedStack: [90mundefined[39m,
    steps: [],
    attachmentIndices: [],
    info: TestStepInfoImpl {
      annotations: [],
      _testInfo: [36m[TestInfoImpl][39m,
      _stepId: [32m'pw:api@12'[39m
    },
    complete: [36m[Function: complete][39m,
    endWallTime: [33m1751167347803[39m,
    error: {
      message: [32m"Error: page.evaluate: SecurityError: Failed to read the 'localStorage' property from 'Window': Access is denied for this document.\n"[39m +
        [32m'    at UtilityScript.evaluate (<anonymous>:293:16)\n'[39m +
        [32m'    at UtilityScript.<anonymous> (<anonymous>:1:44)'[39m,
      stack: [32m"Error: page.evaluate: SecurityError: Failed to read the 'localStorage' property from 'Window': Access is denied for this document.\n"[39m +
        [32m'    at UtilityScript.evaluate (<anonymous>:293:16)\n'[39m +
        [32m'    at UtilityScript.<anonymous> (<anonymous>:1:44)\n'[39m +
        [32m'    at UtilityScript.evaluate (<anonymous>:293:16)\n'[39m +
        [32m'    at UtilityScript.<anonymous> (<anonymous>:1:44)\n'[39m +
        [32m'    at TestUtils.isLoggedIn (/mnt/r/Projects/ForkFlow-crm/tests/helpers/testUtils.ts:51:30)\n'[39m +
        [32m'    at /mnt/r/Projects/ForkFlow-crm/tests/organizations/error-handling.spec.ts:15:23'[39m,
      cause: [90mundefined[39m
    }
  }
}
]]>
</system-err>
</testcase>
</testsuite>
<testsuite name="organizations/form-validation.spec.ts" timestamp="2025-06-29T03:15:12.290Z" hostname="chromium" tests="23" failures="23" skipped="0" time="15.704" errors="0">
<testcase name="Organization Form Validation › Required Field Validation › should require organization name" classname="organizations/form-validation.spec.ts" time="0.671">
<failure message="form-validation.spec.ts:22:5 should require organization name" type="FAILURE">
<![CDATA[  [chromium] › organizations/form-validation.spec.ts:22:5 › Organization Form Validation › Required Field Validation › should require organization name 

    Error: page.evaluate: SecurityError: Failed to read the 'localStorage' property from 'Window': Access is denied for this document.
        at UtilityScript.evaluate (<anonymous>:293:16)
        at UtilityScript.<anonymous> (<anonymous>:1:44)
        at UtilityScript.evaluate (<anonymous>:293:16)
        at UtilityScript.<anonymous> (<anonymous>:1:44)
        at TestUtils.login (/mnt/r/Projects/ForkFlow-crm/tests/helpers/testUtils.ts:9:38)
        at /mnt/r/Projects/ForkFlow-crm/tests/organizations/form-validation.spec.ts:15:19

    attachment #1: screenshot (image/png) ──────────────────────────────────────────────────────────
    test-results/organizations-form-validat-c4ed1-d-require-organization-name-chromium/test-failed-1.png
    ────────────────────────────────────────────────────────────────────────────────────────────────

    attachment #2: video (video/webm) ──────────────────────────────────────────────────────────────
    test-results/organizations-form-validat-c4ed1-d-require-organization-name-chromium/video.webm
    ────────────────────────────────────────────────────────────────────────────────────────────────
]]>
</failure>
<system-out>
<![CDATA[
[[ATTACHMENT|organizations-form-validat-c4ed1-d-require-organization-name-chromium/test-failed-1.png]]

[[ATTACHMENT|organizations-form-validat-c4ed1-d-require-organization-name-chromium/video.webm]]
]]>
</system-out>
<system-err>
<![CDATA[Error accessing localStorage: page.evaluate: SecurityError: Failed to read the 'localStorage' property from 'Window': Access is denied for this document.
    at UtilityScript.evaluate (<anonymous>:293:16)
    at UtilityScript.<anonymous> (<anonymous>:1:44)
    at TestUtils.isLoggedIn [90m(/mnt/r/Projects/ForkFlow-crm/[39mtests/helpers/testUtils.ts:51:30[90m)[39m
    at [90m/mnt/r/Projects/ForkFlow-crm/[39mtests/organizations/form-validation.spec.ts:14:23 {
  [[32mSymbol(step)[39m]: {
    stepId: [32m'pw:api@12'[39m,
    location: {
      file: [32m'/mnt/r/Projects/ForkFlow-crm/tests/helpers/testUtils.ts'[39m,
      line: [33m51[39m,
      column: [33m30[39m,
      function: [32m'TestUtils.isLoggedIn'[39m
    },
    category: [32m'pw:api'[39m,
    title: [32m'Evaluate'[39m,
    apiName: [32m'page.evaluate'[39m,
    params: {
      expression: [32m'() => {\n'[39m +
        [32m"        const hasAuth = !!localStorage.getItem('auth') || !!localStorage.getItem('user');\n"[39m +
        [32m"        const isTestMode = localStorage.getItem('test-mode') === 'true';\n"[39m +
        [32m'        return hasAuth || isTestMode;\n'[39m +
        [32m'      }'[39m,
      isFunction: [33mtrue[39m,
      arg: [36m[Object][39m
    },
    boxedStack: [90mundefined[39m,
    steps: [],
    attachmentIndices: [],
    info: TestStepInfoImpl {
      annotations: [],
      _testInfo: [36m[TestInfoImpl][39m,
      _stepId: [32m'pw:api@12'[39m
    },
    complete: [36m[Function: complete][39m,
    endWallTime: [33m1751167358833[39m,
    error: {
      message: [32m"Error: page.evaluate: SecurityError: Failed to read the 'localStorage' property from 'Window': Access is denied for this document.\n"[39m +
        [32m'    at UtilityScript.evaluate (<anonymous>:293:16)\n'[39m +
        [32m'    at UtilityScript.<anonymous> (<anonymous>:1:44)'[39m,
      stack: [32m"Error: page.evaluate: SecurityError: Failed to read the 'localStorage' property from 'Window': Access is denied for this document.\n"[39m +
        [32m'    at UtilityScript.evaluate (<anonymous>:293:16)\n'[39m +
        [32m'    at UtilityScript.<anonymous> (<anonymous>:1:44)\n'[39m +
        [32m'    at UtilityScript.evaluate (<anonymous>:293:16)\n'[39m +
        [32m'    at UtilityScript.<anonymous> (<anonymous>:1:44)\n'[39m +
        [32m'    at TestUtils.isLoggedIn (/mnt/r/Projects/ForkFlow-crm/tests/helpers/testUtils.ts:51:30)\n'[39m +
        [32m'    at /mnt/r/Projects/ForkFlow-crm/tests/organizations/form-validation.spec.ts:14:23'[39m,
      cause: [90mundefined[39m
    }
  }
}
]]>
</system-err>
</testcase>
<testcase name="Organization Form Validation › Required Field Validation › should allow minimal required fields only" classname="organizations/form-validation.spec.ts" time="0.675">
<failure message="form-validation.spec.ts:35:5 should allow minimal required fields only" type="FAILURE">
<![CDATA[  [chromium] › organizations/form-validation.spec.ts:35:5 › Organization Form Validation › Required Field Validation › should allow minimal required fields only 

    Error: page.evaluate: SecurityError: Failed to read the 'localStorage' property from 'Window': Access is denied for this document.
        at UtilityScript.evaluate (<anonymous>:293:16)
        at UtilityScript.<anonymous> (<anonymous>:1:44)
        at UtilityScript.evaluate (<anonymous>:293:16)
        at UtilityScript.<anonymous> (<anonymous>:1:44)
        at TestUtils.login (/mnt/r/Projects/ForkFlow-crm/tests/helpers/testUtils.ts:9:38)
        at /mnt/r/Projects/ForkFlow-crm/tests/organizations/form-validation.spec.ts:15:19

    attachment #1: screenshot (image/png) ──────────────────────────────────────────────────────────
    test-results/organizations-form-validat-2865f-inimal-required-fields-only-chromium/test-failed-1.png
    ────────────────────────────────────────────────────────────────────────────────────────────────

    attachment #2: video (video/webm) ──────────────────────────────────────────────────────────────
    test-results/organizations-form-validat-2865f-inimal-required-fields-only-chromium/video.webm
    ────────────────────────────────────────────────────────────────────────────────────────────────
]]>
</failure>
<system-out>
<![CDATA[
[[ATTACHMENT|organizations-form-validat-2865f-inimal-required-fields-only-chromium/test-failed-1.png]]

[[ATTACHMENT|organizations-form-validat-2865f-inimal-required-fields-only-chromium/video.webm]]
]]>
</system-out>
<system-err>
<![CDATA[Error accessing localStorage: page.evaluate: SecurityError: Failed to read the 'localStorage' property from 'Window': Access is denied for this document.
    at UtilityScript.evaluate (<anonymous>:293:16)
    at UtilityScript.<anonymous> (<anonymous>:1:44)
    at TestUtils.isLoggedIn [90m(/mnt/r/Projects/ForkFlow-crm/[39mtests/helpers/testUtils.ts:51:30[90m)[39m
    at [90m/mnt/r/Projects/ForkFlow-crm/[39mtests/organizations/form-validation.spec.ts:14:23 {
  [[32mSymbol(step)[39m]: {
    stepId: [32m'pw:api@12'[39m,
    location: {
      file: [32m'/mnt/r/Projects/ForkFlow-crm/tests/helpers/testUtils.ts'[39m,
      line: [33m51[39m,
      column: [33m30[39m,
      function: [32m'TestUtils.isLoggedIn'[39m
    },
    category: [32m'pw:api'[39m,
    title: [32m'Evaluate'[39m,
    apiName: [32m'page.evaluate'[39m,
    params: {
      expression: [32m'() => {\n'[39m +
        [32m"        const hasAuth = !!localStorage.getItem('auth') || !!localStorage.getItem('user');\n"[39m +
        [32m"        const isTestMode = localStorage.getItem('test-mode') === 'true';\n"[39m +
        [32m'        return hasAuth || isTestMode;\n'[39m +
        [32m'      }'[39m,
      isFunction: [33mtrue[39m,
      arg: [36m[Object][39m
    },
    boxedStack: [90mundefined[39m,
    steps: [],
    attachmentIndices: [],
    info: TestStepInfoImpl {
      annotations: [],
      _testInfo: [36m[TestInfoImpl][39m,
      _stepId: [32m'pw:api@12'[39m
    },
    complete: [36m[Function: complete][39m,
    endWallTime: [33m1751167360851[39m,
    error: {
      message: [32m"Error: page.evaluate: SecurityError: Failed to read the 'localStorage' property from 'Window': Access is denied for this document.\n"[39m +
        [32m'    at UtilityScript.evaluate (<anonymous>:293:16)\n'[39m +
        [32m'    at UtilityScript.<anonymous> (<anonymous>:1:44)'[39m,
      stack: [32m"Error: page.evaluate: SecurityError: Failed to read the 'localStorage' property from 'Window': Access is denied for this document.\n"[39m +
        [32m'    at UtilityScript.evaluate (<anonymous>:293:16)\n'[39m +
        [32m'    at UtilityScript.<anonymous> (<anonymous>:1:44)\n'[39m +
        [32m'    at UtilityScript.evaluate (<anonymous>:293:16)\n'[39m +
        [32m'    at UtilityScript.<anonymous> (<anonymous>:1:44)\n'[39m +
        [32m'    at TestUtils.isLoggedIn (/mnt/r/Projects/ForkFlow-crm/tests/helpers/testUtils.ts:51:30)\n'[39m +
        [32m'    at /mnt/r/Projects/ForkFlow-crm/tests/organizations/form-validation.spec.ts:14:23'[39m,
      cause: [90mundefined[39m
    }
  }
}
]]>
</system-err>
</testcase>
<testcase name="Organization Form Validation › Required Field Validation › should highlight required fields on focus" classname="organizations/form-validation.spec.ts" time="0.742">
<failure message="form-validation.spec.ts:46:5 should highlight required fields on focus" type="FAILURE">
<![CDATA[  [chromium] › organizations/form-validation.spec.ts:46:5 › Organization Form Validation › Required Field Validation › should highlight required fields on focus 

    Error: page.evaluate: SecurityError: Failed to read the 'localStorage' property from 'Window': Access is denied for this document.
        at UtilityScript.evaluate (<anonymous>:293:16)
        at UtilityScript.<anonymous> (<anonymous>:1:44)
        at UtilityScript.evaluate (<anonymous>:293:16)
        at UtilityScript.<anonymous> (<anonymous>:1:44)
        at TestUtils.login (/mnt/r/Projects/ForkFlow-crm/tests/helpers/testUtils.ts:9:38)
        at /mnt/r/Projects/ForkFlow-crm/tests/organizations/form-validation.spec.ts:15:19

    attachment #1: screenshot (image/png) ──────────────────────────────────────────────────────────
    test-results/organizations-form-validat-910fe-ht-required-fields-on-focus-chromium/test-failed-1.png
    ────────────────────────────────────────────────────────────────────────────────────────────────

    attachment #2: video (video/webm) ──────────────────────────────────────────────────────────────
    test-results/organizations-form-validat-910fe-ht-required-fields-on-focus-chromium/video.webm
    ────────────────────────────────────────────────────────────────────────────────────────────────
]]>
</failure>
<system-out>
<![CDATA[
[[ATTACHMENT|organizations-form-validat-910fe-ht-required-fields-on-focus-chromium/test-failed-1.png]]

[[ATTACHMENT|organizations-form-validat-910fe-ht-required-fields-on-focus-chromium/video.webm]]
]]>
</system-out>
<system-err>
<![CDATA[Error accessing localStorage: page.evaluate: SecurityError: Failed to read the 'localStorage' property from 'Window': Access is denied for this document.
    at UtilityScript.evaluate (<anonymous>:293:16)
    at UtilityScript.<anonymous> (<anonymous>:1:44)
    at TestUtils.isLoggedIn [90m(/mnt/r/Projects/ForkFlow-crm/[39mtests/helpers/testUtils.ts:51:30[90m)[39m
    at [90m/mnt/r/Projects/ForkFlow-crm/[39mtests/organizations/form-validation.spec.ts:14:23 {
  [[32mSymbol(step)[39m]: {
    stepId: [32m'pw:api@12'[39m,
    location: {
      file: [32m'/mnt/r/Projects/ForkFlow-crm/tests/helpers/testUtils.ts'[39m,
      line: [33m51[39m,
      column: [33m30[39m,
      function: [32m'TestUtils.isLoggedIn'[39m
    },
    category: [32m'pw:api'[39m,
    title: [32m'Evaluate'[39m,
    apiName: [32m'page.evaluate'[39m,
    params: {
      expression: [32m'() => {\n'[39m +
        [32m"        const hasAuth = !!localStorage.getItem('auth') || !!localStorage.getItem('user');\n"[39m +
        [32m"        const isTestMode = localStorage.getItem('test-mode') === 'true';\n"[39m +
        [32m'        return hasAuth || isTestMode;\n'[39m +
        [32m'      }'[39m,
      isFunction: [33mtrue[39m,
      arg: [36m[Object][39m
    },
    boxedStack: [90mundefined[39m,
    steps: [],
    attachmentIndices: [],
    info: TestStepInfoImpl {
      annotations: [],
      _testInfo: [36m[TestInfoImpl][39m,
      _stepId: [32m'pw:api@12'[39m
    },
    complete: [36m[Function: complete][39m,
    endWallTime: [33m1751167371886[39m,
    error: {
      message: [32m"Error: page.evaluate: SecurityError: Failed to read the 'localStorage' property from 'Window': Access is denied for this document.\n"[39m +
        [32m'    at UtilityScript.evaluate (<anonymous>:293:16)\n'[39m +
        [32m'    at UtilityScript.<anonymous> (<anonymous>:1:44)'[39m,
      stack: [32m"Error: page.evaluate: SecurityError: Failed to read the 'localStorage' property from 'Window': Access is denied for this document.\n"[39m +
        [32m'    at UtilityScript.evaluate (<anonymous>:293:16)\n'[39m +
        [32m'    at UtilityScript.<anonymous> (<anonymous>:1:44)\n'[39m +
        [32m'    at UtilityScript.evaluate (<anonymous>:293:16)\n'[39m +
        [32m'    at UtilityScript.<anonymous> (<anonymous>:1:44)\n'[39m +
        [32m'    at TestUtils.isLoggedIn (/mnt/r/Projects/ForkFlow-crm/tests/helpers/testUtils.ts:51:30)\n'[39m +
        [32m'    at /mnt/r/Projects/ForkFlow-crm/tests/organizations/form-validation.spec.ts:14:23'[39m,
      cause: [90mundefined[39m
    }
  }
}
]]>
</system-err>
</testcase>
<testcase name="Organization Form Validation › Format Validation › should validate phone number formats" classname="organizations/form-validation.spec.ts" time="0.709">
<failure message="form-validation.spec.ts:60:5 should validate phone number formats" type="FAILURE">
<![CDATA[  [chromium] › organizations/form-validation.spec.ts:60:5 › Organization Form Validation › Format Validation › should validate phone number formats 

    Error: page.evaluate: SecurityError: Failed to read the 'localStorage' property from 'Window': Access is denied for this document.
        at UtilityScript.evaluate (<anonymous>:293:16)
        at UtilityScript.<anonymous> (<anonymous>:1:44)
        at UtilityScript.evaluate (<anonymous>:293:16)
        at UtilityScript.<anonymous> (<anonymous>:1:44)
        at TestUtils.login (/mnt/r/Projects/ForkFlow-crm/tests/helpers/testUtils.ts:9:38)
        at /mnt/r/Projects/ForkFlow-crm/tests/organizations/form-validation.spec.ts:15:19

    attachment #1: screenshot (image/png) ──────────────────────────────────────────────────────────
    test-results/organizations-form-validat-9cc68-lidate-phone-number-formats-chromium/test-failed-1.png
    ────────────────────────────────────────────────────────────────────────────────────────────────

    attachment #2: video (video/webm) ──────────────────────────────────────────────────────────────
    test-results/organizations-form-validat-9cc68-lidate-phone-number-formats-chromium/video.webm
    ────────────────────────────────────────────────────────────────────────────────────────────────
]]>
</failure>
<system-out>
<![CDATA[
[[ATTACHMENT|organizations-form-validat-9cc68-lidate-phone-number-formats-chromium/test-failed-1.png]]

[[ATTACHMENT|organizations-form-validat-9cc68-lidate-phone-number-formats-chromium/video.webm]]
]]>
</system-out>
<system-err>
<![CDATA[Error accessing localStorage: page.evaluate: SecurityError: Failed to read the 'localStorage' property from 'Window': Access is denied for this document.
    at UtilityScript.evaluate (<anonymous>:293:16)
    at UtilityScript.<anonymous> (<anonymous>:1:44)
    at TestUtils.isLoggedIn [90m(/mnt/r/Projects/ForkFlow-crm/[39mtests/helpers/testUtils.ts:51:30[90m)[39m
    at [90m/mnt/r/Projects/ForkFlow-crm/[39mtests/organizations/form-validation.spec.ts:14:23 {
  [[32mSymbol(step)[39m]: {
    stepId: [32m'pw:api@12'[39m,
    location: {
      file: [32m'/mnt/r/Projects/ForkFlow-crm/tests/helpers/testUtils.ts'[39m,
      line: [33m51[39m,
      column: [33m30[39m,
      function: [32m'TestUtils.isLoggedIn'[39m
    },
    category: [32m'pw:api'[39m,
    title: [32m'Evaluate'[39m,
    apiName: [32m'page.evaluate'[39m,
    params: {
      expression: [32m'() => {\n'[39m +
        [32m"        const hasAuth = !!localStorage.getItem('auth') || !!localStorage.getItem('user');\n"[39m +
        [32m"        const isTestMode = localStorage.getItem('test-mode') === 'true';\n"[39m +
        [32m'        return hasAuth || isTestMode;\n'[39m +
        [32m'      }'[39m,
      isFunction: [33mtrue[39m,
      arg: [36m[Object][39m
    },
    boxedStack: [90mundefined[39m,
    steps: [],
    attachmentIndices: [],
    info: TestStepInfoImpl {
      annotations: [],
      _testInfo: [36m[TestInfoImpl][39m,
      _stepId: [32m'pw:api@12'[39m
    },
    complete: [36m[Function: complete][39m,
    endWallTime: [33m1751167374566[39m,
    error: {
      message: [32m"Error: page.evaluate: SecurityError: Failed to read the 'localStorage' property from 'Window': Access is denied for this document.\n"[39m +
        [32m'    at UtilityScript.evaluate (<anonymous>:293:16)\n'[39m +
        [32m'    at UtilityScript.<anonymous> (<anonymous>:1:44)'[39m,
      stack: [32m"Error: page.evaluate: SecurityError: Failed to read the 'localStorage' property from 'Window': Access is denied for this document.\n"[39m +
        [32m'    at UtilityScript.evaluate (<anonymous>:293:16)\n'[39m +
        [32m'    at UtilityScript.<anonymous> (<anonymous>:1:44)\n'[39m +
        [32m'    at UtilityScript.evaluate (<anonymous>:293:16)\n'[39m +
        [32m'    at UtilityScript.<anonymous> (<anonymous>:1:44)\n'[39m +
        [32m'    at TestUtils.isLoggedIn (/mnt/r/Projects/ForkFlow-crm/tests/helpers/testUtils.ts:51:30)\n'[39m +
        [32m'    at /mnt/r/Projects/ForkFlow-crm/tests/organizations/form-validation.spec.ts:14:23'[39m,
      cause: [90mundefined[39m
    }
  }
}
]]>
</system-err>
</testcase>
<testcase name="Organization Form Validation › Format Validation › should validate email format for account manager" classname="organizations/form-validation.spec.ts" time="0.711">
<failure message="form-validation.spec.ts:95:5 should validate email format for account manager" type="FAILURE">
<![CDATA[  [chromium] › organizations/form-validation.spec.ts:95:5 › Organization Form Validation › Format Validation › should validate email format for account manager 

    Error: page.evaluate: SecurityError: Failed to read the 'localStorage' property from 'Window': Access is denied for this document.
        at UtilityScript.evaluate (<anonymous>:293:16)
        at UtilityScript.<anonymous> (<anonymous>:1:44)
        at UtilityScript.evaluate (<anonymous>:293:16)
        at UtilityScript.<anonymous> (<anonymous>:1:44)
        at TestUtils.login (/mnt/r/Projects/ForkFlow-crm/tests/helpers/testUtils.ts:9:38)
        at /mnt/r/Projects/ForkFlow-crm/tests/organizations/form-validation.spec.ts:15:19

    attachment #1: screenshot (image/png) ──────────────────────────────────────────────────────────
    test-results/organizations-form-validat-4e59c--format-for-account-manager-chromium/test-failed-1.png
    ────────────────────────────────────────────────────────────────────────────────────────────────

    attachment #2: video (video/webm) ──────────────────────────────────────────────────────────────
    test-results/organizations-form-validat-4e59c--format-for-account-manager-chromium/video.webm
    ────────────────────────────────────────────────────────────────────────────────────────────────
]]>
</failure>
<system-out>
<![CDATA[
[[ATTACHMENT|organizations-form-validat-4e59c--format-for-account-manager-chromium/test-failed-1.png]]

[[ATTACHMENT|organizations-form-validat-4e59c--format-for-account-manager-chromium/video.webm]]
]]>
</system-out>
<system-err>
<![CDATA[Error accessing localStorage: page.evaluate: SecurityError: Failed to read the 'localStorage' property from 'Window': Access is denied for this document.
    at UtilityScript.evaluate (<anonymous>:293:16)
    at UtilityScript.<anonymous> (<anonymous>:1:44)
    at TestUtils.isLoggedIn [90m(/mnt/r/Projects/ForkFlow-crm/[39mtests/helpers/testUtils.ts:51:30[90m)[39m
    at [90m/mnt/r/Projects/ForkFlow-crm/[39mtests/organizations/form-validation.spec.ts:14:23 {
  [[32mSymbol(step)[39m]: {
    stepId: [32m'pw:api@12'[39m,
    location: {
      file: [32m'/mnt/r/Projects/ForkFlow-crm/tests/helpers/testUtils.ts'[39m,
      line: [33m51[39m,
      column: [33m30[39m,
      function: [32m'TestUtils.isLoggedIn'[39m
    },
    category: [32m'pw:api'[39m,
    title: [32m'Evaluate'[39m,
    apiName: [32m'page.evaluate'[39m,
    params: {
      expression: [32m'() => {\n'[39m +
        [32m"        const hasAuth = !!localStorage.getItem('auth') || !!localStorage.getItem('user');\n"[39m +
        [32m"        const isTestMode = localStorage.getItem('test-mode') === 'true';\n"[39m +
        [32m'        return hasAuth || isTestMode;\n'[39m +
        [32m'      }'[39m,
      isFunction: [33mtrue[39m,
      arg: [36m[Object][39m
    },
    boxedStack: [90mundefined[39m,
    steps: [],
    attachmentIndices: [],
    info: TestStepInfoImpl {
      annotations: [],
      _testInfo: [36m[TestInfoImpl][39m,
      _stepId: [32m'pw:api@12'[39m
    },
    complete: [36m[Function: complete][39m,
    endWallTime: [33m1751167385544[39m,
    error: {
      message: [32m"Error: page.evaluate: SecurityError: Failed to read the 'localStorage' property from 'Window': Access is denied for this document.\n"[39m +
        [32m'    at UtilityScript.evaluate (<anonymous>:293:16)\n'[39m +
        [32m'    at UtilityScript.<anonymous> (<anonymous>:1:44)'[39m,
      stack: [32m"Error: page.evaluate: SecurityError: Failed to read the 'localStorage' property from 'Window': Access is denied for this document.\n"[39m +
        [32m'    at UtilityScript.evaluate (<anonymous>:293:16)\n'[39m +
        [32m'    at UtilityScript.<anonymous> (<anonymous>:1:44)\n'[39m +
        [32m'    at UtilityScript.evaluate (<anonymous>:293:16)\n'[39m +
        [32m'    at UtilityScript.<anonymous> (<anonymous>:1:44)\n'[39m +
        [32m'    at TestUtils.isLoggedIn (/mnt/r/Projects/ForkFlow-crm/tests/helpers/testUtils.ts:51:30)\n'[39m +
        [32m'    at /mnt/r/Projects/ForkFlow-crm/tests/organizations/form-validation.spec.ts:14:23'[39m,
      cause: [90mundefined[39m
    }
  }
}
]]>
</system-err>
</testcase>
<testcase name="Organization Form Validation › Format Validation › should validate website URL format" classname="organizations/form-validation.spec.ts" time="0.677">
<failure message="form-validation.spec.ts:129:5 should validate website URL format" type="FAILURE">
<![CDATA[  [chromium] › organizations/form-validation.spec.ts:129:5 › Organization Form Validation › Format Validation › should validate website URL format 

    Error: page.evaluate: SecurityError: Failed to read the 'localStorage' property from 'Window': Access is denied for this document.
        at UtilityScript.evaluate (<anonymous>:293:16)
        at UtilityScript.<anonymous> (<anonymous>:1:44)
        at UtilityScript.evaluate (<anonymous>:293:16)
        at UtilityScript.<anonymous> (<anonymous>:1:44)
        at TestUtils.login (/mnt/r/Projects/ForkFlow-crm/tests/helpers/testUtils.ts:9:38)
        at /mnt/r/Projects/ForkFlow-crm/tests/organizations/form-validation.spec.ts:15:19

    attachment #1: screenshot (image/png) ──────────────────────────────────────────────────────────
    test-results/organizations-form-validat-80f4a-validate-website-URL-format-chromium/test-failed-1.png
    ────────────────────────────────────────────────────────────────────────────────────────────────

    attachment #2: video (video/webm) ──────────────────────────────────────────────────────────────
    test-results/organizations-form-validat-80f4a-validate-website-URL-format-chromium/video.webm
    ────────────────────────────────────────────────────────────────────────────────────────────────
]]>
</failure>
<system-out>
<![CDATA[
[[ATTACHMENT|organizations-form-validat-80f4a-validate-website-URL-format-chromium/test-failed-1.png]]

[[ATTACHMENT|organizations-form-validat-80f4a-validate-website-URL-format-chromium/video.webm]]
]]>
</system-out>
<system-err>
<![CDATA[Error accessing localStorage: page.evaluate: SecurityError: Failed to read the 'localStorage' property from 'Window': Access is denied for this document.
    at UtilityScript.evaluate (<anonymous>:293:16)
    at UtilityScript.<anonymous> (<anonymous>:1:44)
    at TestUtils.isLoggedIn [90m(/mnt/r/Projects/ForkFlow-crm/[39mtests/helpers/testUtils.ts:51:30[90m)[39m
    at [90m/mnt/r/Projects/ForkFlow-crm/[39mtests/organizations/form-validation.spec.ts:14:23 {
  [[32mSymbol(step)[39m]: {
    stepId: [32m'pw:api@12'[39m,
    location: {
      file: [32m'/mnt/r/Projects/ForkFlow-crm/tests/helpers/testUtils.ts'[39m,
      line: [33m51[39m,
      column: [33m30[39m,
      function: [32m'TestUtils.isLoggedIn'[39m
    },
    category: [32m'pw:api'[39m,
    title: [32m'Evaluate'[39m,
    apiName: [32m'page.evaluate'[39m,
    params: {
      expression: [32m'() => {\n'[39m +
        [32m"        const hasAuth = !!localStorage.getItem('auth') || !!localStorage.getItem('user');\n"[39m +
        [32m"        const isTestMode = localStorage.getItem('test-mode') === 'true';\n"[39m +
        [32m'        return hasAuth || isTestMode;\n'[39m +
        [32m'      }'[39m,
      isFunction: [33mtrue[39m,
      arg: [36m[Object][39m
    },
    boxedStack: [90mundefined[39m,
    steps: [],
    attachmentIndices: [],
    info: TestStepInfoImpl {
      annotations: [],
      _testInfo: [36m[TestInfoImpl][39m,
      _stepId: [32m'pw:api@12'[39m
    },
    complete: [36m[Function: complete][39m,
    endWallTime: [33m1751167387380[39m,
    error: {
      message: [32m"Error: page.evaluate: SecurityError: Failed to read the 'localStorage' property from 'Window': Access is denied for this document.\n"[39m +
        [32m'    at UtilityScript.evaluate (<anonymous>:293:16)\n'[39m +
        [32m'    at UtilityScript.<anonymous> (<anonymous>:1:44)'[39m,
      stack: [32m"Error: page.evaluate: SecurityError: Failed to read the 'localStorage' property from 'Window': Access is denied for this document.\n"[39m +
        [32m'    at UtilityScript.evaluate (<anonymous>:293:16)\n'[39m +
        [32m'    at UtilityScript.<anonymous> (<anonymous>:1:44)\n'[39m +
        [32m'    at UtilityScript.evaluate (<anonymous>:293:16)\n'[39m +
        [32m'    at UtilityScript.<anonymous> (<anonymous>:1:44)\n'[39m +
        [32m'    at TestUtils.isLoggedIn (/mnt/r/Projects/ForkFlow-crm/tests/helpers/testUtils.ts:51:30)\n'[39m +
        [32m'    at /mnt/r/Projects/ForkFlow-crm/tests/organizations/form-validation.spec.ts:14:23'[39m,
      cause: [90mundefined[39m
    }
  }
}
]]>
</system-err>
</testcase>
<testcase name="Organization Form Validation › Format Validation › should validate ZIP code format" classname="organizations/form-validation.spec.ts" time="0.692">
<failure message="form-validation.spec.ts:164:5 should validate ZIP code format" type="FAILURE">
<![CDATA[  [chromium] › organizations/form-validation.spec.ts:164:5 › Organization Form Validation › Format Validation › should validate ZIP code format 

    Error: page.evaluate: SecurityError: Failed to read the 'localStorage' property from 'Window': Access is denied for this document.
        at UtilityScript.evaluate (<anonymous>:293:16)
        at UtilityScript.<anonymous> (<anonymous>:1:44)
        at UtilityScript.evaluate (<anonymous>:293:16)
        at UtilityScript.<anonymous> (<anonymous>:1:44)
        at TestUtils.login (/mnt/r/Projects/ForkFlow-crm/tests/helpers/testUtils.ts:9:38)
        at /mnt/r/Projects/ForkFlow-crm/tests/organizations/form-validation.spec.ts:15:19

    attachment #1: screenshot (image/png) ──────────────────────────────────────────────────────────
    test-results/organizations-form-validat-32015-ld-validate-ZIP-code-format-chromium/test-failed-1.png
    ────────────────────────────────────────────────────────────────────────────────────────────────

    attachment #2: video (video/webm) ──────────────────────────────────────────────────────────────
    test-results/organizations-form-validat-32015-ld-validate-ZIP-code-format-chromium/video.webm
    ────────────────────────────────────────────────────────────────────────────────────────────────
]]>
</failure>
<system-out>
<![CDATA[
[[ATTACHMENT|organizations-form-validat-32015-ld-validate-ZIP-code-format-chromium/test-failed-1.png]]

[[ATTACHMENT|organizations-form-validat-32015-ld-validate-ZIP-code-format-chromium/video.webm]]
]]>
</system-out>
<system-err>
<![CDATA[Error accessing localStorage: page.evaluate: SecurityError: Failed to read the 'localStorage' property from 'Window': Access is denied for this document.
    at UtilityScript.evaluate (<anonymous>:293:16)
    at UtilityScript.<anonymous> (<anonymous>:1:44)
    at TestUtils.isLoggedIn [90m(/mnt/r/Projects/ForkFlow-crm/[39mtests/helpers/testUtils.ts:51:30[90m)[39m
    at [90m/mnt/r/Projects/ForkFlow-crm/[39mtests/organizations/form-validation.spec.ts:14:23 {
  [[32mSymbol(step)[39m]: {
    stepId: [32m'pw:api@12'[39m,
    location: {
      file: [32m'/mnt/r/Projects/ForkFlow-crm/tests/helpers/testUtils.ts'[39m,
      line: [33m51[39m,
      column: [33m30[39m,
      function: [32m'TestUtils.isLoggedIn'[39m
    },
    category: [32m'pw:api'[39m,
    title: [32m'Evaluate'[39m,
    apiName: [32m'page.evaluate'[39m,
    params: {
      expression: [32m'() => {\n'[39m +
        [32m"        const hasAuth = !!localStorage.getItem('auth') || !!localStorage.getItem('user');\n"[39m +
        [32m"        const isTestMode = localStorage.getItem('test-mode') === 'true';\n"[39m +
        [32m'        return hasAuth || isTestMode;\n'[39m +
        [32m'      }'[39m,
      isFunction: [33mtrue[39m,
      arg: [36m[Object][39m
    },
    boxedStack: [90mundefined[39m,
    steps: [],
    attachmentIndices: [],
    info: TestStepInfoImpl {
      annotations: [],
      _testInfo: [36m[TestInfoImpl][39m,
      _stepId: [32m'pw:api@12'[39m
    },
    complete: [36m[Function: complete][39m,
    endWallTime: [33m1751167398509[39m,
    error: {
      message: [32m"Error: page.evaluate: SecurityError: Failed to read the 'localStorage' property from 'Window': Access is denied for this document.\n"[39m +
        [32m'    at UtilityScript.evaluate (<anonymous>:293:16)\n'[39m +
        [32m'    at UtilityScript.<anonymous> (<anonymous>:1:44)'[39m,
      stack: [32m"Error: page.evaluate: SecurityError: Failed to read the 'localStorage' property from 'Window': Access is denied for this document.\n"[39m +
        [32m'    at UtilityScript.evaluate (<anonymous>:293:16)\n'[39m +
        [32m'    at UtilityScript.<anonymous> (<anonymous>:1:44)\n'[39m +
        [32m'    at UtilityScript.evaluate (<anonymous>:293:16)\n'[39m +
        [32m'    at UtilityScript.<anonymous> (<anonymous>:1:44)\n'[39m +
        [32m'    at TestUtils.isLoggedIn (/mnt/r/Projects/ForkFlow-crm/tests/helpers/testUtils.ts:51:30)\n'[39m +
        [32m'    at /mnt/r/Projects/ForkFlow-crm/tests/organizations/form-validation.spec.ts:14:23'[39m,
      cause: [90mundefined[39m
    }
  }
}
]]>
</system-err>
</testcase>
<testcase name="Organization Form Validation › Field Length Validation › should enforce maximum length for notes" classname="organizations/form-validation.spec.ts" time="0.692">
<failure message="form-validation.spec.ts:201:5 should enforce maximum length for notes" type="FAILURE">
<![CDATA[  [chromium] › organizations/form-validation.spec.ts:201:5 › Organization Form Validation › Field Length Validation › should enforce maximum length for notes 

    Error: page.evaluate: SecurityError: Failed to read the 'localStorage' property from 'Window': Access is denied for this document.
        at UtilityScript.evaluate (<anonymous>:293:16)
        at UtilityScript.<anonymous> (<anonymous>:1:44)
        at UtilityScript.evaluate (<anonymous>:293:16)
        at UtilityScript.<anonymous> (<anonymous>:1:44)
        at TestUtils.login (/mnt/r/Projects/ForkFlow-crm/tests/helpers/testUtils.ts:9:38)
        at /mnt/r/Projects/ForkFlow-crm/tests/organizations/form-validation.spec.ts:15:19

    attachment #1: screenshot (image/png) ──────────────────────────────────────────────────────────
    test-results/organizations-form-validat-71bb9-ce-maximum-length-for-notes-chromium/test-failed-1.png
    ────────────────────────────────────────────────────────────────────────────────────────────────

    attachment #2: video (video/webm) ──────────────────────────────────────────────────────────────
    test-results/organizations-form-validat-71bb9-ce-maximum-length-for-notes-chromium/video.webm
    ────────────────────────────────────────────────────────────────────────────────────────────────
]]>
</failure>
<system-out>
<![CDATA[
[[ATTACHMENT|organizations-form-validat-71bb9-ce-maximum-length-for-notes-chromium/test-failed-1.png]]

[[ATTACHMENT|organizations-form-validat-71bb9-ce-maximum-length-for-notes-chromium/video.webm]]
]]>
</system-out>
<system-err>
<![CDATA[Error accessing localStorage: page.evaluate: SecurityError: Failed to read the 'localStorage' property from 'Window': Access is denied for this document.
    at UtilityScript.evaluate (<anonymous>:293:16)
    at UtilityScript.<anonymous> (<anonymous>:1:44)
    at TestUtils.isLoggedIn [90m(/mnt/r/Projects/ForkFlow-crm/[39mtests/helpers/testUtils.ts:51:30[90m)[39m
    at [90m/mnt/r/Projects/ForkFlow-crm/[39mtests/organizations/form-validation.spec.ts:14:23 {
  [[32mSymbol(step)[39m]: {
    stepId: [32m'pw:api@12'[39m,
    location: {
      file: [32m'/mnt/r/Projects/ForkFlow-crm/tests/helpers/testUtils.ts'[39m,
      line: [33m51[39m,
      column: [33m30[39m,
      function: [32m'TestUtils.isLoggedIn'[39m
    },
    category: [32m'pw:api'[39m,
    title: [32m'Evaluate'[39m,
    apiName: [32m'page.evaluate'[39m,
    params: {
      expression: [32m'() => {\n'[39m +
        [32m"        const hasAuth = !!localStorage.getItem('auth') || !!localStorage.getItem('user');\n"[39m +
        [32m"        const isTestMode = localStorage.getItem('test-mode') === 'true';\n"[39m +
        [32m'        return hasAuth || isTestMode;\n'[39m +
        [32m'      }'[39m,
      isFunction: [33mtrue[39m,
      arg: [36m[Object][39m
    },
    boxedStack: [90mundefined[39m,
    steps: [],
    attachmentIndices: [],
    info: TestStepInfoImpl {
      annotations: [],
      _testInfo: [36m[TestInfoImpl][39m,
      _stepId: [32m'pw:api@12'[39m
    },
    complete: [36m[Function: complete][39m,
    endWallTime: [33m1751167400322[39m,
    error: {
      message: [32m"Error: page.evaluate: SecurityError: Failed to read the 'localStorage' property from 'Window': Access is denied for this document.\n"[39m +
        [32m'    at UtilityScript.evaluate (<anonymous>:293:16)\n'[39m +
        [32m'    at UtilityScript.<anonymous> (<anonymous>:1:44)'[39m,
      stack: [32m"Error: page.evaluate: SecurityError: Failed to read the 'localStorage' property from 'Window': Access is denied for this document.\n"[39m +
        [32m'    at UtilityScript.evaluate (<anonymous>:293:16)\n'[39m +
        [32m'    at UtilityScript.<anonymous> (<anonymous>:1:44)\n'[39m +
        [32m'    at UtilityScript.evaluate (<anonymous>:293:16)\n'[39m +
        [32m'    at UtilityScript.<anonymous> (<anonymous>:1:44)\n'[39m +
        [32m'    at TestUtils.isLoggedIn (/mnt/r/Projects/ForkFlow-crm/tests/helpers/testUtils.ts:51:30)\n'[39m +
        [32m'    at /mnt/r/Projects/ForkFlow-crm/tests/organizations/form-validation.spec.ts:14:23'[39m,
      cause: [90mundefined[39m
    }
  }
}
]]>
</system-err>
</testcase>
<testcase name="Organization Form Validation › Field Length Validation › should enforce maximum length for name" classname="organizations/form-validation.spec.ts" time="0.66">
<failure message="form-validation.spec.ts:216:5 should enforce maximum length for name" type="FAILURE">
<![CDATA[  [chromium] › organizations/form-validation.spec.ts:216:5 › Organization Form Validation › Field Length Validation › should enforce maximum length for name 

    Error: page.evaluate: SecurityError: Failed to read the 'localStorage' property from 'Window': Access is denied for this document.
        at UtilityScript.evaluate (<anonymous>:293:16)
        at UtilityScript.<anonymous> (<anonymous>:1:44)
        at UtilityScript.evaluate (<anonymous>:293:16)
        at UtilityScript.<anonymous> (<anonymous>:1:44)
        at TestUtils.login (/mnt/r/Projects/ForkFlow-crm/tests/helpers/testUtils.ts:9:38)
        at /mnt/r/Projects/ForkFlow-crm/tests/organizations/form-validation.spec.ts:15:19

    attachment #1: screenshot (image/png) ──────────────────────────────────────────────────────────
    test-results/organizations-form-validat-1bd28-rce-maximum-length-for-name-chromium/test-failed-1.png
    ────────────────────────────────────────────────────────────────────────────────────────────────

    attachment #2: video (video/webm) ──────────────────────────────────────────────────────────────
    test-results/organizations-form-validat-1bd28-rce-maximum-length-for-name-chromium/video.webm
    ────────────────────────────────────────────────────────────────────────────────────────────────
]]>
</failure>
<system-out>
<![CDATA[
[[ATTACHMENT|organizations-form-validat-1bd28-rce-maximum-length-for-name-chromium/test-failed-1.png]]

[[ATTACHMENT|organizations-form-validat-1bd28-rce-maximum-length-for-name-chromium/video.webm]]
]]>
</system-out>
<system-err>
<![CDATA[Error accessing localStorage: page.evaluate: SecurityError: Failed to read the 'localStorage' property from 'Window': Access is denied for this document.
    at UtilityScript.evaluate (<anonymous>:293:16)
    at UtilityScript.<anonymous> (<anonymous>:1:44)
    at TestUtils.isLoggedIn [90m(/mnt/r/Projects/ForkFlow-crm/[39mtests/helpers/testUtils.ts:51:30[90m)[39m
    at [90m/mnt/r/Projects/ForkFlow-crm/[39mtests/organizations/form-validation.spec.ts:14:23 {
  [[32mSymbol(step)[39m]: {
    stepId: [32m'pw:api@12'[39m,
    location: {
      file: [32m'/mnt/r/Projects/ForkFlow-crm/tests/helpers/testUtils.ts'[39m,
      line: [33m51[39m,
      column: [33m30[39m,
      function: [32m'TestUtils.isLoggedIn'[39m
    },
    category: [32m'pw:api'[39m,
    title: [32m'Evaluate'[39m,
    apiName: [32m'page.evaluate'[39m,
    params: {
      expression: [32m'() => {\n'[39m +
        [32m"        const hasAuth = !!localStorage.getItem('auth') || !!localStorage.getItem('user');\n"[39m +
        [32m"        const isTestMode = localStorage.getItem('test-mode') === 'true';\n"[39m +
        [32m'        return hasAuth || isTestMode;\n'[39m +
        [32m'      }'[39m,
      isFunction: [33mtrue[39m,
      arg: [36m[Object][39m
    },
    boxedStack: [90mundefined[39m,
    steps: [],
    attachmentIndices: [],
    info: TestStepInfoImpl {
      annotations: [],
      _testInfo: [36m[TestInfoImpl][39m,
      _stepId: [32m'pw:api@12'[39m
    },
    complete: [36m[Function: complete][39m,
    endWallTime: [33m1751167411882[39m,
    error: {
      message: [32m"Error: page.evaluate: SecurityError: Failed to read the 'localStorage' property from 'Window': Access is denied for this document.\n"[39m +
        [32m'    at UtilityScript.evaluate (<anonymous>:293:16)\n'[39m +
        [32m'    at UtilityScript.<anonymous> (<anonymous>:1:44)'[39m,
      stack: [32m"Error: page.evaluate: SecurityError: Failed to read the 'localStorage' property from 'Window': Access is denied for this document.\n"[39m +
        [32m'    at UtilityScript.evaluate (<anonymous>:293:16)\n'[39m +
        [32m'    at UtilityScript.<anonymous> (<anonymous>:1:44)\n'[39m +
        [32m'    at UtilityScript.evaluate (<anonymous>:293:16)\n'[39m +
        [32m'    at UtilityScript.<anonymous> (<anonymous>:1:44)\n'[39m +
        [32m'    at TestUtils.isLoggedIn (/mnt/r/Projects/ForkFlow-crm/tests/helpers/testUtils.ts:51:30)\n'[39m +
        [32m'    at /mnt/r/Projects/ForkFlow-crm/tests/organizations/form-validation.spec.ts:14:23'[39m,
      cause: [90mundefined[39m
    }
  }
}
]]>
</system-err>
</testcase>
<testcase name="Organization Form Validation › Field Length Validation › should show character count for notes field" classname="organizations/form-validation.spec.ts" time="0.674">
<failure message="form-validation.spec.ts:228:5 should show character count for notes field" type="FAILURE">
<![CDATA[  [chromium] › organizations/form-validation.spec.ts:228:5 › Organization Form Validation › Field Length Validation › should show character count for notes field 

    Error: page.evaluate: SecurityError: Failed to read the 'localStorage' property from 'Window': Access is denied for this document.
        at UtilityScript.evaluate (<anonymous>:293:16)
        at UtilityScript.<anonymous> (<anonymous>:1:44)
        at UtilityScript.evaluate (<anonymous>:293:16)
        at UtilityScript.<anonymous> (<anonymous>:1:44)
        at TestUtils.login (/mnt/r/Projects/ForkFlow-crm/tests/helpers/testUtils.ts:9:38)
        at /mnt/r/Projects/ForkFlow-crm/tests/organizations/form-validation.spec.ts:15:19

    attachment #1: screenshot (image/png) ──────────────────────────────────────────────────────────
    test-results/organizations-form-validat-0f13b-acter-count-for-notes-field-chromium/test-failed-1.png
    ────────────────────────────────────────────────────────────────────────────────────────────────

    attachment #2: video (video/webm) ──────────────────────────────────────────────────────────────
    test-results/organizations-form-validat-0f13b-acter-count-for-notes-field-chromium/video.webm
    ────────────────────────────────────────────────────────────────────────────────────────────────
]]>
</failure>
<system-out>
<![CDATA[
[[ATTACHMENT|organizations-form-validat-0f13b-acter-count-for-notes-field-chromium/test-failed-1.png]]

[[ATTACHMENT|organizations-form-validat-0f13b-acter-count-for-notes-field-chromium/video.webm]]
]]>
</system-out>
<system-err>
<![CDATA[Error accessing localStorage: page.evaluate: SecurityError: Failed to read the 'localStorage' property from 'Window': Access is denied for this document.
    at UtilityScript.evaluate (<anonymous>:293:16)
    at UtilityScript.<anonymous> (<anonymous>:1:44)
    at TestUtils.isLoggedIn [90m(/mnt/r/Projects/ForkFlow-crm/[39mtests/helpers/testUtils.ts:51:30[90m)[39m
    at [90m/mnt/r/Projects/ForkFlow-crm/[39mtests/organizations/form-validation.spec.ts:14:23 {
  [[32mSymbol(step)[39m]: {
    stepId: [32m'pw:api@12'[39m,
    location: {
      file: [32m'/mnt/r/Projects/ForkFlow-crm/tests/helpers/testUtils.ts'[39m,
      line: [33m51[39m,
      column: [33m30[39m,
      function: [32m'TestUtils.isLoggedIn'[39m
    },
    category: [32m'pw:api'[39m,
    title: [32m'Evaluate'[39m,
    apiName: [32m'page.evaluate'[39m,
    params: {
      expression: [32m'() => {\n'[39m +
        [32m"        const hasAuth = !!localStorage.getItem('auth') || !!localStorage.getItem('user');\n"[39m +
        [32m"        const isTestMode = localStorage.getItem('test-mode') === 'true';\n"[39m +
        [32m'        return hasAuth || isTestMode;\n'[39m +
        [32m'      }'[39m,
      isFunction: [33mtrue[39m,
      arg: [36m[Object][39m
    },
    boxedStack: [90mundefined[39m,
    steps: [],
    attachmentIndices: [],
    info: TestStepInfoImpl {
      annotations: [],
      _testInfo: [36m[TestInfoImpl][39m,
      _stepId: [32m'pw:api@12'[39m
    },
    complete: [36m[Function: complete][39m,
    endWallTime: [33m1751167413843[39m,
    error: {
      message: [32m"Error: page.evaluate: SecurityError: Failed to read the 'localStorage' property from 'Window': Access is denied for this document.\n"[39m +
        [32m'    at UtilityScript.evaluate (<anonymous>:293:16)\n'[39m +
        [32m'    at UtilityScript.<anonymous> (<anonymous>:1:44)'[39m,
      stack: [32m"Error: page.evaluate: SecurityError: Failed to read the 'localStorage' property from 'Window': Access is denied for this document.\n"[39m +
        [32m'    at UtilityScript.evaluate (<anonymous>:293:16)\n'[39m +
        [32m'    at UtilityScript.<anonymous> (<anonymous>:1:44)\n'[39m +
        [32m'    at UtilityScript.evaluate (<anonymous>:293:16)\n'[39m +
        [32m'    at UtilityScript.<anonymous> (<anonymous>:1:44)\n'[39m +
        [32m'    at TestUtils.isLoggedIn (/mnt/r/Projects/ForkFlow-crm/tests/helpers/testUtils.ts:51:30)\n'[39m +
        [32m'    at /mnt/r/Projects/ForkFlow-crm/tests/organizations/form-validation.spec.ts:14:23'[39m,
      cause: [90mundefined[39m
    }
  }
}
]]>
</system-err>
</testcase>
<testcase name="Organization Form Validation › Real-time Validation › should validate fields as user types" classname="organizations/form-validation.spec.ts" time="0.665">
<failure message="form-validation.spec.ts:239:5 should validate fields as user types" type="FAILURE">
<![CDATA[  [chromium] › organizations/form-validation.spec.ts:239:5 › Organization Form Validation › Real-time Validation › should validate fields as user types 

    Error: page.evaluate: SecurityError: Failed to read the 'localStorage' property from 'Window': Access is denied for this document.
        at UtilityScript.evaluate (<anonymous>:293:16)
        at UtilityScript.<anonymous> (<anonymous>:1:44)
        at UtilityScript.evaluate (<anonymous>:293:16)
        at UtilityScript.<anonymous> (<anonymous>:1:44)
        at TestUtils.login (/mnt/r/Projects/ForkFlow-crm/tests/helpers/testUtils.ts:9:38)
        at /mnt/r/Projects/ForkFlow-crm/tests/organizations/form-validation.spec.ts:15:19

    attachment #1: screenshot (image/png) ──────────────────────────────────────────────────────────
    test-results/organizations-form-validat-153a8-lidate-fields-as-user-types-chromium/test-failed-1.png
    ────────────────────────────────────────────────────────────────────────────────────────────────

    attachment #2: video (video/webm) ──────────────────────────────────────────────────────────────
    test-results/organizations-form-validat-153a8-lidate-fields-as-user-types-chromium/video.webm
    ────────────────────────────────────────────────────────────────────────────────────────────────
]]>
</failure>
<system-out>
<![CDATA[
[[ATTACHMENT|organizations-form-validat-153a8-lidate-fields-as-user-types-chromium/test-failed-1.png]]

[[ATTACHMENT|organizations-form-validat-153a8-lidate-fields-as-user-types-chromium/video.webm]]
]]>
</system-out>
<system-err>
<![CDATA[Error accessing localStorage: page.evaluate: SecurityError: Failed to read the 'localStorage' property from 'Window': Access is denied for this document.
    at UtilityScript.evaluate (<anonymous>:293:16)
    at UtilityScript.<anonymous> (<anonymous>:1:44)
    at TestUtils.isLoggedIn [90m(/mnt/r/Projects/ForkFlow-crm/[39mtests/helpers/testUtils.ts:51:30[90m)[39m
    at [90m/mnt/r/Projects/ForkFlow-crm/[39mtests/organizations/form-validation.spec.ts:14:23 {
  [[32mSymbol(step)[39m]: {
    stepId: [32m'pw:api@12'[39m,
    location: {
      file: [32m'/mnt/r/Projects/ForkFlow-crm/tests/helpers/testUtils.ts'[39m,
      line: [33m51[39m,
      column: [33m30[39m,
      function: [32m'TestUtils.isLoggedIn'[39m
    },
    category: [32m'pw:api'[39m,
    title: [32m'Evaluate'[39m,
    apiName: [32m'page.evaluate'[39m,
    params: {
      expression: [32m'() => {\n'[39m +
        [32m"        const hasAuth = !!localStorage.getItem('auth') || !!localStorage.getItem('user');\n"[39m +
        [32m"        const isTestMode = localStorage.getItem('test-mode') === 'true';\n"[39m +
        [32m'        return hasAuth || isTestMode;\n'[39m +
        [32m'      }'[39m,
      isFunction: [33mtrue[39m,
      arg: [36m[Object][39m
    },
    boxedStack: [90mundefined[39m,
    steps: [],
    attachmentIndices: [],
    info: TestStepInfoImpl {
      annotations: [],
      _testInfo: [36m[TestInfoImpl][39m,
      _stepId: [32m'pw:api@12'[39m
    },
    complete: [36m[Function: complete][39m,
    endWallTime: [33m1751167424737[39m,
    error: {
      message: [32m"Error: page.evaluate: SecurityError: Failed to read the 'localStorage' property from 'Window': Access is denied for this document.\n"[39m +
        [32m'    at UtilityScript.evaluate (<anonymous>:293:16)\n'[39m +
        [32m'    at UtilityScript.<anonymous> (<anonymous>:1:44)'[39m,
      stack: [32m"Error: page.evaluate: SecurityError: Failed to read the 'localStorage' property from 'Window': Access is denied for this document.\n"[39m +
        [32m'    at UtilityScript.evaluate (<anonymous>:293:16)\n'[39m +
        [32m'    at UtilityScript.<anonymous> (<anonymous>:1:44)\n'[39m +
        [32m'    at UtilityScript.evaluate (<anonymous>:293:16)\n'[39m +
        [32m'    at UtilityScript.<anonymous> (<anonymous>:1:44)\n'[39m +
        [32m'    at TestUtils.isLoggedIn (/mnt/r/Projects/ForkFlow-crm/tests/helpers/testUtils.ts:51:30)\n'[39m +
        [32m'    at /mnt/r/Projects/ForkFlow-crm/tests/organizations/form-validation.spec.ts:14:23'[39m,
      cause: [90mundefined[39m
    }
  }
}
]]>
</system-err>
</testcase>
<testcase name="Organization Form Validation › Real-time Validation › should update validation on blur" classname="organizations/form-validation.spec.ts" time="0.677">
<failure message="form-validation.spec.ts:256:5 should update validation on blur" type="FAILURE">
<![CDATA[  [chromium] › organizations/form-validation.spec.ts:256:5 › Organization Form Validation › Real-time Validation › should update validation on blur 

    Error: page.evaluate: SecurityError: Failed to read the 'localStorage' property from 'Window': Access is denied for this document.
        at UtilityScript.evaluate (<anonymous>:293:16)
        at UtilityScript.<anonymous> (<anonymous>:1:44)
        at UtilityScript.evaluate (<anonymous>:293:16)
        at UtilityScript.<anonymous> (<anonymous>:1:44)
        at TestUtils.login (/mnt/r/Projects/ForkFlow-crm/tests/helpers/testUtils.ts:9:38)
        at /mnt/r/Projects/ForkFlow-crm/tests/organizations/form-validation.spec.ts:15:19

    attachment #1: screenshot (image/png) ──────────────────────────────────────────────────────────
    test-results/organizations-form-validat-b3c58-d-update-validation-on-blur-chromium/test-failed-1.png
    ────────────────────────────────────────────────────────────────────────────────────────────────

    attachment #2: video (video/webm) ──────────────────────────────────────────────────────────────
    test-results/organizations-form-validat-b3c58-d-update-validation-on-blur-chromium/video.webm
    ────────────────────────────────────────────────────────────────────────────────────────────────
]]>
</failure>
<system-out>
<![CDATA[
[[ATTACHMENT|organizations-form-validat-b3c58-d-update-validation-on-blur-chromium/test-failed-1.png]]

[[ATTACHMENT|organizations-form-validat-b3c58-d-update-validation-on-blur-chromium/video.webm]]
]]>
</system-out>
<system-err>
<![CDATA[Error accessing localStorage: page.evaluate: SecurityError: Failed to read the 'localStorage' property from 'Window': Access is denied for this document.
    at UtilityScript.evaluate (<anonymous>:293:16)
    at UtilityScript.<anonymous> (<anonymous>:1:44)
    at TestUtils.isLoggedIn [90m(/mnt/r/Projects/ForkFlow-crm/[39mtests/helpers/testUtils.ts:51:30[90m)[39m
    at [90m/mnt/r/Projects/ForkFlow-crm/[39mtests/organizations/form-validation.spec.ts:14:23 {
  [[32mSymbol(step)[39m]: {
    stepId: [32m'pw:api@12'[39m,
    location: {
      file: [32m'/mnt/r/Projects/ForkFlow-crm/tests/helpers/testUtils.ts'[39m,
      line: [33m51[39m,
      column: [33m30[39m,
      function: [32m'TestUtils.isLoggedIn'[39m
    },
    category: [32m'pw:api'[39m,
    title: [32m'Evaluate'[39m,
    apiName: [32m'page.evaluate'[39m,
    params: {
      expression: [32m'() => {\n'[39m +
        [32m"        const hasAuth = !!localStorage.getItem('auth') || !!localStorage.getItem('user');\n"[39m +
        [32m"        const isTestMode = localStorage.getItem('test-mode') === 'true';\n"[39m +
        [32m'        return hasAuth || isTestMode;\n'[39m +
        [32m'      }'[39m,
      isFunction: [33mtrue[39m,
      arg: [36m[Object][39m
    },
    boxedStack: [90mundefined[39m,
    steps: [],
    attachmentIndices: [],
    info: TestStepInfoImpl {
      annotations: [],
      _testInfo: [36m[TestInfoImpl][39m,
      _stepId: [32m'pw:api@12'[39m
    },
    complete: [36m[Function: complete][39m,
    endWallTime: [33m1751167426733[39m,
    error: {
      message: [32m"Error: page.evaluate: SecurityError: Failed to read the 'localStorage' property from 'Window': Access is denied for this document.\n"[39m +
        [32m'    at UtilityScript.evaluate (<anonymous>:293:16)\n'[39m +
        [32m'    at UtilityScript.<anonymous> (<anonymous>:1:44)'[39m,
      stack: [32m"Error: page.evaluate: SecurityError: Failed to read the 'localStorage' property from 'Window': Access is denied for this document.\n"[39m +
        [32m'    at UtilityScript.evaluate (<anonymous>:293:16)\n'[39m +
        [32m'    at UtilityScript.<anonymous> (<anonymous>:1:44)\n'[39m +
        [32m'    at UtilityScript.evaluate (<anonymous>:293:16)\n'[39m +
        [32m'    at UtilityScript.<anonymous> (<anonymous>:1:44)\n'[39m +
        [32m'    at TestUtils.isLoggedIn (/mnt/r/Projects/ForkFlow-crm/tests/helpers/testUtils.ts:51:30)\n'[39m +
        [32m'    at /mnt/r/Projects/ForkFlow-crm/tests/organizations/form-validation.spec.ts:14:23'[39m,
      cause: [90mundefined[39m
    }
  }
}
]]>
</system-err>
</testcase>
<testcase name="Organization Form Validation › GPS Validation › should validate GPS coordinates" classname="organizations/form-validation.spec.ts" time="0.67">
<failure message="form-validation.spec.ts:274:5 should validate GPS coordinates" type="FAILURE">
<![CDATA[  [chromium] › organizations/form-validation.spec.ts:274:5 › Organization Form Validation › GPS Validation › should validate GPS coordinates 

    Error: page.evaluate: SecurityError: Failed to read the 'localStorage' property from 'Window': Access is denied for this document.
        at UtilityScript.evaluate (<anonymous>:293:16)
        at UtilityScript.<anonymous> (<anonymous>:1:44)
        at UtilityScript.evaluate (<anonymous>:293:16)
        at UtilityScript.<anonymous> (<anonymous>:1:44)
        at TestUtils.login (/mnt/r/Projects/ForkFlow-crm/tests/helpers/testUtils.ts:9:38)
        at /mnt/r/Projects/ForkFlow-crm/tests/organizations/form-validation.spec.ts:15:19

    attachment #1: screenshot (image/png) ──────────────────────────────────────────────────────────
    test-results/organizations-form-validat-8372b-ld-validate-GPS-coordinates-chromium/test-failed-1.png
    ────────────────────────────────────────────────────────────────────────────────────────────────

    attachment #2: video (video/webm) ──────────────────────────────────────────────────────────────
    test-results/organizations-form-validat-8372b-ld-validate-GPS-coordinates-chromium/video.webm
    ────────────────────────────────────────────────────────────────────────────────────────────────
]]>
</failure>
<system-out>
<![CDATA[
[[ATTACHMENT|organizations-form-validat-8372b-ld-validate-GPS-coordinates-chromium/test-failed-1.png]]

[[ATTACHMENT|organizations-form-validat-8372b-ld-validate-GPS-coordinates-chromium/video.webm]]
]]>
</system-out>
<system-err>
<![CDATA[Error accessing localStorage: page.evaluate: SecurityError: Failed to read the 'localStorage' property from 'Window': Access is denied for this document.
    at UtilityScript.evaluate (<anonymous>:293:16)
    at UtilityScript.<anonymous> (<anonymous>:1:44)
    at TestUtils.isLoggedIn [90m(/mnt/r/Projects/ForkFlow-crm/[39mtests/helpers/testUtils.ts:51:30[90m)[39m
    at [90m/mnt/r/Projects/ForkFlow-crm/[39mtests/organizations/form-validation.spec.ts:14:23 {
  [[32mSymbol(step)[39m]: {
    stepId: [32m'pw:api@12'[39m,
    location: {
      file: [32m'/mnt/r/Projects/ForkFlow-crm/tests/helpers/testUtils.ts'[39m,
      line: [33m51[39m,
      column: [33m30[39m,
      function: [32m'TestUtils.isLoggedIn'[39m
    },
    category: [32m'pw:api'[39m,
    title: [32m'Evaluate'[39m,
    apiName: [32m'page.evaluate'[39m,
    params: {
      expression: [32m'() => {\n'[39m +
        [32m"        const hasAuth = !!localStorage.getItem('auth') || !!localStorage.getItem('user');\n"[39m +
        [32m"        const isTestMode = localStorage.getItem('test-mode') === 'true';\n"[39m +
        [32m'        return hasAuth || isTestMode;\n'[39m +
        [32m'      }'[39m,
      isFunction: [33mtrue[39m,
      arg: [36m[Object][39m
    },
    boxedStack: [90mundefined[39m,
    steps: [],
    attachmentIndices: [],
    info: TestStepInfoImpl {
      annotations: [],
      _testInfo: [36m[TestInfoImpl][39m,
      _stepId: [32m'pw:api@12'[39m
    },
    complete: [36m[Function: complete][39m,
    endWallTime: [33m1751167437442[39m,
    error: {
      message: [32m"Error: page.evaluate: SecurityError: Failed to read the 'localStorage' property from 'Window': Access is denied for this document.\n"[39m +
        [32m'    at UtilityScript.evaluate (<anonymous>:293:16)\n'[39m +
        [32m'    at UtilityScript.<anonymous> (<anonymous>:1:44)'[39m,
      stack: [32m"Error: page.evaluate: SecurityError: Failed to read the 'localStorage' property from 'Window': Access is denied for this document.\n"[39m +
        [32m'    at UtilityScript.evaluate (<anonymous>:293:16)\n'[39m +
        [32m'    at UtilityScript.<anonymous> (<anonymous>:1:44)\n'[39m +
        [32m'    at UtilityScript.evaluate (<anonymous>:293:16)\n'[39m +
        [32m'    at UtilityScript.<anonymous> (<anonymous>:1:44)\n'[39m +
        [32m'    at TestUtils.isLoggedIn (/mnt/r/Projects/ForkFlow-crm/tests/helpers/testUtils.ts:51:30)\n'[39m +
        [32m'    at /mnt/r/Projects/ForkFlow-crm/tests/organizations/form-validation.spec.ts:14:23'[39m,
      cause: [90mundefined[39m
    }
  }
}
]]>
</system-err>
</testcase>
<testcase name="Organization Form Validation › GPS Validation › should handle GPS permission denied" classname="organizations/form-validation.spec.ts" time="0.694">
<failure message="form-validation.spec.ts:292:5 should handle GPS permission denied" type="FAILURE">
<![CDATA[  [chromium] › organizations/form-validation.spec.ts:292:5 › Organization Form Validation › GPS Validation › should handle GPS permission denied 

    Error: page.evaluate: SecurityError: Failed to read the 'localStorage' property from 'Window': Access is denied for this document.
        at UtilityScript.evaluate (<anonymous>:293:16)
        at UtilityScript.<anonymous> (<anonymous>:1:44)
        at UtilityScript.evaluate (<anonymous>:293:16)
        at UtilityScript.<anonymous> (<anonymous>:1:44)
        at TestUtils.login (/mnt/r/Projects/ForkFlow-crm/tests/helpers/testUtils.ts:9:38)
        at /mnt/r/Projects/ForkFlow-crm/tests/organizations/form-validation.spec.ts:15:19

    attachment #1: screenshot (image/png) ──────────────────────────────────────────────────────────
    test-results/organizations-form-validat-913fb-andle-GPS-permission-denied-chromium/test-failed-1.png
    ────────────────────────────────────────────────────────────────────────────────────────────────

    attachment #2: video (video/webm) ──────────────────────────────────────────────────────────────
    test-results/organizations-form-validat-913fb-andle-GPS-permission-denied-chromium/video.webm
    ────────────────────────────────────────────────────────────────────────────────────────────────
]]>
</failure>
<system-out>
<![CDATA[
[[ATTACHMENT|organizations-form-validat-913fb-andle-GPS-permission-denied-chromium/test-failed-1.png]]

[[ATTACHMENT|organizations-form-validat-913fb-andle-GPS-permission-denied-chromium/video.webm]]
]]>
</system-out>
<system-err>
<![CDATA[Error accessing localStorage: page.evaluate: SecurityError: Failed to read the 'localStorage' property from 'Window': Access is denied for this document.
    at UtilityScript.evaluate (<anonymous>:293:16)
    at UtilityScript.<anonymous> (<anonymous>:1:44)
    at TestUtils.isLoggedIn [90m(/mnt/r/Projects/ForkFlow-crm/[39mtests/helpers/testUtils.ts:51:30[90m)[39m
    at [90m/mnt/r/Projects/ForkFlow-crm/[39mtests/organizations/form-validation.spec.ts:14:23 {
  [[32mSymbol(step)[39m]: {
    stepId: [32m'pw:api@12'[39m,
    location: {
      file: [32m'/mnt/r/Projects/ForkFlow-crm/tests/helpers/testUtils.ts'[39m,
      line: [33m51[39m,
      column: [33m30[39m,
      function: [32m'TestUtils.isLoggedIn'[39m
    },
    category: [32m'pw:api'[39m,
    title: [32m'Evaluate'[39m,
    apiName: [32m'page.evaluate'[39m,
    params: {
      expression: [32m'() => {\n'[39m +
        [32m"        const hasAuth = !!localStorage.getItem('auth') || !!localStorage.getItem('user');\n"[39m +
        [32m"        const isTestMode = localStorage.getItem('test-mode') === 'true';\n"[39m +
        [32m'        return hasAuth || isTestMode;\n'[39m +
        [32m'      }'[39m,
      isFunction: [33mtrue[39m,
      arg: [36m[Object][39m
    },
    boxedStack: [90mundefined[39m,
    steps: [],
    attachmentIndices: [],
    info: TestStepInfoImpl {
      annotations: [],
      _testInfo: [36m[TestInfoImpl][39m,
      _stepId: [32m'pw:api@12'[39m
    },
    complete: [36m[Function: complete][39m,
    endWallTime: [33m1751167440092[39m,
    error: {
      message: [32m"Error: page.evaluate: SecurityError: Failed to read the 'localStorage' property from 'Window': Access is denied for this document.\n"[39m +
        [32m'    at UtilityScript.evaluate (<anonymous>:293:16)\n'[39m +
        [32m'    at UtilityScript.<anonymous> (<anonymous>:1:44)'[39m,
      stack: [32m"Error: page.evaluate: SecurityError: Failed to read the 'localStorage' property from 'Window': Access is denied for this document.\n"[39m +
        [32m'    at UtilityScript.evaluate (<anonymous>:293:16)\n'[39m +
        [32m'    at UtilityScript.<anonymous> (<anonymous>:1:44)\n'[39m +
        [32m'    at UtilityScript.evaluate (<anonymous>:293:16)\n'[39m +
        [32m'    at UtilityScript.<anonymous> (<anonymous>:1:44)\n'[39m +
        [32m'    at TestUtils.isLoggedIn (/mnt/r/Projects/ForkFlow-crm/tests/helpers/testUtils.ts:51:30)\n'[39m +
        [32m'    at /mnt/r/Projects/ForkFlow-crm/tests/organizations/form-validation.spec.ts:14:23'[39m,
      cause: [90mundefined[39m
    }
  }
}
]]>
</system-err>
</testcase>
<testcase name="Organization Form Validation › GPS Validation › should validate coordinate ranges" classname="organizations/form-validation.spec.ts" time="0.677">
<failure message="form-validation.spec.ts:309:5 should validate coordinate ranges" type="FAILURE">
<![CDATA[  [chromium] › organizations/form-validation.spec.ts:309:5 › Organization Form Validation › GPS Validation › should validate coordinate ranges 

    Error: page.evaluate: SecurityError: Failed to read the 'localStorage' property from 'Window': Access is denied for this document.
        at UtilityScript.evaluate (<anonymous>:293:16)
        at UtilityScript.<anonymous> (<anonymous>:1:44)
        at UtilityScript.evaluate (<anonymous>:293:16)
        at UtilityScript.<anonymous> (<anonymous>:1:44)
        at TestUtils.login (/mnt/r/Projects/ForkFlow-crm/tests/helpers/testUtils.ts:9:38)
        at /mnt/r/Projects/ForkFlow-crm/tests/organizations/form-validation.spec.ts:15:19

    attachment #1: screenshot (image/png) ──────────────────────────────────────────────────────────
    test-results/organizations-form-validat-d5bfd--validate-coordinate-ranges-chromium/test-failed-1.png
    ────────────────────────────────────────────────────────────────────────────────────────────────

    attachment #2: video (video/webm) ──────────────────────────────────────────────────────────────
    test-results/organizations-form-validat-d5bfd--validate-coordinate-ranges-chromium/video.webm
    ────────────────────────────────────────────────────────────────────────────────────────────────
]]>
</failure>
<system-out>
<![CDATA[
[[ATTACHMENT|organizations-form-validat-d5bfd--validate-coordinate-ranges-chromium/test-failed-1.png]]

[[ATTACHMENT|organizations-form-validat-d5bfd--validate-coordinate-ranges-chromium/video.webm]]
]]>
</system-out>
<system-err>
<![CDATA[Error accessing localStorage: page.evaluate: SecurityError: Failed to read the 'localStorage' property from 'Window': Access is denied for this document.
    at UtilityScript.evaluate (<anonymous>:293:16)
    at UtilityScript.<anonymous> (<anonymous>:1:44)
    at TestUtils.isLoggedIn [90m(/mnt/r/Projects/ForkFlow-crm/[39mtests/helpers/testUtils.ts:51:30[90m)[39m
    at [90m/mnt/r/Projects/ForkFlow-crm/[39mtests/organizations/form-validation.spec.ts:14:23 {
  [[32mSymbol(step)[39m]: {
    stepId: [32m'pw:api@12'[39m,
    location: {
      file: [32m'/mnt/r/Projects/ForkFlow-crm/tests/helpers/testUtils.ts'[39m,
      line: [33m51[39m,
      column: [33m30[39m,
      function: [32m'TestUtils.isLoggedIn'[39m
    },
    category: [32m'pw:api'[39m,
    title: [32m'Evaluate'[39m,
    apiName: [32m'page.evaluate'[39m,
    params: {
      expression: [32m'() => {\n'[39m +
        [32m"        const hasAuth = !!localStorage.getItem('auth') || !!localStorage.getItem('user');\n"[39m +
        [32m"        const isTestMode = localStorage.getItem('test-mode') === 'true';\n"[39m +
        [32m'        return hasAuth || isTestMode;\n'[39m +
        [32m'      }'[39m,
      isFunction: [33mtrue[39m,
      arg: [36m[Object][39m
    },
    boxedStack: [90mundefined[39m,
    steps: [],
    attachmentIndices: [],
    info: TestStepInfoImpl {
      annotations: [],
      _testInfo: [36m[TestInfoImpl][39m,
      _stepId: [32m'pw:api@12'[39m
    },
    complete: [36m[Function: complete][39m,
    endWallTime: [33m1751167451024[39m,
    error: {
      message: [32m"Error: page.evaluate: SecurityError: Failed to read the 'localStorage' property from 'Window': Access is denied for this document.\n"[39m +
        [32m'    at UtilityScript.evaluate (<anonymous>:293:16)\n'[39m +
        [32m'    at UtilityScript.<anonymous> (<anonymous>:1:44)'[39m,
      stack: [32m"Error: page.evaluate: SecurityError: Failed to read the 'localStorage' property from 'Window': Access is denied for this document.\n"[39m +
        [32m'    at UtilityScript.evaluate (<anonymous>:293:16)\n'[39m +
        [32m'    at UtilityScript.<anonymous> (<anonymous>:1:44)\n'[39m +
        [32m'    at UtilityScript.evaluate (<anonymous>:293:16)\n'[39m +
        [32m'    at UtilityScript.<anonymous> (<anonymous>:1:44)\n'[39m +
        [32m'    at TestUtils.isLoggedIn (/mnt/r/Projects/ForkFlow-crm/tests/helpers/testUtils.ts:51:30)\n'[39m +
        [32m'    at /mnt/r/Projects/ForkFlow-crm/tests/organizations/form-validation.spec.ts:14:23'[39m,
      cause: [90mundefined[39m
    }
  }
}
]]>
</system-err>
</testcase>
<testcase name="Organization Form Validation › Dropdown Validation › should validate priority selection" classname="organizations/form-validation.spec.ts" time="0.668">
<failure message="form-validation.spec.ts:325:5 should validate priority selection" type="FAILURE">
<![CDATA[  [chromium] › organizations/form-validation.spec.ts:325:5 › Organization Form Validation › Dropdown Validation › should validate priority selection 

    Error: page.evaluate: SecurityError: Failed to read the 'localStorage' property from 'Window': Access is denied for this document.
        at UtilityScript.evaluate (<anonymous>:293:16)
        at UtilityScript.<anonymous> (<anonymous>:1:44)
        at UtilityScript.evaluate (<anonymous>:293:16)
        at UtilityScript.<anonymous> (<anonymous>:1:44)
        at TestUtils.login (/mnt/r/Projects/ForkFlow-crm/tests/helpers/testUtils.ts:9:38)
        at /mnt/r/Projects/ForkFlow-crm/tests/organizations/form-validation.spec.ts:15:19

    attachment #1: screenshot (image/png) ──────────────────────────────────────────────────────────
    test-results/organizations-form-validat-a4101-validate-priority-selection-chromium/test-failed-1.png
    ────────────────────────────────────────────────────────────────────────────────────────────────

    attachment #2: video (video/webm) ──────────────────────────────────────────────────────────────
    test-results/organizations-form-validat-a4101-validate-priority-selection-chromium/video.webm
    ────────────────────────────────────────────────────────────────────────────────────────────────
]]>
</failure>
<system-out>
<![CDATA[
[[ATTACHMENT|organizations-form-validat-a4101-validate-priority-selection-chromium/test-failed-1.png]]

[[ATTACHMENT|organizations-form-validat-a4101-validate-priority-selection-chromium/video.webm]]
]]>
</system-out>
<system-err>
<![CDATA[Error accessing localStorage: page.evaluate: SecurityError: Failed to read the 'localStorage' property from 'Window': Access is denied for this document.
    at UtilityScript.evaluate (<anonymous>:293:16)
    at UtilityScript.<anonymous> (<anonymous>:1:44)
    at TestUtils.isLoggedIn [90m(/mnt/r/Projects/ForkFlow-crm/[39mtests/helpers/testUtils.ts:51:30[90m)[39m
    at [90m/mnt/r/Projects/ForkFlow-crm/[39mtests/organizations/form-validation.spec.ts:14:23 {
  [[32mSymbol(step)[39m]: {
    stepId: [32m'pw:api@12'[39m,
    location: {
      file: [32m'/mnt/r/Projects/ForkFlow-crm/tests/helpers/testUtils.ts'[39m,
      line: [33m51[39m,
      column: [33m30[39m,
      function: [32m'TestUtils.isLoggedIn'[39m
    },
    category: [32m'pw:api'[39m,
    title: [32m'Evaluate'[39m,
    apiName: [32m'page.evaluate'[39m,
    params: {
      expression: [32m'() => {\n'[39m +
        [32m"        const hasAuth = !!localStorage.getItem('auth') || !!localStorage.getItem('user');\n"[39m +
        [32m"        const isTestMode = localStorage.getItem('test-mode') === 'true';\n"[39m +
        [32m'        return hasAuth || isTestMode;\n'[39m +
        [32m'      }'[39m,
      isFunction: [33mtrue[39m,
      arg: [36m[Object][39m
    },
    boxedStack: [90mundefined[39m,
    steps: [],
    attachmentIndices: [],
    info: TestStepInfoImpl {
      annotations: [],
      _testInfo: [36m[TestInfoImpl][39m,
      _stepId: [32m'pw:api@12'[39m
    },
    complete: [36m[Function: complete][39m,
    endWallTime: [33m1751167452906[39m,
    error: {
      message: [32m"Error: page.evaluate: SecurityError: Failed to read the 'localStorage' property from 'Window': Access is denied for this document.\n"[39m +
        [32m'    at UtilityScript.evaluate (<anonymous>:293:16)\n'[39m +
        [32m'    at UtilityScript.<anonymous> (<anonymous>:1:44)'[39m,
      stack: [32m"Error: page.evaluate: SecurityError: Failed to read the 'localStorage' property from 'Window': Access is denied for this document.\n"[39m +
        [32m'    at UtilityScript.evaluate (<anonymous>:293:16)\n'[39m +
        [32m'    at UtilityScript.<anonymous> (<anonymous>:1:44)\n'[39m +
        [32m'    at UtilityScript.evaluate (<anonymous>:293:16)\n'[39m +
        [32m'    at UtilityScript.<anonymous> (<anonymous>:1:44)\n'[39m +
        [32m'    at TestUtils.isLoggedIn (/mnt/r/Projects/ForkFlow-crm/tests/helpers/testUtils.ts:51:30)\n'[39m +
        [32m'    at /mnt/r/Projects/ForkFlow-crm/tests/organizations/form-validation.spec.ts:14:23'[39m,
      cause: [90mundefined[39m
    }
  }
}
]]>
</system-err>
</testcase>
<testcase name="Organization Form Validation › Dropdown Validation › should validate segment selection" classname="organizations/form-validation.spec.ts" time="0.63">
<failure message="form-validation.spec.ts:340:5 should validate segment selection" type="FAILURE">
<![CDATA[  [chromium] › organizations/form-validation.spec.ts:340:5 › Organization Form Validation › Dropdown Validation › should validate segment selection 

    Error: page.evaluate: SecurityError: Failed to read the 'localStorage' property from 'Window': Access is denied for this document.
        at UtilityScript.evaluate (<anonymous>:293:16)
        at UtilityScript.<anonymous> (<anonymous>:1:44)
        at UtilityScript.evaluate (<anonymous>:293:16)
        at UtilityScript.<anonymous> (<anonymous>:1:44)
        at TestUtils.login (/mnt/r/Projects/ForkFlow-crm/tests/helpers/testUtils.ts:9:38)
        at /mnt/r/Projects/ForkFlow-crm/tests/organizations/form-validation.spec.ts:15:19

    attachment #1: screenshot (image/png) ──────────────────────────────────────────────────────────
    test-results/organizations-form-validat-ee137--validate-segment-selection-chromium/test-failed-1.png
    ────────────────────────────────────────────────────────────────────────────────────────────────

    attachment #2: video (video/webm) ──────────────────────────────────────────────────────────────
    test-results/organizations-form-validat-ee137--validate-segment-selection-chromium/video.webm
    ────────────────────────────────────────────────────────────────────────────────────────────────
]]>
</failure>
<system-out>
<![CDATA[
[[ATTACHMENT|organizations-form-validat-ee137--validate-segment-selection-chromium/test-failed-1.png]]

[[ATTACHMENT|organizations-form-validat-ee137--validate-segment-selection-chromium/video.webm]]
]]>
</system-out>
<system-err>
<![CDATA[Error accessing localStorage: page.evaluate: SecurityError: Failed to read the 'localStorage' property from 'Window': Access is denied for this document.
    at UtilityScript.evaluate (<anonymous>:293:16)
    at UtilityScript.<anonymous> (<anonymous>:1:44)
    at TestUtils.isLoggedIn [90m(/mnt/r/Projects/ForkFlow-crm/[39mtests/helpers/testUtils.ts:51:30[90m)[39m
    at [90m/mnt/r/Projects/ForkFlow-crm/[39mtests/organizations/form-validation.spec.ts:14:23 {
  [[32mSymbol(step)[39m]: {
    stepId: [32m'pw:api@12'[39m,
    location: {
      file: [32m'/mnt/r/Projects/ForkFlow-crm/tests/helpers/testUtils.ts'[39m,
      line: [33m51[39m,
      column: [33m30[39m,
      function: [32m'TestUtils.isLoggedIn'[39m
    },
    category: [32m'pw:api'[39m,
    title: [32m'Evaluate'[39m,
    apiName: [32m'page.evaluate'[39m,
    params: {
      expression: [32m'() => {\n'[39m +
        [32m"        const hasAuth = !!localStorage.getItem('auth') || !!localStorage.getItem('user');\n"[39m +
        [32m"        const isTestMode = localStorage.getItem('test-mode') === 'true';\n"[39m +
        [32m'        return hasAuth || isTestMode;\n'[39m +
        [32m'      }'[39m,
      isFunction: [33mtrue[39m,
      arg: [36m[Object][39m
    },
    boxedStack: [90mundefined[39m,
    steps: [],
    attachmentIndices: [],
    info: TestStepInfoImpl {
      annotations: [],
      _testInfo: [36m[TestInfoImpl][39m,
      _stepId: [32m'pw:api@12'[39m
    },
    complete: [36m[Function: complete][39m,
    endWallTime: [33m1751167463916[39m,
    error: {
      message: [32m"Error: page.evaluate: SecurityError: Failed to read the 'localStorage' property from 'Window': Access is denied for this document.\n"[39m +
        [32m'    at UtilityScript.evaluate (<anonymous>:293:16)\n'[39m +
        [32m'    at UtilityScript.<anonymous> (<anonymous>:1:44)'[39m,
      stack: [32m"Error: page.evaluate: SecurityError: Failed to read the 'localStorage' property from 'Window': Access is denied for this document.\n"[39m +
        [32m'    at UtilityScript.evaluate (<anonymous>:293:16)\n'[39m +
        [32m'    at UtilityScript.<anonymous> (<anonymous>:1:44)\n'[39m +
        [32m'    at UtilityScript.evaluate (<anonymous>:293:16)\n'[39m +
        [32m'    at UtilityScript.<anonymous> (<anonymous>:1:44)\n'[39m +
        [32m'    at TestUtils.isLoggedIn (/mnt/r/Projects/ForkFlow-crm/tests/helpers/testUtils.ts:51:30)\n'[39m +
        [32m'    at /mnt/r/Projects/ForkFlow-crm/tests/organizations/form-validation.spec.ts:14:23'[39m,
      cause: [90mundefined[39m
    }
  }
}
]]>
</system-err>
</testcase>
<testcase name="Organization Form Validation › Dropdown Validation › should handle empty dropdown selections" classname="organizations/form-validation.spec.ts" time="0.692">
<failure message="form-validation.spec.ts:351:5 should handle empty dropdown selections" type="FAILURE">
<![CDATA[  [chromium] › organizations/form-validation.spec.ts:351:5 › Organization Form Validation › Dropdown Validation › should handle empty dropdown selections 

    Error: page.evaluate: SecurityError: Failed to read the 'localStorage' property from 'Window': Access is denied for this document.
        at UtilityScript.evaluate (<anonymous>:293:16)
        at UtilityScript.<anonymous> (<anonymous>:1:44)
        at UtilityScript.evaluate (<anonymous>:293:16)
        at UtilityScript.<anonymous> (<anonymous>:1:44)
        at TestUtils.login (/mnt/r/Projects/ForkFlow-crm/tests/helpers/testUtils.ts:9:38)
        at /mnt/r/Projects/ForkFlow-crm/tests/organizations/form-validation.spec.ts:15:19

    attachment #1: screenshot (image/png) ──────────────────────────────────────────────────────────
    test-results/organizations-form-validat-edd96-e-empty-dropdown-selections-chromium/test-failed-1.png
    ────────────────────────────────────────────────────────────────────────────────────────────────

    attachment #2: video (video/webm) ──────────────────────────────────────────────────────────────
    test-results/organizations-form-validat-edd96-e-empty-dropdown-selections-chromium/video.webm
    ────────────────────────────────────────────────────────────────────────────────────────────────
]]>
</failure>
<system-out>
<![CDATA[
[[ATTACHMENT|organizations-form-validat-edd96-e-empty-dropdown-selections-chromium/test-failed-1.png]]

[[ATTACHMENT|organizations-form-validat-edd96-e-empty-dropdown-selections-chromium/video.webm]]
]]>
</system-out>
<system-err>
<![CDATA[Error accessing localStorage: page.evaluate: SecurityError: Failed to read the 'localStorage' property from 'Window': Access is denied for this document.
    at UtilityScript.evaluate (<anonymous>:293:16)
    at UtilityScript.<anonymous> (<anonymous>:1:44)
    at TestUtils.isLoggedIn [90m(/mnt/r/Projects/ForkFlow-crm/[39mtests/helpers/testUtils.ts:51:30[90m)[39m
    at [90m/mnt/r/Projects/ForkFlow-crm/[39mtests/organizations/form-validation.spec.ts:14:23 {
  [[32mSymbol(step)[39m]: {
    stepId: [32m'pw:api@12'[39m,
    location: {
      file: [32m'/mnt/r/Projects/ForkFlow-crm/tests/helpers/testUtils.ts'[39m,
      line: [33m51[39m,
      column: [33m30[39m,
      function: [32m'TestUtils.isLoggedIn'[39m
    },
    category: [32m'pw:api'[39m,
    title: [32m'Evaluate'[39m,
    apiName: [32m'page.evaluate'[39m,
    params: {
      expression: [32m'() => {\n'[39m +
        [32m"        const hasAuth = !!localStorage.getItem('auth') || !!localStorage.getItem('user');\n"[39m +
        [32m"        const isTestMode = localStorage.getItem('test-mode') === 'true';\n"[39m +
        [32m'        return hasAuth || isTestMode;\n'[39m +
        [32m'      }'[39m,
      isFunction: [33mtrue[39m,
      arg: [36m[Object][39m
    },
    boxedStack: [90mundefined[39m,
    steps: [],
    attachmentIndices: [],
    info: TestStepInfoImpl {
      annotations: [],
      _testInfo: [36m[TestInfoImpl][39m,
      _stepId: [32m'pw:api@12'[39m
    },
    complete: [36m[Function: complete][39m,
    endWallTime: [33m1751167465932[39m,
    error: {
      message: [32m"Error: page.evaluate: SecurityError: Failed to read the 'localStorage' property from 'Window': Access is denied for this document.\n"[39m +
        [32m'    at UtilityScript.evaluate (<anonymous>:293:16)\n'[39m +
        [32m'    at UtilityScript.<anonymous> (<anonymous>:1:44)'[39m,
      stack: [32m"Error: page.evaluate: SecurityError: Failed to read the 'localStorage' property from 'Window': Access is denied for this document.\n"[39m +
        [32m'    at UtilityScript.evaluate (<anonymous>:293:16)\n'[39m +
        [32m'    at UtilityScript.<anonymous> (<anonymous>:1:44)\n'[39m +
        [32m'    at UtilityScript.evaluate (<anonymous>:293:16)\n'[39m +
        [32m'    at UtilityScript.<anonymous> (<anonymous>:1:44)\n'[39m +
        [32m'    at TestUtils.isLoggedIn (/mnt/r/Projects/ForkFlow-crm/tests/helpers/testUtils.ts:51:30)\n'[39m +
        [32m'    at /mnt/r/Projects/ForkFlow-crm/tests/organizations/form-validation.spec.ts:14:23'[39m,
      cause: [90mundefined[39m
    }
  }
}
]]>
</system-err>
</testcase>
<testcase name="Organization Form Validation › Form Accessibility › should have proper labels for all fields" classname="organizations/form-validation.spec.ts" time="0.704">
<failure message="form-validation.spec.ts:363:5 should have proper labels for all fields" type="FAILURE">
<![CDATA[  [chromium] › organizations/form-validation.spec.ts:363:5 › Organization Form Validation › Form Accessibility › should have proper labels for all fields 

    Error: page.evaluate: SecurityError: Failed to read the 'localStorage' property from 'Window': Access is denied for this document.
        at UtilityScript.evaluate (<anonymous>:293:16)
        at UtilityScript.<anonymous> (<anonymous>:1:44)
        at UtilityScript.evaluate (<anonymous>:293:16)
        at UtilityScript.<anonymous> (<anonymous>:1:44)
        at TestUtils.login (/mnt/r/Projects/ForkFlow-crm/tests/helpers/testUtils.ts:9:38)
        at /mnt/r/Projects/ForkFlow-crm/tests/organizations/form-validation.spec.ts:15:19

    attachment #1: screenshot (image/png) ──────────────────────────────────────────────────────────
    test-results/organizations-form-validat-45ddb-roper-labels-for-all-fields-chromium/test-failed-1.png
    ────────────────────────────────────────────────────────────────────────────────────────────────

    attachment #2: video (video/webm) ──────────────────────────────────────────────────────────────
    test-results/organizations-form-validat-45ddb-roper-labels-for-all-fields-chromium/video.webm
    ────────────────────────────────────────────────────────────────────────────────────────────────
]]>
</failure>
<system-out>
<![CDATA[
[[ATTACHMENT|organizations-form-validat-45ddb-roper-labels-for-all-fields-chromium/test-failed-1.png]]

[[ATTACHMENT|organizations-form-validat-45ddb-roper-labels-for-all-fields-chromium/video.webm]]
]]>
</system-out>
<system-err>
<![CDATA[Error accessing localStorage: page.evaluate: SecurityError: Failed to read the 'localStorage' property from 'Window': Access is denied for this document.
    at UtilityScript.evaluate (<anonymous>:293:16)
    at UtilityScript.<anonymous> (<anonymous>:1:44)
    at TestUtils.isLoggedIn [90m(/mnt/r/Projects/ForkFlow-crm/[39mtests/helpers/testUtils.ts:51:30[90m)[39m
    at [90m/mnt/r/Projects/ForkFlow-crm/[39mtests/organizations/form-validation.spec.ts:14:23 {
  [[32mSymbol(step)[39m]: {
    stepId: [32m'pw:api@12'[39m,
    location: {
      file: [32m'/mnt/r/Projects/ForkFlow-crm/tests/helpers/testUtils.ts'[39m,
      line: [33m51[39m,
      column: [33m30[39m,
      function: [32m'TestUtils.isLoggedIn'[39m
    },
    category: [32m'pw:api'[39m,
    title: [32m'Evaluate'[39m,
    apiName: [32m'page.evaluate'[39m,
    params: {
      expression: [32m'() => {\n'[39m +
        [32m"        const hasAuth = !!localStorage.getItem('auth') || !!localStorage.getItem('user');\n"[39m +
        [32m"        const isTestMode = localStorage.getItem('test-mode') === 'true';\n"[39m +
        [32m'        return hasAuth || isTestMode;\n'[39m +
        [32m'      }'[39m,
      isFunction: [33mtrue[39m,
      arg: [36m[Object][39m
    },
    boxedStack: [90mundefined[39m,
    steps: [],
    attachmentIndices: [],
    info: TestStepInfoImpl {
      annotations: [],
      _testInfo: [36m[TestInfoImpl][39m,
      _stepId: [32m'pw:api@12'[39m
    },
    complete: [36m[Function: complete][39m,
    endWallTime: [33m1751167477298[39m,
    error: {
      message: [32m"Error: page.evaluate: SecurityError: Failed to read the 'localStorage' property from 'Window': Access is denied for this document.\n"[39m +
        [32m'    at UtilityScript.evaluate (<anonymous>:293:16)\n'[39m +
        [32m'    at UtilityScript.<anonymous> (<anonymous>:1:44)'[39m,
      stack: [32m"Error: page.evaluate: SecurityError: Failed to read the 'localStorage' property from 'Window': Access is denied for this document.\n"[39m +
        [32m'    at UtilityScript.evaluate (<anonymous>:293:16)\n'[39m +
        [32m'    at UtilityScript.<anonymous> (<anonymous>:1:44)\n'[39m +
        [32m'    at UtilityScript.evaluate (<anonymous>:293:16)\n'[39m +
        [32m'    at UtilityScript.<anonymous> (<anonymous>:1:44)\n'[39m +
        [32m'    at TestUtils.isLoggedIn (/mnt/r/Projects/ForkFlow-crm/tests/helpers/testUtils.ts:51:30)\n'[39m +
        [32m'    at /mnt/r/Projects/ForkFlow-crm/tests/organizations/form-validation.spec.ts:14:23'[39m,
      cause: [90mundefined[39m
    }
  }
}
]]>
</system-err>
</testcase>
<testcase name="Organization Form Validation › Form Accessibility › should have proper ARIA attributes" classname="organizations/form-validation.spec.ts" time="0.673">
<failure message="form-validation.spec.ts:367:5 should have proper ARIA attributes" type="FAILURE">
<![CDATA[  [chromium] › organizations/form-validation.spec.ts:367:5 › Organization Form Validation › Form Accessibility › should have proper ARIA attributes 

    Error: page.evaluate: SecurityError: Failed to read the 'localStorage' property from 'Window': Access is denied for this document.
        at UtilityScript.evaluate (<anonymous>:293:16)
        at UtilityScript.<anonymous> (<anonymous>:1:44)
        at UtilityScript.evaluate (<anonymous>:293:16)
        at UtilityScript.<anonymous> (<anonymous>:1:44)
        at TestUtils.login (/mnt/r/Projects/ForkFlow-crm/tests/helpers/testUtils.ts:9:38)
        at /mnt/r/Projects/ForkFlow-crm/tests/organizations/form-validation.spec.ts:15:19

    attachment #1: screenshot (image/png) ──────────────────────────────────────────────────────────
    test-results/organizations-form-validat-4ed9f-have-proper-ARIA-attributes-chromium/test-failed-1.png
    ────────────────────────────────────────────────────────────────────────────────────────────────

    attachment #2: video (video/webm) ──────────────────────────────────────────────────────────────
    test-results/organizations-form-validat-4ed9f-have-proper-ARIA-attributes-chromium/video.webm
    ────────────────────────────────────────────────────────────────────────────────────────────────
]]>
</failure>
<system-out>
<![CDATA[
[[ATTACHMENT|organizations-form-validat-4ed9f-have-proper-ARIA-attributes-chromium/test-failed-1.png]]

[[ATTACHMENT|organizations-form-validat-4ed9f-have-proper-ARIA-attributes-chromium/video.webm]]
]]>
</system-out>
<system-err>
<![CDATA[Error accessing localStorage: page.evaluate: SecurityError: Failed to read the 'localStorage' property from 'Window': Access is denied for this document.
    at UtilityScript.evaluate (<anonymous>:293:16)
    at UtilityScript.<anonymous> (<anonymous>:1:44)
    at TestUtils.isLoggedIn [90m(/mnt/r/Projects/ForkFlow-crm/[39mtests/helpers/testUtils.ts:51:30[90m)[39m
    at [90m/mnt/r/Projects/ForkFlow-crm/[39mtests/organizations/form-validation.spec.ts:14:23 {
  [[32mSymbol(step)[39m]: {
    stepId: [32m'pw:api@12'[39m,
    location: {
      file: [32m'/mnt/r/Projects/ForkFlow-crm/tests/helpers/testUtils.ts'[39m,
      line: [33m51[39m,
      column: [33m30[39m,
      function: [32m'TestUtils.isLoggedIn'[39m
    },
    category: [32m'pw:api'[39m,
    title: [32m'Evaluate'[39m,
    apiName: [32m'page.evaluate'[39m,
    params: {
      expression: [32m'() => {\n'[39m +
        [32m"        const hasAuth = !!localStorage.getItem('auth') || !!localStorage.getItem('user');\n"[39m +
        [32m"        const isTestMode = localStorage.getItem('test-mode') === 'true';\n"[39m +
        [32m'        return hasAuth || isTestMode;\n'[39m +
        [32m'      }'[39m,
      isFunction: [33mtrue[39m,
      arg: [36m[Object][39m
    },
    boxedStack: [90mundefined[39m,
    steps: [],
    attachmentIndices: [],
    info: TestStepInfoImpl {
      annotations: [],
      _testInfo: [36m[TestInfoImpl][39m,
      _stepId: [32m'pw:api@12'[39m
    },
    complete: [36m[Function: complete][39m,
    endWallTime: [33m1751167479296[39m,
    error: {
      message: [32m"Error: page.evaluate: SecurityError: Failed to read the 'localStorage' property from 'Window': Access is denied for this document.\n"[39m +
        [32m'    at UtilityScript.evaluate (<anonymous>:293:16)\n'[39m +
        [32m'    at UtilityScript.<anonymous> (<anonymous>:1:44)'[39m,
      stack: [32m"Error: page.evaluate: SecurityError: Failed to read the 'localStorage' property from 'Window': Access is denied for this document.\n"[39m +
        [32m'    at UtilityScript.evaluate (<anonymous>:293:16)\n'[39m +
        [32m'    at UtilityScript.<anonymous> (<anonymous>:1:44)\n'[39m +
        [32m'    at UtilityScript.evaluate (<anonymous>:293:16)\n'[39m +
        [32m'    at UtilityScript.<anonymous> (<anonymous>:1:44)\n'[39m +
        [32m'    at TestUtils.isLoggedIn (/mnt/r/Projects/ForkFlow-crm/tests/helpers/testUtils.ts:51:30)\n'[39m +
        [32m'    at /mnt/r/Projects/ForkFlow-crm/tests/organizations/form-validation.spec.ts:14:23'[39m,
      cause: [90mundefined[39m
    }
  }
}
]]>
</system-err>
</testcase>
<testcase name="Organization Form Validation › Form Accessibility › should support keyboard navigation" classname="organizations/form-validation.spec.ts" time="0.701">
<failure message="form-validation.spec.ts:382:5 should support keyboard navigation" type="FAILURE">
<![CDATA[  [chromium] › organizations/form-validation.spec.ts:382:5 › Organization Form Validation › Form Accessibility › should support keyboard navigation 

    Error: page.evaluate: SecurityError: Failed to read the 'localStorage' property from 'Window': Access is denied for this document.
        at UtilityScript.evaluate (<anonymous>:293:16)
        at UtilityScript.<anonymous> (<anonymous>:1:44)
        at UtilityScript.evaluate (<anonymous>:293:16)
        at UtilityScript.<anonymous> (<anonymous>:1:44)
        at TestUtils.login (/mnt/r/Projects/ForkFlow-crm/tests/helpers/testUtils.ts:9:38)
        at /mnt/r/Projects/ForkFlow-crm/tests/organizations/form-validation.spec.ts:15:19

    attachment #1: screenshot (image/png) ──────────────────────────────────────────────────────────
    test-results/organizations-form-validat-e8c50-support-keyboard-navigation-chromium/test-failed-1.png
    ────────────────────────────────────────────────────────────────────────────────────────────────

    attachment #2: video (video/webm) ──────────────────────────────────────────────────────────────
    test-results/organizations-form-validat-e8c50-support-keyboard-navigation-chromium/video.webm
    ────────────────────────────────────────────────────────────────────────────────────────────────
]]>
</failure>
<system-out>
<![CDATA[
[[ATTACHMENT|organizations-form-validat-e8c50-support-keyboard-navigation-chromium/test-failed-1.png]]

[[ATTACHMENT|organizations-form-validat-e8c50-support-keyboard-navigation-chromium/video.webm]]
]]>
</system-out>
<system-err>
<![CDATA[Error accessing localStorage: page.evaluate: SecurityError: Failed to read the 'localStorage' property from 'Window': Access is denied for this document.
    at UtilityScript.evaluate (<anonymous>:293:16)
    at UtilityScript.<anonymous> (<anonymous>:1:44)
    at TestUtils.isLoggedIn [90m(/mnt/r/Projects/ForkFlow-crm/[39mtests/helpers/testUtils.ts:51:30[90m)[39m
    at [90m/mnt/r/Projects/ForkFlow-crm/[39mtests/organizations/form-validation.spec.ts:14:23 {
  [[32mSymbol(step)[39m]: {
    stepId: [32m'pw:api@12'[39m,
    location: {
      file: [32m'/mnt/r/Projects/ForkFlow-crm/tests/helpers/testUtils.ts'[39m,
      line: [33m51[39m,
      column: [33m30[39m,
      function: [32m'TestUtils.isLoggedIn'[39m
    },
    category: [32m'pw:api'[39m,
    title: [32m'Evaluate'[39m,
    apiName: [32m'page.evaluate'[39m,
    params: {
      expression: [32m'() => {\n'[39m +
        [32m"        const hasAuth = !!localStorage.getItem('auth') || !!localStorage.getItem('user');\n"[39m +
        [32m"        const isTestMode = localStorage.getItem('test-mode') === 'true';\n"[39m +
        [32m'        return hasAuth || isTestMode;\n'[39m +
        [32m'      }'[39m,
      isFunction: [33mtrue[39m,
      arg: [36m[Object][39m
    },
    boxedStack: [90mundefined[39m,
    steps: [],
    attachmentIndices: [],
    info: TestStepInfoImpl {
      annotations: [],
      _testInfo: [36m[TestInfoImpl][39m,
      _stepId: [32m'pw:api@12'[39m
    },
    complete: [36m[Function: complete][39m,
    endWallTime: [33m1751167490025[39m,
    error: {
      message: [32m"Error: page.evaluate: SecurityError: Failed to read the 'localStorage' property from 'Window': Access is denied for this document.\n"[39m +
        [32m'    at UtilityScript.evaluate (<anonymous>:293:16)\n'[39m +
        [32m'    at UtilityScript.<anonymous> (<anonymous>:1:44)'[39m,
      stack: [32m"Error: page.evaluate: SecurityError: Failed to read the 'localStorage' property from 'Window': Access is denied for this document.\n"[39m +
        [32m'    at UtilityScript.evaluate (<anonymous>:293:16)\n'[39m +
        [32m'    at UtilityScript.<anonymous> (<anonymous>:1:44)\n'[39m +
        [32m'    at UtilityScript.evaluate (<anonymous>:293:16)\n'[39m +
        [32m'    at UtilityScript.<anonymous> (<anonymous>:1:44)\n'[39m +
        [32m'    at TestUtils.isLoggedIn (/mnt/r/Projects/ForkFlow-crm/tests/helpers/testUtils.ts:51:30)\n'[39m +
        [32m'    at /mnt/r/Projects/ForkFlow-crm/tests/organizations/form-validation.spec.ts:14:23'[39m,
      cause: [90mundefined[39m
    }
  }
}
]]>
</system-err>
</testcase>
<testcase name="Organization Form Validation › Form Submission › should prevent duplicate submissions" classname="organizations/form-validation.spec.ts" time="0.685">
<failure message="form-validation.spec.ts:396:5 should prevent duplicate submissions" type="FAILURE">
<![CDATA[  [chromium] › organizations/form-validation.spec.ts:396:5 › Organization Form Validation › Form Submission › should prevent duplicate submissions 

    Error: page.evaluate: SecurityError: Failed to read the 'localStorage' property from 'Window': Access is denied for this document.
        at UtilityScript.evaluate (<anonymous>:293:16)
        at UtilityScript.<anonymous> (<anonymous>:1:44)
        at UtilityScript.evaluate (<anonymous>:293:16)
        at UtilityScript.<anonymous> (<anonymous>:1:44)
        at TestUtils.login (/mnt/r/Projects/ForkFlow-crm/tests/helpers/testUtils.ts:9:38)
        at /mnt/r/Projects/ForkFlow-crm/tests/organizations/form-validation.spec.ts:15:19

    attachment #1: screenshot (image/png) ──────────────────────────────────────────────────────────
    test-results/organizations-form-validat-77b09-event-duplicate-submissions-chromium/test-failed-1.png
    ────────────────────────────────────────────────────────────────────────────────────────────────

    attachment #2: video (video/webm) ──────────────────────────────────────────────────────────────
    test-results/organizations-form-validat-77b09-event-duplicate-submissions-chromium/video.webm
    ────────────────────────────────────────────────────────────────────────────────────────────────
]]>
</failure>
<system-out>
<![CDATA[
[[ATTACHMENT|organizations-form-validat-77b09-event-duplicate-submissions-chromium/test-failed-1.png]]

[[ATTACHMENT|organizations-form-validat-77b09-event-duplicate-submissions-chromium/video.webm]]
]]>
</system-out>
<system-err>
<![CDATA[Error accessing localStorage: page.evaluate: SecurityError: Failed to read the 'localStorage' property from 'Window': Access is denied for this document.
    at UtilityScript.evaluate (<anonymous>:293:16)
    at UtilityScript.<anonymous> (<anonymous>:1:44)
    at TestUtils.isLoggedIn [90m(/mnt/r/Projects/ForkFlow-crm/[39mtests/helpers/testUtils.ts:51:30[90m)[39m
    at [90m/mnt/r/Projects/ForkFlow-crm/[39mtests/organizations/form-validation.spec.ts:14:23 {
  [[32mSymbol(step)[39m]: {
    stepId: [32m'pw:api@12'[39m,
    location: {
      file: [32m'/mnt/r/Projects/ForkFlow-crm/tests/helpers/testUtils.ts'[39m,
      line: [33m51[39m,
      column: [33m30[39m,
      function: [32m'TestUtils.isLoggedIn'[39m
    },
    category: [32m'pw:api'[39m,
    title: [32m'Evaluate'[39m,
    apiName: [32m'page.evaluate'[39m,
    params: {
      expression: [32m'() => {\n'[39m +
        [32m"        const hasAuth = !!localStorage.getItem('auth') || !!localStorage.getItem('user');\n"[39m +
        [32m"        const isTestMode = localStorage.getItem('test-mode') === 'true';\n"[39m +
        [32m'        return hasAuth || isTestMode;\n'[39m +
        [32m'      }'[39m,
      isFunction: [33mtrue[39m,
      arg: [36m[Object][39m
    },
    boxedStack: [90mundefined[39m,
    steps: [],
    attachmentIndices: [],
    info: TestStepInfoImpl {
      annotations: [],
      _testInfo: [36m[TestInfoImpl][39m,
      _stepId: [32m'pw:api@12'[39m
    },
    complete: [36m[Function: complete][39m,
    endWallTime: [33m1751167492047[39m,
    error: {
      message: [32m"Error: page.evaluate: SecurityError: Failed to read the 'localStorage' property from 'Window': Access is denied for this document.\n"[39m +
        [32m'    at UtilityScript.evaluate (<anonymous>:293:16)\n'[39m +
        [32m'    at UtilityScript.<anonymous> (<anonymous>:1:44)'[39m,
      stack: [32m"Error: page.evaluate: SecurityError: Failed to read the 'localStorage' property from 'Window': Access is denied for this document.\n"[39m +
        [32m'    at UtilityScript.evaluate (<anonymous>:293:16)\n'[39m +
        [32m'    at UtilityScript.<anonymous> (<anonymous>:1:44)\n'[39m +
        [32m'    at UtilityScript.evaluate (<anonymous>:293:16)\n'[39m +
        [32m'    at UtilityScript.<anonymous> (<anonymous>:1:44)\n'[39m +
        [32m'    at TestUtils.isLoggedIn (/mnt/r/Projects/ForkFlow-crm/tests/helpers/testUtils.ts:51:30)\n'[39m +
        [32m'    at /mnt/r/Projects/ForkFlow-crm/tests/organizations/form-validation.spec.ts:14:23'[39m,
      cause: [90mundefined[39m
    }
  }
}
]]>
</system-err>
</testcase>
<testcase name="Organization Form Validation › Form Submission › should disable save button during submission" classname="organizations/form-validation.spec.ts" time="0.665">
<failure message="form-validation.spec.ts:421:5 should disable save button during submission" type="FAILURE">
<![CDATA[  [chromium] › organizations/form-validation.spec.ts:421:5 › Organization Form Validation › Form Submission › should disable save button during submission 

    Error: page.evaluate: SecurityError: Failed to read the 'localStorage' property from 'Window': Access is denied for this document.
        at UtilityScript.evaluate (<anonymous>:293:16)
        at UtilityScript.<anonymous> (<anonymous>:1:44)
        at UtilityScript.evaluate (<anonymous>:293:16)
        at UtilityScript.<anonymous> (<anonymous>:1:44)
        at TestUtils.login (/mnt/r/Projects/ForkFlow-crm/tests/helpers/testUtils.ts:9:38)
        at /mnt/r/Projects/ForkFlow-crm/tests/organizations/form-validation.spec.ts:15:19

    attachment #1: screenshot (image/png) ──────────────────────────────────────────────────────────
    test-results/organizations-form-validat-115b4-ve-button-during-submission-chromium/test-failed-1.png
    ────────────────────────────────────────────────────────────────────────────────────────────────

    attachment #2: video (video/webm) ──────────────────────────────────────────────────────────────
    test-results/organizations-form-validat-115b4-ve-button-during-submission-chromium/video.webm
    ────────────────────────────────────────────────────────────────────────────────────────────────
]]>
</failure>
<system-out>
<![CDATA[
[[ATTACHMENT|organizations-form-validat-115b4-ve-button-during-submission-chromium/test-failed-1.png]]

[[ATTACHMENT|organizations-form-validat-115b4-ve-button-during-submission-chromium/video.webm]]
]]>
</system-out>
<system-err>
<![CDATA[Error accessing localStorage: page.evaluate: SecurityError: Failed to read the 'localStorage' property from 'Window': Access is denied for this document.
    at UtilityScript.evaluate (<anonymous>:293:16)
    at UtilityScript.<anonymous> (<anonymous>:1:44)
    at TestUtils.isLoggedIn [90m(/mnt/r/Projects/ForkFlow-crm/[39mtests/helpers/testUtils.ts:51:30[90m)[39m
    at [90m/mnt/r/Projects/ForkFlow-crm/[39mtests/organizations/form-validation.spec.ts:14:23 {
  [[32mSymbol(step)[39m]: {
    stepId: [32m'pw:api@12'[39m,
    location: {
      file: [32m'/mnt/r/Projects/ForkFlow-crm/tests/helpers/testUtils.ts'[39m,
      line: [33m51[39m,
      column: [33m30[39m,
      function: [32m'TestUtils.isLoggedIn'[39m
    },
    category: [32m'pw:api'[39m,
    title: [32m'Evaluate'[39m,
    apiName: [32m'page.evaluate'[39m,
    params: {
      expression: [32m'() => {\n'[39m +
        [32m"        const hasAuth = !!localStorage.getItem('auth') || !!localStorage.getItem('user');\n"[39m +
        [32m"        const isTestMode = localStorage.getItem('test-mode') === 'true';\n"[39m +
        [32m'        return hasAuth || isTestMode;\n'[39m +
        [32m'      }'[39m,
      isFunction: [33mtrue[39m,
      arg: [36m[Object][39m
    },
    boxedStack: [90mundefined[39m,
    steps: [],
    attachmentIndices: [],
    info: TestStepInfoImpl {
      annotations: [],
      _testInfo: [36m[TestInfoImpl][39m,
      _stepId: [32m'pw:api@12'[39m
    },
    complete: [36m[Function: complete][39m,
    endWallTime: [33m1751167502972[39m,
    error: {
      message: [32m"Error: page.evaluate: SecurityError: Failed to read the 'localStorage' property from 'Window': Access is denied for this document.\n"[39m +
        [32m'    at UtilityScript.evaluate (<anonymous>:293:16)\n'[39m +
        [32m'    at UtilityScript.<anonymous> (<anonymous>:1:44)'[39m,
      stack: [32m"Error: page.evaluate: SecurityError: Failed to read the 'localStorage' property from 'Window': Access is denied for this document.\n"[39m +
        [32m'    at UtilityScript.evaluate (<anonymous>:293:16)\n'[39m +
        [32m'    at UtilityScript.<anonymous> (<anonymous>:1:44)\n'[39m +
        [32m'    at UtilityScript.evaluate (<anonymous>:293:16)\n'[39m +
        [32m'    at UtilityScript.<anonymous> (<anonymous>:1:44)\n'[39m +
        [32m'    at TestUtils.isLoggedIn (/mnt/r/Projects/ForkFlow-crm/tests/helpers/testUtils.ts:51:30)\n'[39m +
        [32m'    at /mnt/r/Projects/ForkFlow-crm/tests/organizations/form-validation.spec.ts:14:23'[39m,
      cause: [90mundefined[39m
    }
  }
}
]]>
</system-err>
</testcase>
</testsuite>
<testsuite name="organizations/mobile-responsive.spec.ts" timestamp="2025-06-29T03:15:12.290Z" hostname="chromium" tests="26" failures="26" skipped="0" time="18.623" errors="0">
<testcase name="Organization Mobile Responsive Design › Mobile Device Testing › should display properly on iPhone" classname="organizations/mobile-responsive.spec.ts" time="0.701">
<failure message="mobile-responsive.spec.ts:21:5 should display properly on iPhone" type="FAILURE">
<![CDATA[  [chromium] › organizations/mobile-responsive.spec.ts:21:5 › Organization Mobile Responsive Design › Mobile Device Testing › should display properly on iPhone 

    Error: page.evaluate: SecurityError: Failed to read the 'localStorage' property from 'Window': Access is denied for this document.
        at UtilityScript.evaluate (<anonymous>:293:16)
        at UtilityScript.<anonymous> (<anonymous>:1:44)
        at UtilityScript.evaluate (<anonymous>:293:16)
        at UtilityScript.<anonymous> (<anonymous>:1:44)
        at TestUtils.login (/mnt/r/Projects/ForkFlow-crm/tests/helpers/testUtils.ts:9:38)
        at /mnt/r/Projects/ForkFlow-crm/tests/organizations/mobile-responsive.spec.ts:16:19

    attachment #1: screenshot (image/png) ──────────────────────────────────────────────────────────
    test-results/organizations-mobile-respo-a35d8--display-properly-on-iPhone-chromium/test-failed-1.png
    ────────────────────────────────────────────────────────────────────────────────────────────────

    attachment #2: video (video/webm) ──────────────────────────────────────────────────────────────
    test-results/organizations-mobile-respo-a35d8--display-properly-on-iPhone-chromium/video.webm
    ────────────────────────────────────────────────────────────────────────────────────────────────
]]>
</failure>
<system-out>
<![CDATA[
[[ATTACHMENT|organizations-mobile-respo-a35d8--display-properly-on-iPhone-chromium/test-failed-1.png]]

[[ATTACHMENT|organizations-mobile-respo-a35d8--display-properly-on-iPhone-chromium/video.webm]]
]]>
</system-out>
<system-err>
<![CDATA[Error accessing localStorage: page.evaluate: SecurityError: Failed to read the 'localStorage' property from 'Window': Access is denied for this document.
    at UtilityScript.evaluate (<anonymous>:293:16)
    at UtilityScript.<anonymous> (<anonymous>:1:44)
    at TestUtils.isLoggedIn [90m(/mnt/r/Projects/ForkFlow-crm/[39mtests/helpers/testUtils.ts:51:30[90m)[39m
    at [90m/mnt/r/Projects/ForkFlow-crm/[39mtests/organizations/mobile-responsive.spec.ts:15:23 {
  [[32mSymbol(step)[39m]: {
    stepId: [32m'pw:api@12'[39m,
    location: {
      file: [32m'/mnt/r/Projects/ForkFlow-crm/tests/helpers/testUtils.ts'[39m,
      line: [33m51[39m,
      column: [33m30[39m,
      function: [32m'TestUtils.isLoggedIn'[39m
    },
    category: [32m'pw:api'[39m,
    title: [32m'Evaluate'[39m,
    apiName: [32m'page.evaluate'[39m,
    params: {
      expression: [32m'() => {\n'[39m +
        [32m"        const hasAuth = !!localStorage.getItem('auth') || !!localStorage.getItem('user');\n"[39m +
        [32m"        const isTestMode = localStorage.getItem('test-mode') === 'true';\n"[39m +
        [32m'        return hasAuth || isTestMode;\n'[39m +
        [32m'      }'[39m,
      isFunction: [33mtrue[39m,
      arg: [36m[Object][39m
    },
    boxedStack: [90mundefined[39m,
    steps: [],
    attachmentIndices: [],
    info: TestStepInfoImpl {
      annotations: [],
      _testInfo: [36m[TestInfoImpl][39m,
      _stepId: [32m'pw:api@12'[39m
    },
    complete: [36m[Function: complete][39m,
    endWallTime: [33m1751167505485[39m,
    error: {
      message: [32m"Error: page.evaluate: SecurityError: Failed to read the 'localStorage' property from 'Window': Access is denied for this document.\n"[39m +
        [32m'    at UtilityScript.evaluate (<anonymous>:293:16)\n'[39m +
        [32m'    at UtilityScript.<anonymous> (<anonymous>:1:44)'[39m,
      stack: [32m"Error: page.evaluate: SecurityError: Failed to read the 'localStorage' property from 'Window': Access is denied for this document.\n"[39m +
        [32m'    at UtilityScript.evaluate (<anonymous>:293:16)\n'[39m +
        [32m'    at UtilityScript.<anonymous> (<anonymous>:1:44)\n'[39m +
        [32m'    at UtilityScript.evaluate (<anonymous>:293:16)\n'[39m +
        [32m'    at UtilityScript.<anonymous> (<anonymous>:1:44)\n'[39m +
        [32m'    at TestUtils.isLoggedIn (/mnt/r/Projects/ForkFlow-crm/tests/helpers/testUtils.ts:51:30)\n'[39m +
        [32m'    at /mnt/r/Projects/ForkFlow-crm/tests/organizations/mobile-responsive.spec.ts:15:23'[39m,
      cause: [90mundefined[39m
    }
  }
}
]]>
</system-err>
</testcase>
<testcase name="Organization Mobile Responsive Design › Mobile Device Testing › should handle touch interactions" classname="organizations/mobile-responsive.spec.ts" time="0.713">
<failure message="mobile-responsive.spec.ts:36:5 should handle touch interactions" type="FAILURE">
<![CDATA[  [chromium] › organizations/mobile-responsive.spec.ts:36:5 › Organization Mobile Responsive Design › Mobile Device Testing › should handle touch interactions 

    Error: page.evaluate: SecurityError: Failed to read the 'localStorage' property from 'Window': Access is denied for this document.
        at UtilityScript.evaluate (<anonymous>:293:16)
        at UtilityScript.<anonymous> (<anonymous>:1:44)
        at UtilityScript.evaluate (<anonymous>:293:16)
        at UtilityScript.<anonymous> (<anonymous>:1:44)
        at TestUtils.login (/mnt/r/Projects/ForkFlow-crm/tests/helpers/testUtils.ts:9:38)
        at /mnt/r/Projects/ForkFlow-crm/tests/organizations/mobile-responsive.spec.ts:16:19

    attachment #1: screenshot (image/png) ──────────────────────────────────────────────────────────
    test-results/organizations-mobile-respo-f786d-d-handle-touch-interactions-chromium/test-failed-1.png
    ────────────────────────────────────────────────────────────────────────────────────────────────

    attachment #2: video (video/webm) ──────────────────────────────────────────────────────────────
    test-results/organizations-mobile-respo-f786d-d-handle-touch-interactions-chromium/video.webm
    ────────────────────────────────────────────────────────────────────────────────────────────────
]]>
</failure>
<system-out>
<![CDATA[
[[ATTACHMENT|organizations-mobile-respo-f786d-d-handle-touch-interactions-chromium/test-failed-1.png]]

[[ATTACHMENT|organizations-mobile-respo-f786d-d-handle-touch-interactions-chromium/video.webm]]
]]>
</system-out>
<system-err>
<![CDATA[Error accessing localStorage: page.evaluate: SecurityError: Failed to read the 'localStorage' property from 'Window': Access is denied for this document.
    at UtilityScript.evaluate (<anonymous>:293:16)
    at UtilityScript.<anonymous> (<anonymous>:1:44)
    at TestUtils.isLoggedIn [90m(/mnt/r/Projects/ForkFlow-crm/[39mtests/helpers/testUtils.ts:51:30[90m)[39m
    at [90m/mnt/r/Projects/ForkFlow-crm/[39mtests/organizations/mobile-responsive.spec.ts:15:23 {
  [[32mSymbol(step)[39m]: {
    stepId: [32m'pw:api@12'[39m,
    location: {
      file: [32m'/mnt/r/Projects/ForkFlow-crm/tests/helpers/testUtils.ts'[39m,
      line: [33m51[39m,
      column: [33m30[39m,
      function: [32m'TestUtils.isLoggedIn'[39m
    },
    category: [32m'pw:api'[39m,
    title: [32m'Evaluate'[39m,
    apiName: [32m'page.evaluate'[39m,
    params: {
      expression: [32m'() => {\n'[39m +
        [32m"        const hasAuth = !!localStorage.getItem('auth') || !!localStorage.getItem('user');\n"[39m +
        [32m"        const isTestMode = localStorage.getItem('test-mode') === 'true';\n"[39m +
        [32m'        return hasAuth || isTestMode;\n'[39m +
        [32m'      }'[39m,
      isFunction: [33mtrue[39m,
      arg: [36m[Object][39m
    },
    boxedStack: [90mundefined[39m,
    steps: [],
    attachmentIndices: [],
    info: TestStepInfoImpl {
      annotations: [],
      _testInfo: [36m[TestInfoImpl][39m,
      _stepId: [32m'pw:api@12'[39m
    },
    complete: [36m[Function: complete][39m,
    endWallTime: [33m1751167516611[39m,
    error: {
      message: [32m"Error: page.evaluate: SecurityError: Failed to read the 'localStorage' property from 'Window': Access is denied for this document.\n"[39m +
        [32m'    at UtilityScript.evaluate (<anonymous>:293:16)\n'[39m +
        [32m'    at UtilityScript.<anonymous> (<anonymous>:1:44)'[39m,
      stack: [32m"Error: page.evaluate: SecurityError: Failed to read the 'localStorage' property from 'Window': Access is denied for this document.\n"[39m +
        [32m'    at UtilityScript.evaluate (<anonymous>:293:16)\n'[39m +
        [32m'    at UtilityScript.<anonymous> (<anonymous>:1:44)\n'[39m +
        [32m'    at UtilityScript.evaluate (<anonymous>:293:16)\n'[39m +
        [32m'    at UtilityScript.<anonymous> (<anonymous>:1:44)\n'[39m +
        [32m'    at TestUtils.isLoggedIn (/mnt/r/Projects/ForkFlow-crm/tests/helpers/testUtils.ts:51:30)\n'[39m +
        [32m'    at /mnt/r/Projects/ForkFlow-crm/tests/organizations/mobile-responsive.spec.ts:15:23'[39m,
      cause: [90mundefined[39m
    }
  }
}
]]>
</system-err>
</testcase>
<testcase name="Organization Mobile Responsive Design › Mobile Device Testing › should support swipe gestures on mobile" classname="organizations/mobile-responsive.spec.ts" time="0.701">
<failure message="mobile-responsive.spec.ts:59:5 should support swipe gestures on mobile" type="FAILURE">
<![CDATA[  [chromium] › organizations/mobile-responsive.spec.ts:59:5 › Organization Mobile Responsive Design › Mobile Device Testing › should support swipe gestures on mobile 

    Error: page.evaluate: SecurityError: Failed to read the 'localStorage' property from 'Window': Access is denied for this document.
        at UtilityScript.evaluate (<anonymous>:293:16)
        at UtilityScript.<anonymous> (<anonymous>:1:44)
        at UtilityScript.evaluate (<anonymous>:293:16)
        at UtilityScript.<anonymous> (<anonymous>:1:44)
        at TestUtils.login (/mnt/r/Projects/ForkFlow-crm/tests/helpers/testUtils.ts:9:38)
        at /mnt/r/Projects/ForkFlow-crm/tests/organizations/mobile-responsive.spec.ts:16:19

    attachment #1: screenshot (image/png) ──────────────────────────────────────────────────────────
    test-results/organizations-mobile-respo-00ce0-rt-swipe-gestures-on-mobile-chromium/test-failed-1.png
    ────────────────────────────────────────────────────────────────────────────────────────────────

    attachment #2: video (video/webm) ──────────────────────────────────────────────────────────────
    test-results/organizations-mobile-respo-00ce0-rt-swipe-gestures-on-mobile-chromium/video.webm
    ────────────────────────────────────────────────────────────────────────────────────────────────
]]>
</failure>
<system-out>
<![CDATA[
[[ATTACHMENT|organizations-mobile-respo-00ce0-rt-swipe-gestures-on-mobile-chromium/test-failed-1.png]]

[[ATTACHMENT|organizations-mobile-respo-00ce0-rt-swipe-gestures-on-mobile-chromium/video.webm]]
]]>
</system-out>
<system-err>
<![CDATA[Error accessing localStorage: page.evaluate: SecurityError: Failed to read the 'localStorage' property from 'Window': Access is denied for this document.
    at UtilityScript.evaluate (<anonymous>:293:16)
    at UtilityScript.<anonymous> (<anonymous>:1:44)
    at TestUtils.isLoggedIn [90m(/mnt/r/Projects/ForkFlow-crm/[39mtests/helpers/testUtils.ts:51:30[90m)[39m
    at [90m/mnt/r/Projects/ForkFlow-crm/[39mtests/organizations/mobile-responsive.spec.ts:15:23 {
  [[32mSymbol(step)[39m]: {
    stepId: [32m'pw:api@12'[39m,
    location: {
      file: [32m'/mnt/r/Projects/ForkFlow-crm/tests/helpers/testUtils.ts'[39m,
      line: [33m51[39m,
      column: [33m30[39m,
      function: [32m'TestUtils.isLoggedIn'[39m
    },
    category: [32m'pw:api'[39m,
    title: [32m'Evaluate'[39m,
    apiName: [32m'page.evaluate'[39m,
    params: {
      expression: [32m'() => {\n'[39m +
        [32m"        const hasAuth = !!localStorage.getItem('auth') || !!localStorage.getItem('user');\n"[39m +
        [32m"        const isTestMode = localStorage.getItem('test-mode') === 'true';\n"[39m +
        [32m'        return hasAuth || isTestMode;\n'[39m +
        [32m'      }'[39m,
      isFunction: [33mtrue[39m,
      arg: [36m[Object][39m
    },
    boxedStack: [90mundefined[39m,
    steps: [],
    attachmentIndices: [],
    info: TestStepInfoImpl {
      annotations: [],
      _testInfo: [36m[TestInfoImpl][39m,
      _stepId: [32m'pw:api@12'[39m
    },
    complete: [36m[Function: complete][39m,
    endWallTime: [33m1751167518364[39m,
    error: {
      message: [32m"Error: page.evaluate: SecurityError: Failed to read the 'localStorage' property from 'Window': Access is denied for this document.\n"[39m +
        [32m'    at UtilityScript.evaluate (<anonymous>:293:16)\n'[39m +
        [32m'    at UtilityScript.<anonymous> (<anonymous>:1:44)'[39m,
      stack: [32m"Error: page.evaluate: SecurityError: Failed to read the 'localStorage' property from 'Window': Access is denied for this document.\n"[39m +
        [32m'    at UtilityScript.evaluate (<anonymous>:293:16)\n'[39m +
        [32m'    at UtilityScript.<anonymous> (<anonymous>:1:44)\n'[39m +
        [32m'    at UtilityScript.evaluate (<anonymous>:293:16)\n'[39m +
        [32m'    at UtilityScript.<anonymous> (<anonymous>:1:44)\n'[39m +
        [32m'    at TestUtils.isLoggedIn (/mnt/r/Projects/ForkFlow-crm/tests/helpers/testUtils.ts:51:30)\n'[39m +
        [32m'    at /mnt/r/Projects/ForkFlow-crm/tests/organizations/mobile-responsive.spec.ts:15:23'[39m,
      cause: [90mundefined[39m
    }
  }
}
]]>
</system-err>
</testcase>
<testcase name="Organization Mobile Responsive Design › Tablet Device Testing › should display properly on tablet" classname="organizations/mobile-responsive.spec.ts" time="0.686">
<failure message="mobile-responsive.spec.ts:79:5 should display properly on tablet" type="FAILURE">
<![CDATA[  [chromium] › organizations/mobile-responsive.spec.ts:79:5 › Organization Mobile Responsive Design › Tablet Device Testing › should display properly on tablet 

    Error: page.evaluate: SecurityError: Failed to read the 'localStorage' property from 'Window': Access is denied for this document.
        at UtilityScript.evaluate (<anonymous>:293:16)
        at UtilityScript.<anonymous> (<anonymous>:1:44)
        at UtilityScript.evaluate (<anonymous>:293:16)
        at UtilityScript.<anonymous> (<anonymous>:1:44)
        at TestUtils.login (/mnt/r/Projects/ForkFlow-crm/tests/helpers/testUtils.ts:9:38)
        at /mnt/r/Projects/ForkFlow-crm/tests/organizations/mobile-responsive.spec.ts:16:19

    attachment #1: screenshot (image/png) ──────────────────────────────────────────────────────────
    test-results/organizations-mobile-respo-4fd55--display-properly-on-tablet-chromium/test-failed-1.png
    ────────────────────────────────────────────────────────────────────────────────────────────────

    attachment #2: video (video/webm) ──────────────────────────────────────────────────────────────
    test-results/organizations-mobile-respo-4fd55--display-properly-on-tablet-chromium/video.webm
    ────────────────────────────────────────────────────────────────────────────────────────────────
]]>
</failure>
<system-out>
<![CDATA[
[[ATTACHMENT|organizations-mobile-respo-4fd55--display-properly-on-tablet-chromium/test-failed-1.png]]

[[ATTACHMENT|organizations-mobile-respo-4fd55--display-properly-on-tablet-chromium/video.webm]]
]]>
</system-out>
<system-err>
<![CDATA[Error accessing localStorage: page.evaluate: SecurityError: Failed to read the 'localStorage' property from 'Window': Access is denied for this document.
    at UtilityScript.evaluate (<anonymous>:293:16)
    at UtilityScript.<anonymous> (<anonymous>:1:44)
    at TestUtils.isLoggedIn [90m(/mnt/r/Projects/ForkFlow-crm/[39mtests/helpers/testUtils.ts:51:30[90m)[39m
    at [90m/mnt/r/Projects/ForkFlow-crm/[39mtests/organizations/mobile-responsive.spec.ts:15:23 {
  [[32mSymbol(step)[39m]: {
    stepId: [32m'pw:api@12'[39m,
    location: {
      file: [32m'/mnt/r/Projects/ForkFlow-crm/tests/helpers/testUtils.ts'[39m,
      line: [33m51[39m,
      column: [33m30[39m,
      function: [32m'TestUtils.isLoggedIn'[39m
    },
    category: [32m'pw:api'[39m,
    title: [32m'Evaluate'[39m,
    apiName: [32m'page.evaluate'[39m,
    params: {
      expression: [32m'() => {\n'[39m +
        [32m"        const hasAuth = !!localStorage.getItem('auth') || !!localStorage.getItem('user');\n"[39m +
        [32m"        const isTestMode = localStorage.getItem('test-mode') === 'true';\n"[39m +
        [32m'        return hasAuth || isTestMode;\n'[39m +
        [32m'      }'[39m,
      isFunction: [33mtrue[39m,
      arg: [36m[Object][39m
    },
    boxedStack: [90mundefined[39m,
    steps: [],
    attachmentIndices: [],
    info: TestStepInfoImpl {
      annotations: [],
      _testInfo: [36m[TestInfoImpl][39m,
      _stepId: [32m'pw:api@12'[39m
    },
    complete: [36m[Function: complete][39m,
    endWallTime: [33m1751167529626[39m,
    error: {
      message: [32m"Error: page.evaluate: SecurityError: Failed to read the 'localStorage' property from 'Window': Access is denied for this document.\n"[39m +
        [32m'    at UtilityScript.evaluate (<anonymous>:293:16)\n'[39m +
        [32m'    at UtilityScript.<anonymous> (<anonymous>:1:44)'[39m,
      stack: [32m"Error: page.evaluate: SecurityError: Failed to read the 'localStorage' property from 'Window': Access is denied for this document.\n"[39m +
        [32m'    at UtilityScript.evaluate (<anonymous>:293:16)\n'[39m +
        [32m'    at UtilityScript.<anonymous> (<anonymous>:1:44)\n'[39m +
        [32m'    at UtilityScript.evaluate (<anonymous>:293:16)\n'[39m +
        [32m'    at UtilityScript.<anonymous> (<anonymous>:1:44)\n'[39m +
        [32m'    at TestUtils.isLoggedIn (/mnt/r/Projects/ForkFlow-crm/tests/helpers/testUtils.ts:51:30)\n'[39m +
        [32m'    at /mnt/r/Projects/ForkFlow-crm/tests/organizations/mobile-responsive.spec.ts:15:23'[39m,
      cause: [90mundefined[39m
    }
  }
}
]]>
</system-err>
</testcase>
<testcase name="Organization Mobile Responsive Design › Tablet Device Testing › should handle tablet form layout" classname="organizations/mobile-responsive.spec.ts" time="0.691">
<failure message="mobile-responsive.spec.ts:93:5 should handle tablet form layout" type="FAILURE">
<![CDATA[  [chromium] › organizations/mobile-responsive.spec.ts:93:5 › Organization Mobile Responsive Design › Tablet Device Testing › should handle tablet form layout 

    Error: page.evaluate: SecurityError: Failed to read the 'localStorage' property from 'Window': Access is denied for this document.
        at UtilityScript.evaluate (<anonymous>:293:16)
        at UtilityScript.<anonymous> (<anonymous>:1:44)
        at UtilityScript.evaluate (<anonymous>:293:16)
        at UtilityScript.<anonymous> (<anonymous>:1:44)
        at TestUtils.login (/mnt/r/Projects/ForkFlow-crm/tests/helpers/testUtils.ts:9:38)
        at /mnt/r/Projects/ForkFlow-crm/tests/organizations/mobile-responsive.spec.ts:16:19

    attachment #1: screenshot (image/png) ──────────────────────────────────────────────────────────
    test-results/organizations-mobile-respo-0d7fd-d-handle-tablet-form-layout-chromium/test-failed-1.png
    ────────────────────────────────────────────────────────────────────────────────────────────────

    attachment #2: video (video/webm) ──────────────────────────────────────────────────────────────
    test-results/organizations-mobile-respo-0d7fd-d-handle-tablet-form-layout-chromium/video.webm
    ────────────────────────────────────────────────────────────────────────────────────────────────
]]>
</failure>
<system-out>
<![CDATA[
[[ATTACHMENT|organizations-mobile-respo-0d7fd-d-handle-tablet-form-layout-chromium/test-failed-1.png]]

[[ATTACHMENT|organizations-mobile-respo-0d7fd-d-handle-tablet-form-layout-chromium/video.webm]]
]]>
</system-out>
<system-err>
<![CDATA[Error accessing localStorage: page.evaluate: SecurityError: Failed to read the 'localStorage' property from 'Window': Access is denied for this document.
    at UtilityScript.evaluate (<anonymous>:293:16)
    at UtilityScript.<anonymous> (<anonymous>:1:44)
    at TestUtils.isLoggedIn [90m(/mnt/r/Projects/ForkFlow-crm/[39mtests/helpers/testUtils.ts:51:30[90m)[39m
    at [90m/mnt/r/Projects/ForkFlow-crm/[39mtests/organizations/mobile-responsive.spec.ts:15:23 {
  [[32mSymbol(step)[39m]: {
    stepId: [32m'pw:api@12'[39m,
    location: {
      file: [32m'/mnt/r/Projects/ForkFlow-crm/tests/helpers/testUtils.ts'[39m,
      line: [33m51[39m,
      column: [33m30[39m,
      function: [32m'TestUtils.isLoggedIn'[39m
    },
    category: [32m'pw:api'[39m,
    title: [32m'Evaluate'[39m,
    apiName: [32m'page.evaluate'[39m,
    params: {
      expression: [32m'() => {\n'[39m +
        [32m"        const hasAuth = !!localStorage.getItem('auth') || !!localStorage.getItem('user');\n"[39m +
        [32m"        const isTestMode = localStorage.getItem('test-mode') === 'true';\n"[39m +
        [32m'        return hasAuth || isTestMode;\n'[39m +
        [32m'      }'[39m,
      isFunction: [33mtrue[39m,
      arg: [36m[Object][39m
    },
    boxedStack: [90mundefined[39m,
    steps: [],
    attachmentIndices: [],
    info: TestStepInfoImpl {
      annotations: [],
      _testInfo: [36m[TestInfoImpl][39m,
      _stepId: [32m'pw:api@12'[39m
    },
    complete: [36m[Function: complete][39m,
    endWallTime: [33m1751167531437[39m,
    error: {
      message: [32m"Error: page.evaluate: SecurityError: Failed to read the 'localStorage' property from 'Window': Access is denied for this document.\n"[39m +
        [32m'    at UtilityScript.evaluate (<anonymous>:293:16)\n'[39m +
        [32m'    at UtilityScript.<anonymous> (<anonymous>:1:44)'[39m,
      stack: [32m"Error: page.evaluate: SecurityError: Failed to read the 'localStorage' property from 'Window': Access is denied for this document.\n"[39m +
        [32m'    at UtilityScript.evaluate (<anonymous>:293:16)\n'[39m +
        [32m'    at UtilityScript.<anonymous> (<anonymous>:1:44)\n'[39m +
        [32m'    at UtilityScript.evaluate (<anonymous>:293:16)\n'[39m +
        [32m'    at UtilityScript.<anonymous> (<anonymous>:1:44)\n'[39m +
        [32m'    at TestUtils.isLoggedIn (/mnt/r/Projects/ForkFlow-crm/tests/helpers/testUtils.ts:51:30)\n'[39m +
        [32m'    at /mnt/r/Projects/ForkFlow-crm/tests/organizations/mobile-responsive.spec.ts:15:23'[39m,
      cause: [90mundefined[39m
    }
  }
}
]]>
</system-err>
</testcase>
<testcase name="Organization Mobile Responsive Design › Form Responsive Behavior › should stack form fields vertically on mobile" classname="organizations/mobile-responsive.spec.ts" time="0.679">
<failure message="mobile-responsive.spec.ts:117:5 should stack form fields vertically on mobile" type="FAILURE">
<![CDATA[  [chromium] › organizations/mobile-responsive.spec.ts:117:5 › Organization Mobile Responsive Design › Form Responsive Behavior › should stack form fields vertically on mobile 

    Error: page.evaluate: SecurityError: Failed to read the 'localStorage' property from 'Window': Access is denied for this document.
        at UtilityScript.evaluate (<anonymous>:293:16)
        at UtilityScript.<anonymous> (<anonymous>:1:44)
        at UtilityScript.evaluate (<anonymous>:293:16)
        at UtilityScript.<anonymous> (<anonymous>:1:44)
        at TestUtils.login (/mnt/r/Projects/ForkFlow-crm/tests/helpers/testUtils.ts:9:38)
        at /mnt/r/Projects/ForkFlow-crm/tests/organizations/mobile-responsive.spec.ts:16:19

    attachment #1: screenshot (image/png) ──────────────────────────────────────────────────────────
    test-results/organizations-mobile-respo-93b2f-fields-vertically-on-mobile-chromium/test-failed-1.png
    ────────────────────────────────────────────────────────────────────────────────────────────────

    attachment #2: video (video/webm) ──────────────────────────────────────────────────────────────
    test-results/organizations-mobile-respo-93b2f-fields-vertically-on-mobile-chromium/video.webm
    ────────────────────────────────────────────────────────────────────────────────────────────────
]]>
</failure>
<system-out>
<![CDATA[
[[ATTACHMENT|organizations-mobile-respo-93b2f-fields-vertically-on-mobile-chromium/test-failed-1.png]]

[[ATTACHMENT|organizations-mobile-respo-93b2f-fields-vertically-on-mobile-chromium/video.webm]]
]]>
</system-out>
<system-err>
<![CDATA[Error accessing localStorage: page.evaluate: SecurityError: Failed to read the 'localStorage' property from 'Window': Access is denied for this document.
    at UtilityScript.evaluate (<anonymous>:293:16)
    at UtilityScript.<anonymous> (<anonymous>:1:44)
    at TestUtils.isLoggedIn [90m(/mnt/r/Projects/ForkFlow-crm/[39mtests/helpers/testUtils.ts:51:30[90m)[39m
    at [90m/mnt/r/Projects/ForkFlow-crm/[39mtests/organizations/mobile-responsive.spec.ts:15:23 {
  [[32mSymbol(step)[39m]: {
    stepId: [32m'pw:api@12'[39m,
    location: {
      file: [32m'/mnt/r/Projects/ForkFlow-crm/tests/helpers/testUtils.ts'[39m,
      line: [33m51[39m,
      column: [33m30[39m,
      function: [32m'TestUtils.isLoggedIn'[39m
    },
    category: [32m'pw:api'[39m,
    title: [32m'Evaluate'[39m,
    apiName: [32m'page.evaluate'[39m,
    params: {
      expression: [32m'() => {\n'[39m +
        [32m"        const hasAuth = !!localStorage.getItem('auth') || !!localStorage.getItem('user');\n"[39m +
        [32m"        const isTestMode = localStorage.getItem('test-mode') === 'true';\n"[39m +
        [32m'        return hasAuth || isTestMode;\n'[39m +
        [32m'      }'[39m,
      isFunction: [33mtrue[39m,
      arg: [36m[Object][39m
    },
    boxedStack: [90mundefined[39m,
    steps: [],
    attachmentIndices: [],
    info: TestStepInfoImpl {
      annotations: [],
      _testInfo: [36m[TestInfoImpl][39m,
      _stepId: [32m'pw:api@12'[39m
    },
    complete: [36m[Function: complete][39m,
    endWallTime: [33m1751167543201[39m,
    error: {
      message: [32m"Error: page.evaluate: SecurityError: Failed to read the 'localStorage' property from 'Window': Access is denied for this document.\n"[39m +
        [32m'    at UtilityScript.evaluate (<anonymous>:293:16)\n'[39m +
        [32m'    at UtilityScript.<anonymous> (<anonymous>:1:44)'[39m,
      stack: [32m"Error: page.evaluate: SecurityError: Failed to read the 'localStorage' property from 'Window': Access is denied for this document.\n"[39m +
        [32m'    at UtilityScript.evaluate (<anonymous>:293:16)\n'[39m +
        [32m'    at UtilityScript.<anonymous> (<anonymous>:1:44)\n'[39m +
        [32m'    at UtilityScript.evaluate (<anonymous>:293:16)\n'[39m +
        [32m'    at UtilityScript.<anonymous> (<anonymous>:1:44)\n'[39m +
        [32m'    at TestUtils.isLoggedIn (/mnt/r/Projects/ForkFlow-crm/tests/helpers/testUtils.ts:51:30)\n'[39m +
        [32m'    at /mnt/r/Projects/ForkFlow-crm/tests/organizations/mobile-responsive.spec.ts:15:23'[39m,
      cause: [90mundefined[39m
    }
  }
}
]]>
</system-err>
</testcase>
<testcase name="Organization Mobile Responsive Design › Form Responsive Behavior › should use horizontal layout on desktop" classname="organizations/mobile-responsive.spec.ts" time="0.688">
<failure message="mobile-responsive.spec.ts:138:5 should use horizontal layout on desktop" type="FAILURE">
<![CDATA[  [chromium] › organizations/mobile-responsive.spec.ts:138:5 › Organization Mobile Responsive Design › Form Responsive Behavior › should use horizontal layout on desktop 

    Error: page.evaluate: SecurityError: Failed to read the 'localStorage' property from 'Window': Access is denied for this document.
        at UtilityScript.evaluate (<anonymous>:293:16)
        at UtilityScript.<anonymous> (<anonymous>:1:44)
        at UtilityScript.evaluate (<anonymous>:293:16)
        at UtilityScript.<anonymous> (<anonymous>:1:44)
        at TestUtils.login (/mnt/r/Projects/ForkFlow-crm/tests/helpers/testUtils.ts:9:38)
        at /mnt/r/Projects/ForkFlow-crm/tests/organizations/mobile-responsive.spec.ts:16:19

    attachment #1: screenshot (image/png) ──────────────────────────────────────────────────────────
    test-results/organizations-mobile-respo-faecb-orizontal-layout-on-desktop-chromium/test-failed-1.png
    ────────────────────────────────────────────────────────────────────────────────────────────────

    attachment #2: video (video/webm) ──────────────────────────────────────────────────────────────
    test-results/organizations-mobile-respo-faecb-orizontal-layout-on-desktop-chromium/video.webm
    ────────────────────────────────────────────────────────────────────────────────────────────────
]]>
</failure>
<system-out>
<![CDATA[
[[ATTACHMENT|organizations-mobile-respo-faecb-orizontal-layout-on-desktop-chromium/test-failed-1.png]]

[[ATTACHMENT|organizations-mobile-respo-faecb-orizontal-layout-on-desktop-chromium/video.webm]]
]]>
</system-out>
<system-err>
<![CDATA[Error accessing localStorage: page.evaluate: SecurityError: Failed to read the 'localStorage' property from 'Window': Access is denied for this document.
    at UtilityScript.evaluate (<anonymous>:293:16)
    at UtilityScript.<anonymous> (<anonymous>:1:44)
    at TestUtils.isLoggedIn [90m(/mnt/r/Projects/ForkFlow-crm/[39mtests/helpers/testUtils.ts:51:30[90m)[39m
    at [90m/mnt/r/Projects/ForkFlow-crm/[39mtests/organizations/mobile-responsive.spec.ts:15:23 {
  [[32mSymbol(step)[39m]: {
    stepId: [32m'pw:api@12'[39m,
    location: {
      file: [32m'/mnt/r/Projects/ForkFlow-crm/tests/helpers/testUtils.ts'[39m,
      line: [33m51[39m,
      column: [33m30[39m,
      function: [32m'TestUtils.isLoggedIn'[39m
    },
    category: [32m'pw:api'[39m,
    title: [32m'Evaluate'[39m,
    apiName: [32m'page.evaluate'[39m,
    params: {
      expression: [32m'() => {\n'[39m +
        [32m"        const hasAuth = !!localStorage.getItem('auth') || !!localStorage.getItem('user');\n"[39m +
        [32m"        const isTestMode = localStorage.getItem('test-mode') === 'true';\n"[39m +
        [32m'        return hasAuth || isTestMode;\n'[39m +
        [32m'      }'[39m,
      isFunction: [33mtrue[39m,
      arg: [36m[Object][39m
    },
    boxedStack: [90mundefined[39m,
    steps: [],
    attachmentIndices: [],
    info: TestStepInfoImpl {
      annotations: [],
      _testInfo: [36m[TestInfoImpl][39m,
      _stepId: [32m'pw:api@12'[39m
    },
    complete: [36m[Function: complete][39m,
    endWallTime: [33m1751167545227[39m,
    error: {
      message: [32m"Error: page.evaluate: SecurityError: Failed to read the 'localStorage' property from 'Window': Access is denied for this document.\n"[39m +
        [32m'    at UtilityScript.evaluate (<anonymous>:293:16)\n'[39m +
        [32m'    at UtilityScript.<anonymous> (<anonymous>:1:44)'[39m,
      stack: [32m"Error: page.evaluate: SecurityError: Failed to read the 'localStorage' property from 'Window': Access is denied for this document.\n"[39m +
        [32m'    at UtilityScript.evaluate (<anonymous>:293:16)\n'[39m +
        [32m'    at UtilityScript.<anonymous> (<anonymous>:1:44)\n'[39m +
        [32m'    at UtilityScript.evaluate (<anonymous>:293:16)\n'[39m +
        [32m'    at UtilityScript.<anonymous> (<anonymous>:1:44)\n'[39m +
        [32m'    at TestUtils.isLoggedIn (/mnt/r/Projects/ForkFlow-crm/tests/helpers/testUtils.ts:51:30)\n'[39m +
        [32m'    at /mnt/r/Projects/ForkFlow-crm/tests/organizations/mobile-responsive.spec.ts:15:23'[39m,
      cause: [90mundefined[39m
    }
  }
}
]]>
</system-err>
</testcase>
<testcase name="Organization Mobile Responsive Design › Form Responsive Behavior › should handle form validation on mobile" classname="organizations/mobile-responsive.spec.ts" time="0.637">
<failure message="mobile-responsive.spec.ts:161:5 should handle form validation on mobile" type="FAILURE">
<![CDATA[  [chromium] › organizations/mobile-responsive.spec.ts:161:5 › Organization Mobile Responsive Design › Form Responsive Behavior › should handle form validation on mobile 

    Error: page.evaluate: SecurityError: Failed to read the 'localStorage' property from 'Window': Access is denied for this document.
        at UtilityScript.evaluate (<anonymous>:293:16)
        at UtilityScript.<anonymous> (<anonymous>:1:44)
        at UtilityScript.evaluate (<anonymous>:293:16)
        at UtilityScript.<anonymous> (<anonymous>:1:44)
        at TestUtils.login (/mnt/r/Projects/ForkFlow-crm/tests/helpers/testUtils.ts:9:38)
        at /mnt/r/Projects/ForkFlow-crm/tests/organizations/mobile-responsive.spec.ts:16:19

    attachment #1: screenshot (image/png) ──────────────────────────────────────────────────────────
    test-results/organizations-mobile-respo-125bd-e-form-validation-on-mobile-chromium/test-failed-1.png
    ────────────────────────────────────────────────────────────────────────────────────────────────

    attachment #2: video (video/webm) ──────────────────────────────────────────────────────────────
    test-results/organizations-mobile-respo-125bd-e-form-validation-on-mobile-chromium/video.webm
    ────────────────────────────────────────────────────────────────────────────────────────────────
]]>
</failure>
<system-out>
<![CDATA[
[[ATTACHMENT|organizations-mobile-respo-125bd-e-form-validation-on-mobile-chromium/test-failed-1.png]]

[[ATTACHMENT|organizations-mobile-respo-125bd-e-form-validation-on-mobile-chromium/video.webm]]
]]>
</system-out>
<system-err>
<![CDATA[Error accessing localStorage: page.evaluate: SecurityError: Failed to read the 'localStorage' property from 'Window': Access is denied for this document.
    at UtilityScript.evaluate (<anonymous>:293:16)
    at UtilityScript.<anonymous> (<anonymous>:1:44)
    at TestUtils.isLoggedIn [90m(/mnt/r/Projects/ForkFlow-crm/[39mtests/helpers/testUtils.ts:51:30[90m)[39m
    at [90m/mnt/r/Projects/ForkFlow-crm/[39mtests/organizations/mobile-responsive.spec.ts:15:23 {
  [[32mSymbol(step)[39m]: {
    stepId: [32m'pw:api@12'[39m,
    location: {
      file: [32m'/mnt/r/Projects/ForkFlow-crm/tests/helpers/testUtils.ts'[39m,
      line: [33m51[39m,
      column: [33m30[39m,
      function: [32m'TestUtils.isLoggedIn'[39m
    },
    category: [32m'pw:api'[39m,
    title: [32m'Evaluate'[39m,
    apiName: [32m'page.evaluate'[39m,
    params: {
      expression: [32m'() => {\n'[39m +
        [32m"        const hasAuth = !!localStorage.getItem('auth') || !!localStorage.getItem('user');\n"[39m +
        [32m"        const isTestMode = localStorage.getItem('test-mode') === 'true';\n"[39m +
        [32m'        return hasAuth || isTestMode;\n'[39m +
        [32m'      }'[39m,
      isFunction: [33mtrue[39m,
      arg: [36m[Object][39m
    },
    boxedStack: [90mundefined[39m,
    steps: [],
    attachmentIndices: [],
    info: TestStepInfoImpl {
      annotations: [],
      _testInfo: [36m[TestInfoImpl][39m,
      _stepId: [32m'pw:api@12'[39m
    },
    complete: [36m[Function: complete][39m,
    endWallTime: [33m1751167556244[39m,
    error: {
      message: [32m"Error: page.evaluate: SecurityError: Failed to read the 'localStorage' property from 'Window': Access is denied for this document.\n"[39m +
        [32m'    at UtilityScript.evaluate (<anonymous>:293:16)\n'[39m +
        [32m'    at UtilityScript.<anonymous> (<anonymous>:1:44)'[39m,
      stack: [32m"Error: page.evaluate: SecurityError: Failed to read the 'localStorage' property from 'Window': Access is denied for this document.\n"[39m +
        [32m'    at UtilityScript.evaluate (<anonymous>:293:16)\n'[39m +
        [32m'    at UtilityScript.<anonymous> (<anonymous>:1:44)\n'[39m +
        [32m'    at UtilityScript.evaluate (<anonymous>:293:16)\n'[39m +
        [32m'    at UtilityScript.<anonymous> (<anonymous>:1:44)\n'[39m +
        [32m'    at TestUtils.isLoggedIn (/mnt/r/Projects/ForkFlow-crm/tests/helpers/testUtils.ts:51:30)\n'[39m +
        [32m'    at /mnt/r/Projects/ForkFlow-crm/tests/organizations/mobile-responsive.spec.ts:15:23'[39m,
      cause: [90mundefined[39m
    }
  }
}
]]>
</system-err>
</testcase>
<testcase name="Organization Mobile Responsive Design › List View Responsive Behavior › should use card layout on mobile" classname="organizations/mobile-responsive.spec.ts" time="0.677">
<failure message="mobile-responsive.spec.ts:183:5 should use card layout on mobile" type="FAILURE">
<![CDATA[  [chromium] › organizations/mobile-responsive.spec.ts:183:5 › Organization Mobile Responsive Design › List View Responsive Behavior › should use card layout on mobile 

    Error: page.evaluate: SecurityError: Failed to read the 'localStorage' property from 'Window': Access is denied for this document.
        at UtilityScript.evaluate (<anonymous>:293:16)
        at UtilityScript.<anonymous> (<anonymous>:1:44)
        at UtilityScript.evaluate (<anonymous>:293:16)
        at UtilityScript.<anonymous> (<anonymous>:1:44)
        at TestUtils.login (/mnt/r/Projects/ForkFlow-crm/tests/helpers/testUtils.ts:9:38)
        at /mnt/r/Projects/ForkFlow-crm/tests/organizations/mobile-responsive.spec.ts:16:19

    attachment #1: screenshot (image/png) ──────────────────────────────────────────────────────────
    test-results/organizations-mobile-respo-a88aa-d-use-card-layout-on-mobile-chromium/test-failed-1.png
    ────────────────────────────────────────────────────────────────────────────────────────────────

    attachment #2: video (video/webm) ──────────────────────────────────────────────────────────────
    test-results/organizations-mobile-respo-a88aa-d-use-card-layout-on-mobile-chromium/video.webm
    ────────────────────────────────────────────────────────────────────────────────────────────────
]]>
</failure>
<system-out>
<![CDATA[
[[ATTACHMENT|organizations-mobile-respo-a88aa-d-use-card-layout-on-mobile-chromium/test-failed-1.png]]

[[ATTACHMENT|organizations-mobile-respo-a88aa-d-use-card-layout-on-mobile-chromium/video.webm]]
]]>
</system-out>
<system-err>
<![CDATA[Error accessing localStorage: page.evaluate: SecurityError: Failed to read the 'localStorage' property from 'Window': Access is denied for this document.
    at UtilityScript.evaluate (<anonymous>:293:16)
    at UtilityScript.<anonymous> (<anonymous>:1:44)
    at TestUtils.isLoggedIn [90m(/mnt/r/Projects/ForkFlow-crm/[39mtests/helpers/testUtils.ts:51:30[90m)[39m
    at [90m/mnt/r/Projects/ForkFlow-crm/[39mtests/organizations/mobile-responsive.spec.ts:15:23 {
  [[32mSymbol(step)[39m]: {
    stepId: [32m'pw:api@12'[39m,
    location: {
      file: [32m'/mnt/r/Projects/ForkFlow-crm/tests/helpers/testUtils.ts'[39m,
      line: [33m51[39m,
      column: [33m30[39m,
      function: [32m'TestUtils.isLoggedIn'[39m
    },
    category: [32m'pw:api'[39m,
    title: [32m'Evaluate'[39m,
    apiName: [32m'page.evaluate'[39m,
    params: {
      expression: [32m'() => {\n'[39m +
        [32m"        const hasAuth = !!localStorage.getItem('auth') || !!localStorage.getItem('user');\n"[39m +
        [32m"        const isTestMode = localStorage.getItem('test-mode') === 'true';\n"[39m +
        [32m'        return hasAuth || isTestMode;\n'[39m +
        [32m'      }'[39m,
      isFunction: [33mtrue[39m,
      arg: [36m[Object][39m
    },
    boxedStack: [90mundefined[39m,
    steps: [],
    attachmentIndices: [],
    info: TestStepInfoImpl {
      annotations: [],
      _testInfo: [36m[TestInfoImpl][39m,
      _stepId: [32m'pw:api@12'[39m
    },
    complete: [36m[Function: complete][39m,
    endWallTime: [33m1751167557996[39m,
    error: {
      message: [32m"Error: page.evaluate: SecurityError: Failed to read the 'localStorage' property from 'Window': Access is denied for this document.\n"[39m +
        [32m'    at UtilityScript.evaluate (<anonymous>:293:16)\n'[39m +
        [32m'    at UtilityScript.<anonymous> (<anonymous>:1:44)'[39m,
      stack: [32m"Error: page.evaluate: SecurityError: Failed to read the 'localStorage' property from 'Window': Access is denied for this document.\n"[39m +
        [32m'    at UtilityScript.evaluate (<anonymous>:293:16)\n'[39m +
        [32m'    at UtilityScript.<anonymous> (<anonymous>:1:44)\n'[39m +
        [32m'    at UtilityScript.evaluate (<anonymous>:293:16)\n'[39m +
        [32m'    at UtilityScript.<anonymous> (<anonymous>:1:44)\n'[39m +
        [32m'    at TestUtils.isLoggedIn (/mnt/r/Projects/ForkFlow-crm/tests/helpers/testUtils.ts:51:30)\n'[39m +
        [32m'    at /mnt/r/Projects/ForkFlow-crm/tests/organizations/mobile-responsive.spec.ts:15:23'[39m,
      cause: [90mundefined[39m
    }
  }
}
]]>
</system-err>
</testcase>
<testcase name="Organization Mobile Responsive Design › List View Responsive Behavior › should use table layout on desktop" classname="organizations/mobile-responsive.spec.ts" time="0.705">
<failure message="mobile-responsive.spec.ts:196:5 should use table layout on desktop" type="FAILURE">
<![CDATA[  [chromium] › organizations/mobile-responsive.spec.ts:196:5 › Organization Mobile Responsive Design › List View Responsive Behavior › should use table layout on desktop 

    Error: page.evaluate: SecurityError: Failed to read the 'localStorage' property from 'Window': Access is denied for this document.
        at UtilityScript.evaluate (<anonymous>:293:16)
        at UtilityScript.<anonymous> (<anonymous>:1:44)
        at UtilityScript.evaluate (<anonymous>:293:16)
        at UtilityScript.<anonymous> (<anonymous>:1:44)
        at TestUtils.login (/mnt/r/Projects/ForkFlow-crm/tests/helpers/testUtils.ts:9:38)
        at /mnt/r/Projects/ForkFlow-crm/tests/organizations/mobile-responsive.spec.ts:16:19

    attachment #1: screenshot (image/png) ──────────────────────────────────────────────────────────
    test-results/organizations-mobile-respo-c1371-use-table-layout-on-desktop-chromium/test-failed-1.png
    ────────────────────────────────────────────────────────────────────────────────────────────────

    attachment #2: video (video/webm) ──────────────────────────────────────────────────────────────
    test-results/organizations-mobile-respo-c1371-use-table-layout-on-desktop-chromium/video.webm
    ────────────────────────────────────────────────────────────────────────────────────────────────
]]>
</failure>
<system-out>
<![CDATA[
[[ATTACHMENT|organizations-mobile-respo-c1371-use-table-layout-on-desktop-chromium/test-failed-1.png]]

[[ATTACHMENT|organizations-mobile-respo-c1371-use-table-layout-on-desktop-chromium/video.webm]]
]]>
</system-out>
<system-err>
<![CDATA[Error accessing localStorage: page.evaluate: SecurityError: Failed to read the 'localStorage' property from 'Window': Access is denied for this document.
    at UtilityScript.evaluate (<anonymous>:293:16)
    at UtilityScript.<anonymous> (<anonymous>:1:44)
    at TestUtils.isLoggedIn [90m(/mnt/r/Projects/ForkFlow-crm/[39mtests/helpers/testUtils.ts:51:30[90m)[39m
    at [90m/mnt/r/Projects/ForkFlow-crm/[39mtests/organizations/mobile-responsive.spec.ts:15:23 {
  [[32mSymbol(step)[39m]: {
    stepId: [32m'pw:api@12'[39m,
    location: {
      file: [32m'/mnt/r/Projects/ForkFlow-crm/tests/helpers/testUtils.ts'[39m,
      line: [33m51[39m,
      column: [33m30[39m,
      function: [32m'TestUtils.isLoggedIn'[39m
    },
    category: [32m'pw:api'[39m,
    title: [32m'Evaluate'[39m,
    apiName: [32m'page.evaluate'[39m,
    params: {
      expression: [32m'() => {\n'[39m +
        [32m"        const hasAuth = !!localStorage.getItem('auth') || !!localStorage.getItem('user');\n"[39m +
        [32m"        const isTestMode = localStorage.getItem('test-mode') === 'true';\n"[39m +
        [32m'        return hasAuth || isTestMode;\n'[39m +
        [32m'      }'[39m,
      isFunction: [33mtrue[39m,
      arg: [36m[Object][39m
    },
    boxedStack: [90mundefined[39m,
    steps: [],
    attachmentIndices: [],
    info: TestStepInfoImpl {
      annotations: [],
      _testInfo: [36m[TestInfoImpl][39m,
      _stepId: [32m'pw:api@12'[39m
    },
    complete: [36m[Function: complete][39m,
    endWallTime: [33m1751167569046[39m,
    error: {
      message: [32m"Error: page.evaluate: SecurityError: Failed to read the 'localStorage' property from 'Window': Access is denied for this document.\n"[39m +
        [32m'    at UtilityScript.evaluate (<anonymous>:293:16)\n'[39m +
        [32m'    at UtilityScript.<anonymous> (<anonymous>:1:44)'[39m,
      stack: [32m"Error: page.evaluate: SecurityError: Failed to read the 'localStorage' property from 'Window': Access is denied for this document.\n"[39m +
        [32m'    at UtilityScript.evaluate (<anonymous>:293:16)\n'[39m +
        [32m'    at UtilityScript.<anonymous> (<anonymous>:1:44)\n'[39m +
        [32m'    at UtilityScript.evaluate (<anonymous>:293:16)\n'[39m +
        [32m'    at UtilityScript.<anonymous> (<anonymous>:1:44)\n'[39m +
        [32m'    at TestUtils.isLoggedIn (/mnt/r/Projects/ForkFlow-crm/tests/helpers/testUtils.ts:51:30)\n'[39m +
        [32m'    at /mnt/r/Projects/ForkFlow-crm/tests/organizations/mobile-responsive.spec.ts:15:23'[39m,
      cause: [90mundefined[39m
    }
  }
}
]]>
</system-err>
</testcase>
<testcase name="Organization Mobile Responsive Design › List View Responsive Behavior › should handle horizontal scrolling on mobile table" classname="organizations/mobile-responsive.spec.ts" time="0.717">
<failure message="mobile-responsive.spec.ts:206:5 should handle horizontal scrolling on mobile table" type="FAILURE">
<![CDATA[  [chromium] › organizations/mobile-responsive.spec.ts:206:5 › Organization Mobile Responsive Design › List View Responsive Behavior › should handle horizontal scrolling on mobile table 

    Error: page.evaluate: SecurityError: Failed to read the 'localStorage' property from 'Window': Access is denied for this document.
        at UtilityScript.evaluate (<anonymous>:293:16)
        at UtilityScript.<anonymous> (<anonymous>:1:44)
        at UtilityScript.evaluate (<anonymous>:293:16)
        at UtilityScript.<anonymous> (<anonymous>:1:44)
        at TestUtils.login (/mnt/r/Projects/ForkFlow-crm/tests/helpers/testUtils.ts:9:38)
        at /mnt/r/Projects/ForkFlow-crm/tests/organizations/mobile-responsive.spec.ts:16:19

    attachment #1: screenshot (image/png) ──────────────────────────────────────────────────────────
    test-results/organizations-mobile-respo-4bf79-l-scrolling-on-mobile-table-chromium/test-failed-1.png
    ────────────────────────────────────────────────────────────────────────────────────────────────

    attachment #2: video (video/webm) ──────────────────────────────────────────────────────────────
    test-results/organizations-mobile-respo-4bf79-l-scrolling-on-mobile-table-chromium/video.webm
    ────────────────────────────────────────────────────────────────────────────────────────────────
]]>
</failure>
<system-out>
<![CDATA[
[[ATTACHMENT|organizations-mobile-respo-4bf79-l-scrolling-on-mobile-table-chromium/test-failed-1.png]]

[[ATTACHMENT|organizations-mobile-respo-4bf79-l-scrolling-on-mobile-table-chromium/video.webm]]
]]>
</system-out>
<system-err>
<![CDATA[Error accessing localStorage: page.evaluate: SecurityError: Failed to read the 'localStorage' property from 'Window': Access is denied for this document.
    at UtilityScript.evaluate (<anonymous>:293:16)
    at UtilityScript.<anonymous> (<anonymous>:1:44)
    at TestUtils.isLoggedIn [90m(/mnt/r/Projects/ForkFlow-crm/[39mtests/helpers/testUtils.ts:51:30[90m)[39m
    at [90m/mnt/r/Projects/ForkFlow-crm/[39mtests/organizations/mobile-responsive.spec.ts:15:23 {
  [[32mSymbol(step)[39m]: {
    stepId: [32m'pw:api@12'[39m,
    location: {
      file: [32m'/mnt/r/Projects/ForkFlow-crm/tests/helpers/testUtils.ts'[39m,
      line: [33m51[39m,
      column: [33m30[39m,
      function: [32m'TestUtils.isLoggedIn'[39m
    },
    category: [32m'pw:api'[39m,
    title: [32m'Evaluate'[39m,
    apiName: [32m'page.evaluate'[39m,
    params: {
      expression: [32m'() => {\n'[39m +
        [32m"        const hasAuth = !!localStorage.getItem('auth') || !!localStorage.getItem('user');\n"[39m +
        [32m"        const isTestMode = localStorage.getItem('test-mode') === 'true';\n"[39m +
        [32m'        return hasAuth || isTestMode;\n'[39m +
        [32m'      }'[39m,
      isFunction: [33mtrue[39m,
      arg: [36m[Object][39m
    },
    boxedStack: [90mundefined[39m,
    steps: [],
    attachmentIndices: [],
    info: TestStepInfoImpl {
      annotations: [],
      _testInfo: [36m[TestInfoImpl][39m,
      _stepId: [32m'pw:api@12'[39m
    },
    complete: [36m[Function: complete][39m,
    endWallTime: [33m1751167571392[39m,
    error: {
      message: [32m"Error: page.evaluate: SecurityError: Failed to read the 'localStorage' property from 'Window': Access is denied for this document.\n"[39m +
        [32m'    at UtilityScript.evaluate (<anonymous>:293:16)\n'[39m +
        [32m'    at UtilityScript.<anonymous> (<anonymous>:1:44)'[39m,
      stack: [32m"Error: page.evaluate: SecurityError: Failed to read the 'localStorage' property from 'Window': Access is denied for this document.\n"[39m +
        [32m'    at UtilityScript.evaluate (<anonymous>:293:16)\n'[39m +
        [32m'    at UtilityScript.<anonymous> (<anonymous>:1:44)\n'[39m +
        [32m'    at UtilityScript.evaluate (<anonymous>:293:16)\n'[39m +
        [32m'    at UtilityScript.<anonymous> (<anonymous>:1:44)\n'[39m +
        [32m'    at TestUtils.isLoggedIn (/mnt/r/Projects/ForkFlow-crm/tests/helpers/testUtils.ts:51:30)\n'[39m +
        [32m'    at /mnt/r/Projects/ForkFlow-crm/tests/organizations/mobile-responsive.spec.ts:15:23'[39m,
      cause: [90mundefined[39m
    }
  }
}
]]>
</system-err>
</testcase>
<testcase name="Organization Mobile Responsive Design › Navigation Responsive Behavior › should show hamburger menu on mobile" classname="organizations/mobile-responsive.spec.ts" time="0.651">
<failure message="mobile-responsive.spec.ts:228:5 should show hamburger menu on mobile" type="FAILURE">
<![CDATA[  [chromium] › organizations/mobile-responsive.spec.ts:228:5 › Organization Mobile Responsive Design › Navigation Responsive Behavior › should show hamburger menu on mobile 

    Error: page.evaluate: SecurityError: Failed to read the 'localStorage' property from 'Window': Access is denied for this document.
        at UtilityScript.evaluate (<anonymous>:293:16)
        at UtilityScript.<anonymous> (<anonymous>:1:44)
        at UtilityScript.evaluate (<anonymous>:293:16)
        at UtilityScript.<anonymous> (<anonymous>:1:44)
        at TestUtils.login (/mnt/r/Projects/ForkFlow-crm/tests/helpers/testUtils.ts:9:38)
        at /mnt/r/Projects/ForkFlow-crm/tests/organizations/mobile-responsive.spec.ts:16:19

    attachment #1: screenshot (image/png) ──────────────────────────────────────────────────────────
    test-results/organizations-mobile-respo-f12a1-ow-hamburger-menu-on-mobile-chromium/test-failed-1.png
    ────────────────────────────────────────────────────────────────────────────────────────────────

    attachment #2: video (video/webm) ──────────────────────────────────────────────────────────────
    test-results/organizations-mobile-respo-f12a1-ow-hamburger-menu-on-mobile-chromium/video.webm
    ────────────────────────────────────────────────────────────────────────────────────────────────
]]>
</failure>
<system-out>
<![CDATA[
[[ATTACHMENT|organizations-mobile-respo-f12a1-ow-hamburger-menu-on-mobile-chromium/test-failed-1.png]]

[[ATTACHMENT|organizations-mobile-respo-f12a1-ow-hamburger-menu-on-mobile-chromium/video.webm]]
]]>
</system-out>
<system-err>
<![CDATA[Error accessing localStorage: page.evaluate: SecurityError: Failed to read the 'localStorage' property from 'Window': Access is denied for this document.
    at UtilityScript.evaluate (<anonymous>:293:16)
    at UtilityScript.<anonymous> (<anonymous>:1:44)
    at TestUtils.isLoggedIn [90m(/mnt/r/Projects/ForkFlow-crm/[39mtests/helpers/testUtils.ts:51:30[90m)[39m
    at [90m/mnt/r/Projects/ForkFlow-crm/[39mtests/organizations/mobile-responsive.spec.ts:15:23 {
  [[32mSymbol(step)[39m]: {
    stepId: [32m'pw:api@12'[39m,
    location: {
      file: [32m'/mnt/r/Projects/ForkFlow-crm/tests/helpers/testUtils.ts'[39m,
      line: [33m51[39m,
      column: [33m30[39m,
      function: [32m'TestUtils.isLoggedIn'[39m
    },
    category: [32m'pw:api'[39m,
    title: [32m'Evaluate'[39m,
    apiName: [32m'page.evaluate'[39m,
    params: {
      expression: [32m'() => {\n'[39m +
        [32m"        const hasAuth = !!localStorage.getItem('auth') || !!localStorage.getItem('user');\n"[39m +
        [32m"        const isTestMode = localStorage.getItem('test-mode') === 'true';\n"[39m +
        [32m'        return hasAuth || isTestMode;\n'[39m +
        [32m'      }'[39m,
      isFunction: [33mtrue[39m,
      arg: [36m[Object][39m
    },
    boxedStack: [90mundefined[39m,
    steps: [],
    attachmentIndices: [],
    info: TestStepInfoImpl {
      annotations: [],
      _testInfo: [36m[TestInfoImpl][39m,
      _stepId: [32m'pw:api@12'[39m
    },
    complete: [36m[Function: complete][39m,
    endWallTime: [33m1751167582730[39m,
    error: {
      message: [32m"Error: page.evaluate: SecurityError: Failed to read the 'localStorage' property from 'Window': Access is denied for this document.\n"[39m +
        [32m'    at UtilityScript.evaluate (<anonymous>:293:16)\n'[39m +
        [32m'    at UtilityScript.<anonymous> (<anonymous>:1:44)'[39m,
      stack: [32m"Error: page.evaluate: SecurityError: Failed to read the 'localStorage' property from 'Window': Access is denied for this document.\n"[39m +
        [32m'    at UtilityScript.evaluate (<anonymous>:293:16)\n'[39m +
        [32m'    at UtilityScript.<anonymous> (<anonymous>:1:44)\n'[39m +
        [32m'    at UtilityScript.evaluate (<anonymous>:293:16)\n'[39m +
        [32m'    at UtilityScript.<anonymous> (<anonymous>:1:44)\n'[39m +
        [32m'    at TestUtils.isLoggedIn (/mnt/r/Projects/ForkFlow-crm/tests/helpers/testUtils.ts:51:30)\n'[39m +
        [32m'    at /mnt/r/Projects/ForkFlow-crm/tests/organizations/mobile-responsive.spec.ts:15:23'[39m,
      cause: [90mundefined[39m
    }
  }
}
]]>
</system-err>
</testcase>
<testcase name="Organization Mobile Responsive Design › Navigation Responsive Behavior › should show sidebar navigation on desktop" classname="organizations/mobile-responsive.spec.ts" time="0.667">
<failure message="mobile-responsive.spec.ts:237:5 should show sidebar navigation on desktop" type="FAILURE">
<![CDATA[  [chromium] › organizations/mobile-responsive.spec.ts:237:5 › Organization Mobile Responsive Design › Navigation Responsive Behavior › should show sidebar navigation on desktop 

    Error: page.evaluate: SecurityError: Failed to read the 'localStorage' property from 'Window': Access is denied for this document.
        at UtilityScript.evaluate (<anonymous>:293:16)
        at UtilityScript.<anonymous> (<anonymous>:1:44)
        at UtilityScript.evaluate (<anonymous>:293:16)
        at UtilityScript.<anonymous> (<anonymous>:1:44)
        at TestUtils.login (/mnt/r/Projects/ForkFlow-crm/tests/helpers/testUtils.ts:9:38)
        at /mnt/r/Projects/ForkFlow-crm/tests/organizations/mobile-responsive.spec.ts:16:19

    attachment #1: screenshot (image/png) ──────────────────────────────────────────────────────────
    test-results/organizations-mobile-respo-0ccfb-debar-navigation-on-desktop-chromium/test-failed-1.png
    ────────────────────────────────────────────────────────────────────────────────────────────────

    attachment #2: video (video/webm) ──────────────────────────────────────────────────────────────
    test-results/organizations-mobile-respo-0ccfb-debar-navigation-on-desktop-chromium/video.webm
    ────────────────────────────────────────────────────────────────────────────────────────────────
]]>
</failure>
<system-out>
<![CDATA[
[[ATTACHMENT|organizations-mobile-respo-0ccfb-debar-navigation-on-desktop-chromium/test-failed-1.png]]

[[ATTACHMENT|organizations-mobile-respo-0ccfb-debar-navigation-on-desktop-chromium/video.webm]]
]]>
</system-out>
<system-err>
<![CDATA[Error accessing localStorage: page.evaluate: SecurityError: Failed to read the 'localStorage' property from 'Window': Access is denied for this document.
    at UtilityScript.evaluate (<anonymous>:293:16)
    at UtilityScript.<anonymous> (<anonymous>:1:44)
    at TestUtils.isLoggedIn [90m(/mnt/r/Projects/ForkFlow-crm/[39mtests/helpers/testUtils.ts:51:30[90m)[39m
    at [90m/mnt/r/Projects/ForkFlow-crm/[39mtests/organizations/mobile-responsive.spec.ts:15:23 {
  [[32mSymbol(step)[39m]: {
    stepId: [32m'pw:api@12'[39m,
    location: {
      file: [32m'/mnt/r/Projects/ForkFlow-crm/tests/helpers/testUtils.ts'[39m,
      line: [33m51[39m,
      column: [33m30[39m,
      function: [32m'TestUtils.isLoggedIn'[39m
    },
    category: [32m'pw:api'[39m,
    title: [32m'Evaluate'[39m,
    apiName: [32m'page.evaluate'[39m,
    params: {
      expression: [32m'() => {\n'[39m +
        [32m"        const hasAuth = !!localStorage.getItem('auth') || !!localStorage.getItem('user');\n"[39m +
        [32m"        const isTestMode = localStorage.getItem('test-mode') === 'true';\n"[39m +
        [32m'        return hasAuth || isTestMode;\n'[39m +
        [32m'      }'[39m,
      isFunction: [33mtrue[39m,
      arg: [36m[Object][39m
    },
    boxedStack: [90mundefined[39m,
    steps: [],
    attachmentIndices: [],
    info: TestStepInfoImpl {
      annotations: [],
      _testInfo: [36m[TestInfoImpl][39m,
      _stepId: [32m'pw:api@12'[39m
    },
    complete: [36m[Function: complete][39m,
    endWallTime: [33m1751167584073[39m,
    error: {
      message: [32m"Error: page.evaluate: SecurityError: Failed to read the 'localStorage' property from 'Window': Access is denied for this document.\n"[39m +
        [32m'    at UtilityScript.evaluate (<anonymous>:293:16)\n'[39m +
        [32m'    at UtilityScript.<anonymous> (<anonymous>:1:44)'[39m,
      stack: [32m"Error: page.evaluate: SecurityError: Failed to read the 'localStorage' property from 'Window': Access is denied for this document.\n"[39m +
        [32m'    at UtilityScript.evaluate (<anonymous>:293:16)\n'[39m +
        [32m'    at UtilityScript.<anonymous> (<anonymous>:1:44)\n'[39m +
        [32m'    at UtilityScript.evaluate (<anonymous>:293:16)\n'[39m +
        [32m'    at UtilityScript.<anonymous> (<anonymous>:1:44)\n'[39m +
        [32m'    at TestUtils.isLoggedIn (/mnt/r/Projects/ForkFlow-crm/tests/helpers/testUtils.ts:51:30)\n'[39m +
        [32m'    at /mnt/r/Projects/ForkFlow-crm/tests/organizations/mobile-responsive.spec.ts:15:23'[39m,
      cause: [90mundefined[39m
    }
  }
}
]]>
</system-err>
</testcase>
<testcase name="Organization Mobile Responsive Design › Navigation Responsive Behavior › should handle navigation menu toggle" classname="organizations/mobile-responsive.spec.ts" time="0.677">
<failure message="mobile-responsive.spec.ts:246:5 should handle navigation menu toggle" type="FAILURE">
<![CDATA[  [chromium] › organizations/mobile-responsive.spec.ts:246:5 › Organization Mobile Responsive Design › Navigation Responsive Behavior › should handle navigation menu toggle 

    Error: page.evaluate: SecurityError: Failed to read the 'localStorage' property from 'Window': Access is denied for this document.
        at UtilityScript.evaluate (<anonymous>:293:16)
        at UtilityScript.<anonymous> (<anonymous>:1:44)
        at UtilityScript.evaluate (<anonymous>:293:16)
        at UtilityScript.<anonymous> (<anonymous>:1:44)
        at TestUtils.login (/mnt/r/Projects/ForkFlow-crm/tests/helpers/testUtils.ts:9:38)
        at /mnt/r/Projects/ForkFlow-crm/tests/organizations/mobile-responsive.spec.ts:16:19

    attachment #1: screenshot (image/png) ──────────────────────────────────────────────────────────
    test-results/organizations-mobile-respo-600f6-ndle-navigation-menu-toggle-chromium/test-failed-1.png
    ────────────────────────────────────────────────────────────────────────────────────────────────

    attachment #2: video (video/webm) ──────────────────────────────────────────────────────────────
    test-results/organizations-mobile-respo-600f6-ndle-navigation-menu-toggle-chromium/video.webm
    ────────────────────────────────────────────────────────────────────────────────────────────────
]]>
</failure>
<system-out>
<![CDATA[
[[ATTACHMENT|organizations-mobile-respo-600f6-ndle-navigation-menu-toggle-chromium/test-failed-1.png]]

[[ATTACHMENT|organizations-mobile-respo-600f6-ndle-navigation-menu-toggle-chromium/video.webm]]
]]>
</system-out>
<system-err>
<![CDATA[Error accessing localStorage: page.evaluate: SecurityError: Failed to read the 'localStorage' property from 'Window': Access is denied for this document.
    at UtilityScript.evaluate (<anonymous>:293:16)
    at UtilityScript.<anonymous> (<anonymous>:1:44)
    at TestUtils.isLoggedIn [90m(/mnt/r/Projects/ForkFlow-crm/[39mtests/helpers/testUtils.ts:51:30[90m)[39m
    at [90m/mnt/r/Projects/ForkFlow-crm/[39mtests/organizations/mobile-responsive.spec.ts:15:23 {
  [[32mSymbol(step)[39m]: {
    stepId: [32m'pw:api@12'[39m,
    location: {
      file: [32m'/mnt/r/Projects/ForkFlow-crm/tests/helpers/testUtils.ts'[39m,
      line: [33m51[39m,
      column: [33m30[39m,
      function: [32m'TestUtils.isLoggedIn'[39m
    },
    category: [32m'pw:api'[39m,
    title: [32m'Evaluate'[39m,
    apiName: [32m'page.evaluate'[39m,
    params: {
      expression: [32m'() => {\n'[39m +
        [32m"        const hasAuth = !!localStorage.getItem('auth') || !!localStorage.getItem('user');\n"[39m +
        [32m"        const isTestMode = localStorage.getItem('test-mode') === 'true';\n"[39m +
        [32m'        return hasAuth || isTestMode;\n'[39m +
        [32m'      }'[39m,
      isFunction: [33mtrue[39m,
      arg: [36m[Object][39m
    },
    boxedStack: [90mundefined[39m,
    steps: [],
    attachmentIndices: [],
    info: TestStepInfoImpl {
      annotations: [],
      _testInfo: [36m[TestInfoImpl][39m,
      _stepId: [32m'pw:api@12'[39m
    },
    complete: [36m[Function: complete][39m,
    endWallTime: [33m1751167595175[39m,
    error: {
      message: [32m"Error: page.evaluate: SecurityError: Failed to read the 'localStorage' property from 'Window': Access is denied for this document.\n"[39m +
        [32m'    at UtilityScript.evaluate (<anonymous>:293:16)\n'[39m +
        [32m'    at UtilityScript.<anonymous> (<anonymous>:1:44)'[39m,
      stack: [32m"Error: page.evaluate: SecurityError: Failed to read the 'localStorage' property from 'Window': Access is denied for this document.\n"[39m +
        [32m'    at UtilityScript.evaluate (<anonymous>:293:16)\n'[39m +
        [32m'    at UtilityScript.<anonymous> (<anonymous>:1:44)\n'[39m +
        [32m'    at UtilityScript.evaluate (<anonymous>:293:16)\n'[39m +
        [32m'    at UtilityScript.<anonymous> (<anonymous>:1:44)\n'[39m +
        [32m'    at TestUtils.isLoggedIn (/mnt/r/Projects/ForkFlow-crm/tests/helpers/testUtils.ts:51:30)\n'[39m +
        [32m'    at /mnt/r/Projects/ForkFlow-crm/tests/organizations/mobile-responsive.spec.ts:15:23'[39m,
      cause: [90mundefined[39m
    }
  }
}
]]>
</system-err>
</testcase>
<testcase name="Organization Mobile Responsive Design › Search and Filter Responsive Behavior › should adapt search interface for mobile" classname="organizations/mobile-responsive.spec.ts" time="0.665">
<failure message="mobile-responsive.spec.ts:270:5 should adapt search interface for mobile" type="FAILURE">
<![CDATA[  [chromium] › organizations/mobile-responsive.spec.ts:270:5 › Organization Mobile Responsive Design › Search and Filter Responsive Behavior › should adapt search interface for mobile 

    Error: page.evaluate: SecurityError: Failed to read the 'localStorage' property from 'Window': Access is denied for this document.
        at UtilityScript.evaluate (<anonymous>:293:16)
        at UtilityScript.<anonymous> (<anonymous>:1:44)
        at UtilityScript.evaluate (<anonymous>:293:16)
        at UtilityScript.<anonymous> (<anonymous>:1:44)
        at TestUtils.login (/mnt/r/Projects/ForkFlow-crm/tests/helpers/testUtils.ts:9:38)
        at /mnt/r/Projects/ForkFlow-crm/tests/organizations/mobile-responsive.spec.ts:16:19

    attachment #1: screenshot (image/png) ──────────────────────────────────────────────────────────
    test-results/organizations-mobile-respo-2e92e-search-interface-for-mobile-chromium/test-failed-1.png
    ────────────────────────────────────────────────────────────────────────────────────────────────

    attachment #2: video (video/webm) ──────────────────────────────────────────────────────────────
    test-results/organizations-mobile-respo-2e92e-search-interface-for-mobile-chromium/video.webm
    ────────────────────────────────────────────────────────────────────────────────────────────────
]]>
</failure>
<system-out>
<![CDATA[
[[ATTACHMENT|organizations-mobile-respo-2e92e-search-interface-for-mobile-chromium/test-failed-1.png]]

[[ATTACHMENT|organizations-mobile-respo-2e92e-search-interface-for-mobile-chromium/video.webm]]
]]>
</system-out>
<system-err>
<![CDATA[Error accessing localStorage: page.evaluate: SecurityError: Failed to read the 'localStorage' property from 'Window': Access is denied for this document.
    at UtilityScript.evaluate (<anonymous>:293:16)
    at UtilityScript.<anonymous> (<anonymous>:1:44)
    at TestUtils.isLoggedIn [90m(/mnt/r/Projects/ForkFlow-crm/[39mtests/helpers/testUtils.ts:51:30[90m)[39m
    at [90m/mnt/r/Projects/ForkFlow-crm/[39mtests/organizations/mobile-responsive.spec.ts:15:23 {
  [[32mSymbol(step)[39m]: {
    stepId: [32m'pw:api@12'[39m,
    location: {
      file: [32m'/mnt/r/Projects/ForkFlow-crm/tests/helpers/testUtils.ts'[39m,
      line: [33m51[39m,
      column: [33m30[39m,
      function: [32m'TestUtils.isLoggedIn'[39m
    },
    category: [32m'pw:api'[39m,
    title: [32m'Evaluate'[39m,
    apiName: [32m'page.evaluate'[39m,
    params: {
      expression: [32m'() => {\n'[39m +
        [32m"        const hasAuth = !!localStorage.getItem('auth') || !!localStorage.getItem('user');\n"[39m +
        [32m"        const isTestMode = localStorage.getItem('test-mode') === 'true';\n"[39m +
        [32m'        return hasAuth || isTestMode;\n'[39m +
        [32m'      }'[39m,
      isFunction: [33mtrue[39m,
      arg: [36m[Object][39m
    },
    boxedStack: [90mundefined[39m,
    steps: [],
    attachmentIndices: [],
    info: TestStepInfoImpl {
      annotations: [],
      _testInfo: [36m[TestInfoImpl][39m,
      _stepId: [32m'pw:api@12'[39m
    },
    complete: [36m[Function: complete][39m,
    endWallTime: [33m1751167597062[39m,
    error: {
      message: [32m"Error: page.evaluate: SecurityError: Failed to read the 'localStorage' property from 'Window': Access is denied for this document.\n"[39m +
        [32m'    at UtilityScript.evaluate (<anonymous>:293:16)\n'[39m +
        [32m'    at UtilityScript.<anonymous> (<anonymous>:1:44)'[39m,
      stack: [32m"Error: page.evaluate: SecurityError: Failed to read the 'localStorage' property from 'Window': Access is denied for this document.\n"[39m +
        [32m'    at UtilityScript.evaluate (<anonymous>:293:16)\n'[39m +
        [32m'    at UtilityScript.<anonymous> (<anonymous>:1:44)\n'[39m +
        [32m'    at UtilityScript.evaluate (<anonymous>:293:16)\n'[39m +
        [32m'    at UtilityScript.<anonymous> (<anonymous>:1:44)\n'[39m +
        [32m'    at TestUtils.isLoggedIn (/mnt/r/Projects/ForkFlow-crm/tests/helpers/testUtils.ts:51:30)\n'[39m +
        [32m'    at /mnt/r/Projects/ForkFlow-crm/tests/organizations/mobile-responsive.spec.ts:15:23'[39m,
      cause: [90mundefined[39m
    }
  }
}
]]>
</system-err>
</testcase>
<testcase name="Organization Mobile Responsive Design › Search and Filter Responsive Behavior › should handle filter menu on mobile" classname="organizations/mobile-responsive.spec.ts" time="0.696">
<failure message="mobile-responsive.spec.ts:289:5 should handle filter menu on mobile" type="FAILURE">
<![CDATA[  [chromium] › organizations/mobile-responsive.spec.ts:289:5 › Organization Mobile Responsive Design › Search and Filter Responsive Behavior › should handle filter menu on mobile 

    Error: page.evaluate: SecurityError: Failed to read the 'localStorage' property from 'Window': Access is denied for this document.
        at UtilityScript.evaluate (<anonymous>:293:16)
        at UtilityScript.<anonymous> (<anonymous>:1:44)
        at UtilityScript.evaluate (<anonymous>:293:16)
        at UtilityScript.<anonymous> (<anonymous>:1:44)
        at TestUtils.login (/mnt/r/Projects/ForkFlow-crm/tests/helpers/testUtils.ts:9:38)
        at /mnt/r/Projects/ForkFlow-crm/tests/organizations/mobile-responsive.spec.ts:16:19

    attachment #1: screenshot (image/png) ──────────────────────────────────────────────────────────
    test-results/organizations-mobile-respo-e6dab-andle-filter-menu-on-mobile-chromium/test-failed-1.png
    ────────────────────────────────────────────────────────────────────────────────────────────────

    attachment #2: video (video/webm) ──────────────────────────────────────────────────────────────
    test-results/organizations-mobile-respo-e6dab-andle-filter-menu-on-mobile-chromium/video.webm
    ────────────────────────────────────────────────────────────────────────────────────────────────
]]>
</failure>
<system-out>
<![CDATA[
[[ATTACHMENT|organizations-mobile-respo-e6dab-andle-filter-menu-on-mobile-chromium/test-failed-1.png]]

[[ATTACHMENT|organizations-mobile-respo-e6dab-andle-filter-menu-on-mobile-chromium/video.webm]]
]]>
</system-out>
<system-err>
<![CDATA[Error accessing localStorage: page.evaluate: SecurityError: Failed to read the 'localStorage' property from 'Window': Access is denied for this document.
    at UtilityScript.evaluate (<anonymous>:293:16)
    at UtilityScript.<anonymous> (<anonymous>:1:44)
    at TestUtils.isLoggedIn [90m(/mnt/r/Projects/ForkFlow-crm/[39mtests/helpers/testUtils.ts:51:30[90m)[39m
    at [90m/mnt/r/Projects/ForkFlow-crm/[39mtests/organizations/mobile-responsive.spec.ts:15:23 {
  [[32mSymbol(step)[39m]: {
    stepId: [32m'pw:api@12'[39m,
    location: {
      file: [32m'/mnt/r/Projects/ForkFlow-crm/tests/helpers/testUtils.ts'[39m,
      line: [33m51[39m,
      column: [33m30[39m,
      function: [32m'TestUtils.isLoggedIn'[39m
    },
    category: [32m'pw:api'[39m,
    title: [32m'Evaluate'[39m,
    apiName: [32m'page.evaluate'[39m,
    params: {
      expression: [32m'() => {\n'[39m +
        [32m"        const hasAuth = !!localStorage.getItem('auth') || !!localStorage.getItem('user');\n"[39m +
        [32m"        const isTestMode = localStorage.getItem('test-mode') === 'true';\n"[39m +
        [32m'        return hasAuth || isTestMode;\n'[39m +
        [32m'      }'[39m,
      isFunction: [33mtrue[39m,
      arg: [36m[Object][39m
    },
    boxedStack: [90mundefined[39m,
    steps: [],
    attachmentIndices: [],
    info: TestStepInfoImpl {
      annotations: [],
      _testInfo: [36m[TestInfoImpl][39m,
      _stepId: [32m'pw:api@12'[39m
    },
    complete: [36m[Function: complete][39m,
    endWallTime: [33m1751167609106[39m,
    error: {
      message: [32m"Error: page.evaluate: SecurityError: Failed to read the 'localStorage' property from 'Window': Access is denied for this document.\n"[39m +
        [32m'    at UtilityScript.evaluate (<anonymous>:293:16)\n'[39m +
        [32m'    at UtilityScript.<anonymous> (<anonymous>:1:44)'[39m,
      stack: [32m"Error: page.evaluate: SecurityError: Failed to read the 'localStorage' property from 'Window': Access is denied for this document.\n"[39m +
        [32m'    at UtilityScript.evaluate (<anonymous>:293:16)\n'[39m +
        [32m'    at UtilityScript.<anonymous> (<anonymous>:1:44)\n'[39m +
        [32m'    at UtilityScript.evaluate (<anonymous>:293:16)\n'[39m +
        [32m'    at UtilityScript.<anonymous> (<anonymous>:1:44)\n'[39m +
        [32m'    at TestUtils.isLoggedIn (/mnt/r/Projects/ForkFlow-crm/tests/helpers/testUtils.ts:51:30)\n'[39m +
        [32m'    at /mnt/r/Projects/ForkFlow-crm/tests/organizations/mobile-responsive.spec.ts:15:23'[39m,
      cause: [90mundefined[39m
    }
  }
}
]]>
</system-err>
</testcase>
<testcase name="Organization Mobile Responsive Design › Search and Filter Responsive Behavior › should show filters inline on desktop" classname="organizations/mobile-responsive.spec.ts" time="0.728">
<failure message="mobile-responsive.spec.ts:304:5 should show filters inline on desktop" type="FAILURE">
<![CDATA[  [chromium] › organizations/mobile-responsive.spec.ts:304:5 › Organization Mobile Responsive Design › Search and Filter Responsive Behavior › should show filters inline on desktop 

    Error: page.evaluate: SecurityError: Failed to read the 'localStorage' property from 'Window': Access is denied for this document.
        at UtilityScript.evaluate (<anonymous>:293:16)
        at UtilityScript.<anonymous> (<anonymous>:1:44)
        at UtilityScript.evaluate (<anonymous>:293:16)
        at UtilityScript.<anonymous> (<anonymous>:1:44)
        at TestUtils.login (/mnt/r/Projects/ForkFlow-crm/tests/helpers/testUtils.ts:9:38)
        at /mnt/r/Projects/ForkFlow-crm/tests/organizations/mobile-responsive.spec.ts:16:19

    attachment #1: screenshot (image/png) ──────────────────────────────────────────────────────────
    test-results/organizations-mobile-respo-cdcc5-w-filters-inline-on-desktop-chromium/test-failed-1.png
    ────────────────────────────────────────────────────────────────────────────────────────────────

    attachment #2: video (video/webm) ──────────────────────────────────────────────────────────────
    test-results/organizations-mobile-respo-cdcc5-w-filters-inline-on-desktop-chromium/video.webm
    ────────────────────────────────────────────────────────────────────────────────────────────────
]]>
</failure>
<system-out>
<![CDATA[
[[ATTACHMENT|organizations-mobile-respo-cdcc5-w-filters-inline-on-desktop-chromium/test-failed-1.png]]

[[ATTACHMENT|organizations-mobile-respo-cdcc5-w-filters-inline-on-desktop-chromium/video.webm]]
]]>
</system-out>
<system-err>
<![CDATA[Error accessing localStorage: page.evaluate: SecurityError: Failed to read the 'localStorage' property from 'Window': Access is denied for this document.
    at UtilityScript.evaluate (<anonymous>:293:16)
    at UtilityScript.<anonymous> (<anonymous>:1:44)
    at TestUtils.isLoggedIn [90m(/mnt/r/Projects/ForkFlow-crm/[39mtests/helpers/testUtils.ts:51:30[90m)[39m
    at [90m/mnt/r/Projects/ForkFlow-crm/[39mtests/organizations/mobile-responsive.spec.ts:15:23 {
  [[32mSymbol(step)[39m]: {
    stepId: [32m'pw:api@12'[39m,
    location: {
      file: [32m'/mnt/r/Projects/ForkFlow-crm/tests/helpers/testUtils.ts'[39m,
      line: [33m51[39m,
      column: [33m30[39m,
      function: [32m'TestUtils.isLoggedIn'[39m
    },
    category: [32m'pw:api'[39m,
    title: [32m'Evaluate'[39m,
    apiName: [32m'page.evaluate'[39m,
    params: {
      expression: [32m'() => {\n'[39m +
        [32m"        const hasAuth = !!localStorage.getItem('auth') || !!localStorage.getItem('user');\n"[39m +
        [32m"        const isTestMode = localStorage.getItem('test-mode') === 'true';\n"[39m +
        [32m'        return hasAuth || isTestMode;\n'[39m +
        [32m'      }'[39m,
      isFunction: [33mtrue[39m,
      arg: [36m[Object][39m
    },
    boxedStack: [90mundefined[39m,
    steps: [],
    attachmentIndices: [],
    info: TestStepInfoImpl {
      annotations: [],
      _testInfo: [36m[TestInfoImpl][39m,
      _stepId: [32m'pw:api@12'[39m
    },
    complete: [36m[Function: complete][39m,
    endWallTime: [33m1751167610804[39m,
    error: {
      message: [32m"Error: page.evaluate: SecurityError: Failed to read the 'localStorage' property from 'Window': Access is denied for this document.\n"[39m +
        [32m'    at UtilityScript.evaluate (<anonymous>:293:16)\n'[39m +
        [32m'    at UtilityScript.<anonymous> (<anonymous>:1:44)'[39m,
      stack: [32m"Error: page.evaluate: SecurityError: Failed to read the 'localStorage' property from 'Window': Access is denied for this document.\n"[39m +
        [32m'    at UtilityScript.evaluate (<anonymous>:293:16)\n'[39m +
        [32m'    at UtilityScript.<anonymous> (<anonymous>:1:44)\n'[39m +
        [32m'    at UtilityScript.evaluate (<anonymous>:293:16)\n'[39m +
        [32m'    at UtilityScript.<anonymous> (<anonymous>:1:44)\n'[39m +
        [32m'    at TestUtils.isLoggedIn (/mnt/r/Projects/ForkFlow-crm/tests/helpers/testUtils.ts:51:30)\n'[39m +
        [32m'    at /mnt/r/Projects/ForkFlow-crm/tests/organizations/mobile-responsive.spec.ts:15:23'[39m,
      cause: [90mundefined[39m
    }
  }
}
]]>
</system-err>
</testcase>
<testcase name="Organization Mobile Responsive Design › Touch and Gesture Support › should support touch scrolling" classname="organizations/mobile-responsive.spec.ts" time="1.127">
<failure message="mobile-responsive.spec.ts:321:5 should support touch scrolling" type="FAILURE">
<![CDATA[  [chromium] › organizations/mobile-responsive.spec.ts:321:5 › Organization Mobile Responsive Design › Touch and Gesture Support › should support touch scrolling 

    Error: page.evaluate: SecurityError: Failed to read the 'localStorage' property from 'Window': Access is denied for this document.
        at UtilityScript.evaluate (<anonymous>:293:16)
        at UtilityScript.<anonymous> (<anonymous>:1:44)
        at UtilityScript.evaluate (<anonymous>:293:16)
        at UtilityScript.<anonymous> (<anonymous>:1:44)
        at TestUtils.login (/mnt/r/Projects/ForkFlow-crm/tests/helpers/testUtils.ts:9:38)
        at /mnt/r/Projects/ForkFlow-crm/tests/organizations/mobile-responsive.spec.ts:16:19

    attachment #1: screenshot (image/png) ──────────────────────────────────────────────────────────
    test-results/organizations-mobile-respo-ef617-uld-support-touch-scrolling-chromium/test-failed-1.png
    ────────────────────────────────────────────────────────────────────────────────────────────────

    attachment #2: video (video/webm) ──────────────────────────────────────────────────────────────
    test-results/organizations-mobile-respo-ef617-uld-support-touch-scrolling-chromium/video.webm
    ────────────────────────────────────────────────────────────────────────────────────────────────
]]>
</failure>
<system-out>
<![CDATA[
[[ATTACHMENT|organizations-mobile-respo-ef617-uld-support-touch-scrolling-chromium/test-failed-1.png]]

[[ATTACHMENT|organizations-mobile-respo-ef617-uld-support-touch-scrolling-chromium/video.webm]]
]]>
</system-out>
<system-err>
<![CDATA[Error accessing localStorage: page.evaluate: SecurityError: Failed to read the 'localStorage' property from 'Window': Access is denied for this document.
    at UtilityScript.evaluate (<anonymous>:293:16)
    at UtilityScript.<anonymous> (<anonymous>:1:44)
    at TestUtils.isLoggedIn [90m(/mnt/r/Projects/ForkFlow-crm/[39mtests/helpers/testUtils.ts:51:30[90m)[39m
    at [90m/mnt/r/Projects/ForkFlow-crm/[39mtests/organizations/mobile-responsive.spec.ts:15:23 {
  [[32mSymbol(step)[39m]: {
    stepId: [32m'pw:api@12'[39m,
    location: {
      file: [32m'/mnt/r/Projects/ForkFlow-crm/tests/helpers/testUtils.ts'[39m,
      line: [33m51[39m,
      column: [33m30[39m,
      function: [32m'TestUtils.isLoggedIn'[39m
    },
    category: [32m'pw:api'[39m,
    title: [32m'Evaluate'[39m,
    apiName: [32m'page.evaluate'[39m,
    params: {
      expression: [32m'() => {\n'[39m +
        [32m"        const hasAuth = !!localStorage.getItem('auth') || !!localStorage.getItem('user');\n"[39m +
        [32m"        const isTestMode = localStorage.getItem('test-mode') === 'true';\n"[39m +
        [32m'        return hasAuth || isTestMode;\n'[39m +
        [32m'      }'[39m,
      isFunction: [33mtrue[39m,
      arg: [36m[Object][39m
    },
    boxedStack: [90mundefined[39m,
    steps: [],
    attachmentIndices: [],
    info: TestStepInfoImpl {
      annotations: [],
      _testInfo: [36m[TestInfoImpl][39m,
      _stepId: [32m'pw:api@12'[39m
    },
    complete: [36m[Function: complete][39m,
    endWallTime: [33m1751167624463[39m,
    error: {
      message: [32m"Error: page.evaluate: SecurityError: Failed to read the 'localStorage' property from 'Window': Access is denied for this document.\n"[39m +
        [32m'    at UtilityScript.evaluate (<anonymous>:293:16)\n'[39m +
        [32m'    at UtilityScript.<anonymous> (<anonymous>:1:44)'[39m,
      stack: [32m"Error: page.evaluate: SecurityError: Failed to read the 'localStorage' property from 'Window': Access is denied for this document.\n"[39m +
        [32m'    at UtilityScript.evaluate (<anonymous>:293:16)\n'[39m +
        [32m'    at UtilityScript.<anonymous> (<anonymous>:1:44)\n'[39m +
        [32m'    at UtilityScript.evaluate (<anonymous>:293:16)\n'[39m +
        [32m'    at UtilityScript.<anonymous> (<anonymous>:1:44)\n'[39m +
        [32m'    at TestUtils.isLoggedIn (/mnt/r/Projects/ForkFlow-crm/tests/helpers/testUtils.ts:51:30)\n'[39m +
        [32m'    at /mnt/r/Projects/ForkFlow-crm/tests/organizations/mobile-responsive.spec.ts:15:23'[39m,
      cause: [90mundefined[39m
    }
  }
}
]]>
</system-err>
</testcase>
<testcase name="Organization Mobile Responsive Design › Touch and Gesture Support › should support pinch to zoom" classname="organizations/mobile-responsive.spec.ts" time="1.134">
<failure message="mobile-responsive.spec.ts:343:5 should support pinch to zoom" type="FAILURE">
<![CDATA[  [chromium] › organizations/mobile-responsive.spec.ts:343:5 › Organization Mobile Responsive Design › Touch and Gesture Support › should support pinch to zoom 

    Error: page.evaluate: SecurityError: Failed to read the 'localStorage' property from 'Window': Access is denied for this document.
        at UtilityScript.evaluate (<anonymous>:293:16)
        at UtilityScript.<anonymous> (<anonymous>:1:44)
        at UtilityScript.evaluate (<anonymous>:293:16)
        at UtilityScript.<anonymous> (<anonymous>:1:44)
        at TestUtils.login (/mnt/r/Projects/ForkFlow-crm/tests/helpers/testUtils.ts:9:38)
        at /mnt/r/Projects/ForkFlow-crm/tests/organizations/mobile-responsive.spec.ts:16:19

    attachment #1: screenshot (image/png) ──────────────────────────────────────────────────────────
    test-results/organizations-mobile-respo-de50c-hould-support-pinch-to-zoom-chromium/test-failed-1.png
    ────────────────────────────────────────────────────────────────────────────────────────────────

    attachment #2: video (video/webm) ──────────────────────────────────────────────────────────────
    test-results/organizations-mobile-respo-de50c-hould-support-pinch-to-zoom-chromium/video.webm
    ────────────────────────────────────────────────────────────────────────────────────────────────
]]>
</failure>
<system-out>
<![CDATA[
[[ATTACHMENT|organizations-mobile-respo-de50c-hould-support-pinch-to-zoom-chromium/test-failed-1.png]]

[[ATTACHMENT|organizations-mobile-respo-de50c-hould-support-pinch-to-zoom-chromium/video.webm]]
]]>
</system-out>
<system-err>
<![CDATA[Error accessing localStorage: page.evaluate: SecurityError: Failed to read the 'localStorage' property from 'Window': Access is denied for this document.
    at UtilityScript.evaluate (<anonymous>:293:16)
    at UtilityScript.<anonymous> (<anonymous>:1:44)
    at TestUtils.isLoggedIn [90m(/mnt/r/Projects/ForkFlow-crm/[39mtests/helpers/testUtils.ts:51:30[90m)[39m
    at [90m/mnt/r/Projects/ForkFlow-crm/[39mtests/organizations/mobile-responsive.spec.ts:15:23 {
  [[32mSymbol(step)[39m]: {
    stepId: [32m'pw:api@12'[39m,
    location: {
      file: [32m'/mnt/r/Projects/ForkFlow-crm/tests/helpers/testUtils.ts'[39m,
      line: [33m51[39m,
      column: [33m30[39m,
      function: [32m'TestUtils.isLoggedIn'[39m
    },
    category: [32m'pw:api'[39m,
    title: [32m'Evaluate'[39m,
    apiName: [32m'page.evaluate'[39m,
    params: {
      expression: [32m'() => {\n'[39m +
        [32m"        const hasAuth = !!localStorage.getItem('auth') || !!localStorage.getItem('user');\n"[39m +
        [32m"        const isTestMode = localStorage.getItem('test-mode') === 'true';\n"[39m +
        [32m'        return hasAuth || isTestMode;\n'[39m +
        [32m'      }'[39m,
      isFunction: [33mtrue[39m,
      arg: [36m[Object][39m
    },
    boxedStack: [90mundefined[39m,
    steps: [],
    attachmentIndices: [],
    info: TestStepInfoImpl {
      annotations: [],
      _testInfo: [36m[TestInfoImpl][39m,
      _stepId: [32m'pw:api@12'[39m
    },
    complete: [36m[Function: complete][39m,
    endWallTime: [33m1751167627396[39m,
    error: {
      message: [32m"Error: page.evaluate: SecurityError: Failed to read the 'localStorage' property from 'Window': Access is denied for this document.\n"[39m +
        [32m'    at UtilityScript.evaluate (<anonymous>:293:16)\n'[39m +
        [32m'    at UtilityScript.<anonymous> (<anonymous>:1:44)'[39m,
      stack: [32m"Error: page.evaluate: SecurityError: Failed to read the 'localStorage' property from 'Window': Access is denied for this document.\n"[39m +
        [32m'    at UtilityScript.evaluate (<anonymous>:293:16)\n'[39m +
        [32m'    at UtilityScript.<anonymous> (<anonymous>:1:44)\n'[39m +
        [32m'    at UtilityScript.evaluate (<anonymous>:293:16)\n'[39m +
        [32m'    at UtilityScript.<anonymous> (<anonymous>:1:44)\n'[39m +
        [32m'    at TestUtils.isLoggedIn (/mnt/r/Projects/ForkFlow-crm/tests/helpers/testUtils.ts:51:30)\n'[39m +
        [32m'    at /mnt/r/Projects/ForkFlow-crm/tests/organizations/mobile-responsive.spec.ts:15:23'[39m,
      cause: [90mundefined[39m
    }
  }
}
]]>
</system-err>
</testcase>
<testcase name="Organization Mobile Responsive Design › Touch and Gesture Support › should handle touch input on form fields" classname="organizations/mobile-responsive.spec.ts" time="0.663">
<failure message="mobile-responsive.spec.ts:360:5 should handle touch input on form fields" type="FAILURE">
<![CDATA[  [chromium] › organizations/mobile-responsive.spec.ts:360:5 › Organization Mobile Responsive Design › Touch and Gesture Support › should handle touch input on form fields 

    Error: page.evaluate: SecurityError: Failed to read the 'localStorage' property from 'Window': Access is denied for this document.
        at UtilityScript.evaluate (<anonymous>:293:16)
        at UtilityScript.<anonymous> (<anonymous>:1:44)
        at UtilityScript.evaluate (<anonymous>:293:16)
        at UtilityScript.<anonymous> (<anonymous>:1:44)
        at TestUtils.login (/mnt/r/Projects/ForkFlow-crm/tests/helpers/testUtils.ts:9:38)
        at /mnt/r/Projects/ForkFlow-crm/tests/organizations/mobile-responsive.spec.ts:16:19

    attachment #1: screenshot (image/png) ──────────────────────────────────────────────────────────
    test-results/organizations-mobile-respo-c668a--touch-input-on-form-fields-chromium/test-failed-1.png
    ────────────────────────────────────────────────────────────────────────────────────────────────

    attachment #2: video (video/webm) ──────────────────────────────────────────────────────────────
    test-results/organizations-mobile-respo-c668a--touch-input-on-form-fields-chromium/video.webm
    ────────────────────────────────────────────────────────────────────────────────────────────────
]]>
</failure>
<system-out>
<![CDATA[
[[ATTACHMENT|organizations-mobile-respo-c668a--touch-input-on-form-fields-chromium/test-failed-1.png]]

[[ATTACHMENT|organizations-mobile-respo-c668a--touch-input-on-form-fields-chromium/video.webm]]
]]>
</system-out>
<system-err>
<![CDATA[Error accessing localStorage: page.evaluate: SecurityError: Failed to read the 'localStorage' property from 'Window': Access is denied for this document.
    at UtilityScript.evaluate (<anonymous>:293:16)
    at UtilityScript.<anonymous> (<anonymous>:1:44)
    at TestUtils.isLoggedIn [90m(/mnt/r/Projects/ForkFlow-crm/[39mtests/helpers/testUtils.ts:51:30[90m)[39m
    at [90m/mnt/r/Projects/ForkFlow-crm/[39mtests/organizations/mobile-responsive.spec.ts:15:23 {
  [[32mSymbol(step)[39m]: {
    stepId: [32m'pw:api@12'[39m,
    location: {
      file: [32m'/mnt/r/Projects/ForkFlow-crm/tests/helpers/testUtils.ts'[39m,
      line: [33m51[39m,
      column: [33m30[39m,
      function: [32m'TestUtils.isLoggedIn'[39m
    },
    category: [32m'pw:api'[39m,
    title: [32m'Evaluate'[39m,
    apiName: [32m'page.evaluate'[39m,
    params: {
      expression: [32m'() => {\n'[39m +
        [32m"        const hasAuth = !!localStorage.getItem('auth') || !!localStorage.getItem('user');\n"[39m +
        [32m"        const isTestMode = localStorage.getItem('test-mode') === 'true';\n"[39m +
        [32m'        return hasAuth || isTestMode;\n'[39m +
        [32m'      }'[39m,
      isFunction: [33mtrue[39m,
      arg: [36m[Object][39m
    },
    boxedStack: [90mundefined[39m,
    steps: [],
    attachmentIndices: [],
    info: TestStepInfoImpl {
      annotations: [],
      _testInfo: [36m[TestInfoImpl][39m,
      _stepId: [32m'pw:api@12'[39m
    },
    complete: [36m[Function: complete][39m,
    endWallTime: [33m1751167642092[39m,
    error: {
      message: [32m"Error: page.evaluate: SecurityError: Failed to read the 'localStorage' property from 'Window': Access is denied for this document.\n"[39m +
        [32m'    at UtilityScript.evaluate (<anonymous>:293:16)\n'[39m +
        [32m'    at UtilityScript.<anonymous> (<anonymous>:1:44)'[39m,
      stack: [32m"Error: page.evaluate: SecurityError: Failed to read the 'localStorage' property from 'Window': Access is denied for this document.\n"[39m +
        [32m'    at UtilityScript.evaluate (<anonymous>:293:16)\n'[39m +
        [32m'    at UtilityScript.<anonymous> (<anonymous>:1:44)\n'[39m +
        [32m'    at UtilityScript.evaluate (<anonymous>:293:16)\n'[39m +
        [32m'    at UtilityScript.<anonymous> (<anonymous>:1:44)\n'[39m +
        [32m'    at TestUtils.isLoggedIn (/mnt/r/Projects/ForkFlow-crm/tests/helpers/testUtils.ts:51:30)\n'[39m +
        [32m'    at /mnt/r/Projects/ForkFlow-crm/tests/organizations/mobile-responsive.spec.ts:15:23'[39m,
      cause: [90mundefined[39m
    }
  }
}
]]>
</system-err>
</testcase>
<testcase name="Organization Mobile Responsive Design › Orientation Changes › should handle portrait to landscape rotation" classname="organizations/mobile-responsive.spec.ts" time="0.679">
<failure message="mobile-responsive.spec.ts:381:5 should handle portrait to landscape rotation" type="FAILURE">
<![CDATA[  [chromium] › organizations/mobile-responsive.spec.ts:381:5 › Organization Mobile Responsive Design › Orientation Changes › should handle portrait to landscape rotation 

    Error: page.evaluate: SecurityError: Failed to read the 'localStorage' property from 'Window': Access is denied for this document.
        at UtilityScript.evaluate (<anonymous>:293:16)
        at UtilityScript.<anonymous> (<anonymous>:1:44)
        at UtilityScript.evaluate (<anonymous>:293:16)
        at UtilityScript.<anonymous> (<anonymous>:1:44)
        at TestUtils.login (/mnt/r/Projects/ForkFlow-crm/tests/helpers/testUtils.ts:9:38)
        at /mnt/r/Projects/ForkFlow-crm/tests/organizations/mobile-responsive.spec.ts:16:19

    attachment #1: screenshot (image/png) ──────────────────────────────────────────────────────────
    test-results/organizations-mobile-respo-1f6ee-trait-to-landscape-rotation-chromium/test-failed-1.png
    ────────────────────────────────────────────────────────────────────────────────────────────────

    attachment #2: video (video/webm) ──────────────────────────────────────────────────────────────
    test-results/organizations-mobile-respo-1f6ee-trait-to-landscape-rotation-chromium/video.webm
    ────────────────────────────────────────────────────────────────────────────────────────────────
]]>
</failure>
<system-out>
<![CDATA[
[[ATTACHMENT|organizations-mobile-respo-1f6ee-trait-to-landscape-rotation-chromium/test-failed-1.png]]

[[ATTACHMENT|organizations-mobile-respo-1f6ee-trait-to-landscape-rotation-chromium/video.webm]]
]]>
</system-out>
<system-err>
<![CDATA[Error accessing localStorage: page.evaluate: SecurityError: Failed to read the 'localStorage' property from 'Window': Access is denied for this document.
    at UtilityScript.evaluate (<anonymous>:293:16)
    at UtilityScript.<anonymous> (<anonymous>:1:44)
    at TestUtils.isLoggedIn [90m(/mnt/r/Projects/ForkFlow-crm/[39mtests/helpers/testUtils.ts:51:30[90m)[39m
    at [90m/mnt/r/Projects/ForkFlow-crm/[39mtests/organizations/mobile-responsive.spec.ts:15:23 {
  [[32mSymbol(step)[39m]: {
    stepId: [32m'pw:api@12'[39m,
    location: {
      file: [32m'/mnt/r/Projects/ForkFlow-crm/tests/helpers/testUtils.ts'[39m,
      line: [33m51[39m,
      column: [33m30[39m,
      function: [32m'TestUtils.isLoggedIn'[39m
    },
    category: [32m'pw:api'[39m,
    title: [32m'Evaluate'[39m,
    apiName: [32m'page.evaluate'[39m,
    params: {
      expression: [32m'() => {\n'[39m +
        [32m"        const hasAuth = !!localStorage.getItem('auth') || !!localStorage.getItem('user');\n"[39m +
        [32m"        const isTestMode = localStorage.getItem('test-mode') === 'true';\n"[39m +
        [32m'        return hasAuth || isTestMode;\n'[39m +
        [32m'      }'[39m,
      isFunction: [33mtrue[39m,
      arg: [36m[Object][39m
    },
    boxedStack: [90mundefined[39m,
    steps: [],
    attachmentIndices: [],
    info: TestStepInfoImpl {
      annotations: [],
      _testInfo: [36m[TestInfoImpl][39m,
      _stepId: [32m'pw:api@12'[39m
    },
    complete: [36m[Function: complete][39m,
    endWallTime: [33m1751167643978[39m,
    error: {
      message: [32m"Error: page.evaluate: SecurityError: Failed to read the 'localStorage' property from 'Window': Access is denied for this document.\n"[39m +
        [32m'    at UtilityScript.evaluate (<anonymous>:293:16)\n'[39m +
        [32m'    at UtilityScript.<anonymous> (<anonymous>:1:44)'[39m,
      stack: [32m"Error: page.evaluate: SecurityError: Failed to read the 'localStorage' property from 'Window': Access is denied for this document.\n"[39m +
        [32m'    at UtilityScript.evaluate (<anonymous>:293:16)\n'[39m +
        [32m'    at UtilityScript.<anonymous> (<anonymous>:1:44)\n'[39m +
        [32m'    at UtilityScript.evaluate (<anonymous>:293:16)\n'[39m +
        [32m'    at UtilityScript.<anonymous> (<anonymous>:1:44)\n'[39m +
        [32m'    at TestUtils.isLoggedIn (/mnt/r/Projects/ForkFlow-crm/tests/helpers/testUtils.ts:51:30)\n'[39m +
        [32m'    at /mnt/r/Projects/ForkFlow-crm/tests/organizations/mobile-responsive.spec.ts:15:23'[39m,
      cause: [90mundefined[39m
    }
  }
}
]]>
</system-err>
</testcase>
<testcase name="Organization Mobile Responsive Design › Orientation Changes › should handle landscape to portrait rotation" classname="organizations/mobile-responsive.spec.ts" time="0.664">
<failure message="mobile-responsive.spec.ts:397:5 should handle landscape to portrait rotation" type="FAILURE">
<![CDATA[  [chromium] › organizations/mobile-responsive.spec.ts:397:5 › Organization Mobile Responsive Design › Orientation Changes › should handle landscape to portrait rotation 

    Error: page.evaluate: SecurityError: Failed to read the 'localStorage' property from 'Window': Access is denied for this document.
        at UtilityScript.evaluate (<anonymous>:293:16)
        at UtilityScript.<anonymous> (<anonymous>:1:44)
        at UtilityScript.evaluate (<anonymous>:293:16)
        at UtilityScript.<anonymous> (<anonymous>:1:44)
        at TestUtils.login (/mnt/r/Projects/ForkFlow-crm/tests/helpers/testUtils.ts:9:38)
        at /mnt/r/Projects/ForkFlow-crm/tests/organizations/mobile-responsive.spec.ts:16:19

    attachment #1: screenshot (image/png) ──────────────────────────────────────────────────────────
    test-results/organizations-mobile-respo-5cca3-dscape-to-portrait-rotation-chromium/test-failed-1.png
    ────────────────────────────────────────────────────────────────────────────────────────────────

    attachment #2: video (video/webm) ──────────────────────────────────────────────────────────────
    test-results/organizations-mobile-respo-5cca3-dscape-to-portrait-rotation-chromium/video.webm
    ────────────────────────────────────────────────────────────────────────────────────────────────
]]>
</failure>
<system-out>
<![CDATA[
[[ATTACHMENT|organizations-mobile-respo-5cca3-dscape-to-portrait-rotation-chromium/test-failed-1.png]]

[[ATTACHMENT|organizations-mobile-respo-5cca3-dscape-to-portrait-rotation-chromium/video.webm]]
]]>
</system-out>
<system-err>
<![CDATA[Error accessing localStorage: page.evaluate: SecurityError: Failed to read the 'localStorage' property from 'Window': Access is denied for this document.
    at UtilityScript.evaluate (<anonymous>:293:16)
    at UtilityScript.<anonymous> (<anonymous>:1:44)
    at TestUtils.isLoggedIn [90m(/mnt/r/Projects/ForkFlow-crm/[39mtests/helpers/testUtils.ts:51:30[90m)[39m
    at [90m/mnt/r/Projects/ForkFlow-crm/[39mtests/organizations/mobile-responsive.spec.ts:15:23 {
  [[32mSymbol(step)[39m]: {
    stepId: [32m'pw:api@12'[39m,
    location: {
      file: [32m'/mnt/r/Projects/ForkFlow-crm/tests/helpers/testUtils.ts'[39m,
      line: [33m51[39m,
      column: [33m30[39m,
      function: [32m'TestUtils.isLoggedIn'[39m
    },
    category: [32m'pw:api'[39m,
    title: [32m'Evaluate'[39m,
    apiName: [32m'page.evaluate'[39m,
    params: {
      expression: [32m'() => {\n'[39m +
        [32m"        const hasAuth = !!localStorage.getItem('auth') || !!localStorage.getItem('user');\n"[39m +
        [32m"        const isTestMode = localStorage.getItem('test-mode') === 'true';\n"[39m +
        [32m'        return hasAuth || isTestMode;\n'[39m +
        [32m'      }'[39m,
      isFunction: [33mtrue[39m,
      arg: [36m[Object][39m
    },
    boxedStack: [90mundefined[39m,
    steps: [],
    attachmentIndices: [],
    info: TestStepInfoImpl {
      annotations: [],
      _testInfo: [36m[TestInfoImpl][39m,
      _stepId: [32m'pw:api@12'[39m
    },
    complete: [36m[Function: complete][39m,
    endWallTime: [33m1751167654731[39m,
    error: {
      message: [32m"Error: page.evaluate: SecurityError: Failed to read the 'localStorage' property from 'Window': Access is denied for this document.\n"[39m +
        [32m'    at UtilityScript.evaluate (<anonymous>:293:16)\n'[39m +
        [32m'    at UtilityScript.<anonymous> (<anonymous>:1:44)'[39m,
      stack: [32m"Error: page.evaluate: SecurityError: Failed to read the 'localStorage' property from 'Window': Access is denied for this document.\n"[39m +
        [32m'    at UtilityScript.evaluate (<anonymous>:293:16)\n'[39m +
        [32m'    at UtilityScript.<anonymous> (<anonymous>:1:44)\n'[39m +
        [32m'    at UtilityScript.evaluate (<anonymous>:293:16)\n'[39m +
        [32m'    at UtilityScript.<anonymous> (<anonymous>:1:44)\n'[39m +
        [32m'    at TestUtils.isLoggedIn (/mnt/r/Projects/ForkFlow-crm/tests/helpers/testUtils.ts:51:30)\n'[39m +
        [32m'    at /mnt/r/Projects/ForkFlow-crm/tests/organizations/mobile-responsive.spec.ts:15:23'[39m,
      cause: [90mundefined[39m
    }
  }
}
]]>
</system-err>
</testcase>
<testcase name="Organization Mobile Responsive Design › Performance on Mobile › should load quickly on mobile devices" classname="organizations/mobile-responsive.spec.ts" time="0.671">
<failure message="mobile-responsive.spec.ts:415:5 should load quickly on mobile devices" type="FAILURE">
<![CDATA[  [chromium] › organizations/mobile-responsive.spec.ts:415:5 › Organization Mobile Responsive Design › Performance on Mobile › should load quickly on mobile devices 

    Error: page.evaluate: SecurityError: Failed to read the 'localStorage' property from 'Window': Access is denied for this document.
        at UtilityScript.evaluate (<anonymous>:293:16)
        at UtilityScript.<anonymous> (<anonymous>:1:44)
        at UtilityScript.evaluate (<anonymous>:293:16)
        at UtilityScript.<anonymous> (<anonymous>:1:44)
        at TestUtils.login (/mnt/r/Projects/ForkFlow-crm/tests/helpers/testUtils.ts:9:38)
        at /mnt/r/Projects/ForkFlow-crm/tests/organizations/mobile-responsive.spec.ts:16:19

    attachment #1: screenshot (image/png) ──────────────────────────────────────────────────────────
    test-results/organizations-mobile-respo-b2b1f-d-quickly-on-mobile-devices-chromium/test-failed-1.png
    ────────────────────────────────────────────────────────────────────────────────────────────────

    attachment #2: video (video/webm) ──────────────────────────────────────────────────────────────
    test-results/organizations-mobile-respo-b2b1f-d-quickly-on-mobile-devices-chromium/video.webm
    ────────────────────────────────────────────────────────────────────────────────────────────────
]]>
</failure>
<system-out>
<![CDATA[
[[ATTACHMENT|organizations-mobile-respo-b2b1f-d-quickly-on-mobile-devices-chromium/test-failed-1.png]]

[[ATTACHMENT|organizations-mobile-respo-b2b1f-d-quickly-on-mobile-devices-chromium/video.webm]]
]]>
</system-out>
<system-err>
<![CDATA[Error accessing localStorage: page.evaluate: SecurityError: Failed to read the 'localStorage' property from 'Window': Access is denied for this document.
    at UtilityScript.evaluate (<anonymous>:293:16)
    at UtilityScript.<anonymous> (<anonymous>:1:44)
    at TestUtils.isLoggedIn [90m(/mnt/r/Projects/ForkFlow-crm/[39mtests/helpers/testUtils.ts:51:30[90m)[39m
    at [90m/mnt/r/Projects/ForkFlow-crm/[39mtests/organizations/mobile-responsive.spec.ts:15:23 {
  [[32mSymbol(step)[39m]: {
    stepId: [32m'pw:api@12'[39m,
    location: {
      file: [32m'/mnt/r/Projects/ForkFlow-crm/tests/helpers/testUtils.ts'[39m,
      line: [33m51[39m,
      column: [33m30[39m,
      function: [32m'TestUtils.isLoggedIn'[39m
    },
    category: [32m'pw:api'[39m,
    title: [32m'Evaluate'[39m,
    apiName: [32m'page.evaluate'[39m,
    params: {
      expression: [32m'() => {\n'[39m +
        [32m"        const hasAuth = !!localStorage.getItem('auth') || !!localStorage.getItem('user');\n"[39m +
        [32m"        const isTestMode = localStorage.getItem('test-mode') === 'true';\n"[39m +
        [32m'        return hasAuth || isTestMode;\n'[39m +
        [32m'      }'[39m,
      isFunction: [33mtrue[39m,
      arg: [36m[Object][39m
    },
    boxedStack: [90mundefined[39m,
    steps: [],
    attachmentIndices: [],
    info: TestStepInfoImpl {
      annotations: [],
      _testInfo: [36m[TestInfoImpl][39m,
      _stepId: [32m'pw:api@12'[39m
    },
    complete: [36m[Function: complete][39m,
    endWallTime: [33m1751167656568[39m,
    error: {
      message: [32m"Error: page.evaluate: SecurityError: Failed to read the 'localStorage' property from 'Window': Access is denied for this document.\n"[39m +
        [32m'    at UtilityScript.evaluate (<anonymous>:293:16)\n'[39m +
        [32m'    at UtilityScript.<anonymous> (<anonymous>:1:44)'[39m,
      stack: [32m"Error: page.evaluate: SecurityError: Failed to read the 'localStorage' property from 'Window': Access is denied for this document.\n"[39m +
        [32m'    at UtilityScript.evaluate (<anonymous>:293:16)\n'[39m +
        [32m'    at UtilityScript.<anonymous> (<anonymous>:1:44)\n'[39m +
        [32m'    at UtilityScript.evaluate (<anonymous>:293:16)\n'[39m +
        [32m'    at UtilityScript.<anonymous> (<anonymous>:1:44)\n'[39m +
        [32m'    at TestUtils.isLoggedIn (/mnt/r/Projects/ForkFlow-crm/tests/helpers/testUtils.ts:51:30)\n'[39m +
        [32m'    at /mnt/r/Projects/ForkFlow-crm/tests/organizations/mobile-responsive.spec.ts:15:23'[39m,
      cause: [90mundefined[39m
    }
  }
}
]]>
</system-err>
</testcase>
<testcase name="Organization Mobile Responsive Design › Performance on Mobile › should handle low bandwidth conditions" classname="organizations/mobile-responsive.spec.ts" time="0.687">
<failure message="mobile-responsive.spec.ts:426:5 should handle low bandwidth conditions" type="FAILURE">
<![CDATA[  [chromium] › organizations/mobile-responsive.spec.ts:426:5 › Organization Mobile Responsive Design › Performance on Mobile › should handle low bandwidth conditions 

    Error: page.evaluate: SecurityError: Failed to read the 'localStorage' property from 'Window': Access is denied for this document.
        at UtilityScript.evaluate (<anonymous>:293:16)
        at UtilityScript.<anonymous> (<anonymous>:1:44)
        at UtilityScript.evaluate (<anonymous>:293:16)
        at UtilityScript.<anonymous> (<anonymous>:1:44)
        at TestUtils.login (/mnt/r/Projects/ForkFlow-crm/tests/helpers/testUtils.ts:9:38)
        at /mnt/r/Projects/ForkFlow-crm/tests/organizations/mobile-responsive.spec.ts:16:19

    attachment #1: screenshot (image/png) ──────────────────────────────────────────────────────────
    test-results/organizations-mobile-respo-7d8ad-le-low-bandwidth-conditions-chromium/test-failed-1.png
    ────────────────────────────────────────────────────────────────────────────────────────────────

    attachment #2: video (video/webm) ──────────────────────────────────────────────────────────────
    test-results/organizations-mobile-respo-7d8ad-le-low-bandwidth-conditions-chromium/video.webm
    ────────────────────────────────────────────────────────────────────────────────────────────────
]]>
</failure>
<system-out>
<![CDATA[
[[ATTACHMENT|organizations-mobile-respo-7d8ad-le-low-bandwidth-conditions-chromium/test-failed-1.png]]

[[ATTACHMENT|organizations-mobile-respo-7d8ad-le-low-bandwidth-conditions-chromium/video.webm]]
]]>
</system-out>
<system-err>
<![CDATA[Error accessing localStorage: page.evaluate: SecurityError: Failed to read the 'localStorage' property from 'Window': Access is denied for this document.
    at UtilityScript.evaluate (<anonymous>:293:16)
    at UtilityScript.<anonymous> (<anonymous>:1:44)
    at TestUtils.isLoggedIn [90m(/mnt/r/Projects/ForkFlow-crm/[39mtests/helpers/testUtils.ts:51:30[90m)[39m
    at [90m/mnt/r/Projects/ForkFlow-crm/[39mtests/organizations/mobile-responsive.spec.ts:15:23 {
  [[32mSymbol(step)[39m]: {
    stepId: [32m'pw:api@12'[39m,
    location: {
      file: [32m'/mnt/r/Projects/ForkFlow-crm/tests/helpers/testUtils.ts'[39m,
      line: [33m51[39m,
      column: [33m30[39m,
      function: [32m'TestUtils.isLoggedIn'[39m
    },
    category: [32m'pw:api'[39m,
    title: [32m'Evaluate'[39m,
    apiName: [32m'page.evaluate'[39m,
    params: {
      expression: [32m'() => {\n'[39m +
        [32m"        const hasAuth = !!localStorage.getItem('auth') || !!localStorage.getItem('user');\n"[39m +
        [32m"        const isTestMode = localStorage.getItem('test-mode') === 'true';\n"[39m +
        [32m'        return hasAuth || isTestMode;\n'[39m +
        [32m'      }'[39m,
      isFunction: [33mtrue[39m,
      arg: [36m[Object][39m
    },
    boxedStack: [90mundefined[39m,
    steps: [],
    attachmentIndices: [],
    info: TestStepInfoImpl {
      annotations: [],
      _testInfo: [36m[TestInfoImpl][39m,
      _stepId: [32m'pw:api@12'[39m
    },
    complete: [36m[Function: complete][39m,
    endWallTime: [33m1751167667738[39m,
    error: {
      message: [32m"Error: page.evaluate: SecurityError: Failed to read the 'localStorage' property from 'Window': Access is denied for this document.\n"[39m +
        [32m'    at UtilityScript.evaluate (<anonymous>:293:16)\n'[39m +
        [32m'    at UtilityScript.<anonymous> (<anonymous>:1:44)'[39m,
      stack: [32m"Error: page.evaluate: SecurityError: Failed to read the 'localStorage' property from 'Window': Access is denied for this document.\n"[39m +
        [32m'    at UtilityScript.evaluate (<anonymous>:293:16)\n'[39m +
        [32m'    at UtilityScript.<anonymous> (<anonymous>:1:44)\n'[39m +
        [32m'    at UtilityScript.evaluate (<anonymous>:293:16)\n'[39m +
        [32m'    at UtilityScript.<anonymous> (<anonymous>:1:44)\n'[39m +
        [32m'    at TestUtils.isLoggedIn (/mnt/r/Projects/ForkFlow-crm/tests/helpers/testUtils.ts:51:30)\n'[39m +
        [32m'    at /mnt/r/Projects/ForkFlow-crm/tests/organizations/mobile-responsive.spec.ts:15:23'[39m,
      cause: [90mundefined[39m
    }
  }
}
]]>
</system-err>
</testcase>
<testcase name="Organization Mobile Responsive Design › Cross-Device Consistency › should maintain data consistency across devices" classname="organizations/mobile-responsive.spec.ts" time="0.692">
<failure message="mobile-responsive.spec.ts:445:5 should maintain data consistency across devices" type="FAILURE">
<![CDATA[  [chromium] › organizations/mobile-responsive.spec.ts:445:5 › Organization Mobile Responsive Design › Cross-Device Consistency › should maintain data consistency across devices 

    Error: page.evaluate: SecurityError: Failed to read the 'localStorage' property from 'Window': Access is denied for this document.
        at UtilityScript.evaluate (<anonymous>:293:16)
        at UtilityScript.<anonymous> (<anonymous>:1:44)
        at UtilityScript.evaluate (<anonymous>:293:16)
        at UtilityScript.<anonymous> (<anonymous>:1:44)
        at TestUtils.login (/mnt/r/Projects/ForkFlow-crm/tests/helpers/testUtils.ts:9:38)
        at /mnt/r/Projects/ForkFlow-crm/tests/organizations/mobile-responsive.spec.ts:16:19

    attachment #1: screenshot (image/png) ──────────────────────────────────────────────────────────
    test-results/organizations-mobile-respo-90088--consistency-across-devices-chromium/test-failed-1.png
    ────────────────────────────────────────────────────────────────────────────────────────────────

    attachment #2: video (video/webm) ──────────────────────────────────────────────────────────────
    test-results/organizations-mobile-respo-90088--consistency-across-devices-chromium/video.webm
    ────────────────────────────────────────────────────────────────────────────────────────────────
]]>
</failure>
<system-out>
<![CDATA[
[[ATTACHMENT|organizations-mobile-respo-90088--consistency-across-devices-chromium/test-failed-1.png]]

[[ATTACHMENT|organizations-mobile-respo-90088--consistency-across-devices-chromium/video.webm]]
]]>
</system-out>
<system-err>
<![CDATA[Error accessing localStorage: page.evaluate: SecurityError: Failed to read the 'localStorage' property from 'Window': Access is denied for this document.
    at UtilityScript.evaluate (<anonymous>:293:16)
    at UtilityScript.<anonymous> (<anonymous>:1:44)
    at TestUtils.isLoggedIn [90m(/mnt/r/Projects/ForkFlow-crm/[39mtests/helpers/testUtils.ts:51:30[90m)[39m
    at [90m/mnt/r/Projects/ForkFlow-crm/[39mtests/organizations/mobile-responsive.spec.ts:15:23 {
  [[32mSymbol(step)[39m]: {
    stepId: [32m'pw:api@12'[39m,
    location: {
      file: [32m'/mnt/r/Projects/ForkFlow-crm/tests/helpers/testUtils.ts'[39m,
      line: [33m51[39m,
      column: [33m30[39m,
      function: [32m'TestUtils.isLoggedIn'[39m
    },
    category: [32m'pw:api'[39m,
    title: [32m'Evaluate'[39m,
    apiName: [32m'page.evaluate'[39m,
    params: {
      expression: [32m'() => {\n'[39m +
        [32m"        const hasAuth = !!localStorage.getItem('auth') || !!localStorage.getItem('user');\n"[39m +
        [32m"        const isTestMode = localStorage.getItem('test-mode') === 'true';\n"[39m +
        [32m'        return hasAuth || isTestMode;\n'[39m +
        [32m'      }'[39m,
      isFunction: [33mtrue[39m,
      arg: [36m[Object][39m
    },
    boxedStack: [90mundefined[39m,
    steps: [],
    attachmentIndices: [],
    info: TestStepInfoImpl {
      annotations: [],
      _testInfo: [36m[TestInfoImpl][39m,
      _stepId: [32m'pw:api@12'[39m
    },
    complete: [36m[Function: complete][39m,
    endWallTime: [33m1751167670342[39m,
    error: {
      message: [32m"Error: page.evaluate: SecurityError: Failed to read the 'localStorage' property from 'Window': Access is denied for this document.\n"[39m +
        [32m'    at UtilityScript.evaluate (<anonymous>:293:16)\n'[39m +
        [32m'    at UtilityScript.<anonymous> (<anonymous>:1:44)'[39m,
      stack: [32m"Error: page.evaluate: SecurityError: Failed to read the 'localStorage' property from 'Window': Access is denied for this document.\n"[39m +
        [32m'    at UtilityScript.evaluate (<anonymous>:293:16)\n'[39m +
        [32m'    at UtilityScript.<anonymous> (<anonymous>:1:44)\n'[39m +
        [32m'    at UtilityScript.evaluate (<anonymous>:293:16)\n'[39m +
        [32m'    at UtilityScript.<anonymous> (<anonymous>:1:44)\n'[39m +
        [32m'    at TestUtils.isLoggedIn (/mnt/r/Projects/ForkFlow-crm/tests/helpers/testUtils.ts:51:30)\n'[39m +
        [32m'    at /mnt/r/Projects/ForkFlow-crm/tests/organizations/mobile-responsive.spec.ts:15:23'[39m,
      cause: [90mundefined[39m
    }
  }
}
]]>
</system-err>
</testcase>
<testcase name="Organization Mobile Responsive Design › Cross-Device Consistency › should sync form state across orientations" classname="organizations/mobile-responsive.spec.ts" time="0.627">
<failure message="mobile-responsive.spec.ts:462:5 should sync form state across orientations" type="FAILURE">
<![CDATA[  [chromium] › organizations/mobile-responsive.spec.ts:462:5 › Organization Mobile Responsive Design › Cross-Device Consistency › should sync form state across orientations 

    Error: page.evaluate: SecurityError: Failed to read the 'localStorage' property from 'Window': Access is denied for this document.
        at UtilityScript.evaluate (<anonymous>:293:16)
        at UtilityScript.<anonymous> (<anonymous>:1:44)
        at UtilityScript.evaluate (<anonymous>:293:16)
        at UtilityScript.<anonymous> (<anonymous>:1:44)
        at TestUtils.login (/mnt/r/Projects/ForkFlow-crm/tests/helpers/testUtils.ts:9:38)
        at /mnt/r/Projects/ForkFlow-crm/tests/organizations/mobile-responsive.spec.ts:16:19

    attachment #1: screenshot (image/png) ──────────────────────────────────────────────────────────
    test-results/organizations-mobile-respo-2227f-m-state-across-orientations-chromium/test-failed-1.png
    ────────────────────────────────────────────────────────────────────────────────────────────────

    attachment #2: video (video/webm) ──────────────────────────────────────────────────────────────
    test-results/organizations-mobile-respo-2227f-m-state-across-orientations-chromium/video.webm
    ────────────────────────────────────────────────────────────────────────────────────────────────
]]>
</failure>
<system-out>
<![CDATA[
[[ATTACHMENT|organizations-mobile-respo-2227f-m-state-across-orientations-chromium/test-failed-1.png]]

[[ATTACHMENT|organizations-mobile-respo-2227f-m-state-across-orientations-chromium/video.webm]]
]]>
</system-out>
<system-err>
<![CDATA[Error accessing localStorage: page.evaluate: SecurityError: Failed to read the 'localStorage' property from 'Window': Access is denied for this document.
    at UtilityScript.evaluate (<anonymous>:293:16)
    at UtilityScript.<anonymous> (<anonymous>:1:44)
    at TestUtils.isLoggedIn [90m(/mnt/r/Projects/ForkFlow-crm/[39mtests/helpers/testUtils.ts:51:30[90m)[39m
    at [90m/mnt/r/Projects/ForkFlow-crm/[39mtests/organizations/mobile-responsive.spec.ts:15:23 {
  [[32mSymbol(step)[39m]: {
    stepId: [32m'pw:api@12'[39m,
    location: {
      file: [32m'/mnt/r/Projects/ForkFlow-crm/tests/helpers/testUtils.ts'[39m,
      line: [33m51[39m,
      column: [33m30[39m,
      function: [32m'TestUtils.isLoggedIn'[39m
    },
    category: [32m'pw:api'[39m,
    title: [32m'Evaluate'[39m,
    apiName: [32m'page.evaluate'[39m,
    params: {
      expression: [32m'() => {\n'[39m +
        [32m"        const hasAuth = !!localStorage.getItem('auth') || !!localStorage.getItem('user');\n"[39m +
        [32m"        const isTestMode = localStorage.getItem('test-mode') === 'true';\n"[39m +
        [32m'        return hasAuth || isTestMode;\n'[39m +
        [32m'      }'[39m,
      isFunction: [33mtrue[39m,
      arg: [36m[Object][39m
    },
    boxedStack: [90mundefined[39m,
    steps: [],
    attachmentIndices: [],
    info: TestStepInfoImpl {
      annotations: [],
      _testInfo: [36m[TestInfoImpl][39m,
      _stepId: [32m'pw:api@12'[39m
    },
    complete: [36m[Function: complete][39m,
    endWallTime: [33m1751167681403[39m,
    error: {
      message: [32m"Error: page.evaluate: SecurityError: Failed to read the 'localStorage' property from 'Window': Access is denied for this document.\n"[39m +
        [32m'    at UtilityScript.evaluate (<anonymous>:293:16)\n'[39m +
        [32m'    at UtilityScript.<anonymous> (<anonymous>:1:44)'[39m,
      stack: [32m"Error: page.evaluate: SecurityError: Failed to read the 'localStorage' property from 'Window': Access is denied for this document.\n"[39m +
        [32m'    at UtilityScript.evaluate (<anonymous>:293:16)\n'[39m +
        [32m'    at UtilityScript.<anonymous> (<anonymous>:1:44)\n'[39m +
        [32m'    at UtilityScript.evaluate (<anonymous>:293:16)\n'[39m +
        [32m'    at UtilityScript.<anonymous> (<anonymous>:1:44)\n'[39m +
        [32m'    at TestUtils.isLoggedIn (/mnt/r/Projects/ForkFlow-crm/tests/helpers/testUtils.ts:51:30)\n'[39m +
        [32m'    at /mnt/r/Projects/ForkFlow-crm/tests/organizations/mobile-responsive.spec.ts:15:23'[39m,
      cause: [90mundefined[39m
    }
  }
}
]]>
</system-err>
</testcase>
</testsuite>
<testsuite name="organizations/performance.spec.ts" timestamp="2025-06-29T03:15:12.290Z" hostname="chromium" tests="24" failures="22" skipped="2" time="13.705" errors="0">
<testcase name="Organization Performance Testing › Page Load Performance › should load organization list within acceptable time" classname="organizations/performance.spec.ts" time="0.681">
<failure message="performance.spec.ts:21:5 should load organization list within acceptable time" type="FAILURE">
<![CDATA[  [chromium] › organizations/performance.spec.ts:21:5 › Organization Performance Testing › Page Load Performance › should load organization list within acceptable time 

    Error: page.evaluate: SecurityError: Failed to read the 'localStorage' property from 'Window': Access is denied for this document.
        at UtilityScript.evaluate (<anonymous>:293:16)
        at UtilityScript.<anonymous> (<anonymous>:1:44)
        at UtilityScript.evaluate (<anonymous>:293:16)
        at UtilityScript.<anonymous> (<anonymous>:1:44)
        at TestUtils.login (/mnt/r/Projects/ForkFlow-crm/tests/helpers/testUtils.ts:9:38)
        at /mnt/r/Projects/ForkFlow-crm/tests/organizations/performance.spec.ts:16:19

    attachment #1: screenshot (image/png) ──────────────────────────────────────────────────────────
    test-results/organizations-performance--b37f9-list-within-acceptable-time-chromium/test-failed-1.png
    ────────────────────────────────────────────────────────────────────────────────────────────────

    attachment #2: video (video/webm) ──────────────────────────────────────────────────────────────
    test-results/organizations-performance--b37f9-list-within-acceptable-time-chromium/video.webm
    ────────────────────────────────────────────────────────────────────────────────────────────────
]]>
</failure>
<system-out>
<![CDATA[
[[ATTACHMENT|organizations-performance--b37f9-list-within-acceptable-time-chromium/test-failed-1.png]]

[[ATTACHMENT|organizations-performance--b37f9-list-within-acceptable-time-chromium/video.webm]]
]]>
</system-out>
<system-err>
<![CDATA[Error accessing localStorage: page.evaluate: SecurityError: Failed to read the 'localStorage' property from 'Window': Access is denied for this document.
    at UtilityScript.evaluate (<anonymous>:293:16)
    at UtilityScript.<anonymous> (<anonymous>:1:44)
    at TestUtils.isLoggedIn [90m(/mnt/r/Projects/ForkFlow-crm/[39mtests/helpers/testUtils.ts:51:30[90m)[39m
    at [90m/mnt/r/Projects/ForkFlow-crm/[39mtests/organizations/performance.spec.ts:15:23 {
  [[32mSymbol(step)[39m]: {
    stepId: [32m'pw:api@12'[39m,
    location: {
      file: [32m'/mnt/r/Projects/ForkFlow-crm/tests/helpers/testUtils.ts'[39m,
      line: [33m51[39m,
      column: [33m30[39m,
      function: [32m'TestUtils.isLoggedIn'[39m
    },
    category: [32m'pw:api'[39m,
    title: [32m'Evaluate'[39m,
    apiName: [32m'page.evaluate'[39m,
    params: {
      expression: [32m'() => {\n'[39m +
        [32m"        const hasAuth = !!localStorage.getItem('auth') || !!localStorage.getItem('user');\n"[39m +
        [32m"        const isTestMode = localStorage.getItem('test-mode') === 'true';\n"[39m +
        [32m'        return hasAuth || isTestMode;\n'[39m +
        [32m'      }'[39m,
      isFunction: [33mtrue[39m,
      arg: [36m[Object][39m
    },
    boxedStack: [90mundefined[39m,
    steps: [],
    attachmentIndices: [],
    info: TestStepInfoImpl {
      annotations: [],
      _testInfo: [36m[TestInfoImpl][39m,
      _stepId: [32m'pw:api@12'[39m
    },
    complete: [36m[Function: complete][39m,
    endWallTime: [33m1751167682885[39m,
    error: {
      message: [32m"Error: page.evaluate: SecurityError: Failed to read the 'localStorage' property from 'Window': Access is denied for this document.\n"[39m +
        [32m'    at UtilityScript.evaluate (<anonymous>:293:16)\n'[39m +
        [32m'    at UtilityScript.<anonymous> (<anonymous>:1:44)'[39m,
      stack: [32m"Error: page.evaluate: SecurityError: Failed to read the 'localStorage' property from 'Window': Access is denied for this document.\n"[39m +
        [32m'    at UtilityScript.evaluate (<anonymous>:293:16)\n'[39m +
        [32m'    at UtilityScript.<anonymous> (<anonymous>:1:44)\n'[39m +
        [32m'    at UtilityScript.evaluate (<anonymous>:293:16)\n'[39m +
        [32m'    at UtilityScript.<anonymous> (<anonymous>:1:44)\n'[39m +
        [32m'    at TestUtils.isLoggedIn (/mnt/r/Projects/ForkFlow-crm/tests/helpers/testUtils.ts:51:30)\n'[39m +
        [32m'    at /mnt/r/Projects/ForkFlow-crm/tests/organizations/performance.spec.ts:15:23'[39m,
      cause: [90mundefined[39m
    }
  }
}
]]>
</system-err>
</testcase>
<testcase name="Organization Performance Testing › Page Load Performance › should load organization create form quickly" classname="organizations/performance.spec.ts" time="0.679">
<failure message="performance.spec.ts:33:5 should load organization create form quickly" type="FAILURE">
<![CDATA[  [chromium] › organizations/performance.spec.ts:33:5 › Organization Performance Testing › Page Load Performance › should load organization create form quickly 

    Error: page.evaluate: SecurityError: Failed to read the 'localStorage' property from 'Window': Access is denied for this document.
        at UtilityScript.evaluate (<anonymous>:293:16)
        at UtilityScript.<anonymous> (<anonymous>:1:44)
        at UtilityScript.evaluate (<anonymous>:293:16)
        at UtilityScript.<anonymous> (<anonymous>:1:44)
        at TestUtils.login (/mnt/r/Projects/ForkFlow-crm/tests/helpers/testUtils.ts:9:38)
        at /mnt/r/Projects/ForkFlow-crm/tests/organizations/performance.spec.ts:16:19

    attachment #1: screenshot (image/png) ──────────────────────────────────────────────────────────
    test-results/organizations-performance--08217-ization-create-form-quickly-chromium/test-failed-1.png
    ────────────────────────────────────────────────────────────────────────────────────────────────

    attachment #2: video (video/webm) ──────────────────────────────────────────────────────────────
    test-results/organizations-performance--08217-ization-create-form-quickly-chromium/video.webm
    ────────────────────────────────────────────────────────────────────────────────────────────────
]]>
</failure>
<system-out>
<![CDATA[
[[ATTACHMENT|organizations-performance--08217-ization-create-form-quickly-chromium/test-failed-1.png]]

[[ATTACHMENT|organizations-performance--08217-ization-create-form-quickly-chromium/video.webm]]
]]>
</system-out>
<system-err>
<![CDATA[Error accessing localStorage: page.evaluate: SecurityError: Failed to read the 'localStorage' property from 'Window': Access is denied for this document.
    at UtilityScript.evaluate (<anonymous>:293:16)
    at UtilityScript.<anonymous> (<anonymous>:1:44)
    at TestUtils.isLoggedIn [90m(/mnt/r/Projects/ForkFlow-crm/[39mtests/helpers/testUtils.ts:51:30[90m)[39m
    at [90m/mnt/r/Projects/ForkFlow-crm/[39mtests/organizations/performance.spec.ts:15:23 {
  [[32mSymbol(step)[39m]: {
    stepId: [32m'pw:api@12'[39m,
    location: {
      file: [32m'/mnt/r/Projects/ForkFlow-crm/tests/helpers/testUtils.ts'[39m,
      line: [33m51[39m,
      column: [33m30[39m,
      function: [32m'TestUtils.isLoggedIn'[39m
    },
    category: [32m'pw:api'[39m,
    title: [32m'Evaluate'[39m,
    apiName: [32m'page.evaluate'[39m,
    params: {
      expression: [32m'() => {\n'[39m +
        [32m"        const hasAuth = !!localStorage.getItem('auth') || !!localStorage.getItem('user');\n"[39m +
        [32m"        const isTestMode = localStorage.getItem('test-mode') === 'true';\n"[39m +
        [32m'        return hasAuth || isTestMode;\n'[39m +
        [32m'      }'[39m,
      isFunction: [33mtrue[39m,
      arg: [36m[Object][39m
    },
    boxedStack: [90mundefined[39m,
    steps: [],
    attachmentIndices: [],
    info: TestStepInfoImpl {
      annotations: [],
      _testInfo: [36m[TestInfoImpl][39m,
      _stepId: [32m'pw:api@12'[39m
    },
    complete: [36m[Function: complete][39m,
    endWallTime: [33m1751167694157[39m,
    error: {
      message: [32m"Error: page.evaluate: SecurityError: Failed to read the 'localStorage' property from 'Window': Access is denied for this document.\n"[39m +
        [32m'    at UtilityScript.evaluate (<anonymous>:293:16)\n'[39m +
        [32m'    at UtilityScript.<anonymous> (<anonymous>:1:44)'[39m,
      stack: [32m"Error: page.evaluate: SecurityError: Failed to read the 'localStorage' property from 'Window': Access is denied for this document.\n"[39m +
        [32m'    at UtilityScript.evaluate (<anonymous>:293:16)\n'[39m +
        [32m'    at UtilityScript.<anonymous> (<anonymous>:1:44)\n'[39m +
        [32m'    at UtilityScript.evaluate (<anonymous>:293:16)\n'[39m +
        [32m'    at UtilityScript.<anonymous> (<anonymous>:1:44)\n'[39m +
        [32m'    at TestUtils.isLoggedIn (/mnt/r/Projects/ForkFlow-crm/tests/helpers/testUtils.ts:51:30)\n'[39m +
        [32m'    at /mnt/r/Projects/ForkFlow-crm/tests/organizations/performance.spec.ts:15:23'[39m,
      cause: [90mundefined[39m
    }
  }
}
]]>
</system-err>
</testcase>
<testcase name="Organization Performance Testing › Page Load Performance › should load organization details quickly" classname="organizations/performance.spec.ts" time="0.687">
<failure message="performance.spec.ts:45:5 should load organization details quickly" type="FAILURE">
<![CDATA[  [chromium] › organizations/performance.spec.ts:45:5 › Organization Performance Testing › Page Load Performance › should load organization details quickly 

    Error: page.evaluate: SecurityError: Failed to read the 'localStorage' property from 'Window': Access is denied for this document.
        at UtilityScript.evaluate (<anonymous>:293:16)
        at UtilityScript.<anonymous> (<anonymous>:1:44)
        at UtilityScript.evaluate (<anonymous>:293:16)
        at UtilityScript.<anonymous> (<anonymous>:1:44)
        at TestUtils.login (/mnt/r/Projects/ForkFlow-crm/tests/helpers/testUtils.ts:9:38)
        at /mnt/r/Projects/ForkFlow-crm/tests/organizations/performance.spec.ts:16:19

    attachment #1: screenshot (image/png) ──────────────────────────────────────────────────────────
    test-results/organizations-performance--5d8b6-rganization-details-quickly-chromium/test-failed-1.png
    ────────────────────────────────────────────────────────────────────────────────────────────────

    attachment #2: video (video/webm) ──────────────────────────────────────────────────────────────
    test-results/organizations-performance--5d8b6-rganization-details-quickly-chromium/video.webm
    ────────────────────────────────────────────────────────────────────────────────────────────────
]]>
</failure>
<system-out>
<![CDATA[
[[ATTACHMENT|organizations-performance--5d8b6-rganization-details-quickly-chromium/test-failed-1.png]]

[[ATTACHMENT|organizations-performance--5d8b6-rganization-details-quickly-chromium/video.webm]]
]]>
</system-out>
<system-err>
<![CDATA[Error accessing localStorage: page.evaluate: SecurityError: Failed to read the 'localStorage' property from 'Window': Access is denied for this document.
    at UtilityScript.evaluate (<anonymous>:293:16)
    at UtilityScript.<anonymous> (<anonymous>:1:44)
    at TestUtils.isLoggedIn [90m(/mnt/r/Projects/ForkFlow-crm/[39mtests/helpers/testUtils.ts:51:30[90m)[39m
    at [90m/mnt/r/Projects/ForkFlow-crm/[39mtests/organizations/performance.spec.ts:15:23 {
  [[32mSymbol(step)[39m]: {
    stepId: [32m'pw:api@12'[39m,
    location: {
      file: [32m'/mnt/r/Projects/ForkFlow-crm/tests/helpers/testUtils.ts'[39m,
      line: [33m51[39m,
      column: [33m30[39m,
      function: [32m'TestUtils.isLoggedIn'[39m
    },
    category: [32m'pw:api'[39m,
    title: [32m'Evaluate'[39m,
    apiName: [32m'page.evaluate'[39m,
    params: {
      expression: [32m'() => {\n'[39m +
        [32m"        const hasAuth = !!localStorage.getItem('auth') || !!localStorage.getItem('user');\n"[39m +
        [32m"        const isTestMode = localStorage.getItem('test-mode') === 'true';\n"[39m +
        [32m'        return hasAuth || isTestMode;\n'[39m +
        [32m'      }'[39m,
      isFunction: [33mtrue[39m,
      arg: [36m[Object][39m
    },
    boxedStack: [90mundefined[39m,
    steps: [],
    attachmentIndices: [],
    info: TestStepInfoImpl {
      annotations: [],
      _testInfo: [36m[TestInfoImpl][39m,
      _stepId: [32m'pw:api@12'[39m
    },
    complete: [36m[Function: complete][39m,
    endWallTime: [33m1751167695922[39m,
    error: {
      message: [32m"Error: page.evaluate: SecurityError: Failed to read the 'localStorage' property from 'Window': Access is denied for this document.\n"[39m +
        [32m'    at UtilityScript.evaluate (<anonymous>:293:16)\n'[39m +
        [32m'    at UtilityScript.<anonymous> (<anonymous>:1:44)'[39m,
      stack: [32m"Error: page.evaluate: SecurityError: Failed to read the 'localStorage' property from 'Window': Access is denied for this document.\n"[39m +
        [32m'    at UtilityScript.evaluate (<anonymous>:293:16)\n'[39m +
        [32m'    at UtilityScript.<anonymous> (<anonymous>:1:44)\n'[39m +
        [32m'    at UtilityScript.evaluate (<anonymous>:293:16)\n'[39m +
        [32m'    at UtilityScript.<anonymous> (<anonymous>:1:44)\n'[39m +
        [32m'    at TestUtils.isLoggedIn (/mnt/r/Projects/ForkFlow-crm/tests/helpers/testUtils.ts:51:30)\n'[39m +
        [32m'    at /mnt/r/Projects/ForkFlow-crm/tests/organizations/performance.spec.ts:15:23'[39m,
      cause: [90mundefined[39m
    }
  }
}
]]>
</system-err>
</testcase>
<testcase name="Organization Performance Testing › Page Load Performance › should handle concurrent page loads" classname="organizations/performance.spec.ts" time="0.694">
<failure message="performance.spec.ts:61:5 should handle concurrent page loads" type="FAILURE">
<![CDATA[  [chromium] › organizations/performance.spec.ts:61:5 › Organization Performance Testing › Page Load Performance › should handle concurrent page loads 

    Error: page.evaluate: SecurityError: Failed to read the 'localStorage' property from 'Window': Access is denied for this document.
        at UtilityScript.evaluate (<anonymous>:293:16)
        at UtilityScript.<anonymous> (<anonymous>:1:44)
        at UtilityScript.evaluate (<anonymous>:293:16)
        at UtilityScript.<anonymous> (<anonymous>:1:44)
        at TestUtils.login (/mnt/r/Projects/ForkFlow-crm/tests/helpers/testUtils.ts:9:38)
        at /mnt/r/Projects/ForkFlow-crm/tests/organizations/performance.spec.ts:16:19

    attachment #1: screenshot (image/png) ──────────────────────────────────────────────────────────
    test-results/organizations-performance--9f83a-andle-concurrent-page-loads-chromium/test-failed-1.png
    ────────────────────────────────────────────────────────────────────────────────────────────────

    attachment #2: video (video/webm) ──────────────────────────────────────────────────────────────
    test-results/organizations-performance--9f83a-andle-concurrent-page-loads-chromium/video.webm
    ────────────────────────────────────────────────────────────────────────────────────────────────
]]>
</failure>
<system-out>
<![CDATA[
[[ATTACHMENT|organizations-performance--9f83a-andle-concurrent-page-loads-chromium/test-failed-1.png]]

[[ATTACHMENT|organizations-performance--9f83a-andle-concurrent-page-loads-chromium/video.webm]]
]]>
</system-out>
<system-err>
<![CDATA[Error accessing localStorage: page.evaluate: SecurityError: Failed to read the 'localStorage' property from 'Window': Access is denied for this document.
    at UtilityScript.evaluate (<anonymous>:293:16)
    at UtilityScript.<anonymous> (<anonymous>:1:44)
    at TestUtils.isLoggedIn [90m(/mnt/r/Projects/ForkFlow-crm/[39mtests/helpers/testUtils.ts:51:30[90m)[39m
    at [90m/mnt/r/Projects/ForkFlow-crm/[39mtests/organizations/performance.spec.ts:15:23 {
  [[32mSymbol(step)[39m]: {
    stepId: [32m'pw:api@12'[39m,
    location: {
      file: [32m'/mnt/r/Projects/ForkFlow-crm/tests/helpers/testUtils.ts'[39m,
      line: [33m51[39m,
      column: [33m30[39m,
      function: [32m'TestUtils.isLoggedIn'[39m
    },
    category: [32m'pw:api'[39m,
    title: [32m'Evaluate'[39m,
    apiName: [32m'page.evaluate'[39m,
    params: {
      expression: [32m'() => {\n'[39m +
        [32m"        const hasAuth = !!localStorage.getItem('auth') || !!localStorage.getItem('user');\n"[39m +
        [32m"        const isTestMode = localStorage.getItem('test-mode') === 'true';\n"[39m +
        [32m'        return hasAuth || isTestMode;\n'[39m +
        [32m'      }'[39m,
      isFunction: [33mtrue[39m,
      arg: [36m[Object][39m
    },
    boxedStack: [90mundefined[39m,
    steps: [],
    attachmentIndices: [],
    info: TestStepInfoImpl {
      annotations: [],
      _testInfo: [36m[TestInfoImpl][39m,
      _stepId: [32m'pw:api@12'[39m
    },
    complete: [36m[Function: complete][39m,
    endWallTime: [33m1751167708012[39m,
    error: {
      message: [32m"Error: page.evaluate: SecurityError: Failed to read the 'localStorage' property from 'Window': Access is denied for this document.\n"[39m +
        [32m'    at UtilityScript.evaluate (<anonymous>:293:16)\n'[39m +
        [32m'    at UtilityScript.<anonymous> (<anonymous>:1:44)'[39m,
      stack: [32m"Error: page.evaluate: SecurityError: Failed to read the 'localStorage' property from 'Window': Access is denied for this document.\n"[39m +
        [32m'    at UtilityScript.evaluate (<anonymous>:293:16)\n'[39m +
        [32m'    at UtilityScript.<anonymous> (<anonymous>:1:44)\n'[39m +
        [32m'    at UtilityScript.evaluate (<anonymous>:293:16)\n'[39m +
        [32m'    at UtilityScript.<anonymous> (<anonymous>:1:44)\n'[39m +
        [32m'    at TestUtils.isLoggedIn (/mnt/r/Projects/ForkFlow-crm/tests/helpers/testUtils.ts:51:30)\n'[39m +
        [32m'    at /mnt/r/Projects/ForkFlow-crm/tests/organizations/performance.spec.ts:15:23'[39m,
      cause: [90mundefined[39m
    }
  }
}
]]>
</system-err>
</testcase>
<testcase name="Organization Performance Testing › Form Performance › should handle form submission quickly" classname="organizations/performance.spec.ts" time="0.665">
<failure message="performance.spec.ts:87:5 should handle form submission quickly" type="FAILURE">
<![CDATA[  [chromium] › organizations/performance.spec.ts:87:5 › Organization Performance Testing › Form Performance › should handle form submission quickly 

    Error: page.evaluate: SecurityError: Failed to read the 'localStorage' property from 'Window': Access is denied for this document.
        at UtilityScript.evaluate (<anonymous>:293:16)
        at UtilityScript.<anonymous> (<anonymous>:1:44)
        at UtilityScript.evaluate (<anonymous>:293:16)
        at UtilityScript.<anonymous> (<anonymous>:1:44)
        at TestUtils.login (/mnt/r/Projects/ForkFlow-crm/tests/helpers/testUtils.ts:9:38)
        at /mnt/r/Projects/ForkFlow-crm/tests/organizations/performance.spec.ts:16:19

    attachment #1: screenshot (image/png) ──────────────────────────────────────────────────────────
    test-results/organizations-performance--311fd-dle-form-submission-quickly-chromium/test-failed-1.png
    ────────────────────────────────────────────────────────────────────────────────────────────────

    attachment #2: video (video/webm) ──────────────────────────────────────────────────────────────
    test-results/organizations-performance--311fd-dle-form-submission-quickly-chromium/video.webm
    ────────────────────────────────────────────────────────────────────────────────────────────────
]]>
</failure>
<system-out>
<![CDATA[
[[ATTACHMENT|organizations-performance--311fd-dle-form-submission-quickly-chromium/test-failed-1.png]]

[[ATTACHMENT|organizations-performance--311fd-dle-form-submission-quickly-chromium/video.webm]]
]]>
</system-out>
<system-err>
<![CDATA[Error accessing localStorage: page.evaluate: SecurityError: Failed to read the 'localStorage' property from 'Window': Access is denied for this document.
    at UtilityScript.evaluate (<anonymous>:293:16)
    at UtilityScript.<anonymous> (<anonymous>:1:44)
    at TestUtils.isLoggedIn [90m(/mnt/r/Projects/ForkFlow-crm/[39mtests/helpers/testUtils.ts:51:30[90m)[39m
    at [90m/mnt/r/Projects/ForkFlow-crm/[39mtests/organizations/performance.spec.ts:15:23 {
  [[32mSymbol(step)[39m]: {
    stepId: [32m'pw:api@12'[39m,
    location: {
      file: [32m'/mnt/r/Projects/ForkFlow-crm/tests/helpers/testUtils.ts'[39m,
      line: [33m51[39m,
      column: [33m30[39m,
      function: [32m'TestUtils.isLoggedIn'[39m
    },
    category: [32m'pw:api'[39m,
    title: [32m'Evaluate'[39m,
    apiName: [32m'page.evaluate'[39m,
    params: {
      expression: [32m'() => {\n'[39m +
        [32m"        const hasAuth = !!localStorage.getItem('auth') || !!localStorage.getItem('user');\n"[39m +
        [32m"        const isTestMode = localStorage.getItem('test-mode') === 'true';\n"[39m +
        [32m'        return hasAuth || isTestMode;\n'[39m +
        [32m'      }'[39m,
      isFunction: [33mtrue[39m,
      arg: [36m[Object][39m
    },
    boxedStack: [90mundefined[39m,
    steps: [],
    attachmentIndices: [],
    info: TestStepInfoImpl {
      annotations: [],
      _testInfo: [36m[TestInfoImpl][39m,
      _stepId: [32m'pw:api@12'[39m
    },
    complete: [36m[Function: complete][39m,
    endWallTime: [33m1751167710023[39m,
    error: {
      message: [32m"Error: page.evaluate: SecurityError: Failed to read the 'localStorage' property from 'Window': Access is denied for this document.\n"[39m +
        [32m'    at UtilityScript.evaluate (<anonymous>:293:16)\n'[39m +
        [32m'    at UtilityScript.<anonymous> (<anonymous>:1:44)'[39m,
      stack: [32m"Error: page.evaluate: SecurityError: Failed to read the 'localStorage' property from 'Window': Access is denied for this document.\n"[39m +
        [32m'    at UtilityScript.evaluate (<anonymous>:293:16)\n'[39m +
        [32m'    at UtilityScript.<anonymous> (<anonymous>:1:44)\n'[39m +
        [32m'    at UtilityScript.evaluate (<anonymous>:293:16)\n'[39m +
        [32m'    at UtilityScript.<anonymous> (<anonymous>:1:44)\n'[39m +
        [32m'    at TestUtils.isLoggedIn (/mnt/r/Projects/ForkFlow-crm/tests/helpers/testUtils.ts:51:30)\n'[39m +
        [32m'    at /mnt/r/Projects/ForkFlow-crm/tests/organizations/performance.spec.ts:15:23'[39m,
      cause: [90mundefined[39m
    }
  }
}
]]>
</system-err>
</testcase>
<testcase name="Organization Performance Testing › Form Performance › should handle form validation quickly" classname="organizations/performance.spec.ts" time="0.697">
<failure message="performance.spec.ts:102:5 should handle form validation quickly" type="FAILURE">
<![CDATA[  [chromium] › organizations/performance.spec.ts:102:5 › Organization Performance Testing › Form Performance › should handle form validation quickly 

    Error: page.evaluate: SecurityError: Failed to read the 'localStorage' property from 'Window': Access is denied for this document.
        at UtilityScript.evaluate (<anonymous>:293:16)
        at UtilityScript.<anonymous> (<anonymous>:1:44)
        at UtilityScript.evaluate (<anonymous>:293:16)
        at UtilityScript.<anonymous> (<anonymous>:1:44)
        at TestUtils.login (/mnt/r/Projects/ForkFlow-crm/tests/helpers/testUtils.ts:9:38)
        at /mnt/r/Projects/ForkFlow-crm/tests/organizations/performance.spec.ts:16:19

    attachment #1: screenshot (image/png) ──────────────────────────────────────────────────────────
    test-results/organizations-performance--5099c-dle-form-validation-quickly-chromium/test-failed-1.png
    ────────────────────────────────────────────────────────────────────────────────────────────────

    attachment #2: video (video/webm) ──────────────────────────────────────────────────────────────
    test-results/organizations-performance--5099c-dle-form-validation-quickly-chromium/video.webm
    ────────────────────────────────────────────────────────────────────────────────────────────────
]]>
</failure>
<system-out>
<![CDATA[
[[ATTACHMENT|organizations-performance--5099c-dle-form-validation-quickly-chromium/test-failed-1.png]]

[[ATTACHMENT|organizations-performance--5099c-dle-form-validation-quickly-chromium/video.webm]]
]]>
</system-out>
<system-err>
<![CDATA[Error accessing localStorage: page.evaluate: SecurityError: Failed to read the 'localStorage' property from 'Window': Access is denied for this document.
    at UtilityScript.evaluate (<anonymous>:293:16)
    at UtilityScript.<anonymous> (<anonymous>:1:44)
    at TestUtils.isLoggedIn [90m(/mnt/r/Projects/ForkFlow-crm/[39mtests/helpers/testUtils.ts:51:30[90m)[39m
    at [90m/mnt/r/Projects/ForkFlow-crm/[39mtests/organizations/performance.spec.ts:15:23 {
  [[32mSymbol(step)[39m]: {
    stepId: [32m'pw:api@12'[39m,
    location: {
      file: [32m'/mnt/r/Projects/ForkFlow-crm/tests/helpers/testUtils.ts'[39m,
      line: [33m51[39m,
      column: [33m30[39m,
      function: [32m'TestUtils.isLoggedIn'[39m
    },
    category: [32m'pw:api'[39m,
    title: [32m'Evaluate'[39m,
    apiName: [32m'page.evaluate'[39m,
    params: {
      expression: [32m'() => {\n'[39m +
        [32m"        const hasAuth = !!localStorage.getItem('auth') || !!localStorage.getItem('user');\n"[39m +
        [32m"        const isTestMode = localStorage.getItem('test-mode') === 'true';\n"[39m +
        [32m'        return hasAuth || isTestMode;\n'[39m +
        [32m'      }'[39m,
      isFunction: [33mtrue[39m,
      arg: [36m[Object][39m
    },
    boxedStack: [90mundefined[39m,
    steps: [],
    attachmentIndices: [],
    info: TestStepInfoImpl {
      annotations: [],
      _testInfo: [36m[TestInfoImpl][39m,
      _stepId: [32m'pw:api@12'[39m
    },
    complete: [36m[Function: complete][39m,
    endWallTime: [33m1751167720805[39m,
    error: {
      message: [32m"Error: page.evaluate: SecurityError: Failed to read the 'localStorage' property from 'Window': Access is denied for this document.\n"[39m +
        [32m'    at UtilityScript.evaluate (<anonymous>:293:16)\n'[39m +
        [32m'    at UtilityScript.<anonymous> (<anonymous>:1:44)'[39m,
      stack: [32m"Error: page.evaluate: SecurityError: Failed to read the 'localStorage' property from 'Window': Access is denied for this document.\n"[39m +
        [32m'    at UtilityScript.evaluate (<anonymous>:293:16)\n'[39m +
        [32m'    at UtilityScript.<anonymous> (<anonymous>:1:44)\n'[39m +
        [32m'    at UtilityScript.evaluate (<anonymous>:293:16)\n'[39m +
        [32m'    at UtilityScript.<anonymous> (<anonymous>:1:44)\n'[39m +
        [32m'    at TestUtils.isLoggedIn (/mnt/r/Projects/ForkFlow-crm/tests/helpers/testUtils.ts:51:30)\n'[39m +
        [32m'    at /mnt/r/Projects/ForkFlow-crm/tests/organizations/performance.spec.ts:15:23'[39m,
      cause: [90mundefined[39m
    }
  }
}
]]>
</system-err>
</testcase>
<testcase name="Organization Performance Testing › Form Performance › should handle real-time field updates efficiently" classname="organizations/performance.spec.ts" time="0.704">
<failure message="performance.spec.ts:117:5 should handle real-time field updates efficiently" type="FAILURE">
<![CDATA[  [chromium] › organizations/performance.spec.ts:117:5 › Organization Performance Testing › Form Performance › should handle real-time field updates efficiently 

    Error: page.evaluate: SecurityError: Failed to read the 'localStorage' property from 'Window': Access is denied for this document.
        at UtilityScript.evaluate (<anonymous>:293:16)
        at UtilityScript.<anonymous> (<anonymous>:1:44)
        at UtilityScript.evaluate (<anonymous>:293:16)
        at UtilityScript.<anonymous> (<anonymous>:1:44)
        at TestUtils.login (/mnt/r/Projects/ForkFlow-crm/tests/helpers/testUtils.ts:9:38)
        at /mnt/r/Projects/ForkFlow-crm/tests/organizations/performance.spec.ts:16:19

    attachment #1: screenshot (image/png) ──────────────────────────────────────────────────────────
    test-results/organizations-performance--4bed3-e-field-updates-efficiently-chromium/test-failed-1.png
    ────────────────────────────────────────────────────────────────────────────────────────────────

    attachment #2: video (video/webm) ──────────────────────────────────────────────────────────────
    test-results/organizations-performance--4bed3-e-field-updates-efficiently-chromium/video.webm
    ────────────────────────────────────────────────────────────────────────────────────────────────
]]>
</failure>
<system-out>
<![CDATA[
[[ATTACHMENT|organizations-performance--4bed3-e-field-updates-efficiently-chromium/test-failed-1.png]]

[[ATTACHMENT|organizations-performance--4bed3-e-field-updates-efficiently-chromium/video.webm]]
]]>
</system-out>
<system-err>
<![CDATA[Error accessing localStorage: page.evaluate: SecurityError: Failed to read the 'localStorage' property from 'Window': Access is denied for this document.
    at UtilityScript.evaluate (<anonymous>:293:16)
    at UtilityScript.<anonymous> (<anonymous>:1:44)
    at TestUtils.isLoggedIn [90m(/mnt/r/Projects/ForkFlow-crm/[39mtests/helpers/testUtils.ts:51:30[90m)[39m
    at [90m/mnt/r/Projects/ForkFlow-crm/[39mtests/organizations/performance.spec.ts:15:23 {
  [[32mSymbol(step)[39m]: {
    stepId: [32m'pw:api@12'[39m,
    location: {
      file: [32m'/mnt/r/Projects/ForkFlow-crm/tests/helpers/testUtils.ts'[39m,
      line: [33m51[39m,
      column: [33m30[39m,
      function: [32m'TestUtils.isLoggedIn'[39m
    },
    category: [32m'pw:api'[39m,
    title: [32m'Evaluate'[39m,
    apiName: [32m'page.evaluate'[39m,
    params: {
      expression: [32m'() => {\n'[39m +
        [32m"        const hasAuth = !!localStorage.getItem('auth') || !!localStorage.getItem('user');\n"[39m +
        [32m"        const isTestMode = localStorage.getItem('test-mode') === 'true';\n"[39m +
        [32m'        return hasAuth || isTestMode;\n'[39m +
        [32m'      }'[39m,
      isFunction: [33mtrue[39m,
      arg: [36m[Object][39m
    },
    boxedStack: [90mundefined[39m,
    steps: [],
    attachmentIndices: [],
    info: TestStepInfoImpl {
      annotations: [],
      _testInfo: [36m[TestInfoImpl][39m,
      _stepId: [32m'pw:api@12'[39m
    },
    complete: [36m[Function: complete][39m,
    endWallTime: [33m1751167722547[39m,
    error: {
      message: [32m"Error: page.evaluate: SecurityError: Failed to read the 'localStorage' property from 'Window': Access is denied for this document.\n"[39m +
        [32m'    at UtilityScript.evaluate (<anonymous>:293:16)\n'[39m +
        [32m'    at UtilityScript.<anonymous> (<anonymous>:1:44)'[39m,
      stack: [32m"Error: page.evaluate: SecurityError: Failed to read the 'localStorage' property from 'Window': Access is denied for this document.\n"[39m +
        [32m'    at UtilityScript.evaluate (<anonymous>:293:16)\n'[39m +
        [32m'    at UtilityScript.<anonymous> (<anonymous>:1:44)\n'[39m +
        [32m'    at UtilityScript.evaluate (<anonymous>:293:16)\n'[39m +
        [32m'    at UtilityScript.<anonymous> (<anonymous>:1:44)\n'[39m +
        [32m'    at TestUtils.isLoggedIn (/mnt/r/Projects/ForkFlow-crm/tests/helpers/testUtils.ts:51:30)\n'[39m +
        [32m'    at /mnt/r/Projects/ForkFlow-crm/tests/organizations/performance.spec.ts:15:23'[39m,
      cause: [90mundefined[39m
    }
  }
}
]]>
</system-err>
</testcase>
<testcase name="Organization Performance Testing › Search and Filter Performance › should search large datasets quickly" classname="organizations/performance.spec.ts" time="0.001">
<failure message="performance.spec.ts:160:5 should search large datasets quickly" type="FAILURE">
<![CDATA[  [chromium] › organizations/performance.spec.ts:160:5 › Organization Performance Testing › Search and Filter Performance › should search large datasets quickly 

    Error: page.evaluate: SecurityError: Failed to read the 'localStorage' property from 'Window': Access is denied for this document.
        at UtilityScript.evaluate (<anonymous>:293:16)
        at UtilityScript.<anonymous> (<anonymous>:1:44)
        at UtilityScript.evaluate (<anonymous>:293:16)
        at UtilityScript.<anonymous> (<anonymous>:1:44)
        at TestUtils.login (/mnt/r/Projects/ForkFlow-crm/tests/helpers/testUtils.ts:9:38)
        at /mnt/r/Projects/ForkFlow-crm/tests/organizations/performance.spec.ts:144:25

    attachment #1: screenshot (image/png) ──────────────────────────────────────────────────────────
    test-results/organizations-performance--0d16f-arch-large-datasets-quickly-chromium/test-failed-1.png
    ────────────────────────────────────────────────────────────────────────────────────────────────
]]>
</failure>
<system-out>
<![CDATA[
[[ATTACHMENT|organizations-performance--0d16f-arch-large-datasets-quickly-chromium/test-failed-1.png]]
]]>
</system-out>
<system-err>
<![CDATA[Error accessing localStorage: page.evaluate: SecurityError: Failed to read the 'localStorage' property from 'Window': Access is denied for this document.
    at UtilityScript.evaluate (<anonymous>:293:16)
    at UtilityScript.<anonymous> (<anonymous>:1:44)
    at TestUtils.isLoggedIn [90m(/mnt/r/Projects/ForkFlow-crm/[39mtests/helpers/testUtils.ts:51:30[90m)[39m
    at [90m/mnt/r/Projects/ForkFlow-crm/[39mtests/organizations/performance.spec.ts:143:29 {
  [[32mSymbol(step)[39m]: {
    stepId: [32m'pw:api@7'[39m,
    location: {
      file: [32m'/mnt/r/Projects/ForkFlow-crm/tests/helpers/testUtils.ts'[39m,
      line: [33m51[39m,
      column: [33m30[39m,
      function: [32m'TestUtils.isLoggedIn'[39m
    },
    category: [32m'pw:api'[39m,
    title: [32m'Evaluate'[39m,
    apiName: [32m'page.evaluate'[39m,
    params: {
      expression: [32m'() => {\n'[39m +
        [32m"        const hasAuth = !!localStorage.getItem('auth') || !!localStorage.getItem('user');\n"[39m +
        [32m"        const isTestMode = localStorage.getItem('test-mode') === 'true';\n"[39m +
        [32m'        return hasAuth || isTestMode;\n'[39m +
        [32m'      }'[39m,
      isFunction: [33mtrue[39m,
      arg: [36m[Object][39m
    },
    boxedStack: [90mundefined[39m,
    steps: [],
    attachmentIndices: [],
    info: TestStepInfoImpl {
      annotations: [],
      _testInfo: [36m[TestInfoImpl][39m,
      _stepId: [32m'pw:api@7'[39m
    },
    complete: [36m[Function: complete][39m,
    endWallTime: [33m1751167815984[39m,
    error: {
      message: [32m"Error: page.evaluate: SecurityError: Failed to read the 'localStorage' property from 'Window': Access is denied for this document.\n"[39m +
        [32m'    at UtilityScript.evaluate (<anonymous>:293:16)\n'[39m +
        [32m'    at UtilityScript.<anonymous> (<anonymous>:1:44)'[39m,
      stack: [32m"Error: page.evaluate: SecurityError: Failed to read the 'localStorage' property from 'Window': Access is denied for this document.\n"[39m +
        [32m'    at UtilityScript.evaluate (<anonymous>:293:16)\n'[39m +
        [32m'    at UtilityScript.<anonymous> (<anonymous>:1:44)\n'[39m +
        [32m'    at UtilityScript.evaluate (<anonymous>:293:16)\n'[39m +
        [32m'    at UtilityScript.<anonymous> (<anonymous>:1:44)\n'[39m +
        [32m'    at TestUtils.isLoggedIn (/mnt/r/Projects/ForkFlow-crm/tests/helpers/testUtils.ts:51:30)\n'[39m +
        [32m'    at /mnt/r/Projects/ForkFlow-crm/tests/organizations/performance.spec.ts:143:29'[39m,
      cause: [90mundefined[39m
    }
  }
}
]]>
</system-err>
</testcase>
<testcase name="Organization Performance Testing › Search and Filter Performance › should apply filters quickly" classname="organizations/performance.spec.ts" time="0">
<skipped>
</skipped>
</testcase>
<testcase name="Organization Performance Testing › Search and Filter Performance › should handle multiple filters efficiently" classname="organizations/performance.spec.ts" time="0.001">
<failure message="performance.spec.ts:190:5 should handle multiple filters efficiently" type="FAILURE">
<![CDATA[  [chromium] › organizations/performance.spec.ts:190:5 › Organization Performance Testing › Search and Filter Performance › should handle multiple filters efficiently 

    Error: page.evaluate: SecurityError: Failed to read the 'localStorage' property from 'Window': Access is denied for this document.
        at UtilityScript.evaluate (<anonymous>:293:16)
        at UtilityScript.<anonymous> (<anonymous>:1:44)
        at UtilityScript.evaluate (<anonymous>:293:16)
        at UtilityScript.<anonymous> (<anonymous>:1:44)
        at TestUtils.login (/mnt/r/Projects/ForkFlow-crm/tests/helpers/testUtils.ts:9:38)
        at /mnt/r/Projects/ForkFlow-crm/tests/organizations/performance.spec.ts:144:25

    attachment #1: screenshot (image/png) ──────────────────────────────────────────────────────────
    test-results/organizations-performance--53ef7-ultiple-filters-efficiently-chromium/test-failed-1.png
    ────────────────────────────────────────────────────────────────────────────────────────────────
]]>
</failure>
<system-out>
<![CDATA[
[[ATTACHMENT|organizations-performance--53ef7-ultiple-filters-efficiently-chromium/test-failed-1.png]]
]]>
</system-out>
<system-err>
<![CDATA[Error accessing localStorage: page.evaluate: SecurityError: Failed to read the 'localStorage' property from 'Window': Access is denied for this document.
    at UtilityScript.evaluate (<anonymous>:293:16)
    at UtilityScript.<anonymous> (<anonymous>:1:44)
    at TestUtils.isLoggedIn [90m(/mnt/r/Projects/ForkFlow-crm/[39mtests/helpers/testUtils.ts:51:30[90m)[39m
    at [90m/mnt/r/Projects/ForkFlow-crm/[39mtests/organizations/performance.spec.ts:143:29 {
  [[32mSymbol(step)[39m]: {
    stepId: [32m'pw:api@7'[39m,
    location: {
      file: [32m'/mnt/r/Projects/ForkFlow-crm/tests/helpers/testUtils.ts'[39m,
      line: [33m51[39m,
      column: [33m30[39m,
      function: [32m'TestUtils.isLoggedIn'[39m
    },
    category: [32m'pw:api'[39m,
    title: [32m'Evaluate'[39m,
    apiName: [32m'page.evaluate'[39m,
    params: {
      expression: [32m'() => {\n'[39m +
        [32m"        const hasAuth = !!localStorage.getItem('auth') || !!localStorage.getItem('user');\n"[39m +
        [32m"        const isTestMode = localStorage.getItem('test-mode') === 'true';\n"[39m +
        [32m'        return hasAuth || isTestMode;\n'[39m +
        [32m'      }'[39m,
      isFunction: [33mtrue[39m,
      arg: [36m[Object][39m
    },
    boxedStack: [90mundefined[39m,
    steps: [],
    attachmentIndices: [],
    info: TestStepInfoImpl {
      annotations: [],
      _testInfo: [36m[TestInfoImpl][39m,
      _stepId: [32m'pw:api@7'[39m
    },
    complete: [36m[Function: complete][39m,
    endWallTime: [33m1751167826857[39m,
    error: {
      message: [32m"Error: page.evaluate: SecurityError: Failed to read the 'localStorage' property from 'Window': Access is denied for this document.\n"[39m +
        [32m'    at UtilityScript.evaluate (<anonymous>:293:16)\n'[39m +
        [32m'    at UtilityScript.<anonymous> (<anonymous>:1:44)'[39m,
      stack: [32m"Error: page.evaluate: SecurityError: Failed to read the 'localStorage' property from 'Window': Access is denied for this document.\n"[39m +
        [32m'    at UtilityScript.evaluate (<anonymous>:293:16)\n'[39m +
        [32m'    at UtilityScript.<anonymous> (<anonymous>:1:44)\n'[39m +
        [32m'    at UtilityScript.evaluate (<anonymous>:293:16)\n'[39m +
        [32m'    at UtilityScript.<anonymous> (<anonymous>:1:44)\n'[39m +
        [32m'    at TestUtils.isLoggedIn (/mnt/r/Projects/ForkFlow-crm/tests/helpers/testUtils.ts:51:30)\n'[39m +
        [32m'    at /mnt/r/Projects/ForkFlow-crm/tests/organizations/performance.spec.ts:143:29'[39m,
      cause: [90mundefined[39m
    }
  }
}
]]>
</system-err>
</testcase>
<testcase name="Organization Performance Testing › Search and Filter Performance › should clear filters quickly" classname="organizations/performance.spec.ts" time="0">
<skipped>
</skipped>
</testcase>
<testcase name="Organization Performance Testing › Data Loading Performance › should handle pagination efficiently" classname="organizations/performance.spec.ts" time="0.678">
<failure message="performance.spec.ts:223:5 should handle pagination efficiently" type="FAILURE">
<![CDATA[  [chromium] › organizations/performance.spec.ts:223:5 › Organization Performance Testing › Data Loading Performance › should handle pagination efficiently 

    Error: page.evaluate: SecurityError: Failed to read the 'localStorage' property from 'Window': Access is denied for this document.
        at UtilityScript.evaluate (<anonymous>:293:16)
        at UtilityScript.<anonymous> (<anonymous>:1:44)
        at UtilityScript.evaluate (<anonymous>:293:16)
        at UtilityScript.<anonymous> (<anonymous>:1:44)
        at TestUtils.login (/mnt/r/Projects/ForkFlow-crm/tests/helpers/testUtils.ts:9:38)
        at /mnt/r/Projects/ForkFlow-crm/tests/organizations/performance.spec.ts:16:19

    attachment #1: screenshot (image/png) ──────────────────────────────────────────────────────────
    test-results/organizations-performance--b1b97-ndle-pagination-efficiently-chromium/test-failed-1.png
    ────────────────────────────────────────────────────────────────────────────────────────────────

    attachment #2: video (video/webm) ──────────────────────────────────────────────────────────────
    test-results/organizations-performance--b1b97-ndle-pagination-efficiently-chromium/video.webm
    ────────────────────────────────────────────────────────────────────────────────────────────────
]]>
</failure>
<system-out>
<![CDATA[
[[ATTACHMENT|organizations-performance--b1b97-ndle-pagination-efficiently-chromium/test-failed-1.png]]

[[ATTACHMENT|organizations-performance--b1b97-ndle-pagination-efficiently-chromium/video.webm]]
]]>
</system-out>
<system-err>
<![CDATA[Error accessing localStorage: page.evaluate: SecurityError: Failed to read the 'localStorage' property from 'Window': Access is denied for this document.
    at UtilityScript.evaluate (<anonymous>:293:16)
    at UtilityScript.<anonymous> (<anonymous>:1:44)
    at TestUtils.isLoggedIn [90m(/mnt/r/Projects/ForkFlow-crm/[39mtests/helpers/testUtils.ts:51:30[90m)[39m
    at [90m/mnt/r/Projects/ForkFlow-crm/[39mtests/organizations/performance.spec.ts:15:23 {
  [[32mSymbol(step)[39m]: {
    stepId: [32m'pw:api@12'[39m,
    location: {
      file: [32m'/mnt/r/Projects/ForkFlow-crm/tests/helpers/testUtils.ts'[39m,
      line: [33m51[39m,
      column: [33m30[39m,
      function: [32m'TestUtils.isLoggedIn'[39m
    },
    category: [32m'pw:api'[39m,
    title: [32m'Evaluate'[39m,
    apiName: [32m'page.evaluate'[39m,
    params: {
      expression: [32m'() => {\n'[39m +
        [32m"        const hasAuth = !!localStorage.getItem('auth') || !!localStorage.getItem('user');\n"[39m +
        [32m"        const isTestMode = localStorage.getItem('test-mode') === 'true';\n"[39m +
        [32m'        return hasAuth || isTestMode;\n'[39m +
        [32m'      }'[39m,
      isFunction: [33mtrue[39m,
      arg: [36m[Object][39m
    },
    boxedStack: [90mundefined[39m,
    steps: [],
    attachmentIndices: [],
    info: TestStepInfoImpl {
      annotations: [],
      _testInfo: [36m[TestInfoImpl][39m,
      _stepId: [32m'pw:api@12'[39m
    },
    complete: [36m[Function: complete][39m,
    endWallTime: [33m1751167733703[39m,
    error: {
      message: [32m"Error: page.evaluate: SecurityError: Failed to read the 'localStorage' property from 'Window': Access is denied for this document.\n"[39m +
        [32m'    at UtilityScript.evaluate (<anonymous>:293:16)\n'[39m +
        [32m'    at UtilityScript.<anonymous> (<anonymous>:1:44)'[39m,
      stack: [32m"Error: page.evaluate: SecurityError: Failed to read the 'localStorage' property from 'Window': Access is denied for this document.\n"[39m +
        [32m'    at UtilityScript.evaluate (<anonymous>:293:16)\n'[39m +
        [32m'    at UtilityScript.<anonymous> (<anonymous>:1:44)\n'[39m +
        [32m'    at UtilityScript.evaluate (<anonymous>:293:16)\n'[39m +
        [32m'    at UtilityScript.<anonymous> (<anonymous>:1:44)\n'[39m +
        [32m'    at TestUtils.isLoggedIn (/mnt/r/Projects/ForkFlow-crm/tests/helpers/testUtils.ts:51:30)\n'[39m +
        [32m'    at /mnt/r/Projects/ForkFlow-crm/tests/organizations/performance.spec.ts:15:23'[39m,
      cause: [90mundefined[39m
    }
  }
}
]]>
</system-err>
</testcase>
<testcase name="Organization Performance Testing › Data Loading Performance › should load organization statistics quickly" classname="organizations/performance.spec.ts" time="0.693">
<failure message="performance.spec.ts:239:5 should load organization statistics quickly" type="FAILURE">
<![CDATA[  [chromium] › organizations/performance.spec.ts:239:5 › Organization Performance Testing › Data Loading Performance › should load organization statistics quickly 

    Error: page.evaluate: SecurityError: Failed to read the 'localStorage' property from 'Window': Access is denied for this document.
        at UtilityScript.evaluate (<anonymous>:293:16)
        at UtilityScript.<anonymous> (<anonymous>:1:44)
        at UtilityScript.evaluate (<anonymous>:293:16)
        at UtilityScript.<anonymous> (<anonymous>:1:44)
        at TestUtils.login (/mnt/r/Projects/ForkFlow-crm/tests/helpers/testUtils.ts:9:38)
        at /mnt/r/Projects/ForkFlow-crm/tests/organizations/performance.spec.ts:16:19

    attachment #1: screenshot (image/png) ──────────────────────────────────────────────────────────
    test-results/organizations-performance--6225f-nization-statistics-quickly-chromium/test-failed-1.png
    ────────────────────────────────────────────────────────────────────────────────────────────────

    attachment #2: video (video/webm) ──────────────────────────────────────────────────────────────
    test-results/organizations-performance--6225f-nization-statistics-quickly-chromium/video.webm
    ────────────────────────────────────────────────────────────────────────────────────────────────
]]>
</failure>
<system-out>
<![CDATA[
[[ATTACHMENT|organizations-performance--6225f-nization-statistics-quickly-chromium/test-failed-1.png]]

[[ATTACHMENT|organizations-performance--6225f-nization-statistics-quickly-chromium/video.webm]]
]]>
</system-out>
<system-err>
<![CDATA[Error accessing localStorage: page.evaluate: SecurityError: Failed to read the 'localStorage' property from 'Window': Access is denied for this document.
    at UtilityScript.evaluate (<anonymous>:293:16)
    at UtilityScript.<anonymous> (<anonymous>:1:44)
    at TestUtils.isLoggedIn [90m(/mnt/r/Projects/ForkFlow-crm/[39mtests/helpers/testUtils.ts:51:30[90m)[39m
    at [90m/mnt/r/Projects/ForkFlow-crm/[39mtests/organizations/performance.spec.ts:15:23 {
  [[32mSymbol(step)[39m]: {
    stepId: [32m'pw:api@12'[39m,
    location: {
      file: [32m'/mnt/r/Projects/ForkFlow-crm/tests/helpers/testUtils.ts'[39m,
      line: [33m51[39m,
      column: [33m30[39m,
      function: [32m'TestUtils.isLoggedIn'[39m
    },
    category: [32m'pw:api'[39m,
    title: [32m'Evaluate'[39m,
    apiName: [32m'page.evaluate'[39m,
    params: {
      expression: [32m'() => {\n'[39m +
        [32m"        const hasAuth = !!localStorage.getItem('auth') || !!localStorage.getItem('user');\n"[39m +
        [32m"        const isTestMode = localStorage.getItem('test-mode') === 'true';\n"[39m +
        [32m'        return hasAuth || isTestMode;\n'[39m +
        [32m'      }'[39m,
      isFunction: [33mtrue[39m,
      arg: [36m[Object][39m
    },
    boxedStack: [90mundefined[39m,
    steps: [],
    attachmentIndices: [],
    info: TestStepInfoImpl {
      annotations: [],
      _testInfo: [36m[TestInfoImpl][39m,
      _stepId: [32m'pw:api@12'[39m
    },
    complete: [36m[Function: complete][39m,
    endWallTime: [33m1751167736432[39m,
    error: {
      message: [32m"Error: page.evaluate: SecurityError: Failed to read the 'localStorage' property from 'Window': Access is denied for this document.\n"[39m +
        [32m'    at UtilityScript.evaluate (<anonymous>:293:16)\n'[39m +
        [32m'    at UtilityScript.<anonymous> (<anonymous>:1:44)'[39m,
      stack: [32m"Error: page.evaluate: SecurityError: Failed to read the 'localStorage' property from 'Window': Access is denied for this document.\n"[39m +
        [32m'    at UtilityScript.evaluate (<anonymous>:293:16)\n'[39m +
        [32m'    at UtilityScript.<anonymous> (<anonymous>:1:44)\n'[39m +
        [32m'    at UtilityScript.evaluate (<anonymous>:293:16)\n'[39m +
        [32m'    at UtilityScript.<anonymous> (<anonymous>:1:44)\n'[39m +
        [32m'    at TestUtils.isLoggedIn (/mnt/r/Projects/ForkFlow-crm/tests/helpers/testUtils.ts:51:30)\n'[39m +
        [32m'    at /mnt/r/Projects/ForkFlow-crm/tests/organizations/performance.spec.ts:15:23'[39m,
      cause: [90mundefined[39m
    }
  }
}
]]>
</system-err>
</testcase>
<testcase name="Organization Performance Testing › Data Loading Performance › should handle bulk operations efficiently" classname="organizations/performance.spec.ts" time="0.6">
<failure message="performance.spec.ts:254:5 should handle bulk operations efficiently" type="FAILURE">
<![CDATA[  [chromium] › organizations/performance.spec.ts:254:5 › Organization Performance Testing › Data Loading Performance › should handle bulk operations efficiently 

    Error: page.evaluate: SecurityError: Failed to read the 'localStorage' property from 'Window': Access is denied for this document.
        at UtilityScript.evaluate (<anonymous>:293:16)
        at UtilityScript.<anonymous> (<anonymous>:1:44)
        at UtilityScript.evaluate (<anonymous>:293:16)
        at UtilityScript.<anonymous> (<anonymous>:1:44)
        at TestUtils.login (/mnt/r/Projects/ForkFlow-crm/tests/helpers/testUtils.ts:9:38)
        at /mnt/r/Projects/ForkFlow-crm/tests/organizations/performance.spec.ts:16:19

    attachment #1: screenshot (image/png) ──────────────────────────────────────────────────────────
    test-results/organizations-performance--d63f8-bulk-operations-efficiently-chromium/test-failed-1.png
    ────────────────────────────────────────────────────────────────────────────────────────────────

    attachment #2: video (video/webm) ──────────────────────────────────────────────────────────────
    test-results/organizations-performance--d63f8-bulk-operations-efficiently-chromium/video.webm
    ────────────────────────────────────────────────────────────────────────────────────────────────
]]>
</failure>
<system-out>
<![CDATA[
[[ATTACHMENT|organizations-performance--d63f8-bulk-operations-efficiently-chromium/test-failed-1.png]]

[[ATTACHMENT|organizations-performance--d63f8-bulk-operations-efficiently-chromium/video.webm]]
]]>
</system-out>
<system-err>
<![CDATA[Error accessing localStorage: page.evaluate: SecurityError: Failed to read the 'localStorage' property from 'Window': Access is denied for this document.
    at UtilityScript.evaluate (<anonymous>:293:16)
    at UtilityScript.<anonymous> (<anonymous>:1:44)
    at TestUtils.isLoggedIn [90m(/mnt/r/Projects/ForkFlow-crm/[39mtests/helpers/testUtils.ts:51:30[90m)[39m
    at [90m/mnt/r/Projects/ForkFlow-crm/[39mtests/organizations/performance.spec.ts:15:23 {
  [[32mSymbol(step)[39m]: {
    stepId: [32m'pw:api@12'[39m,
    location: {
      file: [32m'/mnt/r/Projects/ForkFlow-crm/tests/helpers/testUtils.ts'[39m,
      line: [33m51[39m,
      column: [33m30[39m,
      function: [32m'TestUtils.isLoggedIn'[39m
    },
    category: [32m'pw:api'[39m,
    title: [32m'Evaluate'[39m,
    apiName: [32m'page.evaluate'[39m,
    params: {
      expression: [32m'() => {\n'[39m +
        [32m"        const hasAuth = !!localStorage.getItem('auth') || !!localStorage.getItem('user');\n"[39m +
        [32m"        const isTestMode = localStorage.getItem('test-mode') === 'true';\n"[39m +
        [32m'        return hasAuth || isTestMode;\n'[39m +
        [32m'      }'[39m,
      isFunction: [33mtrue[39m,
      arg: [36m[Object][39m
    },
    boxedStack: [90mundefined[39m,
    steps: [],
    attachmentIndices: [],
    info: TestStepInfoImpl {
      annotations: [],
      _testInfo: [36m[TestInfoImpl][39m,
      _stepId: [32m'pw:api@12'[39m
    },
    complete: [36m[Function: complete][39m,
    endWallTime: [33m1751167747469[39m,
    error: {
      message: [32m"Error: page.evaluate: SecurityError: Failed to read the 'localStorage' property from 'Window': Access is denied for this document.\n"[39m +
        [32m'    at UtilityScript.evaluate (<anonymous>:293:16)\n'[39m +
        [32m'    at UtilityScript.<anonymous> (<anonymous>:1:44)'[39m,
      stack: [32m"Error: page.evaluate: SecurityError: Failed to read the 'localStorage' property from 'Window': Access is denied for this document.\n"[39m +
        [32m'    at UtilityScript.evaluate (<anonymous>:293:16)\n'[39m +
        [32m'    at UtilityScript.<anonymous> (<anonymous>:1:44)\n'[39m +
        [32m'    at UtilityScript.evaluate (<anonymous>:293:16)\n'[39m +
        [32m'    at UtilityScript.<anonymous> (<anonymous>:1:44)\n'[39m +
        [32m'    at TestUtils.isLoggedIn (/mnt/r/Projects/ForkFlow-crm/tests/helpers/testUtils.ts:51:30)\n'[39m +
        [32m'    at /mnt/r/Projects/ForkFlow-crm/tests/organizations/performance.spec.ts:15:23'[39m,
      cause: [90mundefined[39m
    }
  }
}
]]>
</system-err>
</testcase>
<testcase name="Organization Performance Testing › Memory Performance › should not cause memory leaks during navigation" classname="organizations/performance.spec.ts" time="0.691">
<failure message="performance.spec.ts:278:5 should not cause memory leaks during navigation" type="FAILURE">
<![CDATA[  [chromium] › organizations/performance.spec.ts:278:5 › Organization Performance Testing › Memory Performance › should not cause memory leaks during navigation 

    Error: page.evaluate: SecurityError: Failed to read the 'localStorage' property from 'Window': Access is denied for this document.
        at UtilityScript.evaluate (<anonymous>:293:16)
        at UtilityScript.<anonymous> (<anonymous>:1:44)
        at UtilityScript.evaluate (<anonymous>:293:16)
        at UtilityScript.<anonymous> (<anonymous>:1:44)
        at TestUtils.login (/mnt/r/Projects/ForkFlow-crm/tests/helpers/testUtils.ts:9:38)
        at /mnt/r/Projects/ForkFlow-crm/tests/organizations/performance.spec.ts:16:19

    attachment #1: screenshot (image/png) ──────────────────────────────────────────────────────────
    test-results/organizations-performance--09c7f-ory-leaks-during-navigation-chromium/test-failed-1.png
    ────────────────────────────────────────────────────────────────────────────────────────────────

    attachment #2: video (video/webm) ──────────────────────────────────────────────────────────────
    test-results/organizations-performance--09c7f-ory-leaks-during-navigation-chromium/video.webm
    ────────────────────────────────────────────────────────────────────────────────────────────────
]]>
</failure>
<system-out>
<![CDATA[
[[ATTACHMENT|organizations-performance--09c7f-ory-leaks-during-navigation-chromium/test-failed-1.png]]

[[ATTACHMENT|organizations-performance--09c7f-ory-leaks-during-navigation-chromium/video.webm]]
]]>
</system-out>
<system-err>
<![CDATA[Error accessing localStorage: page.evaluate: SecurityError: Failed to read the 'localStorage' property from 'Window': Access is denied for this document.
    at UtilityScript.evaluate (<anonymous>:293:16)
    at UtilityScript.<anonymous> (<anonymous>:1:44)
    at TestUtils.isLoggedIn [90m(/mnt/r/Projects/ForkFlow-crm/[39mtests/helpers/testUtils.ts:51:30[90m)[39m
    at [90m/mnt/r/Projects/ForkFlow-crm/[39mtests/organizations/performance.spec.ts:15:23 {
  [[32mSymbol(step)[39m]: {
    stepId: [32m'pw:api@12'[39m,
    location: {
      file: [32m'/mnt/r/Projects/ForkFlow-crm/tests/helpers/testUtils.ts'[39m,
      line: [33m51[39m,
      column: [33m30[39m,
      function: [32m'TestUtils.isLoggedIn'[39m
    },
    category: [32m'pw:api'[39m,
    title: [32m'Evaluate'[39m,
    apiName: [32m'page.evaluate'[39m,
    params: {
      expression: [32m'() => {\n'[39m +
        [32m"        const hasAuth = !!localStorage.getItem('auth') || !!localStorage.getItem('user');\n"[39m +
        [32m"        const isTestMode = localStorage.getItem('test-mode') === 'true';\n"[39m +
        [32m'        return hasAuth || isTestMode;\n'[39m +
        [32m'      }'[39m,
      isFunction: [33mtrue[39m,
      arg: [36m[Object][39m
    },
    boxedStack: [90mundefined[39m,
    steps: [],
    attachmentIndices: [],
    info: TestStepInfoImpl {
      annotations: [],
      _testInfo: [36m[TestInfoImpl][39m,
      _stepId: [32m'pw:api@12'[39m
    },
    complete: [36m[Function: complete][39m,
    endWallTime: [33m1751167749073[39m,
    error: {
      message: [32m"Error: page.evaluate: SecurityError: Failed to read the 'localStorage' property from 'Window': Access is denied for this document.\n"[39m +
        [32m'    at UtilityScript.evaluate (<anonymous>:293:16)\n'[39m +
        [32m'    at UtilityScript.<anonymous> (<anonymous>:1:44)'[39m,
      stack: [32m"Error: page.evaluate: SecurityError: Failed to read the 'localStorage' property from 'Window': Access is denied for this document.\n"[39m +
        [32m'    at UtilityScript.evaluate (<anonymous>:293:16)\n'[39m +
        [32m'    at UtilityScript.<anonymous> (<anonymous>:1:44)\n'[39m +
        [32m'    at UtilityScript.evaluate (<anonymous>:293:16)\n'[39m +
        [32m'    at UtilityScript.<anonymous> (<anonymous>:1:44)\n'[39m +
        [32m'    at TestUtils.isLoggedIn (/mnt/r/Projects/ForkFlow-crm/tests/helpers/testUtils.ts:51:30)\n'[39m +
        [32m'    at /mnt/r/Projects/ForkFlow-crm/tests/organizations/performance.spec.ts:15:23'[39m,
      cause: [90mundefined[39m
    }
  }
}
]]>
</system-err>
</testcase>
<testcase name="Organization Performance Testing › Memory Performance › should handle large forms without performance degradation" classname="organizations/performance.spec.ts" time="0.691">
<failure message="performance.spec.ts:314:5 should handle large forms without performance degradation" type="FAILURE">
<![CDATA[  [chromium] › organizations/performance.spec.ts:314:5 › Organization Performance Testing › Memory Performance › should handle large forms without performance degradation 

    Error: page.evaluate: SecurityError: Failed to read the 'localStorage' property from 'Window': Access is denied for this document.
        at UtilityScript.evaluate (<anonymous>:293:16)
        at UtilityScript.<anonymous> (<anonymous>:1:44)
        at UtilityScript.evaluate (<anonymous>:293:16)
        at UtilityScript.<anonymous> (<anonymous>:1:44)
        at TestUtils.login (/mnt/r/Projects/ForkFlow-crm/tests/helpers/testUtils.ts:9:38)
        at /mnt/r/Projects/ForkFlow-crm/tests/organizations/performance.spec.ts:16:19

    attachment #1: screenshot (image/png) ──────────────────────────────────────────────────────────
    test-results/organizations-performance--97763-out-performance-degradation-chromium/test-failed-1.png
    ────────────────────────────────────────────────────────────────────────────────────────────────

    attachment #2: video (video/webm) ──────────────────────────────────────────────────────────────
    test-results/organizations-performance--97763-out-performance-degradation-chromium/video.webm
    ────────────────────────────────────────────────────────────────────────────────────────────────
]]>
</failure>
<system-out>
<![CDATA[
[[ATTACHMENT|organizations-performance--97763-out-performance-degradation-chromium/test-failed-1.png]]

[[ATTACHMENT|organizations-performance--97763-out-performance-degradation-chromium/video.webm]]
]]>
</system-out>
<system-err>
<![CDATA[Error accessing localStorage: page.evaluate: SecurityError: Failed to read the 'localStorage' property from 'Window': Access is denied for this document.
    at UtilityScript.evaluate (<anonymous>:293:16)
    at UtilityScript.<anonymous> (<anonymous>:1:44)
    at TestUtils.isLoggedIn [90m(/mnt/r/Projects/ForkFlow-crm/[39mtests/helpers/testUtils.ts:51:30[90m)[39m
    at [90m/mnt/r/Projects/ForkFlow-crm/[39mtests/organizations/performance.spec.ts:15:23 {
  [[32mSymbol(step)[39m]: {
    stepId: [32m'pw:api@12'[39m,
    location: {
      file: [32m'/mnt/r/Projects/ForkFlow-crm/tests/helpers/testUtils.ts'[39m,
      line: [33m51[39m,
      column: [33m30[39m,
      function: [32m'TestUtils.isLoggedIn'[39m
    },
    category: [32m'pw:api'[39m,
    title: [32m'Evaluate'[39m,
    apiName: [32m'page.evaluate'[39m,
    params: {
      expression: [32m'() => {\n'[39m +
        [32m"        const hasAuth = !!localStorage.getItem('auth') || !!localStorage.getItem('user');\n"[39m +
        [32m"        const isTestMode = localStorage.getItem('test-mode') === 'true';\n"[39m +
        [32m'        return hasAuth || isTestMode;\n'[39m +
        [32m'      }'[39m,
      isFunction: [33mtrue[39m,
      arg: [36m[Object][39m
    },
    boxedStack: [90mundefined[39m,
    steps: [],
    attachmentIndices: [],
    info: TestStepInfoImpl {
      annotations: [],
      _testInfo: [36m[TestInfoImpl][39m,
      _stepId: [32m'pw:api@12'[39m
    },
    complete: [36m[Function: complete][39m,
    endWallTime: [33m1751167761218[39m,
    error: {
      message: [32m"Error: page.evaluate: SecurityError: Failed to read the 'localStorage' property from 'Window': Access is denied for this document.\n"[39m +
        [32m'    at UtilityScript.evaluate (<anonymous>:293:16)\n'[39m +
        [32m'    at UtilityScript.<anonymous> (<anonymous>:1:44)'[39m,
      stack: [32m"Error: page.evaluate: SecurityError: Failed to read the 'localStorage' property from 'Window': Access is denied for this document.\n"[39m +
        [32m'    at UtilityScript.evaluate (<anonymous>:293:16)\n'[39m +
        [32m'    at UtilityScript.<anonymous> (<anonymous>:1:44)\n'[39m +
        [32m'    at UtilityScript.evaluate (<anonymous>:293:16)\n'[39m +
        [32m'    at UtilityScript.<anonymous> (<anonymous>:1:44)\n'[39m +
        [32m'    at TestUtils.isLoggedIn (/mnt/r/Projects/ForkFlow-crm/tests/helpers/testUtils.ts:51:30)\n'[39m +
        [32m'    at /mnt/r/Projects/ForkFlow-crm/tests/organizations/performance.spec.ts:15:23'[39m,
      cause: [90mundefined[39m
    }
  }
}
]]>
</system-err>
</testcase>
<testcase name="Organization Performance Testing › Network Performance › should handle slow network conditions" classname="organizations/performance.spec.ts" time="0.676">
<failure message="performance.spec.ts:333:5 should handle slow network conditions" type="FAILURE">
<![CDATA[  [chromium] › organizations/performance.spec.ts:333:5 › Organization Performance Testing › Network Performance › should handle slow network conditions 

    Error: page.evaluate: SecurityError: Failed to read the 'localStorage' property from 'Window': Access is denied for this document.
        at UtilityScript.evaluate (<anonymous>:293:16)
        at UtilityScript.<anonymous> (<anonymous>:1:44)
        at UtilityScript.evaluate (<anonymous>:293:16)
        at UtilityScript.<anonymous> (<anonymous>:1:44)
        at TestUtils.login (/mnt/r/Projects/ForkFlow-crm/tests/helpers/testUtils.ts:9:38)
        at /mnt/r/Projects/ForkFlow-crm/tests/organizations/performance.spec.ts:16:19

    attachment #1: screenshot (image/png) ──────────────────────────────────────────────────────────
    test-results/organizations-performance--2144c-dle-slow-network-conditions-chromium/test-failed-1.png
    ────────────────────────────────────────────────────────────────────────────────────────────────

    attachment #2: video (video/webm) ──────────────────────────────────────────────────────────────
    test-results/organizations-performance--2144c-dle-slow-network-conditions-chromium/video.webm
    ────────────────────────────────────────────────────────────────────────────────────────────────
]]>
</failure>
<system-out>
<![CDATA[
[[ATTACHMENT|organizations-performance--2144c-dle-slow-network-conditions-chromium/test-failed-1.png]]

[[ATTACHMENT|organizations-performance--2144c-dle-slow-network-conditions-chromium/video.webm]]
]]>
</system-out>
<system-err>
<![CDATA[Error accessing localStorage: page.evaluate: SecurityError: Failed to read the 'localStorage' property from 'Window': Access is denied for this document.
    at UtilityScript.evaluate (<anonymous>:293:16)
    at UtilityScript.<anonymous> (<anonymous>:1:44)
    at TestUtils.isLoggedIn [90m(/mnt/r/Projects/ForkFlow-crm/[39mtests/helpers/testUtils.ts:51:30[90m)[39m
    at [90m/mnt/r/Projects/ForkFlow-crm/[39mtests/organizations/performance.spec.ts:15:23 {
  [[32mSymbol(step)[39m]: {
    stepId: [32m'pw:api@12'[39m,
    location: {
      file: [32m'/mnt/r/Projects/ForkFlow-crm/tests/helpers/testUtils.ts'[39m,
      line: [33m51[39m,
      column: [33m30[39m,
      function: [32m'TestUtils.isLoggedIn'[39m
    },
    category: [32m'pw:api'[39m,
    title: [32m'Evaluate'[39m,
    apiName: [32m'page.evaluate'[39m,
    params: {
      expression: [32m'() => {\n'[39m +
        [32m"        const hasAuth = !!localStorage.getItem('auth') || !!localStorage.getItem('user');\n"[39m +
        [32m"        const isTestMode = localStorage.getItem('test-mode') === 'true';\n"[39m +
        [32m'        return hasAuth || isTestMode;\n'[39m +
        [32m'      }'[39m,
      isFunction: [33mtrue[39m,
      arg: [36m[Object][39m
    },
    boxedStack: [90mundefined[39m,
    steps: [],
    attachmentIndices: [],
    info: TestStepInfoImpl {
      annotations: [],
      _testInfo: [36m[TestInfoImpl][39m,
      _stepId: [32m'pw:api@12'[39m
    },
    complete: [36m[Function: complete][39m,
    endWallTime: [33m1751167762881[39m,
    error: {
      message: [32m"Error: page.evaluate: SecurityError: Failed to read the 'localStorage' property from 'Window': Access is denied for this document.\n"[39m +
        [32m'    at UtilityScript.evaluate (<anonymous>:293:16)\n'[39m +
        [32m'    at UtilityScript.<anonymous> (<anonymous>:1:44)'[39m,
      stack: [32m"Error: page.evaluate: SecurityError: Failed to read the 'localStorage' property from 'Window': Access is denied for this document.\n"[39m +
        [32m'    at UtilityScript.evaluate (<anonymous>:293:16)\n'[39m +
        [32m'    at UtilityScript.<anonymous> (<anonymous>:1:44)\n'[39m +
        [32m'    at UtilityScript.evaluate (<anonymous>:293:16)\n'[39m +
        [32m'    at UtilityScript.<anonymous> (<anonymous>:1:44)\n'[39m +
        [32m'    at TestUtils.isLoggedIn (/mnt/r/Projects/ForkFlow-crm/tests/helpers/testUtils.ts:51:30)\n'[39m +
        [32m'    at /mnt/r/Projects/ForkFlow-crm/tests/organizations/performance.spec.ts:15:23'[39m,
      cause: [90mundefined[39m
    }
  }
}
]]>
</system-err>
</testcase>
<testcase name="Organization Performance Testing › Network Performance › should optimize API calls" classname="organizations/performance.spec.ts" time="0.69">
<failure message="performance.spec.ts:348:5 should optimize API calls" type="FAILURE">
<![CDATA[  [chromium] › organizations/performance.spec.ts:348:5 › Organization Performance Testing › Network Performance › should optimize API calls 

    Error: page.evaluate: SecurityError: Failed to read the 'localStorage' property from 'Window': Access is denied for this document.
        at UtilityScript.evaluate (<anonymous>:293:16)
        at UtilityScript.<anonymous> (<anonymous>:1:44)
        at UtilityScript.evaluate (<anonymous>:293:16)
        at UtilityScript.<anonymous> (<anonymous>:1:44)
        at TestUtils.login (/mnt/r/Projects/ForkFlow-crm/tests/helpers/testUtils.ts:9:38)
        at /mnt/r/Projects/ForkFlow-crm/tests/organizations/performance.spec.ts:16:19

    attachment #1: screenshot (image/png) ──────────────────────────────────────────────────────────
    test-results/organizations-performance--f3f27-e-should-optimize-API-calls-chromium/test-failed-1.png
    ────────────────────────────────────────────────────────────────────────────────────────────────

    attachment #2: video (video/webm) ──────────────────────────────────────────────────────────────
    test-results/organizations-performance--f3f27-e-should-optimize-API-calls-chromium/video.webm
    ────────────────────────────────────────────────────────────────────────────────────────────────
]]>
</failure>
<system-out>
<![CDATA[
[[ATTACHMENT|organizations-performance--f3f27-e-should-optimize-API-calls-chromium/test-failed-1.png]]

[[ATTACHMENT|organizations-performance--f3f27-e-should-optimize-API-calls-chromium/video.webm]]
]]>
</system-out>
<system-err>
<![CDATA[Error accessing localStorage: page.evaluate: SecurityError: Failed to read the 'localStorage' property from 'Window': Access is denied for this document.
    at UtilityScript.evaluate (<anonymous>:293:16)
    at UtilityScript.<anonymous> (<anonymous>:1:44)
    at TestUtils.isLoggedIn [90m(/mnt/r/Projects/ForkFlow-crm/[39mtests/helpers/testUtils.ts:51:30[90m)[39m
    at [90m/mnt/r/Projects/ForkFlow-crm/[39mtests/organizations/performance.spec.ts:15:23 {
  [[32mSymbol(step)[39m]: {
    stepId: [32m'pw:api@12'[39m,
    location: {
      file: [32m'/mnt/r/Projects/ForkFlow-crm/tests/helpers/testUtils.ts'[39m,
      line: [33m51[39m,
      column: [33m30[39m,
      function: [32m'TestUtils.isLoggedIn'[39m
    },
    category: [32m'pw:api'[39m,
    title: [32m'Evaluate'[39m,
    apiName: [32m'page.evaluate'[39m,
    params: {
      expression: [32m'() => {\n'[39m +
        [32m"        const hasAuth = !!localStorage.getItem('auth') || !!localStorage.getItem('user');\n"[39m +
        [32m"        const isTestMode = localStorage.getItem('test-mode') === 'true';\n"[39m +
        [32m'        return hasAuth || isTestMode;\n'[39m +
        [32m'      }'[39m,
      isFunction: [33mtrue[39m,
      arg: [36m[Object][39m
    },
    boxedStack: [90mundefined[39m,
    steps: [],
    attachmentIndices: [],
    info: TestStepInfoImpl {
      annotations: [],
      _testInfo: [36m[TestInfoImpl][39m,
      _stepId: [32m'pw:api@12'[39m
    },
    complete: [36m[Function: complete][39m,
    endWallTime: [33m1751167775116[39m,
    error: {
      message: [32m"Error: page.evaluate: SecurityError: Failed to read the 'localStorage' property from 'Window': Access is denied for this document.\n"[39m +
        [32m'    at UtilityScript.evaluate (<anonymous>:293:16)\n'[39m +
        [32m'    at UtilityScript.<anonymous> (<anonymous>:1:44)'[39m,
      stack: [32m"Error: page.evaluate: SecurityError: Failed to read the 'localStorage' property from 'Window': Access is denied for this document.\n"[39m +
        [32m'    at UtilityScript.evaluate (<anonymous>:293:16)\n'[39m +
        [32m'    at UtilityScript.<anonymous> (<anonymous>:1:44)\n'[39m +
        [32m'    at UtilityScript.evaluate (<anonymous>:293:16)\n'[39m +
        [32m'    at UtilityScript.<anonymous> (<anonymous>:1:44)\n'[39m +
        [32m'    at TestUtils.isLoggedIn (/mnt/r/Projects/ForkFlow-crm/tests/helpers/testUtils.ts:51:30)\n'[39m +
        [32m'    at /mnt/r/Projects/ForkFlow-crm/tests/organizations/performance.spec.ts:15:23'[39m,
      cause: [90mundefined[39m
    }
  }
}
]]>
</system-err>
</testcase>
<testcase name="Organization Performance Testing › Network Performance › should cache data appropriately" classname="organizations/performance.spec.ts" time="0.7">
<failure message="performance.spec.ts:364:5 should cache data appropriately" type="FAILURE">
<![CDATA[  [chromium] › organizations/performance.spec.ts:364:5 › Organization Performance Testing › Network Performance › should cache data appropriately 

    Error: page.evaluate: SecurityError: Failed to read the 'localStorage' property from 'Window': Access is denied for this document.
        at UtilityScript.evaluate (<anonymous>:293:16)
        at UtilityScript.<anonymous> (<anonymous>:1:44)
        at UtilityScript.evaluate (<anonymous>:293:16)
        at UtilityScript.<anonymous> (<anonymous>:1:44)
        at TestUtils.login (/mnt/r/Projects/ForkFlow-crm/tests/helpers/testUtils.ts:9:38)
        at /mnt/r/Projects/ForkFlow-crm/tests/organizations/performance.spec.ts:16:19

    attachment #1: screenshot (image/png) ──────────────────────────────────────────────────────────
    test-results/organizations-performance--6c854-ld-cache-data-appropriately-chromium/test-failed-1.png
    ────────────────────────────────────────────────────────────────────────────────────────────────

    attachment #2: video (video/webm) ──────────────────────────────────────────────────────────────
    test-results/organizations-performance--6c854-ld-cache-data-appropriately-chromium/video.webm
    ────────────────────────────────────────────────────────────────────────────────────────────────
]]>
</failure>
<system-out>
<![CDATA[
[[ATTACHMENT|organizations-performance--6c854-ld-cache-data-appropriately-chromium/test-failed-1.png]]

[[ATTACHMENT|organizations-performance--6c854-ld-cache-data-appropriately-chromium/video.webm]]
]]>
</system-out>
<system-err>
<![CDATA[Error accessing localStorage: page.evaluate: SecurityError: Failed to read the 'localStorage' property from 'Window': Access is denied for this document.
    at UtilityScript.evaluate (<anonymous>:293:16)
    at UtilityScript.<anonymous> (<anonymous>:1:44)
    at TestUtils.isLoggedIn [90m(/mnt/r/Projects/ForkFlow-crm/[39mtests/helpers/testUtils.ts:51:30[90m)[39m
    at [90m/mnt/r/Projects/ForkFlow-crm/[39mtests/organizations/performance.spec.ts:15:23 {
  [[32mSymbol(step)[39m]: {
    stepId: [32m'pw:api@12'[39m,
    location: {
      file: [32m'/mnt/r/Projects/ForkFlow-crm/tests/helpers/testUtils.ts'[39m,
      line: [33m51[39m,
      column: [33m30[39m,
      function: [32m'TestUtils.isLoggedIn'[39m
    },
    category: [32m'pw:api'[39m,
    title: [32m'Evaluate'[39m,
    apiName: [32m'page.evaluate'[39m,
    params: {
      expression: [32m'() => {\n'[39m +
        [32m"        const hasAuth = !!localStorage.getItem('auth') || !!localStorage.getItem('user');\n"[39m +
        [32m"        const isTestMode = localStorage.getItem('test-mode') === 'true';\n"[39m +
        [32m'        return hasAuth || isTestMode;\n'[39m +
        [32m'      }'[39m,
      isFunction: [33mtrue[39m,
      arg: [36m[Object][39m
    },
    boxedStack: [90mundefined[39m,
    steps: [],
    attachmentIndices: [],
    info: TestStepInfoImpl {
      annotations: [],
      _testInfo: [36m[TestInfoImpl][39m,
      _stepId: [32m'pw:api@12'[39m
    },
    complete: [36m[Function: complete][39m,
    endWallTime: [33m1751167776611[39m,
    error: {
      message: [32m"Error: page.evaluate: SecurityError: Failed to read the 'localStorage' property from 'Window': Access is denied for this document.\n"[39m +
        [32m'    at UtilityScript.evaluate (<anonymous>:293:16)\n'[39m +
        [32m'    at UtilityScript.<anonymous> (<anonymous>:1:44)'[39m,
      stack: [32m"Error: page.evaluate: SecurityError: Failed to read the 'localStorage' property from 'Window': Access is denied for this document.\n"[39m +
        [32m'    at UtilityScript.evaluate (<anonymous>:293:16)\n'[39m +
        [32m'    at UtilityScript.<anonymous> (<anonymous>:1:44)\n'[39m +
        [32m'    at UtilityScript.evaluate (<anonymous>:293:16)\n'[39m +
        [32m'    at UtilityScript.<anonymous> (<anonymous>:1:44)\n'[39m +
        [32m'    at TestUtils.isLoggedIn (/mnt/r/Projects/ForkFlow-crm/tests/helpers/testUtils.ts:51:30)\n'[39m +
        [32m'    at /mnt/r/Projects/ForkFlow-crm/tests/organizations/performance.spec.ts:15:23'[39m,
      cause: [90mundefined[39m
    }
  }
}
]]>
</system-err>
</testcase>
<testcase name="Organization Performance Testing › Rendering Performance › should render tables efficiently" classname="organizations/performance.spec.ts" time="0.684">
<failure message="performance.spec.ts:386:5 should render tables efficiently" type="FAILURE">
<![CDATA[  [chromium] › organizations/performance.spec.ts:386:5 › Organization Performance Testing › Rendering Performance › should render tables efficiently 

    Error: page.evaluate: SecurityError: Failed to read the 'localStorage' property from 'Window': Access is denied for this document.
        at UtilityScript.evaluate (<anonymous>:293:16)
        at UtilityScript.<anonymous> (<anonymous>:1:44)
        at UtilityScript.evaluate (<anonymous>:293:16)
        at UtilityScript.<anonymous> (<anonymous>:1:44)
        at TestUtils.login (/mnt/r/Projects/ForkFlow-crm/tests/helpers/testUtils.ts:9:38)
        at /mnt/r/Projects/ForkFlow-crm/tests/organizations/performance.spec.ts:16:19

    attachment #1: screenshot (image/png) ──────────────────────────────────────────────────────────
    test-results/organizations-performance--efa33-d-render-tables-efficiently-chromium/test-failed-1.png
    ────────────────────────────────────────────────────────────────────────────────────────────────

    attachment #2: video (video/webm) ──────────────────────────────────────────────────────────────
    test-results/organizations-performance--efa33-d-render-tables-efficiently-chromium/video.webm
    ────────────────────────────────────────────────────────────────────────────────────────────────
]]>
</failure>
<system-out>
<![CDATA[
[[ATTACHMENT|organizations-performance--efa33-d-render-tables-efficiently-chromium/test-failed-1.png]]

[[ATTACHMENT|organizations-performance--efa33-d-render-tables-efficiently-chromium/video.webm]]
]]>
</system-out>
<system-err>
<![CDATA[Error accessing localStorage: page.evaluate: SecurityError: Failed to read the 'localStorage' property from 'Window': Access is denied for this document.
    at UtilityScript.evaluate (<anonymous>:293:16)
    at UtilityScript.<anonymous> (<anonymous>:1:44)
    at TestUtils.isLoggedIn [90m(/mnt/r/Projects/ForkFlow-crm/[39mtests/helpers/testUtils.ts:51:30[90m)[39m
    at [90m/mnt/r/Projects/ForkFlow-crm/[39mtests/organizations/performance.spec.ts:15:23 {
  [[32mSymbol(step)[39m]: {
    stepId: [32m'pw:api@12'[39m,
    location: {
      file: [32m'/mnt/r/Projects/ForkFlow-crm/tests/helpers/testUtils.ts'[39m,
      line: [33m51[39m,
      column: [33m30[39m,
      function: [32m'TestUtils.isLoggedIn'[39m
    },
    category: [32m'pw:api'[39m,
    title: [32m'Evaluate'[39m,
    apiName: [32m'page.evaluate'[39m,
    params: {
      expression: [32m'() => {\n'[39m +
        [32m"        const hasAuth = !!localStorage.getItem('auth') || !!localStorage.getItem('user');\n"[39m +
        [32m"        const isTestMode = localStorage.getItem('test-mode') === 'true';\n"[39m +
        [32m'        return hasAuth || isTestMode;\n'[39m +
        [32m'      }'[39m,
      isFunction: [33mtrue[39m,
      arg: [36m[Object][39m
    },
    boxedStack: [90mundefined[39m,
    steps: [],
    attachmentIndices: [],
    info: TestStepInfoImpl {
      annotations: [],
      _testInfo: [36m[TestInfoImpl][39m,
      _stepId: [32m'pw:api@12'[39m
    },
    complete: [36m[Function: complete][39m,
    endWallTime: [33m1751167787651[39m,
    error: {
      message: [32m"Error: page.evaluate: SecurityError: Failed to read the 'localStorage' property from 'Window': Access is denied for this document.\n"[39m +
        [32m'    at UtilityScript.evaluate (<anonymous>:293:16)\n'[39m +
        [32m'    at UtilityScript.<anonymous> (<anonymous>:1:44)'[39m,
      stack: [32m"Error: page.evaluate: SecurityError: Failed to read the 'localStorage' property from 'Window': Access is denied for this document.\n"[39m +
        [32m'    at UtilityScript.evaluate (<anonymous>:293:16)\n'[39m +
        [32m'    at UtilityScript.<anonymous> (<anonymous>:1:44)\n'[39m +
        [32m'    at UtilityScript.evaluate (<anonymous>:293:16)\n'[39m +
        [32m'    at UtilityScript.<anonymous> (<anonymous>:1:44)\n'[39m +
        [32m'    at TestUtils.isLoggedIn (/mnt/r/Projects/ForkFlow-crm/tests/helpers/testUtils.ts:51:30)\n'[39m +
        [32m'    at /mnt/r/Projects/ForkFlow-crm/tests/organizations/performance.spec.ts:15:23'[39m,
      cause: [90mundefined[39m
    }
  }
}
]]>
</system-err>
</testcase>
<testcase name="Organization Performance Testing › Rendering Performance › should handle scroll performance" classname="organizations/performance.spec.ts" time="0.739">
<failure message="performance.spec.ts:401:5 should handle scroll performance" type="FAILURE">
<![CDATA[  [chromium] › organizations/performance.spec.ts:401:5 › Organization Performance Testing › Rendering Performance › should handle scroll performance 

    Error: page.evaluate: SecurityError: Failed to read the 'localStorage' property from 'Window': Access is denied for this document.
        at UtilityScript.evaluate (<anonymous>:293:16)
        at UtilityScript.<anonymous> (<anonymous>:1:44)
        at UtilityScript.evaluate (<anonymous>:293:16)
        at UtilityScript.<anonymous> (<anonymous>:1:44)
        at TestUtils.login (/mnt/r/Projects/ForkFlow-crm/tests/helpers/testUtils.ts:9:38)
        at /mnt/r/Projects/ForkFlow-crm/tests/organizations/performance.spec.ts:16:19

    attachment #1: screenshot (image/png) ──────────────────────────────────────────────────────────
    test-results/organizations-performance--d8e67-d-handle-scroll-performance-chromium/test-failed-1.png
    ────────────────────────────────────────────────────────────────────────────────────────────────

    attachment #2: video (video/webm) ──────────────────────────────────────────────────────────────
    test-results/organizations-performance--d8e67-d-handle-scroll-performance-chromium/video.webm
    ────────────────────────────────────────────────────────────────────────────────────────────────
]]>
</failure>
<system-out>
<![CDATA[
[[ATTACHMENT|organizations-performance--d8e67-d-handle-scroll-performance-chromium/test-failed-1.png]]

[[ATTACHMENT|organizations-performance--d8e67-d-handle-scroll-performance-chromium/video.webm]]
]]>
</system-out>
<system-err>
<![CDATA[Error accessing localStorage: page.evaluate: SecurityError: Failed to read the 'localStorage' property from 'Window': Access is denied for this document.
    at UtilityScript.evaluate (<anonymous>:293:16)
    at UtilityScript.<anonymous> (<anonymous>:1:44)
    at TestUtils.isLoggedIn [90m(/mnt/r/Projects/ForkFlow-crm/[39mtests/helpers/testUtils.ts:51:30[90m)[39m
    at [90m/mnt/r/Projects/ForkFlow-crm/[39mtests/organizations/performance.spec.ts:15:23 {
  [[32mSymbol(step)[39m]: {
    stepId: [32m'pw:api@12'[39m,
    location: {
      file: [32m'/mnt/r/Projects/ForkFlow-crm/tests/helpers/testUtils.ts'[39m,
      line: [33m51[39m,
      column: [33m30[39m,
      function: [32m'TestUtils.isLoggedIn'[39m
    },
    category: [32m'pw:api'[39m,
    title: [32m'Evaluate'[39m,
    apiName: [32m'page.evaluate'[39m,
    params: {
      expression: [32m'() => {\n'[39m +
        [32m"        const hasAuth = !!localStorage.getItem('auth') || !!localStorage.getItem('user');\n"[39m +
        [32m"        const isTestMode = localStorage.getItem('test-mode') === 'true';\n"[39m +
        [32m'        return hasAuth || isTestMode;\n'[39m +
        [32m'      }'[39m,
      isFunction: [33mtrue[39m,
      arg: [36m[Object][39m
    },
    boxedStack: [90mundefined[39m,
    steps: [],
    attachmentIndices: [],
    info: TestStepInfoImpl {
      annotations: [],
      _testInfo: [36m[TestInfoImpl][39m,
      _stepId: [32m'pw:api@12'[39m
    },
    complete: [36m[Function: complete][39m,
    endWallTime: [33m1751167789172[39m,
    error: {
      message: [32m"Error: page.evaluate: SecurityError: Failed to read the 'localStorage' property from 'Window': Access is denied for this document.\n"[39m +
        [32m'    at UtilityScript.evaluate (<anonymous>:293:16)\n'[39m +
        [32m'    at UtilityScript.<anonymous> (<anonymous>:1:44)'[39m,
      stack: [32m"Error: page.evaluate: SecurityError: Failed to read the 'localStorage' property from 'Window': Access is denied for this document.\n"[39m +
        [32m'    at UtilityScript.evaluate (<anonymous>:293:16)\n'[39m +
        [32m'    at UtilityScript.<anonymous> (<anonymous>:1:44)\n'[39m +
        [32m'    at UtilityScript.evaluate (<anonymous>:293:16)\n'[39m +
        [32m'    at UtilityScript.<anonymous> (<anonymous>:1:44)\n'[39m +
        [32m'    at TestUtils.isLoggedIn (/mnt/r/Projects/ForkFlow-crm/tests/helpers/testUtils.ts:51:30)\n'[39m +
        [32m'    at /mnt/r/Projects/ForkFlow-crm/tests/organizations/performance.spec.ts:15:23'[39m,
      cause: [90mundefined[39m
    }
  }
}
]]>
</system-err>
</testcase>
<testcase name="Organization Performance Testing › Rendering Performance › should handle responsive layout changes efficiently" classname="organizations/performance.spec.ts" time="0.672">
<failure message="performance.spec.ts:418:5 should handle responsive layout changes efficiently" type="FAILURE">
<![CDATA[  [chromium] › organizations/performance.spec.ts:418:5 › Organization Performance Testing › Rendering Performance › should handle responsive layout changes efficiently 

    Error: page.evaluate: SecurityError: Failed to read the 'localStorage' property from 'Window': Access is denied for this document.
        at UtilityScript.evaluate (<anonymous>:293:16)
        at UtilityScript.<anonymous> (<anonymous>:1:44)
        at UtilityScript.evaluate (<anonymous>:293:16)
        at UtilityScript.<anonymous> (<anonymous>:1:44)
        at TestUtils.login (/mnt/r/Projects/ForkFlow-crm/tests/helpers/testUtils.ts:9:38)
        at /mnt/r/Projects/ForkFlow-crm/tests/organizations/performance.spec.ts:16:19

    attachment #1: screenshot (image/png) ──────────────────────────────────────────────────────────
    test-results/organizations-performance--63b00--layout-changes-efficiently-chromium/test-failed-1.png
    ────────────────────────────────────────────────────────────────────────────────────────────────

    attachment #2: video (video/webm) ──────────────────────────────────────────────────────────────
    test-results/organizations-performance--63b00--layout-changes-efficiently-chromium/video.webm
    ────────────────────────────────────────────────────────────────────────────────────────────────
]]>
</failure>
<system-out>
<![CDATA[
[[ATTACHMENT|organizations-performance--63b00--layout-changes-efficiently-chromium/test-failed-1.png]]

[[ATTACHMENT|organizations-performance--63b00--layout-changes-efficiently-chromium/video.webm]]
]]>
</system-out>
<system-err>
<![CDATA[Error accessing localStorage: page.evaluate: SecurityError: Failed to read the 'localStorage' property from 'Window': Access is denied for this document.
    at UtilityScript.evaluate (<anonymous>:293:16)
    at UtilityScript.<anonymous> (<anonymous>:1:44)
    at TestUtils.isLoggedIn [90m(/mnt/r/Projects/ForkFlow-crm/[39mtests/helpers/testUtils.ts:51:30[90m)[39m
    at [90m/mnt/r/Projects/ForkFlow-crm/[39mtests/organizations/performance.spec.ts:15:23 {
  [[32mSymbol(step)[39m]: {
    stepId: [32m'pw:api@12'[39m,
    location: {
      file: [32m'/mnt/r/Projects/ForkFlow-crm/tests/helpers/testUtils.ts'[39m,
      line: [33m51[39m,
      column: [33m30[39m,
      function: [32m'TestUtils.isLoggedIn'[39m
    },
    category: [32m'pw:api'[39m,
    title: [32m'Evaluate'[39m,
    apiName: [32m'page.evaluate'[39m,
    params: {
      expression: [32m'() => {\n'[39m +
        [32m"        const hasAuth = !!localStorage.getItem('auth') || !!localStorage.getItem('user');\n"[39m +
        [32m"        const isTestMode = localStorage.getItem('test-mode') === 'true';\n"[39m +
        [32m'        return hasAuth || isTestMode;\n'[39m +
        [32m'      }'[39m,
      isFunction: [33mtrue[39m,
      arg: [36m[Object][39m
    },
    boxedStack: [90mundefined[39m,
    steps: [],
    attachmentIndices: [],
    info: TestStepInfoImpl {
      annotations: [],
      _testInfo: [36m[TestInfoImpl][39m,
      _stepId: [32m'pw:api@12'[39m
    },
    complete: [36m[Function: complete][39m,
    endWallTime: [33m1751167800468[39m,
    error: {
      message: [32m"Error: page.evaluate: SecurityError: Failed to read the 'localStorage' property from 'Window': Access is denied for this document.\n"[39m +
        [32m'    at UtilityScript.evaluate (<anonymous>:293:16)\n'[39m +
        [32m'    at UtilityScript.<anonymous> (<anonymous>:1:44)'[39m,
      stack: [32m"Error: page.evaluate: SecurityError: Failed to read the 'localStorage' property from 'Window': Access is denied for this document.\n"[39m +
        [32m'    at UtilityScript.evaluate (<anonymous>:293:16)\n'[39m +
        [32m'    at UtilityScript.<anonymous> (<anonymous>:1:44)\n'[39m +
        [32m'    at UtilityScript.evaluate (<anonymous>:293:16)\n'[39m +
        [32m'    at UtilityScript.<anonymous> (<anonymous>:1:44)\n'[39m +
        [32m'    at TestUtils.isLoggedIn (/mnt/r/Projects/ForkFlow-crm/tests/helpers/testUtils.ts:51:30)\n'[39m +
        [32m'    at /mnt/r/Projects/ForkFlow-crm/tests/organizations/performance.spec.ts:15:23'[39m,
      cause: [90mundefined[39m
    }
  }
}
]]>
</system-err>
</testcase>
<testcase name="Organization Performance Testing › Resource Loading Performance › should load CSS and JS efficiently" classname="organizations/performance.spec.ts" time="0.682">
<failure message="performance.spec.ts:436:5 should load CSS and JS efficiently" type="FAILURE">
<![CDATA[  [chromium] › organizations/performance.spec.ts:436:5 › Organization Performance Testing › Resource Loading Performance › should load CSS and JS efficiently 

    Error: page.evaluate: SecurityError: Failed to read the 'localStorage' property from 'Window': Access is denied for this document.
        at UtilityScript.evaluate (<anonymous>:293:16)
        at UtilityScript.<anonymous> (<anonymous>:1:44)
        at UtilityScript.evaluate (<anonymous>:293:16)
        at UtilityScript.<anonymous> (<anonymous>:1:44)
        at TestUtils.login (/mnt/r/Projects/ForkFlow-crm/tests/helpers/testUtils.ts:9:38)
        at /mnt/r/Projects/ForkFlow-crm/tests/organizations/performance.spec.ts:16:19

    attachment #1: screenshot (image/png) ──────────────────────────────────────────────────────────
    test-results/organizations-performance--81e6b-load-CSS-and-JS-efficiently-chromium/test-failed-1.png
    ────────────────────────────────────────────────────────────────────────────────────────────────

    attachment #2: video (video/webm) ──────────────────────────────────────────────────────────────
    test-results/organizations-performance--81e6b-load-CSS-and-JS-efficiently-chromium/video.webm
    ────────────────────────────────────────────────────────────────────────────────────────────────
]]>
</failure>
<system-out>
<![CDATA[
[[ATTACHMENT|organizations-performance--81e6b-load-CSS-and-JS-efficiently-chromium/test-failed-1.png]]

[[ATTACHMENT|organizations-performance--81e6b-load-CSS-and-JS-efficiently-chromium/video.webm]]
]]>
</system-out>
<system-err>
<![CDATA[Error accessing localStorage: page.evaluate: SecurityError: Failed to read the 'localStorage' property from 'Window': Access is denied for this document.
    at UtilityScript.evaluate (<anonymous>:293:16)
    at UtilityScript.<anonymous> (<anonymous>:1:44)
    at TestUtils.isLoggedIn [90m(/mnt/r/Projects/ForkFlow-crm/[39mtests/helpers/testUtils.ts:51:30[90m)[39m
    at [90m/mnt/r/Projects/ForkFlow-crm/[39mtests/organizations/performance.spec.ts:15:23 {
  [[32mSymbol(step)[39m]: {
    stepId: [32m'pw:api@12'[39m,
    location: {
      file: [32m'/mnt/r/Projects/ForkFlow-crm/tests/helpers/testUtils.ts'[39m,
      line: [33m51[39m,
      column: [33m30[39m,
      function: [32m'TestUtils.isLoggedIn'[39m
    },
    category: [32m'pw:api'[39m,
    title: [32m'Evaluate'[39m,
    apiName: [32m'page.evaluate'[39m,
    params: {
      expression: [32m'() => {\n'[39m +
        [32m"        const hasAuth = !!localStorage.getItem('auth') || !!localStorage.getItem('user');\n"[39m +
        [32m"        const isTestMode = localStorage.getItem('test-mode') === 'true';\n"[39m +
        [32m'        return hasAuth || isTestMode;\n'[39m +
        [32m'      }'[39m,
      isFunction: [33mtrue[39m,
      arg: [36m[Object][39m
    },
    boxedStack: [90mundefined[39m,
    steps: [],
    attachmentIndices: [],
    info: TestStepInfoImpl {
      annotations: [],
      _testInfo: [36m[TestInfoImpl][39m,
      _stepId: [32m'pw:api@12'[39m
    },
    complete: [36m[Function: complete][39m,
    endWallTime: [33m1751167803156[39m,
    error: {
      message: [32m"Error: page.evaluate: SecurityError: Failed to read the 'localStorage' property from 'Window': Access is denied for this document.\n"[39m +
        [32m'    at UtilityScript.evaluate (<anonymous>:293:16)\n'[39m +
        [32m'    at UtilityScript.<anonymous> (<anonymous>:1:44)'[39m,
      stack: [32m"Error: page.evaluate: SecurityError: Failed to read the 'localStorage' property from 'Window': Access is denied for this document.\n"[39m +
        [32m'    at UtilityScript.evaluate (<anonymous>:293:16)\n'[39m +
        [32m'    at UtilityScript.<anonymous> (<anonymous>:1:44)\n'[39m +
        [32m'    at UtilityScript.evaluate (<anonymous>:293:16)\n'[39m +
        [32m'    at UtilityScript.<anonymous> (<anonymous>:1:44)\n'[39m +
        [32m'    at TestUtils.isLoggedIn (/mnt/r/Projects/ForkFlow-crm/tests/helpers/testUtils.ts:51:30)\n'[39m +
        [32m'    at /mnt/r/Projects/ForkFlow-crm/tests/organizations/performance.spec.ts:15:23'[39m,
      cause: [90mundefined[39m
    }
  }
}
]]>
</system-err>
</testcase>
<testcase name="Organization Performance Testing › Resource Loading Performance › should load images efficiently" classname="organizations/performance.spec.ts" time="0.7">
<failure message="performance.spec.ts:462:5 should load images efficiently" type="FAILURE">
<![CDATA[  [chromium] › organizations/performance.spec.ts:462:5 › Organization Performance Testing › Resource Loading Performance › should load images efficiently 

    Error: page.evaluate: SecurityError: Failed to read the 'localStorage' property from 'Window': Access is denied for this document.
        at UtilityScript.evaluate (<anonymous>:293:16)
        at UtilityScript.<anonymous> (<anonymous>:1:44)
        at UtilityScript.evaluate (<anonymous>:293:16)
        at UtilityScript.<anonymous> (<anonymous>:1:44)
        at TestUtils.login (/mnt/r/Projects/ForkFlow-crm/tests/helpers/testUtils.ts:9:38)
        at /mnt/r/Projects/ForkFlow-crm/tests/organizations/performance.spec.ts:16:19

    attachment #1: screenshot (image/png) ──────────────────────────────────────────────────────────
    test-results/organizations-performance--92537-uld-load-images-efficiently-chromium/test-failed-1.png
    ────────────────────────────────────────────────────────────────────────────────────────────────

    attachment #2: video (video/webm) ──────────────────────────────────────────────────────────────
    test-results/organizations-performance--92537-uld-load-images-efficiently-chromium/video.webm
    ────────────────────────────────────────────────────────────────────────────────────────────────
]]>
</failure>
<system-out>
<![CDATA[
[[ATTACHMENT|organizations-performance--92537-uld-load-images-efficiently-chromium/test-failed-1.png]]

[[ATTACHMENT|organizations-performance--92537-uld-load-images-efficiently-chromium/video.webm]]
]]>
</system-out>
<system-err>
<![CDATA[Error accessing localStorage: page.evaluate: SecurityError: Failed to read the 'localStorage' property from 'Window': Access is denied for this document.
    at UtilityScript.evaluate (<anonymous>:293:16)
    at UtilityScript.<anonymous> (<anonymous>:1:44)
    at TestUtils.isLoggedIn [90m(/mnt/r/Projects/ForkFlow-crm/[39mtests/helpers/testUtils.ts:51:30[90m)[39m
    at [90m/mnt/r/Projects/ForkFlow-crm/[39mtests/organizations/performance.spec.ts:15:23 {
  [[32mSymbol(step)[39m]: {
    stepId: [32m'pw:api@12'[39m,
    location: {
      file: [32m'/mnt/r/Projects/ForkFlow-crm/tests/helpers/testUtils.ts'[39m,
      line: [33m51[39m,
      column: [33m30[39m,
      function: [32m'TestUtils.isLoggedIn'[39m
    },
    category: [32m'pw:api'[39m,
    title: [32m'Evaluate'[39m,
    apiName: [32m'page.evaluate'[39m,
    params: {
      expression: [32m'() => {\n'[39m +
        [32m"        const hasAuth = !!localStorage.getItem('auth') || !!localStorage.getItem('user');\n"[39m +
        [32m"        const isTestMode = localStorage.getItem('test-mode') === 'true';\n"[39m +
        [32m'        return hasAuth || isTestMode;\n'[39m +
        [32m'      }'[39m,
      isFunction: [33mtrue[39m,
      arg: [36m[Object][39m
    },
    boxedStack: [90mundefined[39m,
    steps: [],
    attachmentIndices: [],
    info: TestStepInfoImpl {
      annotations: [],
      _testInfo: [36m[TestInfoImpl][39m,
      _stepId: [32m'pw:api@12'[39m
    },
    complete: [36m[Function: complete][39m,
    endWallTime: [33m1751167813975[39m,
    error: {
      message: [32m"Error: page.evaluate: SecurityError: Failed to read the 'localStorage' property from 'Window': Access is denied for this document.\n"[39m +
        [32m'    at UtilityScript.evaluate (<anonymous>:293:16)\n'[39m +
        [32m'    at UtilityScript.<anonymous> (<anonymous>:1:44)'[39m,
      stack: [32m"Error: page.evaluate: SecurityError: Failed to read the 'localStorage' property from 'Window': Access is denied for this document.\n"[39m +
        [32m'    at UtilityScript.evaluate (<anonymous>:293:16)\n'[39m +
        [32m'    at UtilityScript.<anonymous> (<anonymous>:1:44)\n'[39m +
        [32m'    at UtilityScript.evaluate (<anonymous>:293:16)\n'[39m +
        [32m'    at UtilityScript.<anonymous> (<anonymous>:1:44)\n'[39m +
        [32m'    at TestUtils.isLoggedIn (/mnt/r/Projects/ForkFlow-crm/tests/helpers/testUtils.ts:51:30)\n'[39m +
        [32m'    at /mnt/r/Projects/ForkFlow-crm/tests/organizations/performance.spec.ts:15:23'[39m,
      cause: [90mundefined[39m
    }
  }
}
]]>
</system-err>
</testcase>
</testsuite>
<testsuite name="organizations/search-filter.spec.ts" timestamp="2025-06-29T03:15:12.290Z" hostname="chromium" tests="39" failures="2" skipped="37" time="0.003" errors="0">
<testcase name="Organization Search and Filter › Text Search › should search organizations by name" classname="organizations/search-filter.spec.ts" time="0.002">
<failure message="search-filter.spec.ts:43:5 should search organizations by name" type="FAILURE">
<![CDATA[  [chromium] › organizations/search-filter.spec.ts:43:5 › Organization Search and Filter › Text Search › should search organizations by name 

    Error: page.evaluate: SecurityError: Failed to read the 'localStorage' property from 'Window': Access is denied for this document.
        at UtilityScript.evaluate (<anonymous>:293:16)
        at UtilityScript.<anonymous> (<anonymous>:1:44)
        at UtilityScript.evaluate (<anonymous>:293:16)
        at UtilityScript.<anonymous> (<anonymous>:1:44)
        at TestUtils.login (/mnt/r/Projects/ForkFlow-crm/tests/helpers/testUtils.ts:9:38)
        at /mnt/r/Projects/ForkFlow-crm/tests/organizations/search-filter.spec.ts:20:23

    attachment #1: screenshot (image/png) ──────────────────────────────────────────────────────────
    test-results/organizations-search-filte-cfdb1-earch-organizations-by-name-chromium/test-failed-1.png
    ────────────────────────────────────────────────────────────────────────────────────────────────
]]>
</failure>
<system-out>
<![CDATA[
[[ATTACHMENT|organizations-search-filte-cfdb1-earch-organizations-by-name-chromium/test-failed-1.png]]
]]>
</system-out>
<system-err>
<![CDATA[Error accessing localStorage: page.evaluate: SecurityError: Failed to read the 'localStorage' property from 'Window': Access is denied for this document.
    at UtilityScript.evaluate (<anonymous>:293:16)
    at UtilityScript.<anonymous> (<anonymous>:1:44)
    at TestUtils.isLoggedIn [90m(/mnt/r/Projects/ForkFlow-crm/[39mtests/helpers/testUtils.ts:51:30[90m)[39m
    at [90m/mnt/r/Projects/ForkFlow-crm/[39mtests/organizations/search-filter.spec.ts:19:27 {
  [[32mSymbol(step)[39m]: {
    stepId: [32m'pw:api@10'[39m,
    location: {
      file: [32m'/mnt/r/Projects/ForkFlow-crm/tests/helpers/testUtils.ts'[39m,
      line: [33m51[39m,
      column: [33m30[39m,
      function: [32m'TestUtils.isLoggedIn'[39m
    },
    category: [32m'pw:api'[39m,
    title: [32m'Evaluate'[39m,
    apiName: [32m'page.evaluate'[39m,
    params: {
      expression: [32m'() => {\n'[39m +
        [32m"        const hasAuth = !!localStorage.getItem('auth') || !!localStorage.getItem('user');\n"[39m +
        [32m"        const isTestMode = localStorage.getItem('test-mode') === 'true';\n"[39m +
        [32m'        return hasAuth || isTestMode;\n'[39m +
        [32m'      }'[39m,
      isFunction: [33mtrue[39m,
      arg: [36m[Object][39m
    },
    boxedStack: [90mundefined[39m,
    steps: [],
    attachmentIndices: [],
    info: TestStepInfoImpl {
      annotations: [],
      _testInfo: [36m[TestInfoImpl][39m,
      _stepId: [32m'pw:api@10'[39m
    },
    complete: [36m[Function: complete][39m,
    endWallTime: [33m1751167828810[39m,
    error: {
      message: [32m"Error: page.evaluate: SecurityError: Failed to read the 'localStorage' property from 'Window': Access is denied for this document.\n"[39m +
        [32m'    at UtilityScript.evaluate (<anonymous>:293:16)\n'[39m +
        [32m'    at UtilityScript.<anonymous> (<anonymous>:1:44)'[39m,
      stack: [32m"Error: page.evaluate: SecurityError: Failed to read the 'localStorage' property from 'Window': Access is denied for this document.\n"[39m +
        [32m'    at UtilityScript.evaluate (<anonymous>:293:16)\n'[39m +
        [32m'    at UtilityScript.<anonymous> (<anonymous>:1:44)\n'[39m +
        [32m'    at UtilityScript.evaluate (<anonymous>:293:16)\n'[39m +
        [32m'    at UtilityScript.<anonymous> (<anonymous>:1:44)\n'[39m +
        [32m'    at TestUtils.isLoggedIn (/mnt/r/Projects/ForkFlow-crm/tests/helpers/testUtils.ts:51:30)\n'[39m +
        [32m'    at /mnt/r/Projects/ForkFlow-crm/tests/organizations/search-filter.spec.ts:19:27'[39m,
      cause: [90mundefined[39m
    }
  }
}
]]>
</system-err>
</testcase>
<testcase name="Organization Search and Filter › Text Search › should search organizations by address" classname="organizations/search-filter.spec.ts" time="0">
<skipped>
</skipped>
</testcase>
<testcase name="Organization Search and Filter › Text Search › should search organizations by city" classname="organizations/search-filter.spec.ts" time="0">
<skipped>
</skipped>
</testcase>
<testcase name="Organization Search and Filter › Text Search › should search organizations by phone number" classname="organizations/search-filter.spec.ts" time="0">
<skipped>
</skipped>
</testcase>
<testcase name="Organization Search and Filter › Text Search › should search organizations by notes content" classname="organizations/search-filter.spec.ts" time="0">
<skipped>
</skipped>
</testcase>
<testcase name="Organization Search and Filter › Text Search › should handle case-insensitive search" classname="organizations/search-filter.spec.ts" time="0">
<skipped>
</skipped>
</testcase>
<testcase name="Organization Search and Filter › Text Search › should handle partial word search" classname="organizations/search-filter.spec.ts" time="0">
<skipped>
</skipped>
</testcase>
<testcase name="Organization Search and Filter › Text Search › should handle empty search results" classname="organizations/search-filter.spec.ts" time="0">
<skipped>
</skipped>
</testcase>
<testcase name="Organization Search and Filter › Text Search › should clear search results" classname="organizations/search-filter.spec.ts" time="0">
<skipped>
</skipped>
</testcase>
<testcase name="Organization Search and Filter › Filter by Priority › should filter by high priority" classname="organizations/search-filter.spec.ts" time="0">
<skipped>
</skipped>
</testcase>
<testcase name="Organization Search and Filter › Filter by Priority › should filter by medium priority" classname="organizations/search-filter.spec.ts" time="0">
<skipped>
</skipped>
</testcase>
<testcase name="Organization Search and Filter › Filter by Priority › should combine priority filter with search" classname="organizations/search-filter.spec.ts" time="0">
<skipped>
</skipped>
</testcase>
<testcase name="Organization Search and Filter › Filter by Business Segment › should filter by fine dining segment" classname="organizations/search-filter.spec.ts" time="0">
<skipped>
</skipped>
</testcase>
<testcase name="Organization Search and Filter › Filter by Business Segment › should filter by casual dining segment" classname="organizations/search-filter.spec.ts" time="0">
<skipped>
</skipped>
</testcase>
<testcase name="Organization Search and Filter › Filter by Business Segment › should filter by quick service segment" classname="organizations/search-filter.spec.ts" time="0">
<skipped>
</skipped>
</testcase>
<testcase name="Organization Search and Filter › Filter by Distributor › should filter by Sysco distributor" classname="organizations/search-filter.spec.ts" time="0">
<skipped>
</skipped>
</testcase>
<testcase name="Organization Search and Filter › Filter by Distributor › should filter by US Foods distributor" classname="organizations/search-filter.spec.ts" time="0">
<skipped>
</skipped>
</testcase>
<testcase name="Organization Search and Filter › Geographic Filters › should filter by city" classname="organizations/search-filter.spec.ts" time="0">
<skipped>
</skipped>
</testcase>
<testcase name="Organization Search and Filter › Geographic Filters › should filter by state" classname="organizations/search-filter.spec.ts" time="0">
<skipped>
</skipped>
</testcase>
<testcase name="Organization Search and Filter › Geographic Filters › should filter by ZIP code" classname="organizations/search-filter.spec.ts" time="0">
<skipped>
</skipped>
</testcase>
<testcase name="Organization Search and Filter › Relationship Filters › should filter organizations with contacts" classname="organizations/search-filter.spec.ts" time="0.001">
<failure message="search-filter.spec.ts:227:5 should filter organizations with contacts" type="FAILURE">
<![CDATA[  [chromium] › organizations/search-filter.spec.ts:227:5 › Organization Search and Filter › Relationship Filters › should filter organizations with contacts 

    Error: page.evaluate: SecurityError: Failed to read the 'localStorage' property from 'Window': Access is denied for this document.
        at UtilityScript.evaluate (<anonymous>:293:16)
        at UtilityScript.<anonymous> (<anonymous>:1:44)
        at UtilityScript.evaluate (<anonymous>:293:16)
        at UtilityScript.<anonymous> (<anonymous>:1:44)
        at TestUtils.login (/mnt/r/Projects/ForkFlow-crm/tests/helpers/testUtils.ts:9:38)
        at /mnt/r/Projects/ForkFlow-crm/tests/organizations/search-filter.spec.ts:20:23

    attachment #1: screenshot (image/png) ──────────────────────────────────────────────────────────
    test-results/organizations-search-filte-17c47-organizations-with-contacts-chromium/test-failed-1.png
    ────────────────────────────────────────────────────────────────────────────────────────────────
]]>
</failure>
<system-out>
<![CDATA[
[[ATTACHMENT|organizations-search-filte-17c47-organizations-with-contacts-chromium/test-failed-1.png]]
]]>
</system-out>
<system-err>
<![CDATA[Error accessing localStorage: page.evaluate: SecurityError: Failed to read the 'localStorage' property from 'Window': Access is denied for this document.
    at UtilityScript.evaluate (<anonymous>:293:16)
    at UtilityScript.<anonymous> (<anonymous>:1:44)
    at TestUtils.isLoggedIn [90m(/mnt/r/Projects/ForkFlow-crm/[39mtests/helpers/testUtils.ts:51:30[90m)[39m
    at [90m/mnt/r/Projects/ForkFlow-crm/[39mtests/organizations/search-filter.spec.ts:19:27 {
  [[32mSymbol(step)[39m]: {
    stepId: [32m'pw:api@10'[39m,
    location: {
      file: [32m'/mnt/r/Projects/ForkFlow-crm/tests/helpers/testUtils.ts'[39m,
      line: [33m51[39m,
      column: [33m30[39m,
      function: [32m'TestUtils.isLoggedIn'[39m
    },
    category: [32m'pw:api'[39m,
    title: [32m'Evaluate'[39m,
    apiName: [32m'page.evaluate'[39m,
    params: {
      expression: [32m'() => {\n'[39m +
        [32m"        const hasAuth = !!localStorage.getItem('auth') || !!localStorage.getItem('user');\n"[39m +
        [32m"        const isTestMode = localStorage.getItem('test-mode') === 'true';\n"[39m +
        [32m'        return hasAuth || isTestMode;\n'[39m +
        [32m'      }'[39m,
      isFunction: [33mtrue[39m,
      arg: [36m[Object][39m
    },
    boxedStack: [90mundefined[39m,
    steps: [],
    attachmentIndices: [],
    info: TestStepInfoImpl {
      annotations: [],
      _testInfo: [36m[TestInfoImpl][39m,
      _stepId: [32m'pw:api@10'[39m
    },
    complete: [36m[Function: complete][39m,
    endWallTime: [33m1751167840206[39m,
    error: {
      message: [32m"Error: page.evaluate: SecurityError: Failed to read the 'localStorage' property from 'Window': Access is denied for this document.\n"[39m +
        [32m'    at UtilityScript.evaluate (<anonymous>:293:16)\n'[39m +
        [32m'    at UtilityScript.<anonymous> (<anonymous>:1:44)'[39m,
      stack: [32m"Error: page.evaluate: SecurityError: Failed to read the 'localStorage' property from 'Window': Access is denied for this document.\n"[39m +
        [32m'    at UtilityScript.evaluate (<anonymous>:293:16)\n'[39m +
        [32m'    at UtilityScript.<anonymous> (<anonymous>:1:44)\n'[39m +
        [32m'    at UtilityScript.evaluate (<anonymous>:293:16)\n'[39m +
        [32m'    at UtilityScript.<anonymous> (<anonymous>:1:44)\n'[39m +
        [32m'    at TestUtils.isLoggedIn (/mnt/r/Projects/ForkFlow-crm/tests/helpers/testUtils.ts:51:30)\n'[39m +
        [32m'    at /mnt/r/Projects/ForkFlow-crm/tests/organizations/search-filter.spec.ts:19:27'[39m,
      cause: [90mundefined[39m
    }
  }
}
]]>
</system-err>
</testcase>
<testcase name="Organization Search and Filter › Relationship Filters › should filter organizations without contacts" classname="organizations/search-filter.spec.ts" time="0">
<skipped>
</skipped>
</testcase>
<testcase name="Organization Search and Filter › Relationship Filters › should filter organizations with opportunities" classname="organizations/search-filter.spec.ts" time="0">
<skipped>
</skipped>
</testcase>
<testcase name="Organization Search and Filter › Date Range Filters › should filter by last contact date range" classname="organizations/search-filter.spec.ts" time="0">
<skipped>
</skipped>
</testcase>
<testcase name="Organization Search and Filter › Date Range Filters › should filter by creation date" classname="organizations/search-filter.spec.ts" time="0">
<skipped>
</skipped>
</testcase>
<testcase name="Organization Search and Filter › Account Manager Filter › should filter by account manager" classname="organizations/search-filter.spec.ts" time="0">
<skipped>
</skipped>
</testcase>
<testcase name="Organization Search and Filter › Account Manager Filter › should filter by different account manager" classname="organizations/search-filter.spec.ts" time="0">
<skipped>
</skipped>
</testcase>
<testcase name="Organization Search and Filter › Multiple Filters › should combine multiple filters" classname="organizations/search-filter.spec.ts" time="0">
<skipped>
</skipped>
</testcase>
<testcase name="Organization Search and Filter › Multiple Filters › should combine search with filters" classname="organizations/search-filter.spec.ts" time="0">
<skipped>
</skipped>
</testcase>
<testcase name="Organization Search and Filter › Multiple Filters › should clear all filters" classname="organizations/search-filter.spec.ts" time="0">
<skipped>
</skipped>
</testcase>
<testcase name="Organization Search and Filter › Filter UI and UX › should show active filter indicators" classname="organizations/search-filter.spec.ts" time="0">
<skipped>
</skipped>
</testcase>
<testcase name="Organization Search and Filter › Filter UI and UX › should allow removing individual filters" classname="organizations/search-filter.spec.ts" time="0">
<skipped>
</skipped>
</testcase>
<testcase name="Organization Search and Filter › Filter UI and UX › should save filter state in URL" classname="organizations/search-filter.spec.ts" time="0">
<skipped>
</skipped>
</testcase>
<testcase name="Organization Search and Filter › Filter UI and UX › should restore filters from URL" classname="organizations/search-filter.spec.ts" time="0">
<skipped>
</skipped>
</testcase>
<testcase name="Organization Search and Filter › Performance › should filter large datasets quickly" classname="organizations/search-filter.spec.ts" time="0">
<skipped>
</skipped>
</testcase>
<testcase name="Organization Search and Filter › Performance › should search large datasets quickly" classname="organizations/search-filter.spec.ts" time="0">
<skipped>
</skipped>
</testcase>
<testcase name="Organization Search and Filter › Accessibility › should support keyboard navigation in filters" classname="organizations/search-filter.spec.ts" time="0">
<skipped>
</skipped>
</testcase>
<testcase name="Organization Search and Filter › Accessibility › should have proper ARIA labels for search and filters" classname="organizations/search-filter.spec.ts" time="0">
<skipped>
</skipped>
</testcase>
<testcase name="Organization Search and Filter › Accessibility › should announce filter results to screen readers" classname="organizations/search-filter.spec.ts" time="0">
<skipped>
</skipped>
</testcase>
</testsuite>
<testsuite name="organizations/visual-regression.spec.ts" timestamp="2025-06-29T03:15:12.290Z" hostname="chromium" tests="29" failures="29" skipped="0" time="20.484" errors="0">
<testcase name="Organization Visual Regression Testing › Organization List Visual Tests › should match organization list screenshot" classname="organizations/visual-regression.spec.ts" time="0.707">
<failure message="visual-regression.spec.ts:21:5 should match organization list screenshot" type="FAILURE">
<![CDATA[  [chromium] › organizations/visual-regression.spec.ts:21:5 › Organization Visual Regression Testing › Organization List Visual Tests › should match organization list screenshot 

    Error: page.evaluate: SecurityError: Failed to read the 'localStorage' property from 'Window': Access is denied for this document.
        at UtilityScript.evaluate (<anonymous>:293:16)
        at UtilityScript.<anonymous> (<anonymous>:1:44)
        at UtilityScript.evaluate (<anonymous>:293:16)
        at UtilityScript.<anonymous> (<anonymous>:1:44)
        at TestUtils.login (/mnt/r/Projects/ForkFlow-crm/tests/helpers/testUtils.ts:9:38)
        at /mnt/r/Projects/ForkFlow-crm/tests/organizations/visual-regression.spec.ts:16:19

    attachment #1: screenshot (image/png) ──────────────────────────────────────────────────────────
    test-results/organizations-visual-regre-11a2f-rganization-list-screenshot-chromium/test-failed-1.png
    ────────────────────────────────────────────────────────────────────────────────────────────────

    attachment #2: video (video/webm) ──────────────────────────────────────────────────────────────
    test-results/organizations-visual-regre-11a2f-rganization-list-screenshot-chromium/video.webm
    ────────────────────────────────────────────────────────────────────────────────────────────────
]]>
</failure>
<system-out>
<![CDATA[
[[ATTACHMENT|organizations-visual-regre-11a2f-rganization-list-screenshot-chromium/test-failed-1.png]]

[[ATTACHMENT|organizations-visual-regre-11a2f-rganization-list-screenshot-chromium/video.webm]]
]]>
</system-out>
<system-err>
<![CDATA[Error accessing localStorage: page.evaluate: SecurityError: Failed to read the 'localStorage' property from 'Window': Access is denied for this document.
    at UtilityScript.evaluate (<anonymous>:293:16)
    at UtilityScript.<anonymous> (<anonymous>:1:44)
    at TestUtils.isLoggedIn [90m(/mnt/r/Projects/ForkFlow-crm/[39mtests/helpers/testUtils.ts:51:30[90m)[39m
    at [90m/mnt/r/Projects/ForkFlow-crm/[39mtests/organizations/visual-regression.spec.ts:15:23 {
  [[32mSymbol(step)[39m]: {
    stepId: [32m'pw:api@12'[39m,
    location: {
      file: [32m'/mnt/r/Projects/ForkFlow-crm/tests/helpers/testUtils.ts'[39m,
      line: [33m51[39m,
      column: [33m30[39m,
      function: [32m'TestUtils.isLoggedIn'[39m
    },
    category: [32m'pw:api'[39m,
    title: [32m'Evaluate'[39m,
    apiName: [32m'page.evaluate'[39m,
    params: {
      expression: [32m'() => {\n'[39m +
        [32m"        const hasAuth = !!localStorage.getItem('auth') || !!localStorage.getItem('user');\n"[39m +
        [32m"        const isTestMode = localStorage.getItem('test-mode') === 'true';\n"[39m +
        [32m'        return hasAuth || isTestMode;\n'[39m +
        [32m'      }'[39m,
      isFunction: [33mtrue[39m,
      arg: [36m[Object][39m
    },
    boxedStack: [90mundefined[39m,
    steps: [],
    attachmentIndices: [],
    info: TestStepInfoImpl {
      annotations: [],
      _testInfo: [36m[TestInfoImpl][39m,
      _stepId: [32m'pw:api@12'[39m
    },
    complete: [36m[Function: complete][39m,
    endWallTime: [33m1751167842507[39m,
    error: {
      message: [32m"Error: page.evaluate: SecurityError: Failed to read the 'localStorage' property from 'Window': Access is denied for this document.\n"[39m +
        [32m'    at UtilityScript.evaluate (<anonymous>:293:16)\n'[39m +
        [32m'    at UtilityScript.<anonymous> (<anonymous>:1:44)'[39m,
      stack: [32m"Error: page.evaluate: SecurityError: Failed to read the 'localStorage' property from 'Window': Access is denied for this document.\n"[39m +
        [32m'    at UtilityScript.evaluate (<anonymous>:293:16)\n'[39m +
        [32m'    at UtilityScript.<anonymous> (<anonymous>:1:44)\n'[39m +
        [32m'    at UtilityScript.evaluate (<anonymous>:293:16)\n'[39m +
        [32m'    at UtilityScript.<anonymous> (<anonymous>:1:44)\n'[39m +
        [32m'    at TestUtils.isLoggedIn (/mnt/r/Projects/ForkFlow-crm/tests/helpers/testUtils.ts:51:30)\n'[39m +
        [32m'    at /mnt/r/Projects/ForkFlow-crm/tests/organizations/visual-regression.spec.ts:15:23'[39m,
      cause: [90mundefined[39m
    }
  }
}
]]>
</system-err>
</testcase>
<testcase name="Organization Visual Regression Testing › Organization List Visual Tests › should match organization list with search results" classname="organizations/visual-regression.spec.ts" time="0.671">
<failure message="visual-regression.spec.ts:46:5 should match organization list with search results" type="FAILURE">
<![CDATA[  [chromium] › organizations/visual-regression.spec.ts:46:5 › Organization Visual Regression Testing › Organization List Visual Tests › should match organization list with search results 

    Error: page.evaluate: SecurityError: Failed to read the 'localStorage' property from 'Window': Access is denied for this document.
        at UtilityScript.evaluate (<anonymous>:293:16)
        at UtilityScript.<anonymous> (<anonymous>:1:44)
        at UtilityScript.evaluate (<anonymous>:293:16)
        at UtilityScript.<anonymous> (<anonymous>:1:44)
        at TestUtils.login (/mnt/r/Projects/ForkFlow-crm/tests/helpers/testUtils.ts:9:38)
        at /mnt/r/Projects/ForkFlow-crm/tests/organizations/visual-regression.spec.ts:16:19

    attachment #1: screenshot (image/png) ──────────────────────────────────────────────────────────
    test-results/organizations-visual-regre-1728d-on-list-with-search-results-chromium/test-failed-1.png
    ────────────────────────────────────────────────────────────────────────────────────────────────

    attachment #2: video (video/webm) ──────────────────────────────────────────────────────────────
    test-results/organizations-visual-regre-1728d-on-list-with-search-results-chromium/video.webm
    ────────────────────────────────────────────────────────────────────────────────────────────────
]]>
</failure>
<system-out>
<![CDATA[
[[ATTACHMENT|organizations-visual-regre-1728d-on-list-with-search-results-chromium/test-failed-1.png]]

[[ATTACHMENT|organizations-visual-regre-1728d-on-list-with-search-results-chromium/video.webm]]
]]>
</system-out>
<system-err>
<![CDATA[Error accessing localStorage: page.evaluate: SecurityError: Failed to read the 'localStorage' property from 'Window': Access is denied for this document.
    at UtilityScript.evaluate (<anonymous>:293:16)
    at UtilityScript.<anonymous> (<anonymous>:1:44)
    at TestUtils.isLoggedIn [90m(/mnt/r/Projects/ForkFlow-crm/[39mtests/helpers/testUtils.ts:51:30[90m)[39m
    at [90m/mnt/r/Projects/ForkFlow-crm/[39mtests/organizations/visual-regression.spec.ts:15:23 {
  [[32mSymbol(step)[39m]: {
    stepId: [32m'pw:api@12'[39m,
    location: {
      file: [32m'/mnt/r/Projects/ForkFlow-crm/tests/helpers/testUtils.ts'[39m,
      line: [33m51[39m,
      column: [33m30[39m,
      function: [32m'TestUtils.isLoggedIn'[39m
    },
    category: [32m'pw:api'[39m,
    title: [32m'Evaluate'[39m,
    apiName: [32m'page.evaluate'[39m,
    params: {
      expression: [32m'() => {\n'[39m +
        [32m"        const hasAuth = !!localStorage.getItem('auth') || !!localStorage.getItem('user');\n"[39m +
        [32m"        const isTestMode = localStorage.getItem('test-mode') === 'true';\n"[39m +
        [32m'        return hasAuth || isTestMode;\n'[39m +
        [32m'      }'[39m,
      isFunction: [33mtrue[39m,
      arg: [36m[Object][39m
    },
    boxedStack: [90mundefined[39m,
    steps: [],
    attachmentIndices: [],
    info: TestStepInfoImpl {
      annotations: [],
      _testInfo: [36m[TestInfoImpl][39m,
      _stepId: [32m'pw:api@12'[39m
    },
    complete: [36m[Function: complete][39m,
    endWallTime: [33m1751167852867[39m,
    error: {
      message: [32m"Error: page.evaluate: SecurityError: Failed to read the 'localStorage' property from 'Window': Access is denied for this document.\n"[39m +
        [32m'    at UtilityScript.evaluate (<anonymous>:293:16)\n'[39m +
        [32m'    at UtilityScript.<anonymous> (<anonymous>:1:44)'[39m,
      stack: [32m"Error: page.evaluate: SecurityError: Failed to read the 'localStorage' property from 'Window': Access is denied for this document.\n"[39m +
        [32m'    at UtilityScript.evaluate (<anonymous>:293:16)\n'[39m +
        [32m'    at UtilityScript.<anonymous> (<anonymous>:1:44)\n'[39m +
        [32m'    at UtilityScript.evaluate (<anonymous>:293:16)\n'[39m +
        [32m'    at UtilityScript.<anonymous> (<anonymous>:1:44)\n'[39m +
        [32m'    at TestUtils.isLoggedIn (/mnt/r/Projects/ForkFlow-crm/tests/helpers/testUtils.ts:51:30)\n'[39m +
        [32m'    at /mnt/r/Projects/ForkFlow-crm/tests/organizations/visual-regression.spec.ts:15:23'[39m,
      cause: [90mundefined[39m
    }
  }
}
]]>
</system-err>
</testcase>
<testcase name="Organization Visual Regression Testing › Organization List Visual Tests › should match organization list with filters applied" classname="organizations/visual-regression.spec.ts" time="0.688">
<failure message="visual-regression.spec.ts:64:5 should match organization list with filters applied" type="FAILURE">
<![CDATA[  [chromium] › organizations/visual-regression.spec.ts:64:5 › Organization Visual Regression Testing › Organization List Visual Tests › should match organization list with filters applied 

    Error: page.evaluate: SecurityError: Failed to read the 'localStorage' property from 'Window': Access is denied for this document.
        at UtilityScript.evaluate (<anonymous>:293:16)
        at UtilityScript.<anonymous> (<anonymous>:1:44)
        at UtilityScript.evaluate (<anonymous>:293:16)
        at UtilityScript.<anonymous> (<anonymous>:1:44)
        at TestUtils.login (/mnt/r/Projects/ForkFlow-crm/tests/helpers/testUtils.ts:9:38)
        at /mnt/r/Projects/ForkFlow-crm/tests/organizations/visual-regression.spec.ts:16:19

    attachment #1: screenshot (image/png) ──────────────────────────────────────────────────────────
    test-results/organizations-visual-regre-09063-n-list-with-filters-applied-chromium/test-failed-1.png
    ────────────────────────────────────────────────────────────────────────────────────────────────

    attachment #2: video (video/webm) ──────────────────────────────────────────────────────────────
    test-results/organizations-visual-regre-09063-n-list-with-filters-applied-chromium/video.webm
    ────────────────────────────────────────────────────────────────────────────────────────────────
]]>
</failure>
<system-out>
<![CDATA[
[[ATTACHMENT|organizations-visual-regre-09063-n-list-with-filters-applied-chromium/test-failed-1.png]]

[[ATTACHMENT|organizations-visual-regre-09063-n-list-with-filters-applied-chromium/video.webm]]
]]>
</system-out>
<system-err>
<![CDATA[Error accessing localStorage: page.evaluate: SecurityError: Failed to read the 'localStorage' property from 'Window': Access is denied for this document.
    at UtilityScript.evaluate (<anonymous>:293:16)
    at UtilityScript.<anonymous> (<anonymous>:1:44)
    at TestUtils.isLoggedIn [90m(/mnt/r/Projects/ForkFlow-crm/[39mtests/helpers/testUtils.ts:51:30[90m)[39m
    at [90m/mnt/r/Projects/ForkFlow-crm/[39mtests/organizations/visual-regression.spec.ts:15:23 {
  [[32mSymbol(step)[39m]: {
    stepId: [32m'pw:api@12'[39m,
    location: {
      file: [32m'/mnt/r/Projects/ForkFlow-crm/tests/helpers/testUtils.ts'[39m,
      line: [33m51[39m,
      column: [33m30[39m,
      function: [32m'TestUtils.isLoggedIn'[39m
    },
    category: [32m'pw:api'[39m,
    title: [32m'Evaluate'[39m,
    apiName: [32m'page.evaluate'[39m,
    params: {
      expression: [32m'() => {\n'[39m +
        [32m"        const hasAuth = !!localStorage.getItem('auth') || !!localStorage.getItem('user');\n"[39m +
        [32m"        const isTestMode = localStorage.getItem('test-mode') === 'true';\n"[39m +
        [32m'        return hasAuth || isTestMode;\n'[39m +
        [32m'      }'[39m,
      isFunction: [33mtrue[39m,
      arg: [36m[Object][39m
    },
    boxedStack: [90mundefined[39m,
    steps: [],
    attachmentIndices: [],
    info: TestStepInfoImpl {
      annotations: [],
      _testInfo: [36m[TestInfoImpl][39m,
      _stepId: [32m'pw:api@12'[39m
    },
    complete: [36m[Function: complete][39m,
    endWallTime: [33m1751167854973[39m,
    error: {
      message: [32m"Error: page.evaluate: SecurityError: Failed to read the 'localStorage' property from 'Window': Access is denied for this document.\n"[39m +
        [32m'    at UtilityScript.evaluate (<anonymous>:293:16)\n'[39m +
        [32m'    at UtilityScript.<anonymous> (<anonymous>:1:44)'[39m,
      stack: [32m"Error: page.evaluate: SecurityError: Failed to read the 'localStorage' property from 'Window': Access is denied for this document.\n"[39m +
        [32m'    at UtilityScript.evaluate (<anonymous>:293:16)\n'[39m +
        [32m'    at UtilityScript.<anonymous> (<anonymous>:1:44)\n'[39m +
        [32m'    at UtilityScript.evaluate (<anonymous>:293:16)\n'[39m +
        [32m'    at UtilityScript.<anonymous> (<anonymous>:1:44)\n'[39m +
        [32m'    at TestUtils.isLoggedIn (/mnt/r/Projects/ForkFlow-crm/tests/helpers/testUtils.ts:51:30)\n'[39m +
        [32m'    at /mnt/r/Projects/ForkFlow-crm/tests/organizations/visual-regression.spec.ts:15:23'[39m,
      cause: [90mundefined[39m
    }
  }
}
]]>
</system-err>
</testcase>
<testcase name="Organization Visual Regression Testing › Organization List Visual Tests › should match empty organization list" classname="organizations/visual-regression.spec.ts" time="0.667">
<failure message="visual-regression.spec.ts:79:5 should match empty organization list" type="FAILURE">
<![CDATA[  [chromium] › organizations/visual-regression.spec.ts:79:5 › Organization Visual Regression Testing › Organization List Visual Tests › should match empty organization list 

    Error: page.evaluate: SecurityError: Failed to read the 'localStorage' property from 'Window': Access is denied for this document.
        at UtilityScript.evaluate (<anonymous>:293:16)
        at UtilityScript.<anonymous> (<anonymous>:1:44)
        at UtilityScript.evaluate (<anonymous>:293:16)
        at UtilityScript.<anonymous> (<anonymous>:1:44)
        at TestUtils.login (/mnt/r/Projects/ForkFlow-crm/tests/helpers/testUtils.ts:9:38)
        at /mnt/r/Projects/ForkFlow-crm/tests/organizations/visual-regression.spec.ts:16:19

    attachment #1: screenshot (image/png) ──────────────────────────────────────────────────────────
    test-results/organizations-visual-regre-bce19-tch-empty-organization-list-chromium/test-failed-1.png
    ────────────────────────────────────────────────────────────────────────────────────────────────

    attachment #2: video (video/webm) ──────────────────────────────────────────────────────────────
    test-results/organizations-visual-regre-bce19-tch-empty-organization-list-chromium/video.webm
    ────────────────────────────────────────────────────────────────────────────────────────────────
]]>
</failure>
<system-out>
<![CDATA[
[[ATTACHMENT|organizations-visual-regre-bce19-tch-empty-organization-list-chromium/test-failed-1.png]]

[[ATTACHMENT|organizations-visual-regre-bce19-tch-empty-organization-list-chromium/video.webm]]
]]>
</system-out>
<system-err>
<![CDATA[Error accessing localStorage: page.evaluate: SecurityError: Failed to read the 'localStorage' property from 'Window': Access is denied for this document.
    at UtilityScript.evaluate (<anonymous>:293:16)
    at UtilityScript.<anonymous> (<anonymous>:1:44)
    at TestUtils.isLoggedIn [90m(/mnt/r/Projects/ForkFlow-crm/[39mtests/helpers/testUtils.ts:51:30[90m)[39m
    at [90m/mnt/r/Projects/ForkFlow-crm/[39mtests/organizations/visual-regression.spec.ts:15:23 {
  [[32mSymbol(step)[39m]: {
    stepId: [32m'pw:api@12'[39m,
    location: {
      file: [32m'/mnt/r/Projects/ForkFlow-crm/tests/helpers/testUtils.ts'[39m,
      line: [33m51[39m,
      column: [33m30[39m,
      function: [32m'TestUtils.isLoggedIn'[39m
    },
    category: [32m'pw:api'[39m,
    title: [32m'Evaluate'[39m,
    apiName: [32m'page.evaluate'[39m,
    params: {
      expression: [32m'() => {\n'[39m +
        [32m"        const hasAuth = !!localStorage.getItem('auth') || !!localStorage.getItem('user');\n"[39m +
        [32m"        const isTestMode = localStorage.getItem('test-mode') === 'true';\n"[39m +
        [32m'        return hasAuth || isTestMode;\n'[39m +
        [32m'      }'[39m,
      isFunction: [33mtrue[39m,
      arg: [36m[Object][39m
    },
    boxedStack: [90mundefined[39m,
    steps: [],
    attachmentIndices: [],
    info: TestStepInfoImpl {
      annotations: [],
      _testInfo: [36m[TestInfoImpl][39m,
      _stepId: [32m'pw:api@12'[39m
    },
    complete: [36m[Function: complete][39m,
    endWallTime: [33m1751167865564[39m,
    error: {
      message: [32m"Error: page.evaluate: SecurityError: Failed to read the 'localStorage' property from 'Window': Access is denied for this document.\n"[39m +
        [32m'    at UtilityScript.evaluate (<anonymous>:293:16)\n'[39m +
        [32m'    at UtilityScript.<anonymous> (<anonymous>:1:44)'[39m,
      stack: [32m"Error: page.evaluate: SecurityError: Failed to read the 'localStorage' property from 'Window': Access is denied for this document.\n"[39m +
        [32m'    at UtilityScript.evaluate (<anonymous>:293:16)\n'[39m +
        [32m'    at UtilityScript.<anonymous> (<anonymous>:1:44)\n'[39m +
        [32m'    at UtilityScript.evaluate (<anonymous>:293:16)\n'[39m +
        [32m'    at UtilityScript.<anonymous> (<anonymous>:1:44)\n'[39m +
        [32m'    at TestUtils.isLoggedIn (/mnt/r/Projects/ForkFlow-crm/tests/helpers/testUtils.ts:51:30)\n'[39m +
        [32m'    at /mnt/r/Projects/ForkFlow-crm/tests/organizations/visual-regression.spec.ts:15:23'[39m,
      cause: [90mundefined[39m
    }
  }
}
]]>
</system-err>
</testcase>
<testcase name="Organization Visual Regression Testing › Organization Form Visual Tests › should match create organization form" classname="organizations/visual-regression.spec.ts" time="0.75">
<failure message="visual-regression.spec.ts:94:5 should match create organization form" type="FAILURE">
<![CDATA[  [chromium] › organizations/visual-regression.spec.ts:94:5 › Organization Visual Regression Testing › Organization Form Visual Tests › should match create organization form 

    Error: page.evaluate: SecurityError: Failed to read the 'localStorage' property from 'Window': Access is denied for this document.
        at UtilityScript.evaluate (<anonymous>:293:16)
        at UtilityScript.<anonymous> (<anonymous>:1:44)
        at UtilityScript.evaluate (<anonymous>:293:16)
        at UtilityScript.<anonymous> (<anonymous>:1:44)
        at TestUtils.login (/mnt/r/Projects/ForkFlow-crm/tests/helpers/testUtils.ts:9:38)
        at /mnt/r/Projects/ForkFlow-crm/tests/organizations/visual-regression.spec.ts:16:19

    attachment #1: screenshot (image/png) ──────────────────────────────────────────────────────────
    test-results/organizations-visual-regre-8c7f9-ch-create-organization-form-chromium/test-failed-1.png
    ────────────────────────────────────────────────────────────────────────────────────────────────

    attachment #2: video (video/webm) ──────────────────────────────────────────────────────────────
    test-results/organizations-visual-regre-8c7f9-ch-create-organization-form-chromium/video.webm
    ────────────────────────────────────────────────────────────────────────────────────────────────
]]>
</failure>
<system-out>
<![CDATA[
[[ATTACHMENT|organizations-visual-regre-8c7f9-ch-create-organization-form-chromium/test-failed-1.png]]

[[ATTACHMENT|organizations-visual-regre-8c7f9-ch-create-organization-form-chromium/video.webm]]
]]>
</system-out>
<system-err>
<![CDATA[Error accessing localStorage: page.evaluate: SecurityError: Failed to read the 'localStorage' property from 'Window': Access is denied for this document.
    at UtilityScript.evaluate (<anonymous>:293:16)
    at UtilityScript.<anonymous> (<anonymous>:1:44)
    at TestUtils.isLoggedIn [90m(/mnt/r/Projects/ForkFlow-crm/[39mtests/helpers/testUtils.ts:51:30[90m)[39m
    at [90m/mnt/r/Projects/ForkFlow-crm/[39mtests/organizations/visual-regression.spec.ts:15:23 {
  [[32mSymbol(step)[39m]: {
    stepId: [32m'pw:api@12'[39m,
    location: {
      file: [32m'/mnt/r/Projects/ForkFlow-crm/tests/helpers/testUtils.ts'[39m,
      line: [33m51[39m,
      column: [33m30[39m,
      function: [32m'TestUtils.isLoggedIn'[39m
    },
    category: [32m'pw:api'[39m,
    title: [32m'Evaluate'[39m,
    apiName: [32m'page.evaluate'[39m,
    params: {
      expression: [32m'() => {\n'[39m +
        [32m"        const hasAuth = !!localStorage.getItem('auth') || !!localStorage.getItem('user');\n"[39m +
        [32m"        const isTestMode = localStorage.getItem('test-mode') === 'true';\n"[39m +
        [32m'        return hasAuth || isTestMode;\n'[39m +
        [32m'      }'[39m,
      isFunction: [33mtrue[39m,
      arg: [36m[Object][39m
    },
    boxedStack: [90mundefined[39m,
    steps: [],
    attachmentIndices: [],
    info: TestStepInfoImpl {
      annotations: [],
      _testInfo: [36m[TestInfoImpl][39m,
      _stepId: [32m'pw:api@12'[39m
    },
    complete: [36m[Function: complete][39m,
    endWallTime: [33m1751167867795[39m,
    error: {
      message: [32m"Error: page.evaluate: SecurityError: Failed to read the 'localStorage' property from 'Window': Access is denied for this document.\n"[39m +
        [32m'    at UtilityScript.evaluate (<anonymous>:293:16)\n'[39m +
        [32m'    at UtilityScript.<anonymous> (<anonymous>:1:44)'[39m,
      stack: [32m"Error: page.evaluate: SecurityError: Failed to read the 'localStorage' property from 'Window': Access is denied for this document.\n"[39m +
        [32m'    at UtilityScript.evaluate (<anonymous>:293:16)\n'[39m +
        [32m'    at UtilityScript.<anonymous> (<anonymous>:1:44)\n'[39m +
        [32m'    at UtilityScript.evaluate (<anonymous>:293:16)\n'[39m +
        [32m'    at UtilityScript.<anonymous> (<anonymous>:1:44)\n'[39m +
        [32m'    at TestUtils.isLoggedIn (/mnt/r/Projects/ForkFlow-crm/tests/helpers/testUtils.ts:51:30)\n'[39m +
        [32m'    at /mnt/r/Projects/ForkFlow-crm/tests/organizations/visual-regression.spec.ts:15:23'[39m,
      cause: [90mundefined[39m
    }
  }
}
]]>
</system-err>
</testcase>
<testcase name="Organization Visual Regression Testing › Organization Form Visual Tests › should match create form with data filled" classname="organizations/visual-regression.spec.ts" time="0.606">
<failure message="visual-regression.spec.ts:107:5 should match create form with data filled" type="FAILURE">
<![CDATA[  [chromium] › organizations/visual-regression.spec.ts:107:5 › Organization Visual Regression Testing › Organization Form Visual Tests › should match create form with data filled 

    Error: page.evaluate: SecurityError: Failed to read the 'localStorage' property from 'Window': Access is denied for this document.
        at UtilityScript.evaluate (<anonymous>:293:16)
        at UtilityScript.<anonymous> (<anonymous>:1:44)
        at UtilityScript.evaluate (<anonymous>:293:16)
        at UtilityScript.<anonymous> (<anonymous>:1:44)
        at TestUtils.login (/mnt/r/Projects/ForkFlow-crm/tests/helpers/testUtils.ts:9:38)
        at /mnt/r/Projects/ForkFlow-crm/tests/organizations/visual-regression.spec.ts:16:19

    attachment #1: screenshot (image/png) ──────────────────────────────────────────────────────────
    test-results/organizations-visual-regre-2f6bf-reate-form-with-data-filled-chromium/test-failed-1.png
    ────────────────────────────────────────────────────────────────────────────────────────────────

    attachment #2: video (video/webm) ──────────────────────────────────────────────────────────────
    test-results/organizations-visual-regre-2f6bf-reate-form-with-data-filled-chromium/video.webm
    ────────────────────────────────────────────────────────────────────────────────────────────────
]]>
</failure>
<system-out>
<![CDATA[
[[ATTACHMENT|organizations-visual-regre-2f6bf-reate-form-with-data-filled-chromium/test-failed-1.png]]

[[ATTACHMENT|organizations-visual-regre-2f6bf-reate-form-with-data-filled-chromium/video.webm]]
]]>
</system-out>
<system-err>
<![CDATA[Error accessing localStorage: page.evaluate: SecurityError: Failed to read the 'localStorage' property from 'Window': Access is denied for this document.
    at UtilityScript.evaluate (<anonymous>:293:16)
    at UtilityScript.<anonymous> (<anonymous>:1:44)
    at TestUtils.isLoggedIn [90m(/mnt/r/Projects/ForkFlow-crm/[39mtests/helpers/testUtils.ts:51:30[90m)[39m
    at [90m/mnt/r/Projects/ForkFlow-crm/[39mtests/organizations/visual-regression.spec.ts:15:23 {
  [[32mSymbol(step)[39m]: {
    stepId: [32m'pw:api@12'[39m,
    location: {
      file: [32m'/mnt/r/Projects/ForkFlow-crm/tests/helpers/testUtils.ts'[39m,
      line: [33m51[39m,
      column: [33m30[39m,
      function: [32m'TestUtils.isLoggedIn'[39m
    },
    category: [32m'pw:api'[39m,
    title: [32m'Evaluate'[39m,
    apiName: [32m'page.evaluate'[39m,
    params: {
      expression: [32m'() => {\n'[39m +
        [32m"        const hasAuth = !!localStorage.getItem('auth') || !!localStorage.getItem('user');\n"[39m +
        [32m"        const isTestMode = localStorage.getItem('test-mode') === 'true';\n"[39m +
        [32m'        return hasAuth || isTestMode;\n'[39m +
        [32m'      }'[39m,
      isFunction: [33mtrue[39m,
      arg: [36m[Object][39m
    },
    boxedStack: [90mundefined[39m,
    steps: [],
    attachmentIndices: [],
    info: TestStepInfoImpl {
      annotations: [],
      _testInfo: [36m[TestInfoImpl][39m,
      _stepId: [32m'pw:api@12'[39m
    },
    complete: [36m[Function: complete][39m,
    endWallTime: [33m1751167879041[39m,
    error: {
      message: [32m"Error: page.evaluate: SecurityError: Failed to read the 'localStorage' property from 'Window': Access is denied for this document.\n"[39m +
        [32m'    at UtilityScript.evaluate (<anonymous>:293:16)\n'[39m +
        [32m'    at UtilityScript.<anonymous> (<anonymous>:1:44)'[39m,
      stack: [32m"Error: page.evaluate: SecurityError: Failed to read the 'localStorage' property from 'Window': Access is denied for this document.\n"[39m +
        [32m'    at UtilityScript.evaluate (<anonymous>:293:16)\n'[39m +
        [32m'    at UtilityScript.<anonymous> (<anonymous>:1:44)\n'[39m +
        [32m'    at UtilityScript.evaluate (<anonymous>:293:16)\n'[39m +
        [32m'    at UtilityScript.<anonymous> (<anonymous>:1:44)\n'[39m +
        [32m'    at TestUtils.isLoggedIn (/mnt/r/Projects/ForkFlow-crm/tests/helpers/testUtils.ts:51:30)\n'[39m +
        [32m'    at /mnt/r/Projects/ForkFlow-crm/tests/organizations/visual-regression.spec.ts:15:23'[39m,
      cause: [90mundefined[39m
    }
  }
}
]]>
</system-err>
</testcase>
<testcase name="Organization Visual Regression Testing › Organization Form Visual Tests › should match create form with validation errors" classname="organizations/visual-regression.spec.ts" time="0.693">
<failure message="visual-regression.spec.ts:120:5 should match create form with validation errors" type="FAILURE">
<![CDATA[  [chromium] › organizations/visual-regression.spec.ts:120:5 › Organization Visual Regression Testing › Organization Form Visual Tests › should match create form with validation errors 

    Error: page.evaluate: SecurityError: Failed to read the 'localStorage' property from 'Window': Access is denied for this document.
        at UtilityScript.evaluate (<anonymous>:293:16)
        at UtilityScript.<anonymous> (<anonymous>:1:44)
        at UtilityScript.evaluate (<anonymous>:293:16)
        at UtilityScript.<anonymous> (<anonymous>:1:44)
        at TestUtils.login (/mnt/r/Projects/ForkFlow-crm/tests/helpers/testUtils.ts:9:38)
        at /mnt/r/Projects/ForkFlow-crm/tests/organizations/visual-regression.spec.ts:16:19

    attachment #1: screenshot (image/png) ──────────────────────────────────────────────────────────
    test-results/organizations-visual-regre-246a7-form-with-validation-errors-chromium/test-failed-1.png
    ────────────────────────────────────────────────────────────────────────────────────────────────

    attachment #2: video (video/webm) ──────────────────────────────────────────────────────────────
    test-results/organizations-visual-regre-246a7-form-with-validation-errors-chromium/video.webm
    ────────────────────────────────────────────────────────────────────────────────────────────────
]]>
</failure>
<system-out>
<![CDATA[
[[ATTACHMENT|organizations-visual-regre-246a7-form-with-validation-errors-chromium/test-failed-1.png]]

[[ATTACHMENT|organizations-visual-regre-246a7-form-with-validation-errors-chromium/video.webm]]
]]>
</system-out>
<system-err>
<![CDATA[Error accessing localStorage: page.evaluate: SecurityError: Failed to read the 'localStorage' property from 'Window': Access is denied for this document.
    at UtilityScript.evaluate (<anonymous>:293:16)
    at UtilityScript.<anonymous> (<anonymous>:1:44)
    at TestUtils.isLoggedIn [90m(/mnt/r/Projects/ForkFlow-crm/[39mtests/helpers/testUtils.ts:51:30[90m)[39m
    at [90m/mnt/r/Projects/ForkFlow-crm/[39mtests/organizations/visual-regression.spec.ts:15:23 {
  [[32mSymbol(step)[39m]: {
    stepId: [32m'pw:api@12'[39m,
    location: {
      file: [32m'/mnt/r/Projects/ForkFlow-crm/tests/helpers/testUtils.ts'[39m,
      line: [33m51[39m,
      column: [33m30[39m,
      function: [32m'TestUtils.isLoggedIn'[39m
    },
    category: [32m'pw:api'[39m,
    title: [32m'Evaluate'[39m,
    apiName: [32m'page.evaluate'[39m,
    params: {
      expression: [32m'() => {\n'[39m +
        [32m"        const hasAuth = !!localStorage.getItem('auth') || !!localStorage.getItem('user');\n"[39m +
        [32m"        const isTestMode = localStorage.getItem('test-mode') === 'true';\n"[39m +
        [32m'        return hasAuth || isTestMode;\n'[39m +
        [32m'      }'[39m,
      isFunction: [33mtrue[39m,
      arg: [36m[Object][39m
    },
    boxedStack: [90mundefined[39m,
    steps: [],
    attachmentIndices: [],
    info: TestStepInfoImpl {
      annotations: [],
      _testInfo: [36m[TestInfoImpl][39m,
      _stepId: [32m'pw:api@12'[39m
    },
    complete: [36m[Function: complete][39m,
    endWallTime: [33m1751167881246[39m,
    error: {
      message: [32m"Error: page.evaluate: SecurityError: Failed to read the 'localStorage' property from 'Window': Access is denied for this document.\n"[39m +
        [32m'    at UtilityScript.evaluate (<anonymous>:293:16)\n'[39m +
        [32m'    at UtilityScript.<anonymous> (<anonymous>:1:44)'[39m,
      stack: [32m"Error: page.evaluate: SecurityError: Failed to read the 'localStorage' property from 'Window': Access is denied for this document.\n"[39m +
        [32m'    at UtilityScript.evaluate (<anonymous>:293:16)\n'[39m +
        [32m'    at UtilityScript.<anonymous> (<anonymous>:1:44)\n'[39m +
        [32m'    at UtilityScript.evaluate (<anonymous>:293:16)\n'[39m +
        [32m'    at UtilityScript.<anonymous> (<anonymous>:1:44)\n'[39m +
        [32m'    at TestUtils.isLoggedIn (/mnt/r/Projects/ForkFlow-crm/tests/helpers/testUtils.ts:51:30)\n'[39m +
        [32m'    at /mnt/r/Projects/ForkFlow-crm/tests/organizations/visual-regression.spec.ts:15:23'[39m,
      cause: [90mundefined[39m
    }
  }
}
]]>
</system-err>
</testcase>
<testcase name="Organization Visual Regression Testing › Organization Form Visual Tests › should match edit organization form" classname="organizations/visual-regression.spec.ts" time="0.689">
<failure message="visual-regression.spec.ts:143:5 should match edit organization form" type="FAILURE">
<![CDATA[  [chromium] › organizations/visual-regression.spec.ts:143:5 › Organization Visual Regression Testing › Organization Form Visual Tests › should match edit organization form 

    Error: page.evaluate: SecurityError: Failed to read the 'localStorage' property from 'Window': Access is denied for this document.
        at UtilityScript.evaluate (<anonymous>:293:16)
        at UtilityScript.<anonymous> (<anonymous>:1:44)
        at UtilityScript.evaluate (<anonymous>:293:16)
        at UtilityScript.<anonymous> (<anonymous>:1:44)
        at TestUtils.login (/mnt/r/Projects/ForkFlow-crm/tests/helpers/testUtils.ts:9:38)
        at /mnt/r/Projects/ForkFlow-crm/tests/organizations/visual-regression.spec.ts:16:19

    attachment #1: screenshot (image/png) ──────────────────────────────────────────────────────────
    test-results/organizations-visual-regre-6a307-atch-edit-organization-form-chromium/test-failed-1.png
    ────────────────────────────────────────────────────────────────────────────────────────────────

    attachment #2: video (video/webm) ──────────────────────────────────────────────────────────────
    test-results/organizations-visual-regre-6a307-atch-edit-organization-form-chromium/video.webm
    ────────────────────────────────────────────────────────────────────────────────────────────────
]]>
</failure>
<system-out>
<![CDATA[
[[ATTACHMENT|organizations-visual-regre-6a307-atch-edit-organization-form-chromium/test-failed-1.png]]

[[ATTACHMENT|organizations-visual-regre-6a307-atch-edit-organization-form-chromium/video.webm]]
]]>
</system-out>
<system-err>
<![CDATA[Error accessing localStorage: page.evaluate: SecurityError: Failed to read the 'localStorage' property from 'Window': Access is denied for this document.
    at UtilityScript.evaluate (<anonymous>:293:16)
    at UtilityScript.<anonymous> (<anonymous>:1:44)
    at TestUtils.isLoggedIn [90m(/mnt/r/Projects/ForkFlow-crm/[39mtests/helpers/testUtils.ts:51:30[90m)[39m
    at [90m/mnt/r/Projects/ForkFlow-crm/[39mtests/organizations/visual-regression.spec.ts:15:23 {
  [[32mSymbol(step)[39m]: {
    stepId: [32m'pw:api@12'[39m,
    location: {
      file: [32m'/mnt/r/Projects/ForkFlow-crm/tests/helpers/testUtils.ts'[39m,
      line: [33m51[39m,
      column: [33m30[39m,
      function: [32m'TestUtils.isLoggedIn'[39m
    },
    category: [32m'pw:api'[39m,
    title: [32m'Evaluate'[39m,
    apiName: [32m'page.evaluate'[39m,
    params: {
      expression: [32m'() => {\n'[39m +
        [32m"        const hasAuth = !!localStorage.getItem('auth') || !!localStorage.getItem('user');\n"[39m +
        [32m"        const isTestMode = localStorage.getItem('test-mode') === 'true';\n"[39m +
        [32m'        return hasAuth || isTestMode;\n'[39m +
        [32m'      }'[39m,
      isFunction: [33mtrue[39m,
      arg: [36m[Object][39m
    },
    boxedStack: [90mundefined[39m,
    steps: [],
    attachmentIndices: [],
    info: TestStepInfoImpl {
      annotations: [],
      _testInfo: [36m[TestInfoImpl][39m,
      _stepId: [32m'pw:api@12'[39m
    },
    complete: [36m[Function: complete][39m,
    endWallTime: [33m1751167891626[39m,
    error: {
      message: [32m"Error: page.evaluate: SecurityError: Failed to read the 'localStorage' property from 'Window': Access is denied for this document.\n"[39m +
        [32m'    at UtilityScript.evaluate (<anonymous>:293:16)\n'[39m +
        [32m'    at UtilityScript.<anonymous> (<anonymous>:1:44)'[39m,
      stack: [32m"Error: page.evaluate: SecurityError: Failed to read the 'localStorage' property from 'Window': Access is denied for this document.\n"[39m +
        [32m'    at UtilityScript.evaluate (<anonymous>:293:16)\n'[39m +
        [32m'    at UtilityScript.<anonymous> (<anonymous>:1:44)\n'[39m +
        [32m'    at UtilityScript.evaluate (<anonymous>:293:16)\n'[39m +
        [32m'    at UtilityScript.<anonymous> (<anonymous>:1:44)\n'[39m +
        [32m'    at TestUtils.isLoggedIn (/mnt/r/Projects/ForkFlow-crm/tests/helpers/testUtils.ts:51:30)\n'[39m +
        [32m'    at /mnt/r/Projects/ForkFlow-crm/tests/organizations/visual-regression.spec.ts:15:23'[39m,
      cause: [90mundefined[39m
    }
  }
}
]]>
</system-err>
</testcase>
<testcase name="Organization Visual Regression Testing › Organization Detail Visual Tests › should match organization detail page" classname="organizations/visual-regression.spec.ts" time="0.704">
<failure message="visual-regression.spec.ts:161:5 should match organization detail page" type="FAILURE">
<![CDATA[  [chromium] › organizations/visual-regression.spec.ts:161:5 › Organization Visual Regression Testing › Organization Detail Visual Tests › should match organization detail page 

    Error: page.evaluate: SecurityError: Failed to read the 'localStorage' property from 'Window': Access is denied for this document.
        at UtilityScript.evaluate (<anonymous>:293:16)
        at UtilityScript.<anonymous> (<anonymous>:1:44)
        at UtilityScript.evaluate (<anonymous>:293:16)
        at UtilityScript.<anonymous> (<anonymous>:1:44)
        at TestUtils.login (/mnt/r/Projects/ForkFlow-crm/tests/helpers/testUtils.ts:9:38)
        at /mnt/r/Projects/ForkFlow-crm/tests/organizations/visual-regression.spec.ts:16:19

    attachment #1: screenshot (image/png) ──────────────────────────────────────────────────────────
    test-results/organizations-visual-regre-60143-ch-organization-detail-page-chromium/test-failed-1.png
    ────────────────────────────────────────────────────────────────────────────────────────────────

    attachment #2: video (video/webm) ──────────────────────────────────────────────────────────────
    test-results/organizations-visual-regre-60143-ch-organization-detail-page-chromium/video.webm
    ────────────────────────────────────────────────────────────────────────────────────────────────
]]>
</failure>
<system-out>
<![CDATA[
[[ATTACHMENT|organizations-visual-regre-60143-ch-organization-detail-page-chromium/test-failed-1.png]]

[[ATTACHMENT|organizations-visual-regre-60143-ch-organization-detail-page-chromium/video.webm]]
]]>
</system-out>
<system-err>
<![CDATA[Error accessing localStorage: page.evaluate: SecurityError: Failed to read the 'localStorage' property from 'Window': Access is denied for this document.
    at UtilityScript.evaluate (<anonymous>:293:16)
    at UtilityScript.<anonymous> (<anonymous>:1:44)
    at TestUtils.isLoggedIn [90m(/mnt/r/Projects/ForkFlow-crm/[39mtests/helpers/testUtils.ts:51:30[90m)[39m
    at [90m/mnt/r/Projects/ForkFlow-crm/[39mtests/organizations/visual-regression.spec.ts:15:23 {
  [[32mSymbol(step)[39m]: {
    stepId: [32m'pw:api@12'[39m,
    location: {
      file: [32m'/mnt/r/Projects/ForkFlow-crm/tests/helpers/testUtils.ts'[39m,
      line: [33m51[39m,
      column: [33m30[39m,
      function: [32m'TestUtils.isLoggedIn'[39m
    },
    category: [32m'pw:api'[39m,
    title: [32m'Evaluate'[39m,
    apiName: [32m'page.evaluate'[39m,
    params: {
      expression: [32m'() => {\n'[39m +
        [32m"        const hasAuth = !!localStorage.getItem('auth') || !!localStorage.getItem('user');\n"[39m +
        [32m"        const isTestMode = localStorage.getItem('test-mode') === 'true';\n"[39m +
        [32m'        return hasAuth || isTestMode;\n'[39m +
        [32m'      }'[39m,
      isFunction: [33mtrue[39m,
      arg: [36m[Object][39m
    },
    boxedStack: [90mundefined[39m,
    steps: [],
    attachmentIndices: [],
    info: TestStepInfoImpl {
      annotations: [],
      _testInfo: [36m[TestInfoImpl][39m,
      _stepId: [32m'pw:api@12'[39m
    },
    complete: [36m[Function: complete][39m,
    endWallTime: [33m1751167893909[39m,
    error: {
      message: [32m"Error: page.evaluate: SecurityError: Failed to read the 'localStorage' property from 'Window': Access is denied for this document.\n"[39m +
        [32m'    at UtilityScript.evaluate (<anonymous>:293:16)\n'[39m +
        [32m'    at UtilityScript.<anonymous> (<anonymous>:1:44)'[39m,
      stack: [32m"Error: page.evaluate: SecurityError: Failed to read the 'localStorage' property from 'Window': Access is denied for this document.\n"[39m +
        [32m'    at UtilityScript.evaluate (<anonymous>:293:16)\n'[39m +
        [32m'    at UtilityScript.<anonymous> (<anonymous>:1:44)\n'[39m +
        [32m'    at UtilityScript.evaluate (<anonymous>:293:16)\n'[39m +
        [32m'    at UtilityScript.<anonymous> (<anonymous>:1:44)\n'[39m +
        [32m'    at TestUtils.isLoggedIn (/mnt/r/Projects/ForkFlow-crm/tests/helpers/testUtils.ts:51:30)\n'[39m +
        [32m'    at /mnt/r/Projects/ForkFlow-crm/tests/organizations/visual-regression.spec.ts:15:23'[39m,
      cause: [90mundefined[39m
    }
  }
}
]]>
</system-err>
</testcase>
<testcase name="Organization Visual Regression Testing › Organization Detail Visual Tests › should match organization detail with statistics" classname="organizations/visual-regression.spec.ts" time="0.657">
<failure message="visual-regression.spec.ts:174:5 should match organization detail with statistics" type="FAILURE">
<![CDATA[  [chromium] › organizations/visual-regression.spec.ts:174:5 › Organization Visual Regression Testing › Organization Detail Visual Tests › should match organization detail with statistics 

    Error: page.evaluate: SecurityError: Failed to read the 'localStorage' property from 'Window': Access is denied for this document.
        at UtilityScript.evaluate (<anonymous>:293:16)
        at UtilityScript.<anonymous> (<anonymous>:1:44)
        at UtilityScript.evaluate (<anonymous>:293:16)
        at UtilityScript.<anonymous> (<anonymous>:1:44)
        at TestUtils.login (/mnt/r/Projects/ForkFlow-crm/tests/helpers/testUtils.ts:9:38)
        at /mnt/r/Projects/ForkFlow-crm/tests/organizations/visual-regression.spec.ts:16:19

    attachment #1: screenshot (image/png) ──────────────────────────────────────────────────────────
    test-results/organizations-visual-regre-d0d07-tion-detail-with-statistics-chromium/test-failed-1.png
    ────────────────────────────────────────────────────────────────────────────────────────────────

    attachment #2: video (video/webm) ──────────────────────────────────────────────────────────────
    test-results/organizations-visual-regre-d0d07-tion-detail-with-statistics-chromium/video.webm
    ────────────────────────────────────────────────────────────────────────────────────────────────
]]>
</failure>
<system-out>
<![CDATA[
[[ATTACHMENT|organizations-visual-regre-d0d07-tion-detail-with-statistics-chromium/test-failed-1.png]]

[[ATTACHMENT|organizations-visual-regre-d0d07-tion-detail-with-statistics-chromium/video.webm]]
]]>
</system-out>
<system-err>
<![CDATA[Error accessing localStorage: page.evaluate: SecurityError: Failed to read the 'localStorage' property from 'Window': Access is denied for this document.
    at UtilityScript.evaluate (<anonymous>:293:16)
    at UtilityScript.<anonymous> (<anonymous>:1:44)
    at TestUtils.isLoggedIn [90m(/mnt/r/Projects/ForkFlow-crm/[39mtests/helpers/testUtils.ts:51:30[90m)[39m
    at [90m/mnt/r/Projects/ForkFlow-crm/[39mtests/organizations/visual-regression.spec.ts:15:23 {
  [[32mSymbol(step)[39m]: {
    stepId: [32m'pw:api@12'[39m,
    location: {
      file: [32m'/mnt/r/Projects/ForkFlow-crm/tests/helpers/testUtils.ts'[39m,
      line: [33m51[39m,
      column: [33m30[39m,
      function: [32m'TestUtils.isLoggedIn'[39m
    },
    category: [32m'pw:api'[39m,
    title: [32m'Evaluate'[39m,
    apiName: [32m'page.evaluate'[39m,
    params: {
      expression: [32m'() => {\n'[39m +
        [32m"        const hasAuth = !!localStorage.getItem('auth') || !!localStorage.getItem('user');\n"[39m +
        [32m"        const isTestMode = localStorage.getItem('test-mode') === 'true';\n"[39m +
        [32m'        return hasAuth || isTestMode;\n'[39m +
        [32m'      }'[39m,
      isFunction: [33mtrue[39m,
      arg: [36m[Object][39m
    },
    boxedStack: [90mundefined[39m,
    steps: [],
    attachmentIndices: [],
    info: TestStepInfoImpl {
      annotations: [],
      _testInfo: [36m[TestInfoImpl][39m,
      _stepId: [32m'pw:api@12'[39m
    },
    complete: [36m[Function: complete][39m,
    endWallTime: [33m1751167904888[39m,
    error: {
      message: [32m"Error: page.evaluate: SecurityError: Failed to read the 'localStorage' property from 'Window': Access is denied for this document.\n"[39m +
        [32m'    at UtilityScript.evaluate (<anonymous>:293:16)\n'[39m +
        [32m'    at UtilityScript.<anonymous> (<anonymous>:1:44)'[39m,
      stack: [32m"Error: page.evaluate: SecurityError: Failed to read the 'localStorage' property from 'Window': Access is denied for this document.\n"[39m +
        [32m'    at UtilityScript.evaluate (<anonymous>:293:16)\n'[39m +
        [32m'    at UtilityScript.<anonymous> (<anonymous>:1:44)\n'[39m +
        [32m'    at UtilityScript.evaluate (<anonymous>:293:16)\n'[39m +
        [32m'    at UtilityScript.<anonymous> (<anonymous>:1:44)\n'[39m +
        [32m'    at TestUtils.isLoggedIn (/mnt/r/Projects/ForkFlow-crm/tests/helpers/testUtils.ts:51:30)\n'[39m +
        [32m'    at /mnt/r/Projects/ForkFlow-crm/tests/organizations/visual-regression.spec.ts:15:23'[39m,
      cause: [90mundefined[39m
    }
  }
}
]]>
</system-err>
</testcase>
<testcase name="Organization Visual Regression Testing › Mobile Visual Tests › should match mobile organization list" classname="organizations/visual-regression.spec.ts" time="0.804">
<failure message="visual-regression.spec.ts:189:5 should match mobile organization list" type="FAILURE">
<![CDATA[  [chromium] › organizations/visual-regression.spec.ts:189:5 › Organization Visual Regression Testing › Mobile Visual Tests › should match mobile organization list 

    Error: page.evaluate: SecurityError: Failed to read the 'localStorage' property from 'Window': Access is denied for this document.
        at UtilityScript.evaluate (<anonymous>:293:16)
        at UtilityScript.<anonymous> (<anonymous>:1:44)
        at UtilityScript.evaluate (<anonymous>:293:16)
        at UtilityScript.<anonymous> (<anonymous>:1:44)
        at TestUtils.login (/mnt/r/Projects/ForkFlow-crm/tests/helpers/testUtils.ts:9:38)
        at /mnt/r/Projects/ForkFlow-crm/tests/organizations/visual-regression.spec.ts:16:19

    attachment #1: screenshot (image/png) ──────────────────────────────────────────────────────────
    test-results/organizations-visual-regre-df718-ch-mobile-organization-list-chromium/test-failed-1.png
    ────────────────────────────────────────────────────────────────────────────────────────────────

    attachment #2: video (video/webm) ──────────────────────────────────────────────────────────────
    test-results/organizations-visual-regre-df718-ch-mobile-organization-list-chromium/video.webm
    ────────────────────────────────────────────────────────────────────────────────────────────────
]]>
</failure>
<system-out>
<![CDATA[
[[ATTACHMENT|organizations-visual-regre-df718-ch-mobile-organization-list-chromium/test-failed-1.png]]

[[ATTACHMENT|organizations-visual-regre-df718-ch-mobile-organization-list-chromium/video.webm]]
]]>
</system-out>
<system-err>
<![CDATA[Error accessing localStorage: page.evaluate: SecurityError: Failed to read the 'localStorage' property from 'Window': Access is denied for this document.
    at UtilityScript.evaluate (<anonymous>:293:16)
    at UtilityScript.<anonymous> (<anonymous>:1:44)
    at TestUtils.isLoggedIn [90m(/mnt/r/Projects/ForkFlow-crm/[39mtests/helpers/testUtils.ts:51:30[90m)[39m
    at [90m/mnt/r/Projects/ForkFlow-crm/[39mtests/organizations/visual-regression.spec.ts:15:23 {
  [[32mSymbol(step)[39m]: {
    stepId: [32m'pw:api@12'[39m,
    location: {
      file: [32m'/mnt/r/Projects/ForkFlow-crm/tests/helpers/testUtils.ts'[39m,
      line: [33m51[39m,
      column: [33m30[39m,
      function: [32m'TestUtils.isLoggedIn'[39m
    },
    category: [32m'pw:api'[39m,
    title: [32m'Evaluate'[39m,
    apiName: [32m'page.evaluate'[39m,
    params: {
      expression: [32m'() => {\n'[39m +
        [32m"        const hasAuth = !!localStorage.getItem('auth') || !!localStorage.getItem('user');\n"[39m +
        [32m"        const isTestMode = localStorage.getItem('test-mode') === 'true';\n"[39m +
        [32m'        return hasAuth || isTestMode;\n'[39m +
        [32m'      }'[39m,
      isFunction: [33mtrue[39m,
      arg: [36m[Object][39m
    },
    boxedStack: [90mundefined[39m,
    steps: [],
    attachmentIndices: [],
    info: TestStepInfoImpl {
      annotations: [],
      _testInfo: [36m[TestInfoImpl][39m,
      _stepId: [32m'pw:api@12'[39m
    },
    complete: [36m[Function: complete][39m,
    endWallTime: [33m1751167907480[39m,
    error: {
      message: [32m"Error: page.evaluate: SecurityError: Failed to read the 'localStorage' property from 'Window': Access is denied for this document.\n"[39m +
        [32m'    at UtilityScript.evaluate (<anonymous>:293:16)\n'[39m +
        [32m'    at UtilityScript.<anonymous> (<anonymous>:1:44)'[39m,
      stack: [32m"Error: page.evaluate: SecurityError: Failed to read the 'localStorage' property from 'Window': Access is denied for this document.\n"[39m +
        [32m'    at UtilityScript.evaluate (<anonymous>:293:16)\n'[39m +
        [32m'    at UtilityScript.<anonymous> (<anonymous>:1:44)\n'[39m +
        [32m'    at UtilityScript.evaluate (<anonymous>:293:16)\n'[39m +
        [32m'    at UtilityScript.<anonymous> (<anonymous>:1:44)\n'[39m +
        [32m'    at TestUtils.isLoggedIn (/mnt/r/Projects/ForkFlow-crm/tests/helpers/testUtils.ts:51:30)\n'[39m +
        [32m'    at /mnt/r/Projects/ForkFlow-crm/tests/organizations/visual-regression.spec.ts:15:23'[39m,
      cause: [90mundefined[39m
    }
  }
}
]]>
</system-err>
</testcase>
<testcase name="Organization Visual Regression Testing › Mobile Visual Tests › should match mobile create form" classname="organizations/visual-regression.spec.ts" time="0.718">
<failure message="visual-regression.spec.ts:204:5 should match mobile create form" type="FAILURE">
<![CDATA[  [chromium] › organizations/visual-regression.spec.ts:204:5 › Organization Visual Regression Testing › Mobile Visual Tests › should match mobile create form 

    Error: page.evaluate: SecurityError: Failed to read the 'localStorage' property from 'Window': Access is denied for this document.
        at UtilityScript.evaluate (<anonymous>:293:16)
        at UtilityScript.<anonymous> (<anonymous>:1:44)
        at UtilityScript.evaluate (<anonymous>:293:16)
        at UtilityScript.<anonymous> (<anonymous>:1:44)
        at TestUtils.login (/mnt/r/Projects/ForkFlow-crm/tests/helpers/testUtils.ts:9:38)
        at /mnt/r/Projects/ForkFlow-crm/tests/organizations/visual-regression.spec.ts:16:19

    attachment #1: screenshot (image/png) ──────────────────────────────────────────────────────────
    test-results/organizations-visual-regre-ad9ee-ld-match-mobile-create-form-chromium/test-failed-1.png
    ────────────────────────────────────────────────────────────────────────────────────────────────

    attachment #2: video (video/webm) ──────────────────────────────────────────────────────────────
    test-results/organizations-visual-regre-ad9ee-ld-match-mobile-create-form-chromium/video.webm
    ────────────────────────────────────────────────────────────────────────────────────────────────
]]>
</failure>
<system-out>
<![CDATA[
[[ATTACHMENT|organizations-visual-regre-ad9ee-ld-match-mobile-create-form-chromium/test-failed-1.png]]

[[ATTACHMENT|organizations-visual-regre-ad9ee-ld-match-mobile-create-form-chromium/video.webm]]
]]>
</system-out>
<system-err>
<![CDATA[Error accessing localStorage: page.evaluate: SecurityError: Failed to read the 'localStorage' property from 'Window': Access is denied for this document.
    at UtilityScript.evaluate (<anonymous>:293:16)
    at UtilityScript.<anonymous> (<anonymous>:1:44)
    at TestUtils.isLoggedIn [90m(/mnt/r/Projects/ForkFlow-crm/[39mtests/helpers/testUtils.ts:51:30[90m)[39m
    at [90m/mnt/r/Projects/ForkFlow-crm/[39mtests/organizations/visual-regression.spec.ts:15:23 {
  [[32mSymbol(step)[39m]: {
    stepId: [32m'pw:api@12'[39m,
    location: {
      file: [32m'/mnt/r/Projects/ForkFlow-crm/tests/helpers/testUtils.ts'[39m,
      line: [33m51[39m,
      column: [33m30[39m,
      function: [32m'TestUtils.isLoggedIn'[39m
    },
    category: [32m'pw:api'[39m,
    title: [32m'Evaluate'[39m,
    apiName: [32m'page.evaluate'[39m,
    params: {
      expression: [32m'() => {\n'[39m +
        [32m"        const hasAuth = !!localStorage.getItem('auth') || !!localStorage.getItem('user');\n"[39m +
        [32m"        const isTestMode = localStorage.getItem('test-mode') === 'true';\n"[39m +
        [32m'        return hasAuth || isTestMode;\n'[39m +
        [32m'      }'[39m,
      isFunction: [33mtrue[39m,
      arg: [36m[Object][39m
    },
    boxedStack: [90mundefined[39m,
    steps: [],
    attachmentIndices: [],
    info: TestStepInfoImpl {
      annotations: [],
      _testInfo: [36m[TestInfoImpl][39m,
      _stepId: [32m'pw:api@12'[39m
    },
    complete: [36m[Function: complete][39m,
    endWallTime: [33m1751167917448[39m,
    error: {
      message: [32m"Error: page.evaluate: SecurityError: Failed to read the 'localStorage' property from 'Window': Access is denied for this document.\n"[39m +
        [32m'    at UtilityScript.evaluate (<anonymous>:293:16)\n'[39m +
        [32m'    at UtilityScript.<anonymous> (<anonymous>:1:44)'[39m,
      stack: [32m"Error: page.evaluate: SecurityError: Failed to read the 'localStorage' property from 'Window': Access is denied for this document.\n"[39m +
        [32m'    at UtilityScript.evaluate (<anonymous>:293:16)\n'[39m +
        [32m'    at UtilityScript.<anonymous> (<anonymous>:1:44)\n'[39m +
        [32m'    at UtilityScript.evaluate (<anonymous>:293:16)\n'[39m +
        [32m'    at UtilityScript.<anonymous> (<anonymous>:1:44)\n'[39m +
        [32m'    at TestUtils.isLoggedIn (/mnt/r/Projects/ForkFlow-crm/tests/helpers/testUtils.ts:51:30)\n'[39m +
        [32m'    at /mnt/r/Projects/ForkFlow-crm/tests/organizations/visual-regression.spec.ts:15:23'[39m,
      cause: [90mundefined[39m
    }
  }
}
]]>
</system-err>
</testcase>
<testcase name="Organization Visual Regression Testing › Mobile Visual Tests › should match mobile detail page" classname="organizations/visual-regression.spec.ts" time="0.729">
<failure message="visual-regression.spec.ts:219:5 should match mobile detail page" type="FAILURE">
<![CDATA[  [chromium] › organizations/visual-regression.spec.ts:219:5 › Organization Visual Regression Testing › Mobile Visual Tests › should match mobile detail page 

    Error: page.evaluate: SecurityError: Failed to read the 'localStorage' property from 'Window': Access is denied for this document.
        at UtilityScript.evaluate (<anonymous>:293:16)
        at UtilityScript.<anonymous> (<anonymous>:1:44)
        at UtilityScript.evaluate (<anonymous>:293:16)
        at UtilityScript.<anonymous> (<anonymous>:1:44)
        at TestUtils.login (/mnt/r/Projects/ForkFlow-crm/tests/helpers/testUtils.ts:9:38)
        at /mnt/r/Projects/ForkFlow-crm/tests/organizations/visual-regression.spec.ts:16:19

    attachment #1: screenshot (image/png) ──────────────────────────────────────────────────────────
    test-results/organizations-visual-regre-349ee-ld-match-mobile-detail-page-chromium/test-failed-1.png
    ────────────────────────────────────────────────────────────────────────────────────────────────

    attachment #2: video (video/webm) ──────────────────────────────────────────────────────────────
    test-results/organizations-visual-regre-349ee-ld-match-mobile-detail-page-chromium/video.webm
    ────────────────────────────────────────────────────────────────────────────────────────────────
]]>
</failure>
<system-out>
<![CDATA[
[[ATTACHMENT|organizations-visual-regre-349ee-ld-match-mobile-detail-page-chromium/test-failed-1.png]]

[[ATTACHMENT|organizations-visual-regre-349ee-ld-match-mobile-detail-page-chromium/video.webm]]
]]>
</system-out>
<system-err>
<![CDATA[Error accessing localStorage: page.evaluate: SecurityError: Failed to read the 'localStorage' property from 'Window': Access is denied for this document.
    at UtilityScript.evaluate (<anonymous>:293:16)
    at UtilityScript.<anonymous> (<anonymous>:1:44)
    at TestUtils.isLoggedIn [90m(/mnt/r/Projects/ForkFlow-crm/[39mtests/helpers/testUtils.ts:51:30[90m)[39m
    at [90m/mnt/r/Projects/ForkFlow-crm/[39mtests/organizations/visual-regression.spec.ts:15:23 {
  [[32mSymbol(step)[39m]: {
    stepId: [32m'pw:api@12'[39m,
    location: {
      file: [32m'/mnt/r/Projects/ForkFlow-crm/tests/helpers/testUtils.ts'[39m,
      line: [33m51[39m,
      column: [33m30[39m,
      function: [32m'TestUtils.isLoggedIn'[39m
    },
    category: [32m'pw:api'[39m,
    title: [32m'Evaluate'[39m,
    apiName: [32m'page.evaluate'[39m,
    params: {
      expression: [32m'() => {\n'[39m +
        [32m"        const hasAuth = !!localStorage.getItem('auth') || !!localStorage.getItem('user');\n"[39m +
        [32m"        const isTestMode = localStorage.getItem('test-mode') === 'true';\n"[39m +
        [32m'        return hasAuth || isTestMode;\n'[39m +
        [32m'      }'[39m,
      isFunction: [33mtrue[39m,
      arg: [36m[Object][39m
    },
    boxedStack: [90mundefined[39m,
    steps: [],
    attachmentIndices: [],
    info: TestStepInfoImpl {
      annotations: [],
      _testInfo: [36m[TestInfoImpl][39m,
      _stepId: [32m'pw:api@12'[39m
    },
    complete: [36m[Function: complete][39m,
    endWallTime: [33m1751167920310[39m,
    error: {
      message: [32m"Error: page.evaluate: SecurityError: Failed to read the 'localStorage' property from 'Window': Access is denied for this document.\n"[39m +
        [32m'    at UtilityScript.evaluate (<anonymous>:293:16)\n'[39m +
        [32m'    at UtilityScript.<anonymous> (<anonymous>:1:44)'[39m,
      stack: [32m"Error: page.evaluate: SecurityError: Failed to read the 'localStorage' property from 'Window': Access is denied for this document.\n"[39m +
        [32m'    at UtilityScript.evaluate (<anonymous>:293:16)\n'[39m +
        [32m'    at UtilityScript.<anonymous> (<anonymous>:1:44)\n'[39m +
        [32m'    at UtilityScript.evaluate (<anonymous>:293:16)\n'[39m +
        [32m'    at UtilityScript.<anonymous> (<anonymous>:1:44)\n'[39m +
        [32m'    at TestUtils.isLoggedIn (/mnt/r/Projects/ForkFlow-crm/tests/helpers/testUtils.ts:51:30)\n'[39m +
        [32m'    at /mnt/r/Projects/ForkFlow-crm/tests/organizations/visual-regression.spec.ts:15:23'[39m,
      cause: [90mundefined[39m
    }
  }
}
]]>
</system-err>
</testcase>
<testcase name="Organization Visual Regression Testing › Tablet Visual Tests › should match tablet organization list" classname="organizations/visual-regression.spec.ts" time="0.706">
<failure message="visual-regression.spec.ts:235:5 should match tablet organization list" type="FAILURE">
<![CDATA[  [chromium] › organizations/visual-regression.spec.ts:235:5 › Organization Visual Regression Testing › Tablet Visual Tests › should match tablet organization list 

    Error: page.evaluate: SecurityError: Failed to read the 'localStorage' property from 'Window': Access is denied for this document.
        at UtilityScript.evaluate (<anonymous>:293:16)
        at UtilityScript.<anonymous> (<anonymous>:1:44)
        at UtilityScript.evaluate (<anonymous>:293:16)
        at UtilityScript.<anonymous> (<anonymous>:1:44)
        at TestUtils.login (/mnt/r/Projects/ForkFlow-crm/tests/helpers/testUtils.ts:9:38)
        at /mnt/r/Projects/ForkFlow-crm/tests/organizations/visual-regression.spec.ts:16:19

    attachment #1: screenshot (image/png) ──────────────────────────────────────────────────────────
    test-results/organizations-visual-regre-ac6c5-ch-tablet-organization-list-chromium/test-failed-1.png
    ────────────────────────────────────────────────────────────────────────────────────────────────

    attachment #2: video (video/webm) ──────────────────────────────────────────────────────────────
    test-results/organizations-visual-regre-ac6c5-ch-tablet-organization-list-chromium/video.webm
    ────────────────────────────────────────────────────────────────────────────────────────────────
]]>
</failure>
<system-out>
<![CDATA[
[[ATTACHMENT|organizations-visual-regre-ac6c5-ch-tablet-organization-list-chromium/test-failed-1.png]]

[[ATTACHMENT|organizations-visual-regre-ac6c5-ch-tablet-organization-list-chromium/video.webm]]
]]>
</system-out>
<system-err>
<![CDATA[Error accessing localStorage: page.evaluate: SecurityError: Failed to read the 'localStorage' property from 'Window': Access is denied for this document.
    at UtilityScript.evaluate (<anonymous>:293:16)
    at UtilityScript.<anonymous> (<anonymous>:1:44)
    at TestUtils.isLoggedIn [90m(/mnt/r/Projects/ForkFlow-crm/[39mtests/helpers/testUtils.ts:51:30[90m)[39m
    at [90m/mnt/r/Projects/ForkFlow-crm/[39mtests/organizations/visual-regression.spec.ts:15:23 {
  [[32mSymbol(step)[39m]: {
    stepId: [32m'pw:api@12'[39m,
    location: {
      file: [32m'/mnt/r/Projects/ForkFlow-crm/tests/helpers/testUtils.ts'[39m,
      line: [33m51[39m,
      column: [33m30[39m,
      function: [32m'TestUtils.isLoggedIn'[39m
    },
    category: [32m'pw:api'[39m,
    title: [32m'Evaluate'[39m,
    apiName: [32m'page.evaluate'[39m,
    params: {
      expression: [32m'() => {\n'[39m +
        [32m"        const hasAuth = !!localStorage.getItem('auth') || !!localStorage.getItem('user');\n"[39m +
        [32m"        const isTestMode = localStorage.getItem('test-mode') === 'true';\n"[39m +
        [32m'        return hasAuth || isTestMode;\n'[39m +
        [32m'      }'[39m,
      isFunction: [33mtrue[39m,
      arg: [36m[Object][39m
    },
    boxedStack: [90mundefined[39m,
    steps: [],
    attachmentIndices: [],
    info: TestStepInfoImpl {
      annotations: [],
      _testInfo: [36m[TestInfoImpl][39m,
      _stepId: [32m'pw:api@12'[39m
    },
    complete: [36m[Function: complete][39m,
    endWallTime: [33m1751167929933[39m,
    error: {
      message: [32m"Error: page.evaluate: SecurityError: Failed to read the 'localStorage' property from 'Window': Access is denied for this document.\n"[39m +
        [32m'    at UtilityScript.evaluate (<anonymous>:293:16)\n'[39m +
        [32m'    at UtilityScript.<anonymous> (<anonymous>:1:44)'[39m,
      stack: [32m"Error: page.evaluate: SecurityError: Failed to read the 'localStorage' property from 'Window': Access is denied for this document.\n"[39m +
        [32m'    at UtilityScript.evaluate (<anonymous>:293:16)\n'[39m +
        [32m'    at UtilityScript.<anonymous> (<anonymous>:1:44)\n'[39m +
        [32m'    at UtilityScript.evaluate (<anonymous>:293:16)\n'[39m +
        [32m'    at UtilityScript.<anonymous> (<anonymous>:1:44)\n'[39m +
        [32m'    at TestUtils.isLoggedIn (/mnt/r/Projects/ForkFlow-crm/tests/helpers/testUtils.ts:51:30)\n'[39m +
        [32m'    at /mnt/r/Projects/ForkFlow-crm/tests/organizations/visual-regression.spec.ts:15:23'[39m,
      cause: [90mundefined[39m
    }
  }
}
]]>
</system-err>
</testcase>
<testcase name="Organization Visual Regression Testing › Tablet Visual Tests › should match tablet create form" classname="organizations/visual-regression.spec.ts" time="0.708">
<failure message="visual-regression.spec.ts:249:5 should match tablet create form" type="FAILURE">
<![CDATA[  [chromium] › organizations/visual-regression.spec.ts:249:5 › Organization Visual Regression Testing › Tablet Visual Tests › should match tablet create form 

    Error: page.evaluate: SecurityError: Failed to read the 'localStorage' property from 'Window': Access is denied for this document.
        at UtilityScript.evaluate (<anonymous>:293:16)
        at UtilityScript.<anonymous> (<anonymous>:1:44)
        at UtilityScript.evaluate (<anonymous>:293:16)
        at UtilityScript.<anonymous> (<anonymous>:1:44)
        at TestUtils.login (/mnt/r/Projects/ForkFlow-crm/tests/helpers/testUtils.ts:9:38)
        at /mnt/r/Projects/ForkFlow-crm/tests/organizations/visual-regression.spec.ts:16:19

    attachment #1: screenshot (image/png) ──────────────────────────────────────────────────────────
    test-results/organizations-visual-regre-920dc-ld-match-tablet-create-form-chromium/test-failed-1.png
    ────────────────────────────────────────────────────────────────────────────────────────────────

    attachment #2: video (video/webm) ──────────────────────────────────────────────────────────────
    test-results/organizations-visual-regre-920dc-ld-match-tablet-create-form-chromium/video.webm
    ────────────────────────────────────────────────────────────────────────────────────────────────
]]>
</failure>
<system-out>
<![CDATA[
[[ATTACHMENT|organizations-visual-regre-920dc-ld-match-tablet-create-form-chromium/test-failed-1.png]]

[[ATTACHMENT|organizations-visual-regre-920dc-ld-match-tablet-create-form-chromium/video.webm]]
]]>
</system-out>
<system-err>
<![CDATA[Error accessing localStorage: page.evaluate: SecurityError: Failed to read the 'localStorage' property from 'Window': Access is denied for this document.
    at UtilityScript.evaluate (<anonymous>:293:16)
    at UtilityScript.<anonymous> (<anonymous>:1:44)
    at TestUtils.isLoggedIn [90m(/mnt/r/Projects/ForkFlow-crm/[39mtests/helpers/testUtils.ts:51:30[90m)[39m
    at [90m/mnt/r/Projects/ForkFlow-crm/[39mtests/organizations/visual-regression.spec.ts:15:23 {
  [[32mSymbol(step)[39m]: {
    stepId: [32m'pw:api@12'[39m,
    location: {
      file: [32m'/mnt/r/Projects/ForkFlow-crm/tests/helpers/testUtils.ts'[39m,
      line: [33m51[39m,
      column: [33m30[39m,
      function: [32m'TestUtils.isLoggedIn'[39m
    },
    category: [32m'pw:api'[39m,
    title: [32m'Evaluate'[39m,
    apiName: [32m'page.evaluate'[39m,
    params: {
      expression: [32m'() => {\n'[39m +
        [32m"        const hasAuth = !!localStorage.getItem('auth') || !!localStorage.getItem('user');\n"[39m +
        [32m"        const isTestMode = localStorage.getItem('test-mode') === 'true';\n"[39m +
        [32m'        return hasAuth || isTestMode;\n'[39m +
        [32m'      }'[39m,
      isFunction: [33mtrue[39m,
      arg: [36m[Object][39m
    },
    boxedStack: [90mundefined[39m,
    steps: [],
    attachmentIndices: [],
    info: TestStepInfoImpl {
      annotations: [],
      _testInfo: [36m[TestInfoImpl][39m,
      _stepId: [32m'pw:api@12'[39m
    },
    complete: [36m[Function: complete][39m,
    endWallTime: [33m1751167932617[39m,
    error: {
      message: [32m"Error: page.evaluate: SecurityError: Failed to read the 'localStorage' property from 'Window': Access is denied for this document.\n"[39m +
        [32m'    at UtilityScript.evaluate (<anonymous>:293:16)\n'[39m +
        [32m'    at UtilityScript.<anonymous> (<anonymous>:1:44)'[39m,
      stack: [32m"Error: page.evaluate: SecurityError: Failed to read the 'localStorage' property from 'Window': Access is denied for this document.\n"[39m +
        [32m'    at UtilityScript.evaluate (<anonymous>:293:16)\n'[39m +
        [32m'    at UtilityScript.<anonymous> (<anonymous>:1:44)\n'[39m +
        [32m'    at UtilityScript.evaluate (<anonymous>:293:16)\n'[39m +
        [32m'    at UtilityScript.<anonymous> (<anonymous>:1:44)\n'[39m +
        [32m'    at TestUtils.isLoggedIn (/mnt/r/Projects/ForkFlow-crm/tests/helpers/testUtils.ts:51:30)\n'[39m +
        [32m'    at /mnt/r/Projects/ForkFlow-crm/tests/organizations/visual-regression.spec.ts:15:23'[39m,
      cause: [90mundefined[39m
    }
  }
}
]]>
</system-err>
</testcase>
<testcase name="Organization Visual Regression Testing › Component Visual Tests › should match organization card component" classname="organizations/visual-regression.spec.ts" time="0.691">
<failure message="visual-regression.spec.ts:265:5 should match organization card component" type="FAILURE">
<![CDATA[  [chromium] › organizations/visual-regression.spec.ts:265:5 › Organization Visual Regression Testing › Component Visual Tests › should match organization card component 

    Error: page.evaluate: SecurityError: Failed to read the 'localStorage' property from 'Window': Access is denied for this document.
        at UtilityScript.evaluate (<anonymous>:293:16)
        at UtilityScript.<anonymous> (<anonymous>:1:44)
        at UtilityScript.evaluate (<anonymous>:293:16)
        at UtilityScript.<anonymous> (<anonymous>:1:44)
        at TestUtils.login (/mnt/r/Projects/ForkFlow-crm/tests/helpers/testUtils.ts:9:38)
        at /mnt/r/Projects/ForkFlow-crm/tests/organizations/visual-regression.spec.ts:16:19

    attachment #1: screenshot (image/png) ──────────────────────────────────────────────────────────
    test-results/organizations-visual-regre-719ec-organization-card-component-chromium/test-failed-1.png
    ────────────────────────────────────────────────────────────────────────────────────────────────

    attachment #2: video (video/webm) ──────────────────────────────────────────────────────────────
    test-results/organizations-visual-regre-719ec-organization-card-component-chromium/video.webm
    ────────────────────────────────────────────────────────────────────────────────────────────────
]]>
</failure>
<system-out>
<![CDATA[
[[ATTACHMENT|organizations-visual-regre-719ec-organization-card-component-chromium/test-failed-1.png]]

[[ATTACHMENT|organizations-visual-regre-719ec-organization-card-component-chromium/video.webm]]
]]>
</system-out>
<system-err>
<![CDATA[Error accessing localStorage: page.evaluate: SecurityError: Failed to read the 'localStorage' property from 'Window': Access is denied for this document.
    at UtilityScript.evaluate (<anonymous>:293:16)
    at UtilityScript.<anonymous> (<anonymous>:1:44)
    at TestUtils.isLoggedIn [90m(/mnt/r/Projects/ForkFlow-crm/[39mtests/helpers/testUtils.ts:51:30[90m)[39m
    at [90m/mnt/r/Projects/ForkFlow-crm/[39mtests/organizations/visual-regression.spec.ts:15:23 {
  [[32mSymbol(step)[39m]: {
    stepId: [32m'pw:api@12'[39m,
    location: {
      file: [32m'/mnt/r/Projects/ForkFlow-crm/tests/helpers/testUtils.ts'[39m,
      line: [33m51[39m,
      column: [33m30[39m,
      function: [32m'TestUtils.isLoggedIn'[39m
    },
    category: [32m'pw:api'[39m,
    title: [32m'Evaluate'[39m,
    apiName: [32m'page.evaluate'[39m,
    params: {
      expression: [32m'() => {\n'[39m +
        [32m"        const hasAuth = !!localStorage.getItem('auth') || !!localStorage.getItem('user');\n"[39m +
        [32m"        const isTestMode = localStorage.getItem('test-mode') === 'true';\n"[39m +
        [32m'        return hasAuth || isTestMode;\n'[39m +
        [32m'      }'[39m,
      isFunction: [33mtrue[39m,
      arg: [36m[Object][39m
    },
    boxedStack: [90mundefined[39m,
    steps: [],
    attachmentIndices: [],
    info: TestStepInfoImpl {
      annotations: [],
      _testInfo: [36m[TestInfoImpl][39m,
      _stepId: [32m'pw:api@12'[39m
    },
    complete: [36m[Function: complete][39m,
    endWallTime: [33m1751167943319[39m,
    error: {
      message: [32m"Error: page.evaluate: SecurityError: Failed to read the 'localStorage' property from 'Window': Access is denied for this document.\n"[39m +
        [32m'    at UtilityScript.evaluate (<anonymous>:293:16)\n'[39m +
        [32m'    at UtilityScript.<anonymous> (<anonymous>:1:44)'[39m,
      stack: [32m"Error: page.evaluate: SecurityError: Failed to read the 'localStorage' property from 'Window': Access is denied for this document.\n"[39m +
        [32m'    at UtilityScript.evaluate (<anonymous>:293:16)\n'[39m +
        [32m'    at UtilityScript.<anonymous> (<anonymous>:1:44)\n'[39m +
        [32m'    at UtilityScript.evaluate (<anonymous>:293:16)\n'[39m +
        [32m'    at UtilityScript.<anonymous> (<anonymous>:1:44)\n'[39m +
        [32m'    at TestUtils.isLoggedIn (/mnt/r/Projects/ForkFlow-crm/tests/helpers/testUtils.ts:51:30)\n'[39m +
        [32m'    at /mnt/r/Projects/ForkFlow-crm/tests/organizations/visual-regression.spec.ts:15:23'[39m,
      cause: [90mundefined[39m
    }
  }
}
]]>
</system-err>
</testcase>
<testcase name="Organization Visual Regression Testing › Component Visual Tests › should match form field components" classname="organizations/visual-regression.spec.ts" time="0.713">
<failure message="visual-regression.spec.ts:279:5 should match form field components" type="FAILURE">
<![CDATA[  [chromium] › organizations/visual-regression.spec.ts:279:5 › Organization Visual Regression Testing › Component Visual Tests › should match form field components 

    Error: page.evaluate: SecurityError: Failed to read the 'localStorage' property from 'Window': Access is denied for this document.
        at UtilityScript.evaluate (<anonymous>:293:16)
        at UtilityScript.<anonymous> (<anonymous>:1:44)
        at UtilityScript.evaluate (<anonymous>:293:16)
        at UtilityScript.<anonymous> (<anonymous>:1:44)
        at TestUtils.login (/mnt/r/Projects/ForkFlow-crm/tests/helpers/testUtils.ts:9:38)
        at /mnt/r/Projects/ForkFlow-crm/tests/organizations/visual-regression.spec.ts:16:19

    attachment #1: screenshot (image/png) ──────────────────────────────────────────────────────────
    test-results/organizations-visual-regre-8bc19-match-form-field-components-chromium/test-failed-1.png
    ────────────────────────────────────────────────────────────────────────────────────────────────

    attachment #2: video (video/webm) ──────────────────────────────────────────────────────────────
    test-results/organizations-visual-regre-8bc19-match-form-field-components-chromium/video.webm
    ────────────────────────────────────────────────────────────────────────────────────────────────
]]>
</failure>
<system-out>
<![CDATA[
[[ATTACHMENT|organizations-visual-regre-8bc19-match-form-field-components-chromium/test-failed-1.png]]

[[ATTACHMENT|organizations-visual-regre-8bc19-match-form-field-components-chromium/video.webm]]
]]>
</system-out>
<system-err>
<![CDATA[Error accessing localStorage: page.evaluate: SecurityError: Failed to read the 'localStorage' property from 'Window': Access is denied for this document.
    at UtilityScript.evaluate (<anonymous>:293:16)
    at UtilityScript.<anonymous> (<anonymous>:1:44)
    at TestUtils.isLoggedIn [90m(/mnt/r/Projects/ForkFlow-crm/[39mtests/helpers/testUtils.ts:51:30[90m)[39m
    at [90m/mnt/r/Projects/ForkFlow-crm/[39mtests/organizations/visual-regression.spec.ts:15:23 {
  [[32mSymbol(step)[39m]: {
    stepId: [32m'pw:api@12'[39m,
    location: {
      file: [32m'/mnt/r/Projects/ForkFlow-crm/tests/helpers/testUtils.ts'[39m,
      line: [33m51[39m,
      column: [33m30[39m,
      function: [32m'TestUtils.isLoggedIn'[39m
    },
    category: [32m'pw:api'[39m,
    title: [32m'Evaluate'[39m,
    apiName: [32m'page.evaluate'[39m,
    params: {
      expression: [32m'() => {\n'[39m +
        [32m"        const hasAuth = !!localStorage.getItem('auth') || !!localStorage.getItem('user');\n"[39m +
        [32m"        const isTestMode = localStorage.getItem('test-mode') === 'true';\n"[39m +
        [32m'        return hasAuth || isTestMode;\n'[39m +
        [32m'      }'[39m,
      isFunction: [33mtrue[39m,
      arg: [36m[Object][39m
    },
    boxedStack: [90mundefined[39m,
    steps: [],
    attachmentIndices: [],
    info: TestStepInfoImpl {
      annotations: [],
      _testInfo: [36m[TestInfoImpl][39m,
      _stepId: [32m'pw:api@12'[39m
    },
    complete: [36m[Function: complete][39m,
    endWallTime: [33m1751167945913[39m,
    error: {
      message: [32m"Error: page.evaluate: SecurityError: Failed to read the 'localStorage' property from 'Window': Access is denied for this document.\n"[39m +
        [32m'    at UtilityScript.evaluate (<anonymous>:293:16)\n'[39m +
        [32m'    at UtilityScript.<anonymous> (<anonymous>:1:44)'[39m,
      stack: [32m"Error: page.evaluate: SecurityError: Failed to read the 'localStorage' property from 'Window': Access is denied for this document.\n"[39m +
        [32m'    at UtilityScript.evaluate (<anonymous>:293:16)\n'[39m +
        [32m'    at UtilityScript.<anonymous> (<anonymous>:1:44)\n'[39m +
        [32m'    at UtilityScript.evaluate (<anonymous>:293:16)\n'[39m +
        [32m'    at UtilityScript.<anonymous> (<anonymous>:1:44)\n'[39m +
        [32m'    at TestUtils.isLoggedIn (/mnt/r/Projects/ForkFlow-crm/tests/helpers/testUtils.ts:51:30)\n'[39m +
        [32m'    at /mnt/r/Projects/ForkFlow-crm/tests/organizations/visual-regression.spec.ts:15:23'[39m,
      cause: [90mundefined[39m
    }
  }
}
]]>
</system-err>
</testcase>
<testcase name="Organization Visual Regression Testing › Component Visual Tests › should match dropdown components" classname="organizations/visual-regression.spec.ts" time="0.864">
<failure message="visual-regression.spec.ts:294:5 should match dropdown components" type="FAILURE">
<![CDATA[  [chromium] › organizations/visual-regression.spec.ts:294:5 › Organization Visual Regression Testing › Component Visual Tests › should match dropdown components 

    Error: page.evaluate: SecurityError: Failed to read the 'localStorage' property from 'Window': Access is denied for this document.
        at UtilityScript.evaluate (<anonymous>:293:16)
        at UtilityScript.<anonymous> (<anonymous>:1:44)
        at UtilityScript.evaluate (<anonymous>:293:16)
        at UtilityScript.<anonymous> (<anonymous>:1:44)
        at TestUtils.login (/mnt/r/Projects/ForkFlow-crm/tests/helpers/testUtils.ts:9:38)
        at /mnt/r/Projects/ForkFlow-crm/tests/organizations/visual-regression.spec.ts:16:19

    attachment #1: screenshot (image/png) ──────────────────────────────────────────────────────────
    test-results/organizations-visual-regre-c8b07-d-match-dropdown-components-chromium/test-failed-1.png
    ────────────────────────────────────────────────────────────────────────────────────────────────

    attachment #2: video (video/webm) ──────────────────────────────────────────────────────────────
    test-results/organizations-visual-regre-c8b07-d-match-dropdown-components-chromium/video.webm
    ────────────────────────────────────────────────────────────────────────────────────────────────
]]>
</failure>
<system-out>
<![CDATA[
[[ATTACHMENT|organizations-visual-regre-c8b07-d-match-dropdown-components-chromium/test-failed-1.png]]

[[ATTACHMENT|organizations-visual-regre-c8b07-d-match-dropdown-components-chromium/video.webm]]
]]>
</system-out>
<system-err>
<![CDATA[Error accessing localStorage: page.evaluate: SecurityError: Failed to read the 'localStorage' property from 'Window': Access is denied for this document.
    at UtilityScript.evaluate (<anonymous>:293:16)
    at UtilityScript.<anonymous> (<anonymous>:1:44)
    at TestUtils.isLoggedIn [90m(/mnt/r/Projects/ForkFlow-crm/[39mtests/helpers/testUtils.ts:51:30[90m)[39m
    at [90m/mnt/r/Projects/ForkFlow-crm/[39mtests/organizations/visual-regression.spec.ts:15:23 {
  [[32mSymbol(step)[39m]: {
    stepId: [32m'pw:api@12'[39m,
    location: {
      file: [32m'/mnt/r/Projects/ForkFlow-crm/tests/helpers/testUtils.ts'[39m,
      line: [33m51[39m,
      column: [33m30[39m,
      function: [32m'TestUtils.isLoggedIn'[39m
    },
    category: [32m'pw:api'[39m,
    title: [32m'Evaluate'[39m,
    apiName: [32m'page.evaluate'[39m,
    params: {
      expression: [32m'() => {\n'[39m +
        [32m"        const hasAuth = !!localStorage.getItem('auth') || !!localStorage.getItem('user');\n"[39m +
        [32m"        const isTestMode = localStorage.getItem('test-mode') === 'true';\n"[39m +
        [32m'        return hasAuth || isTestMode;\n'[39m +
        [32m'      }'[39m,
      isFunction: [33mtrue[39m,
      arg: [36m[Object][39m
    },
    boxedStack: [90mundefined[39m,
    steps: [],
    attachmentIndices: [],
    info: TestStepInfoImpl {
      annotations: [],
      _testInfo: [36m[TestInfoImpl][39m,
      _stepId: [32m'pw:api@12'[39m
    },
    complete: [36m[Function: complete][39m,
    endWallTime: [33m1751167955761[39m,
    error: {
      message: [32m"Error: page.evaluate: SecurityError: Failed to read the 'localStorage' property from 'Window': Access is denied for this document.\n"[39m +
        [32m'    at UtilityScript.evaluate (<anonymous>:293:16)\n'[39m +
        [32m'    at UtilityScript.<anonymous> (<anonymous>:1:44)'[39m,
      stack: [32m"Error: page.evaluate: SecurityError: Failed to read the 'localStorage' property from 'Window': Access is denied for this document.\n"[39m +
        [32m'    at UtilityScript.evaluate (<anonymous>:293:16)\n'[39m +
        [32m'    at UtilityScript.<anonymous> (<anonymous>:1:44)\n'[39m +
        [32m'    at UtilityScript.evaluate (<anonymous>:293:16)\n'[39m +
        [32m'    at UtilityScript.<anonymous> (<anonymous>:1:44)\n'[39m +
        [32m'    at TestUtils.isLoggedIn (/mnt/r/Projects/ForkFlow-crm/tests/helpers/testUtils.ts:51:30)\n'[39m +
        [32m'    at /mnt/r/Projects/ForkFlow-crm/tests/organizations/visual-regression.spec.ts:15:23'[39m,
      cause: [90mundefined[39m
    }
  }
}
]]>
</system-err>
</testcase>
<testcase name="Organization Visual Regression Testing › Component Visual Tests › should match notification components" classname="organizations/visual-regression.spec.ts" time="0.707">
<failure message="visual-regression.spec.ts:307:5 should match notification components" type="FAILURE">
<![CDATA[  [chromium] › organizations/visual-regression.spec.ts:307:5 › Organization Visual Regression Testing › Component Visual Tests › should match notification components 

    Error: page.evaluate: SecurityError: Failed to read the 'localStorage' property from 'Window': Access is denied for this document.
        at UtilityScript.evaluate (<anonymous>:293:16)
        at UtilityScript.<anonymous> (<anonymous>:1:44)
        at UtilityScript.evaluate (<anonymous>:293:16)
        at UtilityScript.<anonymous> (<anonymous>:1:44)
        at TestUtils.login (/mnt/r/Projects/ForkFlow-crm/tests/helpers/testUtils.ts:9:38)
        at /mnt/r/Projects/ForkFlow-crm/tests/organizations/visual-regression.spec.ts:16:19

    attachment #1: screenshot (image/png) ──────────────────────────────────────────────────────────
    test-results/organizations-visual-regre-8a0bb-tch-notification-components-chromium/test-failed-1.png
    ────────────────────────────────────────────────────────────────────────────────────────────────

    attachment #2: video (video/webm) ──────────────────────────────────────────────────────────────
    test-results/organizations-visual-regre-8a0bb-tch-notification-components-chromium/video.webm
    ────────────────────────────────────────────────────────────────────────────────────────────────
]]>
</failure>
<system-out>
<![CDATA[
[[ATTACHMENT|organizations-visual-regre-8a0bb-tch-notification-components-chromium/test-failed-1.png]]

[[ATTACHMENT|organizations-visual-regre-8a0bb-tch-notification-components-chromium/video.webm]]
]]>
</system-out>
<system-err>
<![CDATA[Error accessing localStorage: page.evaluate: SecurityError: Failed to read the 'localStorage' property from 'Window': Access is denied for this document.
    at UtilityScript.evaluate (<anonymous>:293:16)
    at UtilityScript.<anonymous> (<anonymous>:1:44)
    at TestUtils.isLoggedIn [90m(/mnt/r/Projects/ForkFlow-crm/[39mtests/helpers/testUtils.ts:51:30[90m)[39m
    at [90m/mnt/r/Projects/ForkFlow-crm/[39mtests/organizations/visual-regression.spec.ts:15:23 {
  [[32mSymbol(step)[39m]: {
    stepId: [32m'pw:api@12'[39m,
    location: {
      file: [32m'/mnt/r/Projects/ForkFlow-crm/tests/helpers/testUtils.ts'[39m,
      line: [33m51[39m,
      column: [33m30[39m,
      function: [32m'TestUtils.isLoggedIn'[39m
    },
    category: [32m'pw:api'[39m,
    title: [32m'Evaluate'[39m,
    apiName: [32m'page.evaluate'[39m,
    params: {
      expression: [32m'() => {\n'[39m +
        [32m"        const hasAuth = !!localStorage.getItem('auth') || !!localStorage.getItem('user');\n"[39m +
        [32m"        const isTestMode = localStorage.getItem('test-mode') === 'true';\n"[39m +
        [32m'        return hasAuth || isTestMode;\n'[39m +
        [32m'      }'[39m,
      isFunction: [33mtrue[39m,
      arg: [36m[Object][39m
    },
    boxedStack: [90mundefined[39m,
    steps: [],
    attachmentIndices: [],
    info: TestStepInfoImpl {
      annotations: [],
      _testInfo: [36m[TestInfoImpl][39m,
      _stepId: [32m'pw:api@12'[39m
    },
    complete: [36m[Function: complete][39m,
    endWallTime: [33m1751167958552[39m,
    error: {
      message: [32m"Error: page.evaluate: SecurityError: Failed to read the 'localStorage' property from 'Window': Access is denied for this document.\n"[39m +
        [32m'    at UtilityScript.evaluate (<anonymous>:293:16)\n'[39m +
        [32m'    at UtilityScript.<anonymous> (<anonymous>:1:44)'[39m,
      stack: [32m"Error: page.evaluate: SecurityError: Failed to read the 'localStorage' property from 'Window': Access is denied for this document.\n"[39m +
        [32m'    at UtilityScript.evaluate (<anonymous>:293:16)\n'[39m +
        [32m'    at UtilityScript.<anonymous> (<anonymous>:1:44)\n'[39m +
        [32m'    at UtilityScript.evaluate (<anonymous>:293:16)\n'[39m +
        [32m'    at UtilityScript.<anonymous> (<anonymous>:1:44)\n'[39m +
        [32m'    at TestUtils.isLoggedIn (/mnt/r/Projects/ForkFlow-crm/tests/helpers/testUtils.ts:51:30)\n'[39m +
        [32m'    at /mnt/r/Projects/ForkFlow-crm/tests/organizations/visual-regression.spec.ts:15:23'[39m,
      cause: [90mundefined[39m
    }
  }
}
]]>
</system-err>
</testcase>
<testcase name="Organization Visual Regression Testing › Theme and Styling Visual Tests › should match light theme appearance" classname="organizations/visual-regression.spec.ts" time="0.686">
<failure message="visual-regression.spec.ts:323:5 should match light theme appearance" type="FAILURE">
<![CDATA[  [chromium] › organizations/visual-regression.spec.ts:323:5 › Organization Visual Regression Testing › Theme and Styling Visual Tests › should match light theme appearance 

    Error: page.evaluate: SecurityError: Failed to read the 'localStorage' property from 'Window': Access is denied for this document.
        at UtilityScript.evaluate (<anonymous>:293:16)
        at UtilityScript.<anonymous> (<anonymous>:1:44)
        at UtilityScript.evaluate (<anonymous>:293:16)
        at UtilityScript.<anonymous> (<anonymous>:1:44)
        at TestUtils.login (/mnt/r/Projects/ForkFlow-crm/tests/helpers/testUtils.ts:9:38)
        at /mnt/r/Projects/ForkFlow-crm/tests/organizations/visual-regression.spec.ts:16:19

    attachment #1: screenshot (image/png) ──────────────────────────────────────────────────────────
    test-results/organizations-visual-regre-f6674-atch-light-theme-appearance-chromium/test-failed-1.png
    ────────────────────────────────────────────────────────────────────────────────────────────────

    attachment #2: video (video/webm) ──────────────────────────────────────────────────────────────
    test-results/organizations-visual-regre-f6674-atch-light-theme-appearance-chromium/video.webm
    ────────────────────────────────────────────────────────────────────────────────────────────────
]]>
</failure>
<system-out>
<![CDATA[
[[ATTACHMENT|organizations-visual-regre-f6674-atch-light-theme-appearance-chromium/test-failed-1.png]]

[[ATTACHMENT|organizations-visual-regre-f6674-atch-light-theme-appearance-chromium/video.webm]]
]]>
</system-out>
<system-err>
<![CDATA[Error accessing localStorage: page.evaluate: SecurityError: Failed to read the 'localStorage' property from 'Window': Access is denied for this document.
    at UtilityScript.evaluate (<anonymous>:293:16)
    at UtilityScript.<anonymous> (<anonymous>:1:44)
    at TestUtils.isLoggedIn [90m(/mnt/r/Projects/ForkFlow-crm/[39mtests/helpers/testUtils.ts:51:30[90m)[39m
    at [90m/mnt/r/Projects/ForkFlow-crm/[39mtests/organizations/visual-regression.spec.ts:15:23 {
  [[32mSymbol(step)[39m]: {
    stepId: [32m'pw:api@12'[39m,
    location: {
      file: [32m'/mnt/r/Projects/ForkFlow-crm/tests/helpers/testUtils.ts'[39m,
      line: [33m51[39m,
      column: [33m30[39m,
      function: [32m'TestUtils.isLoggedIn'[39m
    },
    category: [32m'pw:api'[39m,
    title: [32m'Evaluate'[39m,
    apiName: [32m'page.evaluate'[39m,
    params: {
      expression: [32m'() => {\n'[39m +
        [32m"        const hasAuth = !!localStorage.getItem('auth') || !!localStorage.getItem('user');\n"[39m +
        [32m"        const isTestMode = localStorage.getItem('test-mode') === 'true';\n"[39m +
        [32m'        return hasAuth || isTestMode;\n'[39m +
        [32m'      }'[39m,
      isFunction: [33mtrue[39m,
      arg: [36m[Object][39m
    },
    boxedStack: [90mundefined[39m,
    steps: [],
    attachmentIndices: [],
    info: TestStepInfoImpl {
      annotations: [],
      _testInfo: [36m[TestInfoImpl][39m,
      _stepId: [32m'pw:api@12'[39m
    },
    complete: [36m[Function: complete][39m,
    endWallTime: [33m1751167969226[39m,
    error: {
      message: [32m"Error: page.evaluate: SecurityError: Failed to read the 'localStorage' property from 'Window': Access is denied for this document.\n"[39m +
        [32m'    at UtilityScript.evaluate (<anonymous>:293:16)\n'[39m +
        [32m'    at UtilityScript.<anonymous> (<anonymous>:1:44)'[39m,
      stack: [32m"Error: page.evaluate: SecurityError: Failed to read the 'localStorage' property from 'Window': Access is denied for this document.\n"[39m +
        [32m'    at UtilityScript.evaluate (<anonymous>:293:16)\n'[39m +
        [32m'    at UtilityScript.<anonymous> (<anonymous>:1:44)\n'[39m +
        [32m'    at UtilityScript.evaluate (<anonymous>:293:16)\n'[39m +
        [32m'    at UtilityScript.<anonymous> (<anonymous>:1:44)\n'[39m +
        [32m'    at TestUtils.isLoggedIn (/mnt/r/Projects/ForkFlow-crm/tests/helpers/testUtils.ts:51:30)\n'[39m +
        [32m'    at /mnt/r/Projects/ForkFlow-crm/tests/organizations/visual-regression.spec.ts:15:23'[39m,
      cause: [90mundefined[39m
    }
  }
}
]]>
</system-err>
</testcase>
<testcase name="Organization Visual Regression Testing › Theme and Styling Visual Tests › should match dark theme appearance" classname="organizations/visual-regression.spec.ts" time="0.736">
<failure message="visual-regression.spec.ts:338:5 should match dark theme appearance" type="FAILURE">
<![CDATA[  [chromium] › organizations/visual-regression.spec.ts:338:5 › Organization Visual Regression Testing › Theme and Styling Visual Tests › should match dark theme appearance 

    Error: page.evaluate: SecurityError: Failed to read the 'localStorage' property from 'Window': Access is denied for this document.
        at UtilityScript.evaluate (<anonymous>:293:16)
        at UtilityScript.<anonymous> (<anonymous>:1:44)
        at UtilityScript.evaluate (<anonymous>:293:16)
        at UtilityScript.<anonymous> (<anonymous>:1:44)
        at TestUtils.login (/mnt/r/Projects/ForkFlow-crm/tests/helpers/testUtils.ts:9:38)
        at /mnt/r/Projects/ForkFlow-crm/tests/organizations/visual-regression.spec.ts:16:19

    attachment #1: screenshot (image/png) ──────────────────────────────────────────────────────────
    test-results/organizations-visual-regre-8adf8-match-dark-theme-appearance-chromium/test-failed-1.png
    ────────────────────────────────────────────────────────────────────────────────────────────────

    attachment #2: video (video/webm) ──────────────────────────────────────────────────────────────
    test-results/organizations-visual-regre-8adf8-match-dark-theme-appearance-chromium/video.webm
    ────────────────────────────────────────────────────────────────────────────────────────────────
]]>
</failure>
<system-out>
<![CDATA[
[[ATTACHMENT|organizations-visual-regre-8adf8-match-dark-theme-appearance-chromium/test-failed-1.png]]

[[ATTACHMENT|organizations-visual-regre-8adf8-match-dark-theme-appearance-chromium/video.webm]]
]]>
</system-out>
<system-err>
<![CDATA[Error accessing localStorage: page.evaluate: SecurityError: Failed to read the 'localStorage' property from 'Window': Access is denied for this document.
    at UtilityScript.evaluate (<anonymous>:293:16)
    at UtilityScript.<anonymous> (<anonymous>:1:44)
    at TestUtils.isLoggedIn [90m(/mnt/r/Projects/ForkFlow-crm/[39mtests/helpers/testUtils.ts:51:30[90m)[39m
    at [90m/mnt/r/Projects/ForkFlow-crm/[39mtests/organizations/visual-regression.spec.ts:15:23 {
  [[32mSymbol(step)[39m]: {
    stepId: [32m'pw:api@12'[39m,
    location: {
      file: [32m'/mnt/r/Projects/ForkFlow-crm/tests/helpers/testUtils.ts'[39m,
      line: [33m51[39m,
      column: [33m30[39m,
      function: [32m'TestUtils.isLoggedIn'[39m
    },
    category: [32m'pw:api'[39m,
    title: [32m'Evaluate'[39m,
    apiName: [32m'page.evaluate'[39m,
    params: {
      expression: [32m'() => {\n'[39m +
        [32m"        const hasAuth = !!localStorage.getItem('auth') || !!localStorage.getItem('user');\n"[39m +
        [32m"        const isTestMode = localStorage.getItem('test-mode') === 'true';\n"[39m +
        [32m'        return hasAuth || isTestMode;\n'[39m +
        [32m'      }'[39m,
      isFunction: [33mtrue[39m,
      arg: [36m[Object][39m
    },
    boxedStack: [90mundefined[39m,
    steps: [],
    attachmentIndices: [],
    info: TestStepInfoImpl {
      annotations: [],
      _testInfo: [36m[TestInfoImpl][39m,
      _stepId: [32m'pw:api@12'[39m
    },
    complete: [36m[Function: complete][39m,
    endWallTime: [33m1751167972001[39m,
    error: {
      message: [32m"Error: page.evaluate: SecurityError: Failed to read the 'localStorage' property from 'Window': Access is denied for this document.\n"[39m +
        [32m'    at UtilityScript.evaluate (<anonymous>:293:16)\n'[39m +
        [32m'    at UtilityScript.<anonymous> (<anonymous>:1:44)'[39m,
      stack: [32m"Error: page.evaluate: SecurityError: Failed to read the 'localStorage' property from 'Window': Access is denied for this document.\n"[39m +
        [32m'    at UtilityScript.evaluate (<anonymous>:293:16)\n'[39m +
        [32m'    at UtilityScript.<anonymous> (<anonymous>:1:44)\n'[39m +
        [32m'    at UtilityScript.evaluate (<anonymous>:293:16)\n'[39m +
        [32m'    at UtilityScript.<anonymous> (<anonymous>:1:44)\n'[39m +
        [32m'    at TestUtils.isLoggedIn (/mnt/r/Projects/ForkFlow-crm/tests/helpers/testUtils.ts:51:30)\n'[39m +
        [32m'    at /mnt/r/Projects/ForkFlow-crm/tests/organizations/visual-regression.spec.ts:15:23'[39m,
      cause: [90mundefined[39m
    }
  }
}
]]>
</system-err>
</testcase>
<testcase name="Organization Visual Regression Testing › Theme and Styling Visual Tests › should match high contrast mode" classname="organizations/visual-regression.spec.ts" time="0.697">
<failure message="visual-regression.spec.ts:354:5 should match high contrast mode" type="FAILURE">
<![CDATA[  [chromium] › organizations/visual-regression.spec.ts:354:5 › Organization Visual Regression Testing › Theme and Styling Visual Tests › should match high contrast mode 

    Error: page.evaluate: SecurityError: Failed to read the 'localStorage' property from 'Window': Access is denied for this document.
        at UtilityScript.evaluate (<anonymous>:293:16)
        at UtilityScript.<anonymous> (<anonymous>:1:44)
        at UtilityScript.evaluate (<anonymous>:293:16)
        at UtilityScript.<anonymous> (<anonymous>:1:44)
        at TestUtils.login (/mnt/r/Projects/ForkFlow-crm/tests/helpers/testUtils.ts:9:38)
        at /mnt/r/Projects/ForkFlow-crm/tests/organizations/visual-regression.spec.ts:16:19

    attachment #1: screenshot (image/png) ──────────────────────────────────────────────────────────
    test-results/organizations-visual-regre-3a666-ld-match-high-contrast-mode-chromium/test-failed-1.png
    ────────────────────────────────────────────────────────────────────────────────────────────────

    attachment #2: video (video/webm) ──────────────────────────────────────────────────────────────
    test-results/organizations-visual-regre-3a666-ld-match-high-contrast-mode-chromium/video.webm
    ────────────────────────────────────────────────────────────────────────────────────────────────
]]>
</failure>
<system-out>
<![CDATA[
[[ATTACHMENT|organizations-visual-regre-3a666-ld-match-high-contrast-mode-chromium/test-failed-1.png]]

[[ATTACHMENT|organizations-visual-regre-3a666-ld-match-high-contrast-mode-chromium/video.webm]]
]]>
</system-out>
<system-err>
<![CDATA[Error accessing localStorage: page.evaluate: SecurityError: Failed to read the 'localStorage' property from 'Window': Access is denied for this document.
    at UtilityScript.evaluate (<anonymous>:293:16)
    at UtilityScript.<anonymous> (<anonymous>:1:44)
    at TestUtils.isLoggedIn [90m(/mnt/r/Projects/ForkFlow-crm/[39mtests/helpers/testUtils.ts:51:30[90m)[39m
    at [90m/mnt/r/Projects/ForkFlow-crm/[39mtests/organizations/visual-regression.spec.ts:15:23 {
  [[32mSymbol(step)[39m]: {
    stepId: [32m'pw:api@12'[39m,
    location: {
      file: [32m'/mnt/r/Projects/ForkFlow-crm/tests/helpers/testUtils.ts'[39m,
      line: [33m51[39m,
      column: [33m30[39m,
      function: [32m'TestUtils.isLoggedIn'[39m
    },
    category: [32m'pw:api'[39m,
    title: [32m'Evaluate'[39m,
    apiName: [32m'page.evaluate'[39m,
    params: {
      expression: [32m'() => {\n'[39m +
        [32m"        const hasAuth = !!localStorage.getItem('auth') || !!localStorage.getItem('user');\n"[39m +
        [32m"        const isTestMode = localStorage.getItem('test-mode') === 'true';\n"[39m +
        [32m'        return hasAuth || isTestMode;\n'[39m +
        [32m'      }'[39m,
      isFunction: [33mtrue[39m,
      arg: [36m[Object][39m
    },
    boxedStack: [90mundefined[39m,
    steps: [],
    attachmentIndices: [],
    info: TestStepInfoImpl {
      annotations: [],
      _testInfo: [36m[TestInfoImpl][39m,
      _stepId: [32m'pw:api@12'[39m
    },
    complete: [36m[Function: complete][39m,
    endWallTime: [33m1751167981660[39m,
    error: {
      message: [32m"Error: page.evaluate: SecurityError: Failed to read the 'localStorage' property from 'Window': Access is denied for this document.\n"[39m +
        [32m'    at UtilityScript.evaluate (<anonymous>:293:16)\n'[39m +
        [32m'    at UtilityScript.<anonymous> (<anonymous>:1:44)'[39m,
      stack: [32m"Error: page.evaluate: SecurityError: Failed to read the 'localStorage' property from 'Window': Access is denied for this document.\n"[39m +
        [32m'    at UtilityScript.evaluate (<anonymous>:293:16)\n'[39m +
        [32m'    at UtilityScript.<anonymous> (<anonymous>:1:44)\n'[39m +
        [32m'    at UtilityScript.evaluate (<anonymous>:293:16)\n'[39m +
        [32m'    at UtilityScript.<anonymous> (<anonymous>:1:44)\n'[39m +
        [32m'    at TestUtils.isLoggedIn (/mnt/r/Projects/ForkFlow-crm/tests/helpers/testUtils.ts:51:30)\n'[39m +
        [32m'    at /mnt/r/Projects/ForkFlow-crm/tests/organizations/visual-regression.spec.ts:15:23'[39m,
      cause: [90mundefined[39m
    }
  }
}
]]>
</system-err>
</testcase>
<testcase name="Organization Visual Regression Testing › State Variation Visual Tests › should match loading state" classname="organizations/visual-regression.spec.ts" time="0.704">
<failure message="visual-regression.spec.ts:381:5 should match loading state" type="FAILURE">
<![CDATA[  [chromium] › organizations/visual-regression.spec.ts:381:5 › Organization Visual Regression Testing › State Variation Visual Tests › should match loading state 

    Error: page.evaluate: SecurityError: Failed to read the 'localStorage' property from 'Window': Access is denied for this document.
        at UtilityScript.evaluate (<anonymous>:293:16)
        at UtilityScript.<anonymous> (<anonymous>:1:44)
        at UtilityScript.evaluate (<anonymous>:293:16)
        at UtilityScript.<anonymous> (<anonymous>:1:44)
        at TestUtils.login (/mnt/r/Projects/ForkFlow-crm/tests/helpers/testUtils.ts:9:38)
        at /mnt/r/Projects/ForkFlow-crm/tests/organizations/visual-regression.spec.ts:16:19

    attachment #1: screenshot (image/png) ──────────────────────────────────────────────────────────
    test-results/organizations-visual-regre-42262--should-match-loading-state-chromium/test-failed-1.png
    ────────────────────────────────────────────────────────────────────────────────────────────────

    attachment #2: video (video/webm) ──────────────────────────────────────────────────────────────
    test-results/organizations-visual-regre-42262--should-match-loading-state-chromium/video.webm
    ────────────────────────────────────────────────────────────────────────────────────────────────
]]>
</failure>
<system-out>
<![CDATA[
[[ATTACHMENT|organizations-visual-regre-42262--should-match-loading-state-chromium/test-failed-1.png]]

[[ATTACHMENT|organizations-visual-regre-42262--should-match-loading-state-chromium/video.webm]]
]]>
</system-out>
<system-err>
<![CDATA[Error accessing localStorage: page.evaluate: SecurityError: Failed to read the 'localStorage' property from 'Window': Access is denied for this document.
    at UtilityScript.evaluate (<anonymous>:293:16)
    at UtilityScript.<anonymous> (<anonymous>:1:44)
    at TestUtils.isLoggedIn [90m(/mnt/r/Projects/ForkFlow-crm/[39mtests/helpers/testUtils.ts:51:30[90m)[39m
    at [90m/mnt/r/Projects/ForkFlow-crm/[39mtests/organizations/visual-regression.spec.ts:15:23 {
  [[32mSymbol(step)[39m]: {
    stepId: [32m'pw:api@12'[39m,
    location: {
      file: [32m'/mnt/r/Projects/ForkFlow-crm/tests/helpers/testUtils.ts'[39m,
      line: [33m51[39m,
      column: [33m30[39m,
      function: [32m'TestUtils.isLoggedIn'[39m
    },
    category: [32m'pw:api'[39m,
    title: [32m'Evaluate'[39m,
    apiName: [32m'page.evaluate'[39m,
    params: {
      expression: [32m'() => {\n'[39m +
        [32m"        const hasAuth = !!localStorage.getItem('auth') || !!localStorage.getItem('user');\n"[39m +
        [32m"        const isTestMode = localStorage.getItem('test-mode') === 'true';\n"[39m +
        [32m'        return hasAuth || isTestMode;\n'[39m +
        [32m'      }'[39m,
      isFunction: [33mtrue[39m,
      arg: [36m[Object][39m
    },
    boxedStack: [90mundefined[39m,
    steps: [],
    attachmentIndices: [],
    info: TestStepInfoImpl {
      annotations: [],
      _testInfo: [36m[TestInfoImpl][39m,
      _stepId: [32m'pw:api@12'[39m
    },
    complete: [36m[Function: complete][39m,
    endWallTime: [33m1751167984314[39m,
    error: {
      message: [32m"Error: page.evaluate: SecurityError: Failed to read the 'localStorage' property from 'Window': Access is denied for this document.\n"[39m +
        [32m'    at UtilityScript.evaluate (<anonymous>:293:16)\n'[39m +
        [32m'    at UtilityScript.<anonymous> (<anonymous>:1:44)'[39m,
      stack: [32m"Error: page.evaluate: SecurityError: Failed to read the 'localStorage' property from 'Window': Access is denied for this document.\n"[39m +
        [32m'    at UtilityScript.evaluate (<anonymous>:293:16)\n'[39m +
        [32m'    at UtilityScript.<anonymous> (<anonymous>:1:44)\n'[39m +
        [32m'    at UtilityScript.evaluate (<anonymous>:293:16)\n'[39m +
        [32m'    at UtilityScript.<anonymous> (<anonymous>:1:44)\n'[39m +
        [32m'    at TestUtils.isLoggedIn (/mnt/r/Projects/ForkFlow-crm/tests/helpers/testUtils.ts:51:30)\n'[39m +
        [32m'    at /mnt/r/Projects/ForkFlow-crm/tests/organizations/visual-regression.spec.ts:15:23'[39m,
      cause: [90mundefined[39m
    }
  }
}
]]>
</system-err>
</testcase>
<testcase name="Organization Visual Regression Testing › State Variation Visual Tests › should match error state" classname="organizations/visual-regression.spec.ts" time="0.725">
<failure message="visual-regression.spec.ts:398:5 should match error state" type="FAILURE">
<![CDATA[  [chromium] › organizations/visual-regression.spec.ts:398:5 › Organization Visual Regression Testing › State Variation Visual Tests › should match error state 

    Error: page.evaluate: SecurityError: Failed to read the 'localStorage' property from 'Window': Access is denied for this document.
        at UtilityScript.evaluate (<anonymous>:293:16)
        at UtilityScript.<anonymous> (<anonymous>:1:44)
        at UtilityScript.evaluate (<anonymous>:293:16)
        at UtilityScript.<anonymous> (<anonymous>:1:44)
        at TestUtils.login (/mnt/r/Projects/ForkFlow-crm/tests/helpers/testUtils.ts:9:38)
        at /mnt/r/Projects/ForkFlow-crm/tests/organizations/visual-regression.spec.ts:16:19

    attachment #1: screenshot (image/png) ──────────────────────────────────────────────────────────
    test-results/organizations-visual-regre-7908d-ts-should-match-error-state-chromium/test-failed-1.png
    ────────────────────────────────────────────────────────────────────────────────────────────────

    attachment #2: video (video/webm) ──────────────────────────────────────────────────────────────
    test-results/organizations-visual-regre-7908d-ts-should-match-error-state-chromium/video.webm
    ────────────────────────────────────────────────────────────────────────────────────────────────
]]>
</failure>
<system-out>
<![CDATA[
[[ATTACHMENT|organizations-visual-regre-7908d-ts-should-match-error-state-chromium/test-failed-1.png]]

[[ATTACHMENT|organizations-visual-regre-7908d-ts-should-match-error-state-chromium/video.webm]]
]]>
</system-out>
<system-err>
<![CDATA[Error accessing localStorage: page.evaluate: SecurityError: Failed to read the 'localStorage' property from 'Window': Access is denied for this document.
    at UtilityScript.evaluate (<anonymous>:293:16)
    at UtilityScript.<anonymous> (<anonymous>:1:44)
    at TestUtils.isLoggedIn [90m(/mnt/r/Projects/ForkFlow-crm/[39mtests/helpers/testUtils.ts:51:30[90m)[39m
    at [90m/mnt/r/Projects/ForkFlow-crm/[39mtests/organizations/visual-regression.spec.ts:15:23 {
  [[32mSymbol(step)[39m]: {
    stepId: [32m'pw:api@12'[39m,
    location: {
      file: [32m'/mnt/r/Projects/ForkFlow-crm/tests/helpers/testUtils.ts'[39m,
      line: [33m51[39m,
      column: [33m30[39m,
      function: [32m'TestUtils.isLoggedIn'[39m
    },
    category: [32m'pw:api'[39m,
    title: [32m'Evaluate'[39m,
    apiName: [32m'page.evaluate'[39m,
    params: {
      expression: [32m'() => {\n'[39m +
        [32m"        const hasAuth = !!localStorage.getItem('auth') || !!localStorage.getItem('user');\n"[39m +
        [32m"        const isTestMode = localStorage.getItem('test-mode') === 'true';\n"[39m +
        [32m'        return hasAuth || isTestMode;\n'[39m +
        [32m'      }'[39m,
      isFunction: [33mtrue[39m,
      arg: [36m[Object][39m
    },
    boxedStack: [90mundefined[39m,
    steps: [],
    attachmentIndices: [],
    info: TestStepInfoImpl {
      annotations: [],
      _testInfo: [36m[TestInfoImpl][39m,
      _stepId: [32m'pw:api@12'[39m
    },
    complete: [36m[Function: complete][39m,
    endWallTime: [33m1751167993834[39m,
    error: {
      message: [32m"Error: page.evaluate: SecurityError: Failed to read the 'localStorage' property from 'Window': Access is denied for this document.\n"[39m +
        [32m'    at UtilityScript.evaluate (<anonymous>:293:16)\n'[39m +
        [32m'    at UtilityScript.<anonymous> (<anonymous>:1:44)'[39m,
      stack: [32m"Error: page.evaluate: SecurityError: Failed to read the 'localStorage' property from 'Window': Access is denied for this document.\n"[39m +
        [32m'    at UtilityScript.evaluate (<anonymous>:293:16)\n'[39m +
        [32m'    at UtilityScript.<anonymous> (<anonymous>:1:44)\n'[39m +
        [32m'    at UtilityScript.evaluate (<anonymous>:293:16)\n'[39m +
        [32m'    at UtilityScript.<anonymous> (<anonymous>:1:44)\n'[39m +
        [32m'    at TestUtils.isLoggedIn (/mnt/r/Projects/ForkFlow-crm/tests/helpers/testUtils.ts:51:30)\n'[39m +
        [32m'    at /mnt/r/Projects/ForkFlow-crm/tests/organizations/visual-regression.spec.ts:15:23'[39m,
      cause: [90mundefined[39m
    }
  }
}
]]>
</system-err>
</testcase>
<testcase name="Organization Visual Regression Testing › State Variation Visual Tests › should match disabled state for form elements" classname="organizations/visual-regression.spec.ts" time="0.668">
<failure message="visual-regression.spec.ts:419:5 should match disabled state for form elements" type="FAILURE">
<![CDATA[  [chromium] › organizations/visual-regression.spec.ts:419:5 › Organization Visual Regression Testing › State Variation Visual Tests › should match disabled state for form elements 

    Error: page.evaluate: SecurityError: Failed to read the 'localStorage' property from 'Window': Access is denied for this document.
        at UtilityScript.evaluate (<anonymous>:293:16)
        at UtilityScript.<anonymous> (<anonymous>:1:44)
        at UtilityScript.evaluate (<anonymous>:293:16)
        at UtilityScript.<anonymous> (<anonymous>:1:44)
        at TestUtils.login (/mnt/r/Projects/ForkFlow-crm/tests/helpers/testUtils.ts:9:38)
        at /mnt/r/Projects/ForkFlow-crm/tests/organizations/visual-regression.spec.ts:16:19

    attachment #1: screenshot (image/png) ──────────────────────────────────────────────────────────
    test-results/organizations-visual-regre-0e3fd-led-state-for-form-elements-chromium/test-failed-1.png
    ────────────────────────────────────────────────────────────────────────────────────────────────

    attachment #2: video (video/webm) ──────────────────────────────────────────────────────────────
    test-results/organizations-visual-regre-0e3fd-led-state-for-form-elements-chromium/video.webm
    ────────────────────────────────────────────────────────────────────────────────────────────────
]]>
</failure>
<system-out>
<![CDATA[
[[ATTACHMENT|organizations-visual-regre-0e3fd-led-state-for-form-elements-chromium/test-failed-1.png]]

[[ATTACHMENT|organizations-visual-regre-0e3fd-led-state-for-form-elements-chromium/video.webm]]
]]>
</system-out>
<system-err>
<![CDATA[Error accessing localStorage: page.evaluate: SecurityError: Failed to read the 'localStorage' property from 'Window': Access is denied for this document.
    at UtilityScript.evaluate (<anonymous>:293:16)
    at UtilityScript.<anonymous> (<anonymous>:1:44)
    at TestUtils.isLoggedIn [90m(/mnt/r/Projects/ForkFlow-crm/[39mtests/helpers/testUtils.ts:51:30[90m)[39m
    at [90m/mnt/r/Projects/ForkFlow-crm/[39mtests/organizations/visual-regression.spec.ts:15:23 {
  [[32mSymbol(step)[39m]: {
    stepId: [32m'pw:api@12'[39m,
    location: {
      file: [32m'/mnt/r/Projects/ForkFlow-crm/tests/helpers/testUtils.ts'[39m,
      line: [33m51[39m,
      column: [33m30[39m,
      function: [32m'TestUtils.isLoggedIn'[39m
    },
    category: [32m'pw:api'[39m,
    title: [32m'Evaluate'[39m,
    apiName: [32m'page.evaluate'[39m,
    params: {
      expression: [32m'() => {\n'[39m +
        [32m"        const hasAuth = !!localStorage.getItem('auth') || !!localStorage.getItem('user');\n"[39m +
        [32m"        const isTestMode = localStorage.getItem('test-mode') === 'true';\n"[39m +
        [32m'        return hasAuth || isTestMode;\n'[39m +
        [32m'      }'[39m,
      isFunction: [33mtrue[39m,
      arg: [36m[Object][39m
    },
    boxedStack: [90mundefined[39m,
    steps: [],
    attachmentIndices: [],
    info: TestStepInfoImpl {
      annotations: [],
      _testInfo: [36m[TestInfoImpl][39m,
      _stepId: [32m'pw:api@12'[39m
    },
    complete: [36m[Function: complete][39m,
    endWallTime: [33m1751167996820[39m,
    error: {
      message: [32m"Error: page.evaluate: SecurityError: Failed to read the 'localStorage' property from 'Window': Access is denied for this document.\n"[39m +
        [32m'    at UtilityScript.evaluate (<anonymous>:293:16)\n'[39m +
        [32m'    at UtilityScript.<anonymous> (<anonymous>:1:44)'[39m,
      stack: [32m"Error: page.evaluate: SecurityError: Failed to read the 'localStorage' property from 'Window': Access is denied for this document.\n"[39m +
        [32m'    at UtilityScript.evaluate (<anonymous>:293:16)\n'[39m +
        [32m'    at UtilityScript.<anonymous> (<anonymous>:1:44)\n'[39m +
        [32m'    at UtilityScript.evaluate (<anonymous>:293:16)\n'[39m +
        [32m'    at UtilityScript.<anonymous> (<anonymous>:1:44)\n'[39m +
        [32m'    at TestUtils.isLoggedIn (/mnt/r/Projects/ForkFlow-crm/tests/helpers/testUtils.ts:51:30)\n'[39m +
        [32m'    at /mnt/r/Projects/ForkFlow-crm/tests/organizations/visual-regression.spec.ts:15:23'[39m,
      cause: [90mundefined[39m
    }
  }
}
]]>
</system-err>
</testcase>
<testcase name="Organization Visual Regression Testing › Interaction State Visual Tests › should match hover states" classname="organizations/visual-regression.spec.ts" time="0.682">
<failure message="visual-regression.spec.ts:442:5 should match hover states" type="FAILURE">
<![CDATA[  [chromium] › organizations/visual-regression.spec.ts:442:5 › Organization Visual Regression Testing › Interaction State Visual Tests › should match hover states 

    Error: page.evaluate: SecurityError: Failed to read the 'localStorage' property from 'Window': Access is denied for this document.
        at UtilityScript.evaluate (<anonymous>:293:16)
        at UtilityScript.<anonymous> (<anonymous>:1:44)
        at UtilityScript.evaluate (<anonymous>:293:16)
        at UtilityScript.<anonymous> (<anonymous>:1:44)
        at TestUtils.login (/mnt/r/Projects/ForkFlow-crm/tests/helpers/testUtils.ts:9:38)
        at /mnt/r/Projects/ForkFlow-crm/tests/organizations/visual-regression.spec.ts:16:19

    attachment #1: screenshot (image/png) ──────────────────────────────────────────────────────────
    test-results/organizations-visual-regre-f2de4-s-should-match-hover-states-chromium/test-failed-1.png
    ────────────────────────────────────────────────────────────────────────────────────────────────

    attachment #2: video (video/webm) ──────────────────────────────────────────────────────────────
    test-results/organizations-visual-regre-f2de4-s-should-match-hover-states-chromium/video.webm
    ────────────────────────────────────────────────────────────────────────────────────────────────
]]>
</failure>
<system-out>
<![CDATA[
[[ATTACHMENT|organizations-visual-regre-f2de4-s-should-match-hover-states-chromium/test-failed-1.png]]

[[ATTACHMENT|organizations-visual-regre-f2de4-s-should-match-hover-states-chromium/video.webm]]
]]>
</system-out>
<system-err>
<![CDATA[Error accessing localStorage: page.evaluate: SecurityError: Failed to read the 'localStorage' property from 'Window': Access is denied for this document.
    at UtilityScript.evaluate (<anonymous>:293:16)
    at UtilityScript.<anonymous> (<anonymous>:1:44)
    at TestUtils.isLoggedIn [90m(/mnt/r/Projects/ForkFlow-crm/[39mtests/helpers/testUtils.ts:51:30[90m)[39m
    at [90m/mnt/r/Projects/ForkFlow-crm/[39mtests/organizations/visual-regression.spec.ts:15:23 {
  [[32mSymbol(step)[39m]: {
    stepId: [32m'pw:api@12'[39m,
    location: {
      file: [32m'/mnt/r/Projects/ForkFlow-crm/tests/helpers/testUtils.ts'[39m,
      line: [33m51[39m,
      column: [33m30[39m,
      function: [32m'TestUtils.isLoggedIn'[39m
    },
    category: [32m'pw:api'[39m,
    title: [32m'Evaluate'[39m,
    apiName: [32m'page.evaluate'[39m,
    params: {
      expression: [32m'() => {\n'[39m +
        [32m"        const hasAuth = !!localStorage.getItem('auth') || !!localStorage.getItem('user');\n"[39m +
        [32m"        const isTestMode = localStorage.getItem('test-mode') === 'true';\n"[39m +
        [32m'        return hasAuth || isTestMode;\n'[39m +
        [32m'      }'[39m,
      isFunction: [33mtrue[39m,
      arg: [36m[Object][39m
    },
    boxedStack: [90mundefined[39m,
    steps: [],
    attachmentIndices: [],
    info: TestStepInfoImpl {
      annotations: [],
      _testInfo: [36m[TestInfoImpl][39m,
      _stepId: [32m'pw:api@12'[39m
    },
    complete: [36m[Function: complete][39m,
    endWallTime: [33m1751168006838[39m,
    error: {
      message: [32m"Error: page.evaluate: SecurityError: Failed to read the 'localStorage' property from 'Window': Access is denied for this document.\n"[39m +
        [32m'    at UtilityScript.evaluate (<anonymous>:293:16)\n'[39m +
        [32m'    at UtilityScript.<anonymous> (<anonymous>:1:44)'[39m,
      stack: [32m"Error: page.evaluate: SecurityError: Failed to read the 'localStorage' property from 'Window': Access is denied for this document.\n"[39m +
        [32m'    at UtilityScript.evaluate (<anonymous>:293:16)\n'[39m +
        [32m'    at UtilityScript.<anonymous> (<anonymous>:1:44)\n'[39m +
        [32m'    at UtilityScript.evaluate (<anonymous>:293:16)\n'[39m +
        [32m'    at UtilityScript.<anonymous> (<anonymous>:1:44)\n'[39m +
        [32m'    at TestUtils.isLoggedIn (/mnt/r/Projects/ForkFlow-crm/tests/helpers/testUtils.ts:51:30)\n'[39m +
        [32m'    at /mnt/r/Projects/ForkFlow-crm/tests/organizations/visual-regression.spec.ts:15:23'[39m,
      cause: [90mundefined[39m
    }
  }
}
]]>
</system-err>
</testcase>
<testcase name="Organization Visual Regression Testing › Interaction State Visual Tests › should match focus states" classname="organizations/visual-regression.spec.ts" time="0.671">
<failure message="visual-regression.spec.ts:455:5 should match focus states" type="FAILURE">
<![CDATA[  [chromium] › organizations/visual-regression.spec.ts:455:5 › Organization Visual Regression Testing › Interaction State Visual Tests › should match focus states 

    Error: page.evaluate: SecurityError: Failed to read the 'localStorage' property from 'Window': Access is denied for this document.
        at UtilityScript.evaluate (<anonymous>:293:16)
        at UtilityScript.<anonymous> (<anonymous>:1:44)
        at UtilityScript.evaluate (<anonymous>:293:16)
        at UtilityScript.<anonymous> (<anonymous>:1:44)
        at TestUtils.login (/mnt/r/Projects/ForkFlow-crm/tests/helpers/testUtils.ts:9:38)
        at /mnt/r/Projects/ForkFlow-crm/tests/organizations/visual-regression.spec.ts:16:19

    attachment #1: screenshot (image/png) ──────────────────────────────────────────────────────────
    test-results/organizations-visual-regre-51b80-s-should-match-focus-states-chromium/test-failed-1.png
    ────────────────────────────────────────────────────────────────────────────────────────────────

    attachment #2: video (video/webm) ──────────────────────────────────────────────────────────────
    test-results/organizations-visual-regre-51b80-s-should-match-focus-states-chromium/video.webm
    ────────────────────────────────────────────────────────────────────────────────────────────────
]]>
</failure>
<system-out>
<![CDATA[
[[ATTACHMENT|organizations-visual-regre-51b80-s-should-match-focus-states-chromium/test-failed-1.png]]

[[ATTACHMENT|organizations-visual-regre-51b80-s-should-match-focus-states-chromium/video.webm]]
]]>
</system-out>
<system-err>
<![CDATA[Error accessing localStorage: page.evaluate: SecurityError: Failed to read the 'localStorage' property from 'Window': Access is denied for this document.
    at UtilityScript.evaluate (<anonymous>:293:16)
    at UtilityScript.<anonymous> (<anonymous>:1:44)
    at TestUtils.isLoggedIn [90m(/mnt/r/Projects/ForkFlow-crm/[39mtests/helpers/testUtils.ts:51:30[90m)[39m
    at [90m/mnt/r/Projects/ForkFlow-crm/[39mtests/organizations/visual-regression.spec.ts:15:23 {
  [[32mSymbol(step)[39m]: {
    stepId: [32m'pw:api@12'[39m,
    location: {
      file: [32m'/mnt/r/Projects/ForkFlow-crm/tests/helpers/testUtils.ts'[39m,
      line: [33m51[39m,
      column: [33m30[39m,
      function: [32m'TestUtils.isLoggedIn'[39m
    },
    category: [32m'pw:api'[39m,
    title: [32m'Evaluate'[39m,
    apiName: [32m'page.evaluate'[39m,
    params: {
      expression: [32m'() => {\n'[39m +
        [32m"        const hasAuth = !!localStorage.getItem('auth') || !!localStorage.getItem('user');\n"[39m +
        [32m"        const isTestMode = localStorage.getItem('test-mode') === 'true';\n"[39m +
        [32m'        return hasAuth || isTestMode;\n'[39m +
        [32m'      }'[39m,
      isFunction: [33mtrue[39m,
      arg: [36m[Object][39m
    },
    boxedStack: [90mundefined[39m,
    steps: [],
    attachmentIndices: [],
    info: TestStepInfoImpl {
      annotations: [],
      _testInfo: [36m[TestInfoImpl][39m,
      _stepId: [32m'pw:api@12'[39m
    },
    complete: [36m[Function: complete][39m,
    endWallTime: [33m1751168009555[39m,
    error: {
      message: [32m"Error: page.evaluate: SecurityError: Failed to read the 'localStorage' property from 'Window': Access is denied for this document.\n"[39m +
        [32m'    at UtilityScript.evaluate (<anonymous>:293:16)\n'[39m +
        [32m'    at UtilityScript.<anonymous> (<anonymous>:1:44)'[39m,
      stack: [32m"Error: page.evaluate: SecurityError: Failed to read the 'localStorage' property from 'Window': Access is denied for this document.\n"[39m +
        [32m'    at UtilityScript.evaluate (<anonymous>:293:16)\n'[39m +
        [32m'    at UtilityScript.<anonymous> (<anonymous>:1:44)\n'[39m +
        [32m'    at UtilityScript.evaluate (<anonymous>:293:16)\n'[39m +
        [32m'    at UtilityScript.<anonymous> (<anonymous>:1:44)\n'[39m +
        [32m'    at TestUtils.isLoggedIn (/mnt/r/Projects/ForkFlow-crm/tests/helpers/testUtils.ts:51:30)\n'[39m +
        [32m'    at /mnt/r/Projects/ForkFlow-crm/tests/organizations/visual-regression.spec.ts:15:23'[39m,
      cause: [90mundefined[39m
    }
  }
}
]]>
</system-err>
</testcase>
<testcase name="Organization Visual Regression Testing › Interaction State Visual Tests › should match selected states" classname="organizations/visual-regression.spec.ts" time="0.729">
<failure message="visual-regression.spec.ts:467:5 should match selected states" type="FAILURE">
<![CDATA[  [chromium] › organizations/visual-regression.spec.ts:467:5 › Organization Visual Regression Testing › Interaction State Visual Tests › should match selected states 

    Error: page.evaluate: SecurityError: Failed to read the 'localStorage' property from 'Window': Access is denied for this document.
        at UtilityScript.evaluate (<anonymous>:293:16)
        at UtilityScript.<anonymous> (<anonymous>:1:44)
        at UtilityScript.evaluate (<anonymous>:293:16)
        at UtilityScript.<anonymous> (<anonymous>:1:44)
        at TestUtils.login (/mnt/r/Projects/ForkFlow-crm/tests/helpers/testUtils.ts:9:38)
        at /mnt/r/Projects/ForkFlow-crm/tests/organizations/visual-regression.spec.ts:16:19

    attachment #1: screenshot (image/png) ──────────────────────────────────────────────────────────
    test-results/organizations-visual-regre-ae878-hould-match-selected-states-chromium/test-failed-1.png
    ────────────────────────────────────────────────────────────────────────────────────────────────

    attachment #2: video (video/webm) ──────────────────────────────────────────────────────────────
    test-results/organizations-visual-regre-ae878-hould-match-selected-states-chromium/video.webm
    ────────────────────────────────────────────────────────────────────────────────────────────────
]]>
</failure>
<system-out>
<![CDATA[
[[ATTACHMENT|organizations-visual-regre-ae878-hould-match-selected-states-chromium/test-failed-1.png]]

[[ATTACHMENT|organizations-visual-regre-ae878-hould-match-selected-states-chromium/video.webm]]
]]>
</system-out>
<system-err>
<![CDATA[Error accessing localStorage: page.evaluate: SecurityError: Failed to read the 'localStorage' property from 'Window': Access is denied for this document.
    at UtilityScript.evaluate (<anonymous>:293:16)
    at UtilityScript.<anonymous> (<anonymous>:1:44)
    at TestUtils.isLoggedIn [90m(/mnt/r/Projects/ForkFlow-crm/[39mtests/helpers/testUtils.ts:51:30[90m)[39m
    at [90m/mnt/r/Projects/ForkFlow-crm/[39mtests/organizations/visual-regression.spec.ts:15:23 {
  [[32mSymbol(step)[39m]: {
    stepId: [32m'pw:api@12'[39m,
    location: {
      file: [32m'/mnt/r/Projects/ForkFlow-crm/tests/helpers/testUtils.ts'[39m,
      line: [33m51[39m,
      column: [33m30[39m,
      function: [32m'TestUtils.isLoggedIn'[39m
    },
    category: [32m'pw:api'[39m,
    title: [32m'Evaluate'[39m,
    apiName: [32m'page.evaluate'[39m,
    params: {
      expression: [32m'() => {\n'[39m +
        [32m"        const hasAuth = !!localStorage.getItem('auth') || !!localStorage.getItem('user');\n"[39m +
        [32m"        const isTestMode = localStorage.getItem('test-mode') === 'true';\n"[39m +
        [32m'        return hasAuth || isTestMode;\n'[39m +
        [32m'      }'[39m,
      isFunction: [33mtrue[39m,
      arg: [36m[Object][39m
    },
    boxedStack: [90mundefined[39m,
    steps: [],
    attachmentIndices: [],
    info: TestStepInfoImpl {
      annotations: [],
      _testInfo: [36m[TestInfoImpl][39m,
      _stepId: [32m'pw:api@12'[39m
    },
    complete: [36m[Function: complete][39m,
    endWallTime: [33m1751168019098[39m,
    error: {
      message: [32m"Error: page.evaluate: SecurityError: Failed to read the 'localStorage' property from 'Window': Access is denied for this document.\n"[39m +
        [32m'    at UtilityScript.evaluate (<anonymous>:293:16)\n'[39m +
        [32m'    at UtilityScript.<anonymous> (<anonymous>:1:44)'[39m,
      stack: [32m"Error: page.evaluate: SecurityError: Failed to read the 'localStorage' property from 'Window': Access is denied for this document.\n"[39m +
        [32m'    at UtilityScript.evaluate (<anonymous>:293:16)\n'[39m +
        [32m'    at UtilityScript.<anonymous> (<anonymous>:1:44)\n'[39m +
        [32m'    at UtilityScript.evaluate (<anonymous>:293:16)\n'[39m +
        [32m'    at UtilityScript.<anonymous> (<anonymous>:1:44)\n'[39m +
        [32m'    at TestUtils.isLoggedIn (/mnt/r/Projects/ForkFlow-crm/tests/helpers/testUtils.ts:51:30)\n'[39m +
        [32m'    at /mnt/r/Projects/ForkFlow-crm/tests/organizations/visual-regression.spec.ts:15:23'[39m,
      cause: [90mundefined[39m
    }
  }
}
]]>
</system-err>
</testcase>
<testcase name="Organization Visual Regression Testing › Cross-Browser Visual Consistency › should render consistently across viewport sizes" classname="organizations/visual-regression.spec.ts" time="0.714">
<failure message="visual-regression.spec.ts:486:5 should render consistently across viewport sizes" type="FAILURE">
<![CDATA[  [chromium] › organizations/visual-regression.spec.ts:486:5 › Organization Visual Regression Testing › Cross-Browser Visual Consistency › should render consistently across viewport sizes 

    Error: page.evaluate: SecurityError: Failed to read the 'localStorage' property from 'Window': Access is denied for this document.
        at UtilityScript.evaluate (<anonymous>:293:16)
        at UtilityScript.<anonymous> (<anonymous>:1:44)
        at UtilityScript.evaluate (<anonymous>:293:16)
        at UtilityScript.<anonymous> (<anonymous>:1:44)
        at TestUtils.login (/mnt/r/Projects/ForkFlow-crm/tests/helpers/testUtils.ts:9:38)
        at /mnt/r/Projects/ForkFlow-crm/tests/organizations/visual-regression.spec.ts:16:19

    attachment #1: screenshot (image/png) ──────────────────────────────────────────────────────────
    test-results/organizations-visual-regre-b0df9-ently-across-viewport-sizes-chromium/test-failed-1.png
    ────────────────────────────────────────────────────────────────────────────────────────────────

    attachment #2: video (video/webm) ──────────────────────────────────────────────────────────────
    test-results/organizations-visual-regre-b0df9-ently-across-viewport-sizes-chromium/video.webm
    ────────────────────────────────────────────────────────────────────────────────────────────────
]]>
</failure>
<system-out>
<![CDATA[
[[ATTACHMENT|organizations-visual-regre-b0df9-ently-across-viewport-sizes-chromium/test-failed-1.png]]

[[ATTACHMENT|organizations-visual-regre-b0df9-ently-across-viewport-sizes-chromium/video.webm]]
]]>
</system-out>
<system-err>
<![CDATA[Error accessing localStorage: page.evaluate: SecurityError: Failed to read the 'localStorage' property from 'Window': Access is denied for this document.
    at UtilityScript.evaluate (<anonymous>:293:16)
    at UtilityScript.<anonymous> (<anonymous>:1:44)
    at TestUtils.isLoggedIn [90m(/mnt/r/Projects/ForkFlow-crm/[39mtests/helpers/testUtils.ts:51:30[90m)[39m
    at [90m/mnt/r/Projects/ForkFlow-crm/[39mtests/organizations/visual-regression.spec.ts:15:23 {
  [[32mSymbol(step)[39m]: {
    stepId: [32m'pw:api@12'[39m,
    location: {
      file: [32m'/mnt/r/Projects/ForkFlow-crm/tests/helpers/testUtils.ts'[39m,
      line: [33m51[39m,
      column: [33m30[39m,
      function: [32m'TestUtils.isLoggedIn'[39m
    },
    category: [32m'pw:api'[39m,
    title: [32m'Evaluate'[39m,
    apiName: [32m'page.evaluate'[39m,
    params: {
      expression: [32m'() => {\n'[39m +
        [32m"        const hasAuth = !!localStorage.getItem('auth') || !!localStorage.getItem('user');\n"[39m +
        [32m"        const isTestMode = localStorage.getItem('test-mode') === 'true';\n"[39m +
        [32m'        return hasAuth || isTestMode;\n'[39m +
        [32m'      }'[39m,
      isFunction: [33mtrue[39m,
      arg: [36m[Object][39m
    },
    boxedStack: [90mundefined[39m,
    steps: [],
    attachmentIndices: [],
    info: TestStepInfoImpl {
      annotations: [],
      _testInfo: [36m[TestInfoImpl][39m,
      _stepId: [32m'pw:api@12'[39m
    },
    complete: [36m[Function: complete][39m,
    endWallTime: [33m1751168021863[39m,
    error: {
      message: [32m"Error: page.evaluate: SecurityError: Failed to read the 'localStorage' property from 'Window': Access is denied for this document.\n"[39m +
        [32m'    at UtilityScript.evaluate (<anonymous>:293:16)\n'[39m +
        [32m'    at UtilityScript.<anonymous> (<anonymous>:1:44)'[39m,
      stack: [32m"Error: page.evaluate: SecurityError: Failed to read the 'localStorage' property from 'Window': Access is denied for this document.\n"[39m +
        [32m'    at UtilityScript.evaluate (<anonymous>:293:16)\n'[39m +
        [32m'    at UtilityScript.<anonymous> (<anonymous>:1:44)\n'[39m +
        [32m'    at UtilityScript.evaluate (<anonymous>:293:16)\n'[39m +
        [32m'    at UtilityScript.<anonymous> (<anonymous>:1:44)\n'[39m +
        [32m'    at TestUtils.isLoggedIn (/mnt/r/Projects/ForkFlow-crm/tests/helpers/testUtils.ts:51:30)\n'[39m +
        [32m'    at /mnt/r/Projects/ForkFlow-crm/tests/organizations/visual-regression.spec.ts:15:23'[39m,
      cause: [90mundefined[39m
    }
  }
}
]]>
</system-err>
</testcase>
</testsuite>
<testsuite name="responsive/mobile-interaction.spec.ts" timestamp="2025-06-29T03:15:12.290Z" hostname="chromium" tests="4" failures="4" skipped="0" time="2.818" errors="0">
<testcase name="Mobile Responsive - Interactions › should display touch-friendly buttons (44px minimum)" classname="responsive/mobile-interaction.spec.ts" time="0.705">
<failure message="mobile-interaction.spec.ts:21:3 should display touch-friendly buttons (44px minimum)" type="FAILURE">
<![CDATA[  [chromium] › responsive/mobile-interaction.spec.ts:21:3 › Mobile Responsive - Interactions › should display touch-friendly buttons (44px minimum) 

    Error: page.evaluate: SecurityError: Failed to read the 'localStorage' property from 'Window': Access is denied for this document.
        at UtilityScript.evaluate (<anonymous>:293:16)
        at UtilityScript.<anonymous> (<anonymous>:1:44)
        at UtilityScript.evaluate (<anonymous>:293:16)
        at UtilityScript.<anonymous> (<anonymous>:1:44)
        at TestUtils.seedTestData (/mnt/r/Projects/ForkFlow-crm/tests/helpers/testUtils.ts:364:21)
        at /mnt/r/Projects/ForkFlow-crm/tests/responsive/mobile-interaction.spec.ts:13:17

    attachment #1: screenshot (image/png) ──────────────────────────────────────────────────────────
    test-results/responsive-mobile-interact-57fc7-endly-buttons-44px-minimum--chromium/test-failed-1.png
    ────────────────────────────────────────────────────────────────────────────────────────────────

    attachment #2: video (video/webm) ──────────────────────────────────────────────────────────────
    test-results/responsive-mobile-interact-57fc7-endly-buttons-44px-minimum--chromium/video.webm
    ────────────────────────────────────────────────────────────────────────────────────────────────
]]>
</failure>
<system-out>
<![CDATA[
[[ATTACHMENT|responsive-mobile-interact-57fc7-endly-buttons-44px-minimum--chromium/test-failed-1.png]]

[[ATTACHMENT|responsive-mobile-interact-57fc7-endly-buttons-44px-minimum--chromium/video.webm]]
]]>
</system-out>
</testcase>
<testcase name="Mobile Responsive - Interactions › should be readable on mobile viewport" classname="responsive/mobile-interaction.spec.ts" time="0.697">
<failure message="mobile-interaction.spec.ts:47:3 should be readable on mobile viewport" type="FAILURE">
<![CDATA[  [chromium] › responsive/mobile-interaction.spec.ts:47:3 › Mobile Responsive - Interactions › should be readable on mobile viewport 

    Error: page.evaluate: SecurityError: Failed to read the 'localStorage' property from 'Window': Access is denied for this document.
        at UtilityScript.evaluate (<anonymous>:293:16)
        at UtilityScript.<anonymous> (<anonymous>:1:44)
        at UtilityScript.evaluate (<anonymous>:293:16)
        at UtilityScript.<anonymous> (<anonymous>:1:44)
        at TestUtils.seedTestData (/mnt/r/Projects/ForkFlow-crm/tests/helpers/testUtils.ts:364:21)
        at /mnt/r/Projects/ForkFlow-crm/tests/responsive/mobile-interaction.spec.ts:13:17

    attachment #1: screenshot (image/png) ──────────────────────────────────────────────────────────
    test-results/responsive-mobile-interact-87f57-readable-on-mobile-viewport-chromium/test-failed-1.png
    ────────────────────────────────────────────────────────────────────────────────────────────────

    attachment #2: video (video/webm) ──────────────────────────────────────────────────────────────
    test-results/responsive-mobile-interact-87f57-readable-on-mobile-viewport-chromium/video.webm
    ────────────────────────────────────────────────────────────────────────────────────────────────
]]>
</failure>
<system-out>
<![CDATA[
[[ATTACHMENT|responsive-mobile-interact-87f57-readable-on-mobile-viewport-chromium/test-failed-1.png]]

[[ATTACHMENT|responsive-mobile-interact-87f57-readable-on-mobile-viewport-chromium/video.webm]]
]]>
</system-out>
</testcase>
<testcase name="Mobile Responsive - Interactions › should handle mobile viewport correctly" classname="responsive/mobile-interaction.spec.ts" time="0.716">
<failure message="mobile-interaction.spec.ts:61:3 should handle mobile viewport correctly" type="FAILURE">
<![CDATA[  [chromium] › responsive/mobile-interaction.spec.ts:61:3 › Mobile Responsive - Interactions › should handle mobile viewport correctly 

    Error: page.evaluate: SecurityError: Failed to read the 'localStorage' property from 'Window': Access is denied for this document.
        at UtilityScript.evaluate (<anonymous>:293:16)
        at UtilityScript.<anonymous> (<anonymous>:1:44)
        at UtilityScript.evaluate (<anonymous>:293:16)
        at UtilityScript.<anonymous> (<anonymous>:1:44)
        at TestUtils.seedTestData (/mnt/r/Projects/ForkFlow-crm/tests/helpers/testUtils.ts:364:21)
        at /mnt/r/Projects/ForkFlow-crm/tests/responsive/mobile-interaction.spec.ts:13:17

    attachment #1: screenshot (image/png) ──────────────────────────────────────────────────────────
    test-results/responsive-mobile-interact-55bc6-e-mobile-viewport-correctly-chromium/test-failed-1.png
    ────────────────────────────────────────────────────────────────────────────────────────────────

    attachment #2: video (video/webm) ──────────────────────────────────────────────────────────────
    test-results/responsive-mobile-interact-55bc6-e-mobile-viewport-correctly-chromium/video.webm
    ────────────────────────────────────────────────────────────────────────────────────────────────
]]>
</failure>
<system-out>
<![CDATA[
[[ATTACHMENT|responsive-mobile-interact-55bc6-e-mobile-viewport-correctly-chromium/test-failed-1.png]]

[[ATTACHMENT|responsive-mobile-interact-55bc6-e-mobile-viewport-correctly-chromium/video.webm]]
]]>
</system-out>
</testcase>
<testcase name="Mobile Responsive - Interactions › should support gesture navigation" classname="responsive/mobile-interaction.spec.ts" time="0.7">
<failure message="mobile-interaction.spec.ts:73:3 should support gesture navigation" type="FAILURE">
<![CDATA[  [chromium] › responsive/mobile-interaction.spec.ts:73:3 › Mobile Responsive - Interactions › should support gesture navigation 

    Error: page.evaluate: SecurityError: Failed to read the 'localStorage' property from 'Window': Access is denied for this document.
        at UtilityScript.evaluate (<anonymous>:293:16)
        at UtilityScript.<anonymous> (<anonymous>:1:44)
        at UtilityScript.evaluate (<anonymous>:293:16)
        at UtilityScript.<anonymous> (<anonymous>:1:44)
        at TestUtils.seedTestData (/mnt/r/Projects/ForkFlow-crm/tests/helpers/testUtils.ts:364:21)
        at /mnt/r/Projects/ForkFlow-crm/tests/responsive/mobile-interaction.spec.ts:13:17

    attachment #1: screenshot (image/png) ──────────────────────────────────────────────────────────
    test-results/responsive-mobile-interact-d8b33--support-gesture-navigation-chromium/test-failed-1.png
    ────────────────────────────────────────────────────────────────────────────────────────────────

    attachment #2: video (video/webm) ──────────────────────────────────────────────────────────────
    test-results/responsive-mobile-interact-d8b33--support-gesture-navigation-chromium/video.webm
    ────────────────────────────────────────────────────────────────────────────────────────────────
]]>
</failure>
<system-out>
<![CDATA[
[[ATTACHMENT|responsive-mobile-interact-d8b33--support-gesture-navigation-chromium/test-failed-1.png]]

[[ATTACHMENT|responsive-mobile-interact-d8b33--support-gesture-navigation-chromium/video.webm]]
]]>
</system-out>
</testcase>
</testsuite>
<testsuite name="simple-load.spec.ts" timestamp="2025-06-29T03:15:12.290Z" hostname="chromium" tests="1" failures="0" skipped="0" time="6.397" errors="0">
<testcase name="simple app load test" classname="simple-load.spec.ts" time="6.397">
<system-out>
<![CDATA[Starting simple load test...
Page body contains: 
         You need to enable JavaScript to run this app. 
        ForkFlow Food Broker CRM - DemoDashboardContactsOrganizationsDealsProductsDemo User
    
    


]]>
</system-out>
</testcase>
</testsuite>
<testsuite name="smoke/app-loading.spec.ts" timestamp="2025-06-29T03:15:12.290Z" hostname="chromium" tests="5" failures="5" skipped="0" time="3.764" errors="0">
<testcase name="Application Loading - Smoke Tests › should load application without getting stuck in loading state" classname="smoke/app-loading.spec.ts" time="1.048">
<failure message="app-loading.spec.ts:17:3 should load application without getting stuck in loading state" type="FAILURE">
<![CDATA[  [chromium] › smoke/app-loading.spec.ts:17:3 › Application Loading - Smoke Tests › should load application without getting stuck in loading state 

    Error: page.evaluate: SecurityError: Failed to read the 'localStorage' property from 'Window': Access is denied for this document.
        at UtilityScript.evaluate (<anonymous>:293:16)
        at UtilityScript.<anonymous> (<anonymous>:1:44)
        at UtilityScript.evaluate (<anonymous>:293:16)
        at UtilityScript.<anonymous> (<anonymous>:1:44)
        at TestUtils.seedTestData (/mnt/r/Projects/ForkFlow-crm/tests/helpers/testUtils.ts:364:21)
        at /mnt/r/Projects/ForkFlow-crm/tests/smoke/app-loading.spec.ts:13:17

    attachment #1: screenshot (image/png) ──────────────────────────────────────────────────────────
    test-results/smoke-app-loading-Applicat-1655c-ting-stuck-in-loading-state-chromium/test-failed-1.png
    ────────────────────────────────────────────────────────────────────────────────────────────────

    attachment #2: video (video/webm) ──────────────────────────────────────────────────────────────
    test-results/smoke-app-loading-Applicat-1655c-ting-stuck-in-loading-state-chromium/video.webm
    ────────────────────────────────────────────────────────────────────────────────────────────────
]]>
</failure>
<system-out>
<![CDATA[
[[ATTACHMENT|smoke-app-loading-Applicat-1655c-ting-stuck-in-loading-state-chromium/test-failed-1.png]]

[[ATTACHMENT|smoke-app-loading-Applicat-1655c-ting-stuck-in-loading-state-chromium/video.webm]]
]]>
</system-out>
</testcase>
<testcase name="Application Loading - Smoke Tests › should have working navigation" classname="smoke/app-loading.spec.ts" time="0.471">
<failure message="app-loading.spec.ts:33:3 should have working navigation" type="FAILURE">
<![CDATA[  [chromium] › smoke/app-loading.spec.ts:33:3 › Application Loading - Smoke Tests › should have working navigation 

    Error: page.evaluate: SecurityError: Failed to read the 'localStorage' property from 'Window': Access is denied for this document.
        at UtilityScript.evaluate (<anonymous>:293:16)
        at UtilityScript.<anonymous> (<anonymous>:1:44)
        at UtilityScript.evaluate (<anonymous>:293:16)
        at UtilityScript.<anonymous> (<anonymous>:1:44)
        at TestUtils.seedTestData (/mnt/r/Projects/ForkFlow-crm/tests/helpers/testUtils.ts:364:21)
        at /mnt/r/Projects/ForkFlow-crm/tests/smoke/app-loading.spec.ts:13:17

    attachment #1: screenshot (image/png) ──────────────────────────────────────────────────────────
    test-results/smoke-app-loading-Applicat-2ae15-uld-have-working-navigation-chromium/test-failed-1.png
    ────────────────────────────────────────────────────────────────────────────────────────────────

    attachment #2: video (video/webm) ──────────────────────────────────────────────────────────────
    test-results/smoke-app-loading-Applicat-2ae15-uld-have-working-navigation-chromium/video.webm
    ────────────────────────────────────────────────────────────────────────────────────────────────
]]>
</failure>
<system-out>
<![CDATA[
[[ATTACHMENT|smoke-app-loading-Applicat-2ae15-uld-have-working-navigation-chromium/test-failed-1.png]]

[[ATTACHMENT|smoke-app-loading-Applicat-2ae15-uld-have-working-navigation-chromium/video.webm]]
]]>
</system-out>
</testcase>
<testcase name="Application Loading - Smoke Tests › should not have console errors on load" classname="smoke/app-loading.spec.ts" time="0.801">
<failure message="app-loading.spec.ts:50:3 should not have console errors on load" type="FAILURE">
<![CDATA[  [chromium] › smoke/app-loading.spec.ts:50:3 › Application Loading - Smoke Tests › should not have console errors on load 

    Error: page.evaluate: SecurityError: Failed to read the 'localStorage' property from 'Window': Access is denied for this document.
        at UtilityScript.evaluate (<anonymous>:293:16)
        at UtilityScript.<anonymous> (<anonymous>:1:44)
        at UtilityScript.evaluate (<anonymous>:293:16)
        at UtilityScript.<anonymous> (<anonymous>:1:44)
        at TestUtils.seedTestData (/mnt/r/Projects/ForkFlow-crm/tests/helpers/testUtils.ts:364:21)
        at /mnt/r/Projects/ForkFlow-crm/tests/smoke/app-loading.spec.ts:13:17

    attachment #1: screenshot (image/png) ──────────────────────────────────────────────────────────
    test-results/smoke-app-loading-Applicat-a5b27-have-console-errors-on-load-chromium/test-failed-1.png
    ────────────────────────────────────────────────────────────────────────────────────────────────

    attachment #2: video (video/webm) ──────────────────────────────────────────────────────────────
    test-results/smoke-app-loading-Applicat-a5b27-have-console-errors-on-load-chromium/video.webm
    ────────────────────────────────────────────────────────────────────────────────────────────────
]]>
</failure>
<system-out>
<![CDATA[
[[ATTACHMENT|smoke-app-loading-Applicat-a5b27-have-console-errors-on-load-chromium/test-failed-1.png]]

[[ATTACHMENT|smoke-app-loading-Applicat-a5b27-have-console-errors-on-load-chromium/video.webm]]
]]>
</system-out>
</testcase>
<testcase name="Application Loading - Smoke Tests › should have correct data provider in test mode" classname="smoke/app-loading.spec.ts" time="0.755">
<failure message="app-loading.spec.ts:75:3 should have correct data provider in test mode" type="FAILURE">
<![CDATA[  [chromium] › smoke/app-loading.spec.ts:75:3 › Application Loading - Smoke Tests › should have correct data provider in test mode 

    Error: page.evaluate: SecurityError: Failed to read the 'localStorage' property from 'Window': Access is denied for this document.
        at UtilityScript.evaluate (<anonymous>:293:16)
        at UtilityScript.<anonymous> (<anonymous>:1:44)
        at UtilityScript.evaluate (<anonymous>:293:16)
        at UtilityScript.<anonymous> (<anonymous>:1:44)
        at TestUtils.seedTestData (/mnt/r/Projects/ForkFlow-crm/tests/helpers/testUtils.ts:364:21)
        at /mnt/r/Projects/ForkFlow-crm/tests/smoke/app-loading.spec.ts:13:17

    attachment #1: screenshot (image/png) ──────────────────────────────────────────────────────────
    test-results/smoke-app-loading-Applicat-7d481--data-provider-in-test-mode-chromium/test-failed-1.png
    ────────────────────────────────────────────────────────────────────────────────────────────────

    attachment #2: video (video/webm) ──────────────────────────────────────────────────────────────
    test-results/smoke-app-loading-Applicat-7d481--data-provider-in-test-mode-chromium/video.webm
    ────────────────────────────────────────────────────────────────────────────────────────────────
]]>
</failure>
<system-out>
<![CDATA[
[[ATTACHMENT|smoke-app-loading-Applicat-7d481--data-provider-in-test-mode-chromium/test-failed-1.png]]

[[ATTACHMENT|smoke-app-loading-Applicat-7d481--data-provider-in-test-mode-chromium/video.webm]]
]]>
</system-out>
</testcase>
<testcase name="Application Loading - Smoke Tests › should be authenticated in test mode" classname="smoke/app-loading.spec.ts" time="0.689">
<failure message="app-loading.spec.ts:88:3 should be authenticated in test mode" type="FAILURE">
<![CDATA[  [chromium] › smoke/app-loading.spec.ts:88:3 › Application Loading - Smoke Tests › should be authenticated in test mode 

    Error: page.evaluate: SecurityError: Failed to read the 'localStorage' property from 'Window': Access is denied for this document.
        at UtilityScript.evaluate (<anonymous>:293:16)
        at UtilityScript.<anonymous> (<anonymous>:1:44)
        at UtilityScript.evaluate (<anonymous>:293:16)
        at UtilityScript.<anonymous> (<anonymous>:1:44)
        at TestUtils.seedTestData (/mnt/r/Projects/ForkFlow-crm/tests/helpers/testUtils.ts:364:21)
        at /mnt/r/Projects/ForkFlow-crm/tests/smoke/app-loading.spec.ts:13:17

    attachment #1: screenshot (image/png) ──────────────────────────────────────────────────────────
    test-results/smoke-app-loading-Applicat-7a54f--authenticated-in-test-mode-chromium/test-failed-1.png
    ────────────────────────────────────────────────────────────────────────────────────────────────

    attachment #2: video (video/webm) ──────────────────────────────────────────────────────────────
    test-results/smoke-app-loading-Applicat-7a54f--authenticated-in-test-mode-chromium/video.webm
    ────────────────────────────────────────────────────────────────────────────────────────────────
]]>
</failure>
<system-out>
<![CDATA[
[[ATTACHMENT|smoke-app-loading-Applicat-7a54f--authenticated-in-test-mode-chromium/test-failed-1.png]]

[[ATTACHMENT|smoke-app-loading-Applicat-7a54f--authenticated-in-test-mode-chromium/video.webm]]
]]>
</system-out>
</testcase>
</testsuite>
<testsuite name="accessibility/component-accessibility.spec.ts" timestamp="2025-06-29T03:15:12.290Z" hostname="firefox" tests="9" failures="9" skipped="0" time="31.231" errors="0">
<testcase name="Accessibility Compliance - Components › should have proper heading hierarchy" classname="accessibility/component-accessibility.spec.ts" time="3.722">
<failure message="component-accessibility.spec.ts:20:3 should have proper heading hierarchy" type="FAILURE">
<![CDATA[  [firefox] › accessibility/component-accessibility.spec.ts:20:3 › Accessibility Compliance - Components › should have proper heading hierarchy 

    Error: page.evaluate: The operation is insecure.
    @debugger eval code line 291 > eval:3:7
    evaluate@debugger eval code:293:16
    @debugger eval code:1:44

        at @debugger eval code line 291 > eval:3:7
        at evaluate@debugger eval code:293:16
        at @debugger eval code:1:44
        at TestUtils.seedTestData (/mnt/r/Projects/ForkFlow-crm/tests/helpers/testUtils.ts:364:21)
        at /mnt/r/Projects/ForkFlow-crm/tests/accessibility/component-accessibility.spec.ts:13:17

    attachment #1: screenshot (image/png) ──────────────────────────────────────────────────────────
    test-results/accessibility-component-ac-b705c-ve-proper-heading-hierarchy-firefox/test-failed-1.png
    ────────────────────────────────────────────────────────────────────────────────────────────────

    attachment #2: video (video/webm) ──────────────────────────────────────────────────────────────
    test-results/accessibility-component-ac-b705c-ve-proper-heading-hierarchy-firefox/video.webm
    ────────────────────────────────────────────────────────────────────────────────────────────────
]]>
</failure>
<system-out>
<![CDATA[
[[ATTACHMENT|accessibility-component-ac-b705c-ve-proper-heading-hierarchy-firefox/test-failed-1.png]]

[[ATTACHMENT|accessibility-component-ac-b705c-ve-proper-heading-hierarchy-firefox/video.webm]]
]]>
</system-out>
</testcase>
<testcase name="Accessibility Compliance - Components › should have accessible interactive elements" classname="accessibility/component-accessibility.spec.ts" time="3.191">
<failure message="component-accessibility.spec.ts:32:3 should have accessible interactive elements" type="FAILURE">
<![CDATA[  [firefox] › accessibility/component-accessibility.spec.ts:32:3 › Accessibility Compliance - Components › should have accessible interactive elements 

    Error: page.evaluate: The operation is insecure.
    @debugger eval code line 291 > eval:3:7
    evaluate@debugger eval code:293:16
    @debugger eval code:1:44

        at @debugger eval code line 291 > eval:3:7
        at evaluate@debugger eval code:293:16
        at @debugger eval code:1:44
        at TestUtils.seedTestData (/mnt/r/Projects/ForkFlow-crm/tests/helpers/testUtils.ts:364:21)
        at /mnt/r/Projects/ForkFlow-crm/tests/accessibility/component-accessibility.spec.ts:13:17

    attachment #1: screenshot (image/png) ──────────────────────────────────────────────────────────
    test-results/accessibility-component-ac-043e6-ssible-interactive-elements-firefox/test-failed-1.png
    ────────────────────────────────────────────────────────────────────────────────────────────────

    attachment #2: video (video/webm) ──────────────────────────────────────────────────────────────
    test-results/accessibility-component-ac-043e6-ssible-interactive-elements-firefox/video.webm
    ────────────────────────────────────────────────────────────────────────────────────────────────
]]>
</failure>
<system-out>
<![CDATA[
[[ATTACHMENT|accessibility-component-ac-043e6-ssible-interactive-elements-firefox/test-failed-1.png]]

[[ATTACHMENT|accessibility-component-ac-043e6-ssible-interactive-elements-firefox/video.webm]]
]]>
</system-out>
</testcase>
<testcase name="Accessibility Compliance - Components › should have proper focus management" classname="accessibility/component-accessibility.spec.ts" time="3.265">
<failure message="component-accessibility.spec.ts:49:3 should have proper focus management" type="FAILURE">
<![CDATA[  [firefox] › accessibility/component-accessibility.spec.ts:49:3 › Accessibility Compliance - Components › should have proper focus management 

    Error: page.evaluate: The operation is insecure.
    @debugger eval code line 291 > eval:3:7
    evaluate@debugger eval code:293:16
    @debugger eval code:1:44

        at @debugger eval code line 291 > eval:3:7
        at evaluate@debugger eval code:293:16
        at @debugger eval code:1:44
        at TestUtils.seedTestData (/mnt/r/Projects/ForkFlow-crm/tests/helpers/testUtils.ts:364:21)
        at /mnt/r/Projects/ForkFlow-crm/tests/accessibility/component-accessibility.spec.ts:13:17

    attachment #1: screenshot (image/png) ──────────────────────────────────────────────────────────
    test-results/accessibility-component-ac-82f89-ave-proper-focus-management-firefox/test-failed-1.png
    ────────────────────────────────────────────────────────────────────────────────────────────────

    attachment #2: video (video/webm) ──────────────────────────────────────────────────────────────
    test-results/accessibility-component-ac-82f89-ave-proper-focus-management-firefox/video.webm
    ────────────────────────────────────────────────────────────────────────────────────────────────
]]>
</failure>
<system-out>
<![CDATA[
[[ATTACHMENT|accessibility-component-ac-82f89-ave-proper-focus-management-firefox/test-failed-1.png]]

[[ATTACHMENT|accessibility-component-ac-82f89-ave-proper-focus-management-firefox/video.webm]]
]]>
</system-out>
</testcase>
<testcase name="Accessibility Compliance - Components › should have accessible forms" classname="accessibility/component-accessibility.spec.ts" time="4.628">
<failure message="component-accessibility.spec.ts:74:3 should have accessible forms" type="FAILURE">
<![CDATA[  [firefox] › accessibility/component-accessibility.spec.ts:74:3 › Accessibility Compliance - Components › should have accessible forms 

    Error: page.evaluate: The operation is insecure.
    @debugger eval code line 291 > eval:3:7
    evaluate@debugger eval code:293:16
    @debugger eval code:1:44

        at @debugger eval code line 291 > eval:3:7
        at evaluate@debugger eval code:293:16
        at @debugger eval code:1:44
        at TestUtils.seedTestData (/mnt/r/Projects/ForkFlow-crm/tests/helpers/testUtils.ts:364:21)
        at /mnt/r/Projects/ForkFlow-crm/tests/accessibility/component-accessibility.spec.ts:13:17

    attachment #1: screenshot (image/png) ──────────────────────────────────────────────────────────
    test-results/accessibility-component-ac-d4ce6-hould-have-accessible-forms-firefox/test-failed-1.png
    ────────────────────────────────────────────────────────────────────────────────────────────────

    attachment #2: video (video/webm) ──────────────────────────────────────────────────────────────
    test-results/accessibility-component-ac-d4ce6-hould-have-accessible-forms-firefox/video.webm
    ────────────────────────────────────────────────────────────────────────────────────────────────
]]>
</failure>
<system-out>
<![CDATA[
[[ATTACHMENT|accessibility-component-ac-d4ce6-hould-have-accessible-forms-firefox/test-failed-1.png]]

[[ATTACHMENT|accessibility-component-ac-d4ce6-hould-have-accessible-forms-firefox/video.webm]]
]]>
</system-out>
</testcase>
<testcase name="Accessibility Compliance - Components › should have proper color contrast" classname="accessibility/component-accessibility.spec.ts" time="3.287">
<failure message="component-accessibility.spec.ts:99:3 should have proper color contrast" type="FAILURE">
<![CDATA[  [firefox] › accessibility/component-accessibility.spec.ts:99:3 › Accessibility Compliance - Components › should have proper color contrast 

    Error: page.evaluate: The operation is insecure.
    @debugger eval code line 291 > eval:3:7
    evaluate@debugger eval code:293:16
    @debugger eval code:1:44

        at @debugger eval code line 291 > eval:3:7
        at evaluate@debugger eval code:293:16
        at @debugger eval code:1:44
        at TestUtils.seedTestData (/mnt/r/Projects/ForkFlow-crm/tests/helpers/testUtils.ts:364:21)
        at /mnt/r/Projects/ForkFlow-crm/tests/accessibility/component-accessibility.spec.ts:13:17

    attachment #1: screenshot (image/png) ──────────────────────────────────────────────────────────
    test-results/accessibility-component-ac-c0ee6--have-proper-color-contrast-firefox/test-failed-1.png
    ────────────────────────────────────────────────────────────────────────────────────────────────

    attachment #2: video (video/webm) ──────────────────────────────────────────────────────────────
    test-results/accessibility-component-ac-c0ee6--have-proper-color-contrast-firefox/video.webm
    ────────────────────────────────────────────────────────────────────────────────────────────────
]]>
</failure>
<system-out>
<![CDATA[
[[ATTACHMENT|accessibility-component-ac-c0ee6--have-proper-color-contrast-firefox/test-failed-1.png]]

[[ATTACHMENT|accessibility-component-ac-c0ee6--have-proper-color-contrast-firefox/video.webm]]
]]>
</system-out>
</testcase>
<testcase name="Accessibility Compliance - Components › should have accessible images" classname="accessibility/component-accessibility.spec.ts" time="3.325">
<failure message="component-accessibility.spec.ts:119:3 should have accessible images" type="FAILURE">
<![CDATA[  [firefox] › accessibility/component-accessibility.spec.ts:119:3 › Accessibility Compliance - Components › should have accessible images 

    Error: page.evaluate: The operation is insecure.
    @debugger eval code line 291 > eval:3:7
    evaluate@debugger eval code:293:16
    @debugger eval code:1:44

        at @debugger eval code line 291 > eval:3:7
        at evaluate@debugger eval code:293:16
        at @debugger eval code:1:44
        at TestUtils.seedTestData (/mnt/r/Projects/ForkFlow-crm/tests/helpers/testUtils.ts:364:21)
        at /mnt/r/Projects/ForkFlow-crm/tests/accessibility/component-accessibility.spec.ts:13:17

    attachment #1: screenshot (image/png) ──────────────────────────────────────────────────────────
    test-results/accessibility-component-ac-a3f3c-ould-have-accessible-images-firefox/test-failed-1.png
    ────────────────────────────────────────────────────────────────────────────────────────────────

    attachment #2: video (video/webm) ──────────────────────────────────────────────────────────────
    test-results/accessibility-component-ac-a3f3c-ould-have-accessible-images-firefox/video.webm
    ────────────────────────────────────────────────────────────────────────────────────────────────
]]>
</failure>
<system-out>
<![CDATA[
[[ATTACHMENT|accessibility-component-ac-a3f3c-ould-have-accessible-images-firefox/test-failed-1.png]]

[[ATTACHMENT|accessibility-component-ac-a3f3c-ould-have-accessible-images-firefox/video.webm]]
]]>
</system-out>
</testcase>
<testcase name="Accessibility Compliance - Components › should have proper ARIA attributes" classname="accessibility/component-accessibility.spec.ts" time="3.362">
<failure message="component-accessibility.spec.ts:142:3 should have proper ARIA attributes" type="FAILURE">
<![CDATA[  [firefox] › accessibility/component-accessibility.spec.ts:142:3 › Accessibility Compliance - Components › should have proper ARIA attributes 

    Error: page.evaluate: The operation is insecure.
    @debugger eval code line 291 > eval:3:7
    evaluate@debugger eval code:293:16
    @debugger eval code:1:44

        at @debugger eval code line 291 > eval:3:7
        at evaluate@debugger eval code:293:16
        at @debugger eval code:1:44
        at TestUtils.seedTestData (/mnt/r/Projects/ForkFlow-crm/tests/helpers/testUtils.ts:364:21)
        at /mnt/r/Projects/ForkFlow-crm/tests/accessibility/component-accessibility.spec.ts:13:17

    attachment #1: screenshot (image/png) ──────────────────────────────────────────────────────────
    test-results/accessibility-component-ac-a1e10-have-proper-ARIA-attributes-firefox/test-failed-1.png
    ────────────────────────────────────────────────────────────────────────────────────────────────

    attachment #2: video (video/webm) ──────────────────────────────────────────────────────────────
    test-results/accessibility-component-ac-a1e10-have-proper-ARIA-attributes-firefox/video.webm
    ────────────────────────────────────────────────────────────────────────────────────────────────
]]>
</failure>
<system-out>
<![CDATA[
[[ATTACHMENT|accessibility-component-ac-a1e10-have-proper-ARIA-attributes-firefox/test-failed-1.png]]

[[ATTACHMENT|accessibility-component-ac-a1e10-have-proper-ARIA-attributes-firefox/video.webm]]
]]>
</system-out>
</testcase>
<testcase name="Accessibility Compliance - Components › should support keyboard navigation" classname="accessibility/component-accessibility.spec.ts" time="3.271">
<failure message="component-accessibility.spec.ts:165:3 should support keyboard navigation" type="FAILURE">
<![CDATA[  [firefox] › accessibility/component-accessibility.spec.ts:165:3 › Accessibility Compliance - Components › should support keyboard navigation 

    Error: page.evaluate: The operation is insecure.
    @debugger eval code line 291 > eval:3:7
    evaluate@debugger eval code:293:16
    @debugger eval code:1:44

        at @debugger eval code line 291 > eval:3:7
        at evaluate@debugger eval code:293:16
        at @debugger eval code:1:44
        at TestUtils.seedTestData (/mnt/r/Projects/ForkFlow-crm/tests/helpers/testUtils.ts:364:21)
        at /mnt/r/Projects/ForkFlow-crm/tests/accessibility/component-accessibility.spec.ts:13:17

    attachment #1: screenshot (image/png) ──────────────────────────────────────────────────────────
    test-results/accessibility-component-ac-24fce-support-keyboard-navigation-firefox/test-failed-1.png
    ────────────────────────────────────────────────────────────────────────────────────────────────

    attachment #2: video (video/webm) ──────────────────────────────────────────────────────────────
    test-results/accessibility-component-ac-24fce-support-keyboard-navigation-firefox/video.webm
    ────────────────────────────────────────────────────────────────────────────────────────────────
]]>
</failure>
<system-out>
<![CDATA[
[[ATTACHMENT|accessibility-component-ac-24fce-support-keyboard-navigation-firefox/test-failed-1.png]]

[[ATTACHMENT|accessibility-component-ac-24fce-support-keyboard-navigation-firefox/video.webm]]
]]>
</system-out>
</testcase>
<testcase name="Accessibility Compliance - Components › should have proper link accessibility" classname="accessibility/component-accessibility.spec.ts" time="3.18">
<failure message="component-accessibility.spec.ts:182:3 should have proper link accessibility" type="FAILURE">
<![CDATA[  [firefox] › accessibility/component-accessibility.spec.ts:182:3 › Accessibility Compliance - Components › should have proper link accessibility 

    Error: page.evaluate: The operation is insecure.
    @debugger eval code line 291 > eval:3:7
    evaluate@debugger eval code:293:16
    @debugger eval code:1:44

        at @debugger eval code line 291 > eval:3:7
        at evaluate@debugger eval code:293:16
        at @debugger eval code:1:44
        at TestUtils.seedTestData (/mnt/r/Projects/ForkFlow-crm/tests/helpers/testUtils.ts:364:21)
        at /mnt/r/Projects/ForkFlow-crm/tests/accessibility/component-accessibility.spec.ts:13:17

    attachment #1: screenshot (image/png) ──────────────────────────────────────────────────────────
    test-results/accessibility-component-ac-1e52c-e-proper-link-accessibility-firefox/test-failed-1.png
    ────────────────────────────────────────────────────────────────────────────────────────────────

    attachment #2: video (video/webm) ──────────────────────────────────────────────────────────────
    test-results/accessibility-component-ac-1e52c-e-proper-link-accessibility-firefox/video.webm
    ────────────────────────────────────────────────────────────────────────────────────────────────
]]>
</failure>
<system-out>
<![CDATA[
[[ATTACHMENT|accessibility-component-ac-1e52c-e-proper-link-accessibility-firefox/test-failed-1.png]]

[[ATTACHMENT|accessibility-component-ac-1e52c-e-proper-link-accessibility-firefox/video.webm]]
]]>
</system-out>
</testcase>
</testsuite>
<testsuite name="organizations/accessibility.spec.ts" timestamp="2025-06-29T03:15:12.290Z" hostname="firefox" tests="25" failures="25" skipped="0" time="83.427" errors="0">
<testcase name="Organization Accessibility (WCAG 2.1 AA) › Keyboard Navigation › should support full keyboard navigation in organization list" classname="organizations/accessibility.spec.ts" time="3.467">
<failure message="accessibility.spec.ts:21:5 should support full keyboard navigation in organization list" type="FAILURE">
<![CDATA[  [firefox] › organizations/accessibility.spec.ts:21:5 › Organization Accessibility (WCAG 2.1 AA) › Keyboard Navigation › should support full keyboard navigation in organization list 

    Error: page.evaluate: The operation is insecure.
    @debugger eval code line 291 > eval:1:7
    evaluate@debugger eval code:293:16
    @debugger eval code:1:44

        at @debugger eval code line 291 > eval:1:7
        at evaluate@debugger eval code:293:16
        at @debugger eval code:1:44
        at TestUtils.login (/mnt/r/Projects/ForkFlow-crm/tests/helpers/testUtils.ts:9:38)
        at /mnt/r/Projects/ForkFlow-crm/tests/organizations/accessibility.spec.ts:16:19

    attachment #1: screenshot (image/png) ──────────────────────────────────────────────────────────
    test-results/organizations-accessibilit-45942-gation-in-organization-list-firefox/test-failed-1.png
    ────────────────────────────────────────────────────────────────────────────────────────────────

    attachment #2: video (video/webm) ──────────────────────────────────────────────────────────────
    test-results/organizations-accessibilit-45942-gation-in-organization-list-firefox/video.webm
    ────────────────────────────────────────────────────────────────────────────────────────────────
]]>
</failure>
<system-out>
<![CDATA[
[[ATTACHMENT|organizations-accessibilit-45942-gation-in-organization-list-firefox/test-failed-1.png]]

[[ATTACHMENT|organizations-accessibilit-45942-gation-in-organization-list-firefox/video.webm]]
]]>
</system-out>
<system-err>
<![CDATA[Error accessing localStorage: page.evaluate: The operation is insecure.
@debugger eval code line 291 > eval:2:26
evaluate@debugger eval code:293:16
@debugger eval code:1:44

    at TestUtils.isLoggedIn [90m(/mnt/r/Projects/ForkFlow-crm/[39mtests/helpers/testUtils.ts:51:30[90m)[39m
    at [90m/mnt/r/Projects/ForkFlow-crm/[39mtests/organizations/accessibility.spec.ts:15:23 {
  name: [32m'Error'[39m,
  [[32mSymbol(step)[39m]: {
    stepId: [32m'pw:api@12'[39m,
    location: {
      file: [32m'/mnt/r/Projects/ForkFlow-crm/tests/helpers/testUtils.ts'[39m,
      line: [33m51[39m,
      column: [33m30[39m,
      function: [32m'TestUtils.isLoggedIn'[39m
    },
    category: [32m'pw:api'[39m,
    title: [32m'Evaluate'[39m,
    apiName: [32m'page.evaluate'[39m,
    params: {
      expression: [32m'() => {\n'[39m +
        [32m"        const hasAuth = !!localStorage.getItem('auth') || !!localStorage.getItem('user');\n"[39m +
        [32m"        const isTestMode = localStorage.getItem('test-mode') === 'true';\n"[39m +
        [32m'        return hasAuth || isTestMode;\n'[39m +
        [32m'      }'[39m,
      isFunction: [33mtrue[39m,
      arg: [36m[Object][39m
    },
    boxedStack: [90mundefined[39m,
    steps: [],
    attachmentIndices: [],
    info: TestStepInfoImpl {
      annotations: [],
      _testInfo: [36m[TestInfoImpl][39m,
      _stepId: [32m'pw:api@12'[39m
    },
    complete: [36m[Function: complete][39m,
    endWallTime: [33m1751168187951[39m,
    error: {
      message: [32m'Error: page.evaluate: The operation is insecure.\n'[39m +
        [32m'@debugger eval code line 291 > eval:2:26\n'[39m +
        [32m'evaluate@debugger eval code:293:16\n'[39m +
        [32m'@debugger eval code:1:44\n'[39m,
      stack: [32m'Error: page.evaluate: The operation is insecure.\n'[39m +
        [32m'@debugger eval code line 291 > eval:2:26\n'[39m +
        [32m'evaluate@debugger eval code:293:16\n'[39m +
        [32m'@debugger eval code:1:44\n'[39m +
        [32m'\n'[39m +
        [32m'    at @debugger eval code line 291 > eval:2:26\n'[39m +
        [32m'    at evaluate@debugger eval code:293:16\n'[39m +
        [32m'    at @debugger eval code:1:44\n'[39m +
        [32m'    at TestUtils.isLoggedIn (/mnt/r/Projects/ForkFlow-crm/tests/helpers/testUtils.ts:51:30)\n'[39m +
        [32m'    at /mnt/r/Projects/ForkFlow-crm/tests/organizations/accessibility.spec.ts:15:23'[39m,
      cause: [90mundefined[39m
    }
  }
}
]]>
</system-err>
</testcase>
<testcase name="Organization Accessibility (WCAG 2.1 AA) › Keyboard Navigation › should support keyboard navigation in organization form" classname="organizations/accessibility.spec.ts" time="3.307">
<failure message="accessibility.spec.ts:40:5 should support keyboard navigation in organization form" type="FAILURE">
<![CDATA[  [firefox] › organizations/accessibility.spec.ts:40:5 › Organization Accessibility (WCAG 2.1 AA) › Keyboard Navigation › should support keyboard navigation in organization form 

    Error: page.evaluate: The operation is insecure.
    @debugger eval code line 291 > eval:1:7
    evaluate@debugger eval code:293:16
    @debugger eval code:1:44

        at @debugger eval code line 291 > eval:1:7
        at evaluate@debugger eval code:293:16
        at @debugger eval code:1:44
        at TestUtils.login (/mnt/r/Projects/ForkFlow-crm/tests/helpers/testUtils.ts:9:38)
        at /mnt/r/Projects/ForkFlow-crm/tests/organizations/accessibility.spec.ts:16:19

    attachment #1: screenshot (image/png) ──────────────────────────────────────────────────────────
    test-results/organizations-accessibilit-e3d0d-gation-in-organization-form-firefox/test-failed-1.png
    ────────────────────────────────────────────────────────────────────────────────────────────────

    attachment #2: video (video/webm) ──────────────────────────────────────────────────────────────
    test-results/organizations-accessibilit-e3d0d-gation-in-organization-form-firefox/video.webm
    ────────────────────────────────────────────────────────────────────────────────────────────────
]]>
</failure>
<system-out>
<![CDATA[
[[ATTACHMENT|organizations-accessibilit-e3d0d-gation-in-organization-form-firefox/test-failed-1.png]]

[[ATTACHMENT|organizations-accessibilit-e3d0d-gation-in-organization-form-firefox/video.webm]]
]]>
</system-out>
<system-err>
<![CDATA[Error accessing localStorage: page.evaluate: The operation is insecure.
@debugger eval code line 291 > eval:2:26
evaluate@debugger eval code:293:16
@debugger eval code:1:44

    at TestUtils.isLoggedIn [90m(/mnt/r/Projects/ForkFlow-crm/[39mtests/helpers/testUtils.ts:51:30[90m)[39m
    at [90m/mnt/r/Projects/ForkFlow-crm/[39mtests/organizations/accessibility.spec.ts:15:23 {
  name: [32m'Error'[39m,
  [[32mSymbol(step)[39m]: {
    stepId: [32m'pw:api@12'[39m,
    location: {
      file: [32m'/mnt/r/Projects/ForkFlow-crm/tests/helpers/testUtils.ts'[39m,
      line: [33m51[39m,
      column: [33m30[39m,
      function: [32m'TestUtils.isLoggedIn'[39m
    },
    category: [32m'pw:api'[39m,
    title: [32m'Evaluate'[39m,
    apiName: [32m'page.evaluate'[39m,
    params: {
      expression: [32m'() => {\n'[39m +
        [32m"        const hasAuth = !!localStorage.getItem('auth') || !!localStorage.getItem('user');\n"[39m +
        [32m"        const isTestMode = localStorage.getItem('test-mode') === 'true';\n"[39m +
        [32m'        return hasAuth || isTestMode;\n'[39m +
        [32m'      }'[39m,
      isFunction: [33mtrue[39m,
      arg: [36m[Object][39m
    },
    boxedStack: [90mundefined[39m,
    steps: [],
    attachmentIndices: [],
    info: TestStepInfoImpl {
      annotations: [],
      _testInfo: [36m[TestInfoImpl][39m,
      _stepId: [32m'pw:api@12'[39m
    },
    complete: [36m[Function: complete][39m,
    endWallTime: [33m1751168195570[39m,
    error: {
      message: [32m'Error: page.evaluate: The operation is insecure.\n'[39m +
        [32m'@debugger eval code line 291 > eval:2:26\n'[39m +
        [32m'evaluate@debugger eval code:293:16\n'[39m +
        [32m'@debugger eval code:1:44\n'[39m,
      stack: [32m'Error: page.evaluate: The operation is insecure.\n'[39m +
        [32m'@debugger eval code line 291 > eval:2:26\n'[39m +
        [32m'evaluate@debugger eval code:293:16\n'[39m +
        [32m'@debugger eval code:1:44\n'[39m +
        [32m'\n'[39m +
        [32m'    at @debugger eval code line 291 > eval:2:26\n'[39m +
        [32m'    at evaluate@debugger eval code:293:16\n'[39m +
        [32m'    at @debugger eval code:1:44\n'[39m +
        [32m'    at TestUtils.isLoggedIn (/mnt/r/Projects/ForkFlow-crm/tests/helpers/testUtils.ts:51:30)\n'[39m +
        [32m'    at /mnt/r/Projects/ForkFlow-crm/tests/organizations/accessibility.spec.ts:15:23'[39m,
      cause: [90mundefined[39m
    }
  }
}
]]>
</system-err>
</testcase>
<testcase name="Organization Accessibility (WCAG 2.1 AA) › Keyboard Navigation › should support Enter key to submit forms" classname="organizations/accessibility.spec.ts" time="3.299">
<failure message="accessibility.spec.ts:58:5 should support Enter key to submit forms" type="FAILURE">
<![CDATA[  [firefox] › organizations/accessibility.spec.ts:58:5 › Organization Accessibility (WCAG 2.1 AA) › Keyboard Navigation › should support Enter key to submit forms 

    Error: page.evaluate: The operation is insecure.
    @debugger eval code line 291 > eval:1:7
    evaluate@debugger eval code:293:16
    @debugger eval code:1:44

        at @debugger eval code line 291 > eval:1:7
        at evaluate@debugger eval code:293:16
        at @debugger eval code:1:44
        at TestUtils.login (/mnt/r/Projects/ForkFlow-crm/tests/helpers/testUtils.ts:9:38)
        at /mnt/r/Projects/ForkFlow-crm/tests/organizations/accessibility.spec.ts:16:19

    attachment #1: screenshot (image/png) ──────────────────────────────────────────────────────────
    test-results/organizations-accessibilit-ff61c-t-Enter-key-to-submit-forms-firefox/test-failed-1.png
    ────────────────────────────────────────────────────────────────────────────────────────────────

    attachment #2: video (video/webm) ──────────────────────────────────────────────────────────────
    test-results/organizations-accessibilit-ff61c-t-Enter-key-to-submit-forms-firefox/video.webm
    ────────────────────────────────────────────────────────────────────────────────────────────────
]]>
</failure>
<system-out>
<![CDATA[
[[ATTACHMENT|organizations-accessibilit-ff61c-t-Enter-key-to-submit-forms-firefox/test-failed-1.png]]

[[ATTACHMENT|organizations-accessibilit-ff61c-t-Enter-key-to-submit-forms-firefox/video.webm]]
]]>
</system-out>
<system-err>
<![CDATA[Error accessing localStorage: page.evaluate: The operation is insecure.
@debugger eval code line 291 > eval:2:26
evaluate@debugger eval code:293:16
@debugger eval code:1:44

    at TestUtils.isLoggedIn [90m(/mnt/r/Projects/ForkFlow-crm/[39mtests/helpers/testUtils.ts:51:30[90m)[39m
    at [90m/mnt/r/Projects/ForkFlow-crm/[39mtests/organizations/accessibility.spec.ts:15:23 {
  name: [32m'Error'[39m,
  [[32mSymbol(step)[39m]: {
    stepId: [32m'pw:api@12'[39m,
    location: {
      file: [32m'/mnt/r/Projects/ForkFlow-crm/tests/helpers/testUtils.ts'[39m,
      line: [33m51[39m,
      column: [33m30[39m,
      function: [32m'TestUtils.isLoggedIn'[39m
    },
    category: [32m'pw:api'[39m,
    title: [32m'Evaluate'[39m,
    apiName: [32m'page.evaluate'[39m,
    params: {
      expression: [32m'() => {\n'[39m +
        [32m"        const hasAuth = !!localStorage.getItem('auth') || !!localStorage.getItem('user');\n"[39m +
        [32m"        const isTestMode = localStorage.getItem('test-mode') === 'true';\n"[39m +
        [32m'        return hasAuth || isTestMode;\n'[39m +
        [32m'      }'[39m,
      isFunction: [33mtrue[39m,
      arg: [36m[Object][39m
    },
    boxedStack: [90mundefined[39m,
    steps: [],
    attachmentIndices: [],
    info: TestStepInfoImpl {
      annotations: [],
      _testInfo: [36m[TestInfoImpl][39m,
      _stepId: [32m'pw:api@12'[39m
    },
    complete: [36m[Function: complete][39m,
    endWallTime: [33m1751168209472[39m,
    error: {
      message: [32m'Error: page.evaluate: The operation is insecure.\n'[39m +
        [32m'@debugger eval code line 291 > eval:2:26\n'[39m +
        [32m'evaluate@debugger eval code:293:16\n'[39m +
        [32m'@debugger eval code:1:44\n'[39m,
      stack: [32m'Error: page.evaluate: The operation is insecure.\n'[39m +
        [32m'@debugger eval code line 291 > eval:2:26\n'[39m +
        [32m'evaluate@debugger eval code:293:16\n'[39m +
        [32m'@debugger eval code:1:44\n'[39m +
        [32m'\n'[39m +
        [32m'    at @debugger eval code line 291 > eval:2:26\n'[39m +
        [32m'    at evaluate@debugger eval code:293:16\n'[39m +
        [32m'    at @debugger eval code:1:44\n'[39m +
        [32m'    at TestUtils.isLoggedIn (/mnt/r/Projects/ForkFlow-crm/tests/helpers/testUtils.ts:51:30)\n'[39m +
        [32m'    at /mnt/r/Projects/ForkFlow-crm/tests/organizations/accessibility.spec.ts:15:23'[39m,
      cause: [90mundefined[39m
    }
  }
}
]]>
</system-err>
</testcase>
<testcase name="Organization Accessibility (WCAG 2.1 AA) › Keyboard Navigation › should support Escape key to cancel operations" classname="organizations/accessibility.spec.ts" time="3.425">
<failure message="accessibility.spec.ts:70:5 should support Escape key to cancel operations" type="FAILURE">
<![CDATA[  [firefox] › organizations/accessibility.spec.ts:70:5 › Organization Accessibility (WCAG 2.1 AA) › Keyboard Navigation › should support Escape key to cancel operations 

    Error: page.evaluate: The operation is insecure.
    @debugger eval code line 291 > eval:1:7
    evaluate@debugger eval code:293:16
    @debugger eval code:1:44

        at @debugger eval code line 291 > eval:1:7
        at evaluate@debugger eval code:293:16
        at @debugger eval code:1:44
        at TestUtils.login (/mnt/r/Projects/ForkFlow-crm/tests/helpers/testUtils.ts:9:38)
        at /mnt/r/Projects/ForkFlow-crm/tests/organizations/accessibility.spec.ts:16:19

    attachment #1: screenshot (image/png) ──────────────────────────────────────────────────────────
    test-results/organizations-accessibilit-01bc2-pe-key-to-cancel-operations-firefox/test-failed-1.png
    ────────────────────────────────────────────────────────────────────────────────────────────────

    attachment #2: video (video/webm) ──────────────────────────────────────────────────────────────
    test-results/organizations-accessibilit-01bc2-pe-key-to-cancel-operations-firefox/video.webm
    ────────────────────────────────────────────────────────────────────────────────────────────────
]]>
</failure>
<system-out>
<![CDATA[
[[ATTACHMENT|organizations-accessibilit-01bc2-pe-key-to-cancel-operations-firefox/test-failed-1.png]]

[[ATTACHMENT|organizations-accessibilit-01bc2-pe-key-to-cancel-operations-firefox/video.webm]]
]]>
</system-out>
<system-err>
<![CDATA[Error accessing localStorage: page.evaluate: The operation is insecure.
@debugger eval code line 291 > eval:2:26
evaluate@debugger eval code:293:16
@debugger eval code:1:44

    at TestUtils.isLoggedIn [90m(/mnt/r/Projects/ForkFlow-crm/[39mtests/helpers/testUtils.ts:51:30[90m)[39m
    at [90m/mnt/r/Projects/ForkFlow-crm/[39mtests/organizations/accessibility.spec.ts:15:23 {
  name: [32m'Error'[39m,
  [[32mSymbol(step)[39m]: {
    stepId: [32m'pw:api@12'[39m,
    location: {
      file: [32m'/mnt/r/Projects/ForkFlow-crm/tests/helpers/testUtils.ts'[39m,
      line: [33m51[39m,
      column: [33m30[39m,
      function: [32m'TestUtils.isLoggedIn'[39m
    },
    category: [32m'pw:api'[39m,
    title: [32m'Evaluate'[39m,
    apiName: [32m'page.evaluate'[39m,
    params: {
      expression: [32m'() => {\n'[39m +
        [32m"        const hasAuth = !!localStorage.getItem('auth') || !!localStorage.getItem('user');\n"[39m +
        [32m"        const isTestMode = localStorage.getItem('test-mode') === 'true';\n"[39m +
        [32m'        return hasAuth || isTestMode;\n'[39m +
        [32m'      }'[39m,
      isFunction: [33mtrue[39m,
      arg: [36m[Object][39m
    },
    boxedStack: [90mundefined[39m,
    steps: [],
    attachmentIndices: [],
    info: TestStepInfoImpl {
      annotations: [],
      _testInfo: [36m[TestInfoImpl][39m,
      _stepId: [32m'pw:api@12'[39m
    },
    complete: [36m[Function: complete][39m,
    endWallTime: [33m1751168217769[39m,
    error: {
      message: [32m'Error: page.evaluate: The operation is insecure.\n'[39m +
        [32m'@debugger eval code line 291 > eval:2:26\n'[39m +
        [32m'evaluate@debugger eval code:293:16\n'[39m +
        [32m'@debugger eval code:1:44\n'[39m,
      stack: [32m'Error: page.evaluate: The operation is insecure.\n'[39m +
        [32m'@debugger eval code line 291 > eval:2:26\n'[39m +
        [32m'evaluate@debugger eval code:293:16\n'[39m +
        [32m'@debugger eval code:1:44\n'[39m +
        [32m'\n'[39m +
        [32m'    at @debugger eval code line 291 > eval:2:26\n'[39m +
        [32m'    at evaluate@debugger eval code:293:16\n'[39m +
        [32m'    at @debugger eval code:1:44\n'[39m +
        [32m'    at TestUtils.isLoggedIn (/mnt/r/Projects/ForkFlow-crm/tests/helpers/testUtils.ts:51:30)\n'[39m +
        [32m'    at /mnt/r/Projects/ForkFlow-crm/tests/organizations/accessibility.spec.ts:15:23'[39m,
      cause: [90mundefined[39m
    }
  }
}
]]>
</system-err>
</testcase>
<testcase name="Organization Accessibility (WCAG 2.1 AA) › Keyboard Navigation › should support arrow keys in dropdown menus" classname="organizations/accessibility.spec.ts" time="3.199">
<failure message="accessibility.spec.ts:85:5 should support arrow keys in dropdown menus" type="FAILURE">
<![CDATA[  [firefox] › organizations/accessibility.spec.ts:85:5 › Organization Accessibility (WCAG 2.1 AA) › Keyboard Navigation › should support arrow keys in dropdown menus 

    Error: page.evaluate: The operation is insecure.
    @debugger eval code line 291 > eval:1:7
    evaluate@debugger eval code:293:16
    @debugger eval code:1:44

        at @debugger eval code line 291 > eval:1:7
        at evaluate@debugger eval code:293:16
        at @debugger eval code:1:44
        at TestUtils.login (/mnt/r/Projects/ForkFlow-crm/tests/helpers/testUtils.ts:9:38)
        at /mnt/r/Projects/ForkFlow-crm/tests/organizations/accessibility.spec.ts:16:19

    attachment #1: screenshot (image/png) ──────────────────────────────────────────────────────────
    test-results/organizations-accessibilit-027af-rrow-keys-in-dropdown-menus-firefox/test-failed-1.png
    ────────────────────────────────────────────────────────────────────────────────────────────────

    attachment #2: video (video/webm) ──────────────────────────────────────────────────────────────
    test-results/organizations-accessibilit-027af-rrow-keys-in-dropdown-menus-firefox/video.webm
    ────────────────────────────────────────────────────────────────────────────────────────────────
]]>
</failure>
<system-out>
<![CDATA[
[[ATTACHMENT|organizations-accessibilit-027af-rrow-keys-in-dropdown-menus-firefox/test-failed-1.png]]

[[ATTACHMENT|organizations-accessibilit-027af-rrow-keys-in-dropdown-menus-firefox/video.webm]]
]]>
</system-out>
<system-err>
<![CDATA[Error accessing localStorage: page.evaluate: The operation is insecure.
@debugger eval code line 291 > eval:2:26
evaluate@debugger eval code:293:16
@debugger eval code:1:44

    at TestUtils.isLoggedIn [90m(/mnt/r/Projects/ForkFlow-crm/[39mtests/helpers/testUtils.ts:51:30[90m)[39m
    at [90m/mnt/r/Projects/ForkFlow-crm/[39mtests/organizations/accessibility.spec.ts:15:23 {
  name: [32m'Error'[39m,
  [[32mSymbol(step)[39m]: {
    stepId: [32m'pw:api@12'[39m,
    location: {
      file: [32m'/mnt/r/Projects/ForkFlow-crm/tests/helpers/testUtils.ts'[39m,
      line: [33m51[39m,
      column: [33m30[39m,
      function: [32m'TestUtils.isLoggedIn'[39m
    },
    category: [32m'pw:api'[39m,
    title: [32m'Evaluate'[39m,
    apiName: [32m'page.evaluate'[39m,
    params: {
      expression: [32m'() => {\n'[39m +
        [32m"        const hasAuth = !!localStorage.getItem('auth') || !!localStorage.getItem('user');\n"[39m +
        [32m"        const isTestMode = localStorage.getItem('test-mode') === 'true';\n"[39m +
        [32m'        return hasAuth || isTestMode;\n'[39m +
        [32m'      }'[39m,
      isFunction: [33mtrue[39m,
      arg: [36m[Object][39m
    },
    boxedStack: [90mundefined[39m,
    steps: [],
    attachmentIndices: [],
    info: TestStepInfoImpl {
      annotations: [],
      _testInfo: [36m[TestInfoImpl][39m,
      _stepId: [32m'pw:api@12'[39m
    },
    complete: [36m[Function: complete][39m,
    endWallTime: [33m1751168230155[39m,
    error: {
      message: [32m'Error: page.evaluate: The operation is insecure.\n'[39m +
        [32m'@debugger eval code line 291 > eval:2:26\n'[39m +
        [32m'evaluate@debugger eval code:293:16\n'[39m +
        [32m'@debugger eval code:1:44\n'[39m,
      stack: [32m'Error: page.evaluate: The operation is insecure.\n'[39m +
        [32m'@debugger eval code line 291 > eval:2:26\n'[39m +
        [32m'evaluate@debugger eval code:293:16\n'[39m +
        [32m'@debugger eval code:1:44\n'[39m +
        [32m'\n'[39m +
        [32m'    at @debugger eval code line 291 > eval:2:26\n'[39m +
        [32m'    at evaluate@debugger eval code:293:16\n'[39m +
        [32m'    at @debugger eval code:1:44\n'[39m +
        [32m'    at TestUtils.isLoggedIn (/mnt/r/Projects/ForkFlow-crm/tests/helpers/testUtils.ts:51:30)\n'[39m +
        [32m'    at /mnt/r/Projects/ForkFlow-crm/tests/organizations/accessibility.spec.ts:15:23'[39m,
      cause: [90mundefined[39m
    }
  }
}
]]>
</system-err>
</testcase>
<testcase name="Organization Accessibility (WCAG 2.1 AA) › Screen Reader Support › should have proper headings hierarchy" classname="organizations/accessibility.spec.ts" time="3.791">
<failure message="accessibility.spec.ts:103:5 should have proper headings hierarchy" type="FAILURE">
<![CDATA[  [firefox] › organizations/accessibility.spec.ts:103:5 › Organization Accessibility (WCAG 2.1 AA) › Screen Reader Support › should have proper headings hierarchy 

    Error: page.evaluate: The operation is insecure.
    @debugger eval code line 291 > eval:1:7
    evaluate@debugger eval code:293:16
    @debugger eval code:1:44

        at @debugger eval code line 291 > eval:1:7
        at evaluate@debugger eval code:293:16
        at @debugger eval code:1:44
        at TestUtils.login (/mnt/r/Projects/ForkFlow-crm/tests/helpers/testUtils.ts:9:38)
        at /mnt/r/Projects/ForkFlow-crm/tests/organizations/accessibility.spec.ts:16:19

    attachment #1: screenshot (image/png) ──────────────────────────────────────────────────────────
    test-results/organizations-accessibilit-bd41e-e-proper-headings-hierarchy-firefox/test-failed-1.png
    ────────────────────────────────────────────────────────────────────────────────────────────────

    attachment #2: video (video/webm) ──────────────────────────────────────────────────────────────
    test-results/organizations-accessibilit-bd41e-e-proper-headings-hierarchy-firefox/video.webm
    ────────────────────────────────────────────────────────────────────────────────────────────────
]]>
</failure>
<system-out>
<![CDATA[
[[ATTACHMENT|organizations-accessibilit-bd41e-e-proper-headings-hierarchy-firefox/test-failed-1.png]]

[[ATTACHMENT|organizations-accessibilit-bd41e-e-proper-headings-hierarchy-firefox/video.webm]]
]]>
</system-out>
<system-err>
<![CDATA[Error accessing localStorage: page.evaluate: The operation is insecure.
@debugger eval code line 291 > eval:2:26
evaluate@debugger eval code:293:16
@debugger eval code:1:44

    at TestUtils.isLoggedIn [90m(/mnt/r/Projects/ForkFlow-crm/[39mtests/helpers/testUtils.ts:51:30[90m)[39m
    at [90m/mnt/r/Projects/ForkFlow-crm/[39mtests/organizations/accessibility.spec.ts:15:23 {
  name: [32m'Error'[39m,
  [[32mSymbol(step)[39m]: {
    stepId: [32m'pw:api@12'[39m,
    location: {
      file: [32m'/mnt/r/Projects/ForkFlow-crm/tests/helpers/testUtils.ts'[39m,
      line: [33m51[39m,
      column: [33m30[39m,
      function: [32m'TestUtils.isLoggedIn'[39m
    },
    category: [32m'pw:api'[39m,
    title: [32m'Evaluate'[39m,
    apiName: [32m'page.evaluate'[39m,
    params: {
      expression: [32m'() => {\n'[39m +
        [32m"        const hasAuth = !!localStorage.getItem('auth') || !!localStorage.getItem('user');\n"[39m +
        [32m"        const isTestMode = localStorage.getItem('test-mode') === 'true';\n"[39m +
        [32m'        return hasAuth || isTestMode;\n'[39m +
        [32m'      }'[39m,
      isFunction: [33mtrue[39m,
      arg: [36m[Object][39m
    },
    boxedStack: [90mundefined[39m,
    steps: [],
    attachmentIndices: [],
    info: TestStepInfoImpl {
      annotations: [],
      _testInfo: [36m[TestInfoImpl][39m,
      _stepId: [32m'pw:api@12'[39m
    },
    complete: [36m[Function: complete][39m,
    endWallTime: [33m1751168239461[39m,
    error: {
      message: [32m'Error: page.evaluate: The operation is insecure.\n'[39m +
        [32m'@debugger eval code line 291 > eval:2:26\n'[39m +
        [32m'evaluate@debugger eval code:293:16\n'[39m +
        [32m'@debugger eval code:1:44\n'[39m,
      stack: [32m'Error: page.evaluate: The operation is insecure.\n'[39m +
        [32m'@debugger eval code line 291 > eval:2:26\n'[39m +
        [32m'evaluate@debugger eval code:293:16\n'[39m +
        [32m'@debugger eval code:1:44\n'[39m +
        [32m'\n'[39m +
        [32m'    at @debugger eval code line 291 > eval:2:26\n'[39m +
        [32m'    at evaluate@debugger eval code:293:16\n'[39m +
        [32m'    at @debugger eval code:1:44\n'[39m +
        [32m'    at TestUtils.isLoggedIn (/mnt/r/Projects/ForkFlow-crm/tests/helpers/testUtils.ts:51:30)\n'[39m +
        [32m'    at /mnt/r/Projects/ForkFlow-crm/tests/organizations/accessibility.spec.ts:15:23'[39m,
      cause: [90mundefined[39m
    }
  }
}
]]>
</system-err>
</testcase>
<testcase name="Organization Accessibility (WCAG 2.1 AA) › Screen Reader Support › should have proper labels for all form inputs" classname="organizations/accessibility.spec.ts" time="3.395">
<failure message="accessibility.spec.ts:117:5 should have proper labels for all form inputs" type="FAILURE">
<![CDATA[  [firefox] › organizations/accessibility.spec.ts:117:5 › Organization Accessibility (WCAG 2.1 AA) › Screen Reader Support › should have proper labels for all form inputs 

    Error: page.evaluate: The operation is insecure.
    @debugger eval code line 291 > eval:1:7
    evaluate@debugger eval code:293:16
    @debugger eval code:1:44

        at @debugger eval code line 291 > eval:1:7
        at evaluate@debugger eval code:293:16
        at @debugger eval code:1:44
        at TestUtils.login (/mnt/r/Projects/ForkFlow-crm/tests/helpers/testUtils.ts:9:38)
        at /mnt/r/Projects/ForkFlow-crm/tests/organizations/accessibility.spec.ts:16:19

    attachment #1: screenshot (image/png) ──────────────────────────────────────────────────────────
    test-results/organizations-accessibilit-821be--labels-for-all-form-inputs-firefox/test-failed-1.png
    ────────────────────────────────────────────────────────────────────────────────────────────────

    attachment #2: video (video/webm) ──────────────────────────────────────────────────────────────
    test-results/organizations-accessibilit-821be--labels-for-all-form-inputs-firefox/video.webm
    ────────────────────────────────────────────────────────────────────────────────────────────────
]]>
</failure>
<system-out>
<![CDATA[
[[ATTACHMENT|organizations-accessibilit-821be--labels-for-all-form-inputs-firefox/test-failed-1.png]]

[[ATTACHMENT|organizations-accessibilit-821be--labels-for-all-form-inputs-firefox/video.webm]]
]]>
</system-out>
<system-err>
<![CDATA[Error accessing localStorage: page.evaluate: The operation is insecure.
@debugger eval code line 291 > eval:2:26
evaluate@debugger eval code:293:16
@debugger eval code:1:44

    at TestUtils.isLoggedIn [90m(/mnt/r/Projects/ForkFlow-crm/[39mtests/helpers/testUtils.ts:51:30[90m)[39m
    at [90m/mnt/r/Projects/ForkFlow-crm/[39mtests/organizations/accessibility.spec.ts:15:23 {
  name: [32m'Error'[39m,
  [[32mSymbol(step)[39m]: {
    stepId: [32m'pw:api@12'[39m,
    location: {
      file: [32m'/mnt/r/Projects/ForkFlow-crm/tests/helpers/testUtils.ts'[39m,
      line: [33m51[39m,
      column: [33m30[39m,
      function: [32m'TestUtils.isLoggedIn'[39m
    },
    category: [32m'pw:api'[39m,
    title: [32m'Evaluate'[39m,
    apiName: [32m'page.evaluate'[39m,
    params: {
      expression: [32m'() => {\n'[39m +
        [32m"        const hasAuth = !!localStorage.getItem('auth') || !!localStorage.getItem('user');\n"[39m +
        [32m"        const isTestMode = localStorage.getItem('test-mode') === 'true';\n"[39m +
        [32m'        return hasAuth || isTestMode;\n'[39m +
        [32m'      }'[39m,
      isFunction: [33mtrue[39m,
      arg: [36m[Object][39m
    },
    boxedStack: [90mundefined[39m,
    steps: [],
    attachmentIndices: [],
    info: TestStepInfoImpl {
      annotations: [],
      _testInfo: [36m[TestInfoImpl][39m,
      _stepId: [32m'pw:api@12'[39m
    },
    complete: [36m[Function: complete][39m,
    endWallTime: [33m1751168252463[39m,
    error: {
      message: [32m'Error: page.evaluate: The operation is insecure.\n'[39m +
        [32m'@debugger eval code line 291 > eval:2:26\n'[39m +
        [32m'evaluate@debugger eval code:293:16\n'[39m +
        [32m'@debugger eval code:1:44\n'[39m,
      stack: [32m'Error: page.evaluate: The operation is insecure.\n'[39m +
        [32m'@debugger eval code line 291 > eval:2:26\n'[39m +
        [32m'evaluate@debugger eval code:293:16\n'[39m +
        [32m'@debugger eval code:1:44\n'[39m +
        [32m'\n'[39m +
        [32m'    at @debugger eval code line 291 > eval:2:26\n'[39m +
        [32m'    at evaluate@debugger eval code:293:16\n'[39m +
        [32m'    at @debugger eval code:1:44\n'[39m +
        [32m'    at TestUtils.isLoggedIn (/mnt/r/Projects/ForkFlow-crm/tests/helpers/testUtils.ts:51:30)\n'[39m +
        [32m'    at /mnt/r/Projects/ForkFlow-crm/tests/organizations/accessibility.spec.ts:15:23'[39m,
      cause: [90mundefined[39m
    }
  }
}
]]>
</system-err>
</testcase>
<testcase name="Organization Accessibility (WCAG 2.1 AA) › Screen Reader Support › should have proper ARIA attributes for interactive elements" classname="organizations/accessibility.spec.ts" time="3.35">
<failure message="accessibility.spec.ts:135:5 should have proper ARIA attributes for interactive elements" type="FAILURE">
<![CDATA[  [firefox] › organizations/accessibility.spec.ts:135:5 › Organization Accessibility (WCAG 2.1 AA) › Screen Reader Support › should have proper ARIA attributes for interactive elements 

    Error: page.evaluate: The operation is insecure.
    @debugger eval code line 291 > eval:1:7
    evaluate@debugger eval code:293:16
    @debugger eval code:1:44

        at @debugger eval code line 291 > eval:1:7
        at evaluate@debugger eval code:293:16
        at @debugger eval code:1:44
        at TestUtils.login (/mnt/r/Projects/ForkFlow-crm/tests/helpers/testUtils.ts:9:38)
        at /mnt/r/Projects/ForkFlow-crm/tests/organizations/accessibility.spec.ts:16:19

    attachment #1: screenshot (image/png) ──────────────────────────────────────────────────────────
    test-results/organizations-accessibilit-d29e2-es-for-interactive-elements-firefox/test-failed-1.png
    ────────────────────────────────────────────────────────────────────────────────────────────────

    attachment #2: video (video/webm) ──────────────────────────────────────────────────────────────
    test-results/organizations-accessibilit-d29e2-es-for-interactive-elements-firefox/video.webm
    ────────────────────────────────────────────────────────────────────────────────────────────────
]]>
</failure>
<system-out>
<![CDATA[
[[ATTACHMENT|organizations-accessibilit-d29e2-es-for-interactive-elements-firefox/test-failed-1.png]]

[[ATTACHMENT|organizations-accessibilit-d29e2-es-for-interactive-elements-firefox/video.webm]]
]]>
</system-out>
<system-err>
<![CDATA[Error accessing localStorage: page.evaluate: The operation is insecure.
@debugger eval code line 291 > eval:2:26
evaluate@debugger eval code:293:16
@debugger eval code:1:44

    at TestUtils.isLoggedIn [90m(/mnt/r/Projects/ForkFlow-crm/[39mtests/helpers/testUtils.ts:51:30[90m)[39m
    at [90m/mnt/r/Projects/ForkFlow-crm/[39mtests/organizations/accessibility.spec.ts:15:23 {
  name: [32m'Error'[39m,
  [[32mSymbol(step)[39m]: {
    stepId: [32m'pw:api@12'[39m,
    location: {
      file: [32m'/mnt/r/Projects/ForkFlow-crm/tests/helpers/testUtils.ts'[39m,
      line: [33m51[39m,
      column: [33m30[39m,
      function: [32m'TestUtils.isLoggedIn'[39m
    },
    category: [32m'pw:api'[39m,
    title: [32m'Evaluate'[39m,
    apiName: [32m'page.evaluate'[39m,
    params: {
      expression: [32m'() => {\n'[39m +
        [32m"        const hasAuth = !!localStorage.getItem('auth') || !!localStorage.getItem('user');\n"[39m +
        [32m"        const isTestMode = localStorage.getItem('test-mode') === 'true';\n"[39m +
        [32m'        return hasAuth || isTestMode;\n'[39m +
        [32m'      }'[39m,
      isFunction: [33mtrue[39m,
      arg: [36m[Object][39m
    },
    boxedStack: [90mundefined[39m,
    steps: [],
    attachmentIndices: [],
    info: TestStepInfoImpl {
      annotations: [],
      _testInfo: [36m[TestInfoImpl][39m,
      _stepId: [32m'pw:api@12'[39m
    },
    complete: [36m[Function: complete][39m,
    endWallTime: [33m1751168261001[39m,
    error: {
      message: [32m'Error: page.evaluate: The operation is insecure.\n'[39m +
        [32m'@debugger eval code line 291 > eval:2:26\n'[39m +
        [32m'evaluate@debugger eval code:293:16\n'[39m +
        [32m'@debugger eval code:1:44\n'[39m,
      stack: [32m'Error: page.evaluate: The operation is insecure.\n'[39m +
        [32m'@debugger eval code line 291 > eval:2:26\n'[39m +
        [32m'evaluate@debugger eval code:293:16\n'[39m +
        [32m'@debugger eval code:1:44\n'[39m +
        [32m'\n'[39m +
        [32m'    at @debugger eval code line 291 > eval:2:26\n'[39m +
        [32m'    at evaluate@debugger eval code:293:16\n'[39m +
        [32m'    at @debugger eval code:1:44\n'[39m +
        [32m'    at TestUtils.isLoggedIn (/mnt/r/Projects/ForkFlow-crm/tests/helpers/testUtils.ts:51:30)\n'[39m +
        [32m'    at /mnt/r/Projects/ForkFlow-crm/tests/organizations/accessibility.spec.ts:15:23'[39m,
      cause: [90mundefined[39m
    }
  }
}
]]>
</system-err>
</testcase>
<testcase name="Organization Accessibility (WCAG 2.1 AA) › Screen Reader Support › should have proper alt text for images" classname="organizations/accessibility.spec.ts" time="3.231">
<failure message="accessibility.spec.ts:150:5 should have proper alt text for images" type="FAILURE">
<![CDATA[  [firefox] › organizations/accessibility.spec.ts:150:5 › Organization Accessibility (WCAG 2.1 AA) › Screen Reader Support › should have proper alt text for images 

    Error: page.evaluate: The operation is insecure.
    @debugger eval code line 291 > eval:1:7
    evaluate@debugger eval code:293:16
    @debugger eval code:1:44

        at @debugger eval code line 291 > eval:1:7
        at evaluate@debugger eval code:293:16
        at @debugger eval code:1:44
        at TestUtils.login (/mnt/r/Projects/ForkFlow-crm/tests/helpers/testUtils.ts:9:38)
        at /mnt/r/Projects/ForkFlow-crm/tests/organizations/accessibility.spec.ts:16:19

    attachment #1: screenshot (image/png) ──────────────────────────────────────────────────────────
    test-results/organizations-accessibilit-0c117--proper-alt-text-for-images-firefox/test-failed-1.png
    ────────────────────────────────────────────────────────────────────────────────────────────────

    attachment #2: video (video/webm) ──────────────────────────────────────────────────────────────
    test-results/organizations-accessibilit-0c117--proper-alt-text-for-images-firefox/video.webm
    ────────────────────────────────────────────────────────────────────────────────────────────────
]]>
</failure>
<system-out>
<![CDATA[
[[ATTACHMENT|organizations-accessibilit-0c117--proper-alt-text-for-images-firefox/test-failed-1.png]]

[[ATTACHMENT|organizations-accessibilit-0c117--proper-alt-text-for-images-firefox/video.webm]]
]]>
</system-out>
<system-err>
<![CDATA[Error accessing localStorage: page.evaluate: The operation is insecure.
@debugger eval code line 291 > eval:2:26
evaluate@debugger eval code:293:16
@debugger eval code:1:44

    at TestUtils.isLoggedIn [90m(/mnt/r/Projects/ForkFlow-crm/[39mtests/helpers/testUtils.ts:51:30[90m)[39m
    at [90m/mnt/r/Projects/ForkFlow-crm/[39mtests/organizations/accessibility.spec.ts:15:23 {
  name: [32m'Error'[39m,
  [[32mSymbol(step)[39m]: {
    stepId: [32m'pw:api@12'[39m,
    location: {
      file: [32m'/mnt/r/Projects/ForkFlow-crm/tests/helpers/testUtils.ts'[39m,
      line: [33m51[39m,
      column: [33m30[39m,
      function: [32m'TestUtils.isLoggedIn'[39m
    },
    category: [32m'pw:api'[39m,
    title: [32m'Evaluate'[39m,
    apiName: [32m'page.evaluate'[39m,
    params: {
      expression: [32m'() => {\n'[39m +
        [32m"        const hasAuth = !!localStorage.getItem('auth') || !!localStorage.getItem('user');\n"[39m +
        [32m"        const isTestMode = localStorage.getItem('test-mode') === 'true';\n"[39m +
        [32m'        return hasAuth || isTestMode;\n'[39m +
        [32m'      }'[39m,
      isFunction: [33mtrue[39m,
      arg: [36m[Object][39m
    },
    boxedStack: [90mundefined[39m,
    steps: [],
    attachmentIndices: [],
    info: TestStepInfoImpl {
      annotations: [],
      _testInfo: [36m[TestInfoImpl][39m,
      _stepId: [32m'pw:api@12'[39m
    },
    complete: [36m[Function: complete][39m,
    endWallTime: [33m1751168274151[39m,
    error: {
      message: [32m'Error: page.evaluate: The operation is insecure.\n'[39m +
        [32m'@debugger eval code line 291 > eval:2:26\n'[39m +
        [32m'evaluate@debugger eval code:293:16\n'[39m +
        [32m'@debugger eval code:1:44\n'[39m,
      stack: [32m'Error: page.evaluate: The operation is insecure.\n'[39m +
        [32m'@debugger eval code line 291 > eval:2:26\n'[39m +
        [32m'evaluate@debugger eval code:293:16\n'[39m +
        [32m'@debugger eval code:1:44\n'[39m +
        [32m'\n'[39m +
        [32m'    at @debugger eval code line 291 > eval:2:26\n'[39m +
        [32m'    at evaluate@debugger eval code:293:16\n'[39m +
        [32m'    at @debugger eval code:1:44\n'[39m +
        [32m'    at TestUtils.isLoggedIn (/mnt/r/Projects/ForkFlow-crm/tests/helpers/testUtils.ts:51:30)\n'[39m +
        [32m'    at /mnt/r/Projects/ForkFlow-crm/tests/organizations/accessibility.spec.ts:15:23'[39m,
      cause: [90mundefined[39m
    }
  }
}
]]>
</system-err>
</testcase>
<testcase name="Organization Accessibility (WCAG 2.1 AA) › Screen Reader Support › should have live regions for dynamic content" classname="organizations/accessibility.spec.ts" time="3.221">
<failure message="accessibility.spec.ts:163:5 should have live regions for dynamic content" type="FAILURE">
<![CDATA[  [firefox] › organizations/accessibility.spec.ts:163:5 › Organization Accessibility (WCAG 2.1 AA) › Screen Reader Support › should have live regions for dynamic content 

    Error: page.evaluate: The operation is insecure.
    @debugger eval code line 291 > eval:1:7
    evaluate@debugger eval code:293:16
    @debugger eval code:1:44

        at @debugger eval code line 291 > eval:1:7
        at evaluate@debugger eval code:293:16
        at @debugger eval code:1:44
        at TestUtils.login (/mnt/r/Projects/ForkFlow-crm/tests/helpers/testUtils.ts:9:38)
        at /mnt/r/Projects/ForkFlow-crm/tests/organizations/accessibility.spec.ts:16:19

    attachment #1: screenshot (image/png) ──────────────────────────────────────────────────────────
    test-results/organizations-accessibilit-b5e36-regions-for-dynamic-content-firefox/test-failed-1.png
    ────────────────────────────────────────────────────────────────────────────────────────────────

    attachment #2: video (video/webm) ──────────────────────────────────────────────────────────────
    test-results/organizations-accessibilit-b5e36-regions-for-dynamic-content-firefox/video.webm
    ────────────────────────────────────────────────────────────────────────────────────────────────
]]>
</failure>
<system-out>
<![CDATA[
[[ATTACHMENT|organizations-accessibilit-b5e36-regions-for-dynamic-content-firefox/test-failed-1.png]]

[[ATTACHMENT|organizations-accessibilit-b5e36-regions-for-dynamic-content-firefox/video.webm]]
]]>
</system-out>
<system-err>
<![CDATA[Error accessing localStorage: page.evaluate: The operation is insecure.
@debugger eval code line 291 > eval:2:26
evaluate@debugger eval code:293:16
@debugger eval code:1:44

    at TestUtils.isLoggedIn [90m(/mnt/r/Projects/ForkFlow-crm/[39mtests/helpers/testUtils.ts:51:30[90m)[39m
    at [90m/mnt/r/Projects/ForkFlow-crm/[39mtests/organizations/accessibility.spec.ts:15:23 {
  name: [32m'Error'[39m,
  [[32mSymbol(step)[39m]: {
    stepId: [32m'pw:api@12'[39m,
    location: {
      file: [32m'/mnt/r/Projects/ForkFlow-crm/tests/helpers/testUtils.ts'[39m,
      line: [33m51[39m,
      column: [33m30[39m,
      function: [32m'TestUtils.isLoggedIn'[39m
    },
    category: [32m'pw:api'[39m,
    title: [32m'Evaluate'[39m,
    apiName: [32m'page.evaluate'[39m,
    params: {
      expression: [32m'() => {\n'[39m +
        [32m"        const hasAuth = !!localStorage.getItem('auth') || !!localStorage.getItem('user');\n"[39m +
        [32m"        const isTestMode = localStorage.getItem('test-mode') === 'true';\n"[39m +
        [32m'        return hasAuth || isTestMode;\n'[39m +
        [32m'      }'[39m,
      isFunction: [33mtrue[39m,
      arg: [36m[Object][39m
    },
    boxedStack: [90mundefined[39m,
    steps: [],
    attachmentIndices: [],
    info: TestStepInfoImpl {
      annotations: [],
      _testInfo: [36m[TestInfoImpl][39m,
      _stepId: [32m'pw:api@12'[39m
    },
    complete: [36m[Function: complete][39m,
    endWallTime: [33m1751168282659[39m,
    error: {
      message: [32m'Error: page.evaluate: The operation is insecure.\n'[39m +
        [32m'@debugger eval code line 291 > eval:2:26\n'[39m +
        [32m'evaluate@debugger eval code:293:16\n'[39m +
        [32m'@debugger eval code:1:44\n'[39m,
      stack: [32m'Error: page.evaluate: The operation is insecure.\n'[39m +
        [32m'@debugger eval code line 291 > eval:2:26\n'[39m +
        [32m'evaluate@debugger eval code:293:16\n'[39m +
        [32m'@debugger eval code:1:44\n'[39m +
        [32m'\n'[39m +
        [32m'    at @debugger eval code line 291 > eval:2:26\n'[39m +
        [32m'    at evaluate@debugger eval code:293:16\n'[39m +
        [32m'    at @debugger eval code:1:44\n'[39m +
        [32m'    at TestUtils.isLoggedIn (/mnt/r/Projects/ForkFlow-crm/tests/helpers/testUtils.ts:51:30)\n'[39m +
        [32m'    at /mnt/r/Projects/ForkFlow-crm/tests/organizations/accessibility.spec.ts:15:23'[39m,
      cause: [90mundefined[39m
    }
  }
}
]]>
</system-err>
</testcase>
<testcase name="Organization Accessibility (WCAG 2.1 AA) › Color and Contrast › should have sufficient color contrast for text" classname="organizations/accessibility.spec.ts" time="3.427">
<failure message="accessibility.spec.ts:179:5 should have sufficient color contrast for text" type="FAILURE">
<![CDATA[  [firefox] › organizations/accessibility.spec.ts:179:5 › Organization Accessibility (WCAG 2.1 AA) › Color and Contrast › should have sufficient color contrast for text 

    Error: page.evaluate: The operation is insecure.
    @debugger eval code line 291 > eval:1:7
    evaluate@debugger eval code:293:16
    @debugger eval code:1:44

        at @debugger eval code line 291 > eval:1:7
        at evaluate@debugger eval code:293:16
        at @debugger eval code:1:44
        at TestUtils.login (/mnt/r/Projects/ForkFlow-crm/tests/helpers/testUtils.ts:9:38)
        at /mnt/r/Projects/ForkFlow-crm/tests/organizations/accessibility.spec.ts:16:19

    attachment #1: screenshot (image/png) ──────────────────────────────────────────────────────────
    test-results/organizations-accessibilit-32cf2-ent-color-contrast-for-text-firefox/test-failed-1.png
    ────────────────────────────────────────────────────────────────────────────────────────────────

    attachment #2: video (video/webm) ──────────────────────────────────────────────────────────────
    test-results/organizations-accessibilit-32cf2-ent-color-contrast-for-text-firefox/video.webm
    ────────────────────────────────────────────────────────────────────────────────────────────────
]]>
</failure>
<system-out>
<![CDATA[
[[ATTACHMENT|organizations-accessibilit-32cf2-ent-color-contrast-for-text-firefox/test-failed-1.png]]

[[ATTACHMENT|organizations-accessibilit-32cf2-ent-color-contrast-for-text-firefox/video.webm]]
]]>
</system-out>
<system-err>
<![CDATA[Error accessing localStorage: page.evaluate: The operation is insecure.
@debugger eval code line 291 > eval:2:26
evaluate@debugger eval code:293:16
@debugger eval code:1:44

    at TestUtils.isLoggedIn [90m(/mnt/r/Projects/ForkFlow-crm/[39mtests/helpers/testUtils.ts:51:30[90m)[39m
    at [90m/mnt/r/Projects/ForkFlow-crm/[39mtests/organizations/accessibility.spec.ts:15:23 {
  name: [32m'Error'[39m,
  [[32mSymbol(step)[39m]: {
    stepId: [32m'pw:api@12'[39m,
    location: {
      file: [32m'/mnt/r/Projects/ForkFlow-crm/tests/helpers/testUtils.ts'[39m,
      line: [33m51[39m,
      column: [33m30[39m,
      function: [32m'TestUtils.isLoggedIn'[39m
    },
    category: [32m'pw:api'[39m,
    title: [32m'Evaluate'[39m,
    apiName: [32m'page.evaluate'[39m,
    params: {
      expression: [32m'() => {\n'[39m +
        [32m"        const hasAuth = !!localStorage.getItem('auth') || !!localStorage.getItem('user');\n"[39m +
        [32m"        const isTestMode = localStorage.getItem('test-mode') === 'true';\n"[39m +
        [32m'        return hasAuth || isTestMode;\n'[39m +
        [32m'      }'[39m,
      isFunction: [33mtrue[39m,
      arg: [36m[Object][39m
    },
    boxedStack: [90mundefined[39m,
    steps: [],
    attachmentIndices: [],
    info: TestStepInfoImpl {
      annotations: [],
      _testInfo: [36m[TestInfoImpl][39m,
      _stepId: [32m'pw:api@12'[39m
    },
    complete: [36m[Function: complete][39m,
    endWallTime: [33m1751168295136[39m,
    error: {
      message: [32m'Error: page.evaluate: The operation is insecure.\n'[39m +
        [32m'@debugger eval code line 291 > eval:2:26\n'[39m +
        [32m'evaluate@debugger eval code:293:16\n'[39m +
        [32m'@debugger eval code:1:44\n'[39m,
      stack: [32m'Error: page.evaluate: The operation is insecure.\n'[39m +
        [32m'@debugger eval code line 291 > eval:2:26\n'[39m +
        [32m'evaluate@debugger eval code:293:16\n'[39m +
        [32m'@debugger eval code:1:44\n'[39m +
        [32m'\n'[39m +
        [32m'    at @debugger eval code line 291 > eval:2:26\n'[39m +
        [32m'    at evaluate@debugger eval code:293:16\n'[39m +
        [32m'    at @debugger eval code:1:44\n'[39m +
        [32m'    at TestUtils.isLoggedIn (/mnt/r/Projects/ForkFlow-crm/tests/helpers/testUtils.ts:51:30)\n'[39m +
        [32m'    at /mnt/r/Projects/ForkFlow-crm/tests/organizations/accessibility.spec.ts:15:23'[39m,
      cause: [90mundefined[39m
    }
  }
}
]]>
</system-err>
</testcase>
<testcase name="Organization Accessibility (WCAG 2.1 AA) › Color and Contrast › should not rely solely on color to convey information" classname="organizations/accessibility.spec.ts" time="3.278">
<failure message="accessibility.spec.ts:201:5 should not rely solely on color to convey information" type="FAILURE">
<![CDATA[  [firefox] › organizations/accessibility.spec.ts:201:5 › Organization Accessibility (WCAG 2.1 AA) › Color and Contrast › should not rely solely on color to convey information 

    Error: page.evaluate: The operation is insecure.
    @debugger eval code line 291 > eval:1:7
    evaluate@debugger eval code:293:16
    @debugger eval code:1:44

        at @debugger eval code line 291 > eval:1:7
        at evaluate@debugger eval code:293:16
        at @debugger eval code:1:44
        at TestUtils.login (/mnt/r/Projects/ForkFlow-crm/tests/helpers/testUtils.ts:9:38)
        at /mnt/r/Projects/ForkFlow-crm/tests/organizations/accessibility.spec.ts:16:19

    attachment #1: screenshot (image/png) ──────────────────────────────────────────────────────────
    test-results/organizations-accessibilit-3a313-color-to-convey-information-firefox/test-failed-1.png
    ────────────────────────────────────────────────────────────────────────────────────────────────

    attachment #2: video (video/webm) ──────────────────────────────────────────────────────────────
    test-results/organizations-accessibilit-3a313-color-to-convey-information-firefox/video.webm
    ────────────────────────────────────────────────────────────────────────────────────────────────
]]>
</failure>
<system-out>
<![CDATA[
[[ATTACHMENT|organizations-accessibilit-3a313-color-to-convey-information-firefox/test-failed-1.png]]

[[ATTACHMENT|organizations-accessibilit-3a313-color-to-convey-information-firefox/video.webm]]
]]>
</system-out>
<system-err>
<![CDATA[Error accessing localStorage: page.evaluate: The operation is insecure.
@debugger eval code line 291 > eval:2:26
evaluate@debugger eval code:293:16
@debugger eval code:1:44

    at TestUtils.isLoggedIn [90m(/mnt/r/Projects/ForkFlow-crm/[39mtests/helpers/testUtils.ts:51:30[90m)[39m
    at [90m/mnt/r/Projects/ForkFlow-crm/[39mtests/organizations/accessibility.spec.ts:15:23 {
  name: [32m'Error'[39m,
  [[32mSymbol(step)[39m]: {
    stepId: [32m'pw:api@12'[39m,
    location: {
      file: [32m'/mnt/r/Projects/ForkFlow-crm/tests/helpers/testUtils.ts'[39m,
      line: [33m51[39m,
      column: [33m30[39m,
      function: [32m'TestUtils.isLoggedIn'[39m
    },
    category: [32m'pw:api'[39m,
    title: [32m'Evaluate'[39m,
    apiName: [32m'page.evaluate'[39m,
    params: {
      expression: [32m'() => {\n'[39m +
        [32m"        const hasAuth = !!localStorage.getItem('auth') || !!localStorage.getItem('user');\n"[39m +
        [32m"        const isTestMode = localStorage.getItem('test-mode') === 'true';\n"[39m +
        [32m'        return hasAuth || isTestMode;\n'[39m +
        [32m'      }'[39m,
      isFunction: [33mtrue[39m,
      arg: [36m[Object][39m
    },
    boxedStack: [90mundefined[39m,
    steps: [],
    attachmentIndices: [],
    info: TestStepInfoImpl {
      annotations: [],
      _testInfo: [36m[TestInfoImpl][39m,
      _stepId: [32m'pw:api@12'[39m
    },
    complete: [36m[Function: complete][39m,
    endWallTime: [33m1751168304136[39m,
    error: {
      message: [32m'Error: page.evaluate: The operation is insecure.\n'[39m +
        [32m'@debugger eval code line 291 > eval:2:26\n'[39m +
        [32m'evaluate@debugger eval code:293:16\n'[39m +
        [32m'@debugger eval code:1:44\n'[39m,
      stack: [32m'Error: page.evaluate: The operation is insecure.\n'[39m +
        [32m'@debugger eval code line 291 > eval:2:26\n'[39m +
        [32m'evaluate@debugger eval code:293:16\n'[39m +
        [32m'@debugger eval code:1:44\n'[39m +
        [32m'\n'[39m +
        [32m'    at @debugger eval code line 291 > eval:2:26\n'[39m +
        [32m'    at evaluate@debugger eval code:293:16\n'[39m +
        [32m'    at @debugger eval code:1:44\n'[39m +
        [32m'    at TestUtils.isLoggedIn (/mnt/r/Projects/ForkFlow-crm/tests/helpers/testUtils.ts:51:30)\n'[39m +
        [32m'    at /mnt/r/Projects/ForkFlow-crm/tests/organizations/accessibility.spec.ts:15:23'[39m,
      cause: [90mundefined[39m
    }
  }
}
]]>
</system-err>
</testcase>
<testcase name="Organization Accessibility (WCAG 2.1 AA) › Focus Management › should have visible focus indicators" classname="organizations/accessibility.spec.ts" time="3.382">
<failure message="accessibility.spec.ts:226:5 should have visible focus indicators" type="FAILURE">
<![CDATA[  [firefox] › organizations/accessibility.spec.ts:226:5 › Organization Accessibility (WCAG 2.1 AA) › Focus Management › should have visible focus indicators 

    Error: page.evaluate: The operation is insecure.
    @debugger eval code line 291 > eval:1:7
    evaluate@debugger eval code:293:16
    @debugger eval code:1:44

        at @debugger eval code line 291 > eval:1:7
        at evaluate@debugger eval code:293:16
        at @debugger eval code:1:44
        at TestUtils.login (/mnt/r/Projects/ForkFlow-crm/tests/helpers/testUtils.ts:9:38)
        at /mnt/r/Projects/ForkFlow-crm/tests/organizations/accessibility.spec.ts:16:19

    attachment #1: screenshot (image/png) ──────────────────────────────────────────────────────────
    test-results/organizations-accessibilit-b433d-ve-visible-focus-indicators-firefox/test-failed-1.png
    ────────────────────────────────────────────────────────────────────────────────────────────────

    attachment #2: video (video/webm) ──────────────────────────────────────────────────────────────
    test-results/organizations-accessibilit-b433d-ve-visible-focus-indicators-firefox/video.webm
    ────────────────────────────────────────────────────────────────────────────────────────────────
]]>
</failure>
<system-out>
<![CDATA[
[[ATTACHMENT|organizations-accessibilit-b433d-ve-visible-focus-indicators-firefox/test-failed-1.png]]

[[ATTACHMENT|organizations-accessibilit-b433d-ve-visible-focus-indicators-firefox/video.webm]]
]]>
</system-out>
<system-err>
<![CDATA[Error accessing localStorage: page.evaluate: The operation is insecure.
@debugger eval code line 291 > eval:2:26
evaluate@debugger eval code:293:16
@debugger eval code:1:44

    at TestUtils.isLoggedIn [90m(/mnt/r/Projects/ForkFlow-crm/[39mtests/helpers/testUtils.ts:51:30[90m)[39m
    at [90m/mnt/r/Projects/ForkFlow-crm/[39mtests/organizations/accessibility.spec.ts:15:23 {
  name: [32m'Error'[39m,
  [[32mSymbol(step)[39m]: {
    stepId: [32m'pw:api@12'[39m,
    location: {
      file: [32m'/mnt/r/Projects/ForkFlow-crm/tests/helpers/testUtils.ts'[39m,
      line: [33m51[39m,
      column: [33m30[39m,
      function: [32m'TestUtils.isLoggedIn'[39m
    },
    category: [32m'pw:api'[39m,
    title: [32m'Evaluate'[39m,
    apiName: [32m'page.evaluate'[39m,
    params: {
      expression: [32m'() => {\n'[39m +
        [32m"        const hasAuth = !!localStorage.getItem('auth') || !!localStorage.getItem('user');\n"[39m +
        [32m"        const isTestMode = localStorage.getItem('test-mode') === 'true';\n"[39m +
        [32m'        return hasAuth || isTestMode;\n'[39m +
        [32m'      }'[39m,
      isFunction: [33mtrue[39m,
      arg: [36m[Object][39m
    },
    boxedStack: [90mundefined[39m,
    steps: [],
    attachmentIndices: [],
    info: TestStepInfoImpl {
      annotations: [],
      _testInfo: [36m[TestInfoImpl][39m,
      _stepId: [32m'pw:api@12'[39m
    },
    complete: [36m[Function: complete][39m,
    endWallTime: [33m1751168316566[39m,
    error: {
      message: [32m'Error: page.evaluate: The operation is insecure.\n'[39m +
        [32m'@debugger eval code line 291 > eval:2:26\n'[39m +
        [32m'evaluate@debugger eval code:293:16\n'[39m +
        [32m'@debugger eval code:1:44\n'[39m,
      stack: [32m'Error: page.evaluate: The operation is insecure.\n'[39m +
        [32m'@debugger eval code line 291 > eval:2:26\n'[39m +
        [32m'evaluate@debugger eval code:293:16\n'[39m +
        [32m'@debugger eval code:1:44\n'[39m +
        [32m'\n'[39m +
        [32m'    at @debugger eval code line 291 > eval:2:26\n'[39m +
        [32m'    at evaluate@debugger eval code:293:16\n'[39m +
        [32m'    at @debugger eval code:1:44\n'[39m +
        [32m'    at TestUtils.isLoggedIn (/mnt/r/Projects/ForkFlow-crm/tests/helpers/testUtils.ts:51:30)\n'[39m +
        [32m'    at /mnt/r/Projects/ForkFlow-crm/tests/organizations/accessibility.spec.ts:15:23'[39m,
      cause: [90mundefined[39m
    }
  }
}
]]>
</system-err>
</testcase>
<testcase name="Organization Accessibility (WCAG 2.1 AA) › Focus Management › should manage focus in modal dialogs" classname="organizations/accessibility.spec.ts" time="3.307">
<failure message="accessibility.spec.ts:254:5 should manage focus in modal dialogs" type="FAILURE">
<![CDATA[  [firefox] › organizations/accessibility.spec.ts:254:5 › Organization Accessibility (WCAG 2.1 AA) › Focus Management › should manage focus in modal dialogs 

    Error: page.evaluate: The operation is insecure.
    @debugger eval code line 291 > eval:1:7
    evaluate@debugger eval code:293:16
    @debugger eval code:1:44

        at @debugger eval code line 291 > eval:1:7
        at evaluate@debugger eval code:293:16
        at @debugger eval code:1:44
        at TestUtils.login (/mnt/r/Projects/ForkFlow-crm/tests/helpers/testUtils.ts:9:38)
        at /mnt/r/Projects/ForkFlow-crm/tests/organizations/accessibility.spec.ts:16:19

    attachment #1: screenshot (image/png) ──────────────────────────────────────────────────────────
    test-results/organizations-accessibilit-f595e-nage-focus-in-modal-dialogs-firefox/test-failed-1.png
    ────────────────────────────────────────────────────────────────────────────────────────────────

    attachment #2: video (video/webm) ──────────────────────────────────────────────────────────────
    test-results/organizations-accessibilit-f595e-nage-focus-in-modal-dialogs-firefox/video.webm
    ────────────────────────────────────────────────────────────────────────────────────────────────
]]>
</failure>
<system-out>
<![CDATA[
[[ATTACHMENT|organizations-accessibilit-f595e-nage-focus-in-modal-dialogs-firefox/test-failed-1.png]]

[[ATTACHMENT|organizations-accessibilit-f595e-nage-focus-in-modal-dialogs-firefox/video.webm]]
]]>
</system-out>
<system-err>
<![CDATA[Error accessing localStorage: page.evaluate: The operation is insecure.
@debugger eval code line 291 > eval:2:26
evaluate@debugger eval code:293:16
@debugger eval code:1:44

    at TestUtils.isLoggedIn [90m(/mnt/r/Projects/ForkFlow-crm/[39mtests/helpers/testUtils.ts:51:30[90m)[39m
    at [90m/mnt/r/Projects/ForkFlow-crm/[39mtests/organizations/accessibility.spec.ts:15:23 {
  name: [32m'Error'[39m,
  [[32mSymbol(step)[39m]: {
    stepId: [32m'pw:api@12'[39m,
    location: {
      file: [32m'/mnt/r/Projects/ForkFlow-crm/tests/helpers/testUtils.ts'[39m,
      line: [33m51[39m,
      column: [33m30[39m,
      function: [32m'TestUtils.isLoggedIn'[39m
    },
    category: [32m'pw:api'[39m,
    title: [32m'Evaluate'[39m,
    apiName: [32m'page.evaluate'[39m,
    params: {
      expression: [32m'() => {\n'[39m +
        [32m"        const hasAuth = !!localStorage.getItem('auth') || !!localStorage.getItem('user');\n"[39m +
        [32m"        const isTestMode = localStorage.getItem('test-mode') === 'true';\n"[39m +
        [32m'        return hasAuth || isTestMode;\n'[39m +
        [32m'      }'[39m,
      isFunction: [33mtrue[39m,
      arg: [36m[Object][39m
    },
    boxedStack: [90mundefined[39m,
    steps: [],
    attachmentIndices: [],
    info: TestStepInfoImpl {
      annotations: [],
      _testInfo: [36m[TestInfoImpl][39m,
      _stepId: [32m'pw:api@12'[39m
    },
    complete: [36m[Function: complete][39m,
    endWallTime: [33m1751168324983[39m,
    error: {
      message: [32m'Error: page.evaluate: The operation is insecure.\n'[39m +
        [32m'@debugger eval code line 291 > eval:2:26\n'[39m +
        [32m'evaluate@debugger eval code:293:16\n'[39m +
        [32m'@debugger eval code:1:44\n'[39m,
      stack: [32m'Error: page.evaluate: The operation is insecure.\n'[39m +
        [32m'@debugger eval code line 291 > eval:2:26\n'[39m +
        [32m'evaluate@debugger eval code:293:16\n'[39m +
        [32m'@debugger eval code:1:44\n'[39m +
        [32m'\n'[39m +
        [32m'    at @debugger eval code line 291 > eval:2:26\n'[39m +
        [32m'    at evaluate@debugger eval code:293:16\n'[39m +
        [32m'    at @debugger eval code:1:44\n'[39m +
        [32m'    at TestUtils.isLoggedIn (/mnt/r/Projects/ForkFlow-crm/tests/helpers/testUtils.ts:51:30)\n'[39m +
        [32m'    at /mnt/r/Projects/ForkFlow-crm/tests/organizations/accessibility.spec.ts:15:23'[39m,
      cause: [90mundefined[39m
    }
  }
}
]]>
</system-err>
</testcase>
<testcase name="Organization Accessibility (WCAG 2.1 AA) › Focus Management › should restore focus after modal closes" classname="organizations/accessibility.spec.ts" time="3.278">
<failure message="accessibility.spec.ts:274:5 should restore focus after modal closes" type="FAILURE">
<![CDATA[  [firefox] › organizations/accessibility.spec.ts:274:5 › Organization Accessibility (WCAG 2.1 AA) › Focus Management › should restore focus after modal closes 

    Error: page.evaluate: The operation is insecure.
    @debugger eval code line 291 > eval:1:7
    evaluate@debugger eval code:293:16
    @debugger eval code:1:44

        at @debugger eval code line 291 > eval:1:7
        at evaluate@debugger eval code:293:16
        at @debugger eval code:1:44
        at TestUtils.login (/mnt/r/Projects/ForkFlow-crm/tests/helpers/testUtils.ts:9:38)
        at /mnt/r/Projects/ForkFlow-crm/tests/organizations/accessibility.spec.ts:16:19

    attachment #1: screenshot (image/png) ──────────────────────────────────────────────────────────
    test-results/organizations-accessibilit-c3d44-re-focus-after-modal-closes-firefox/test-failed-1.png
    ────────────────────────────────────────────────────────────────────────────────────────────────

    attachment #2: video (video/webm) ──────────────────────────────────────────────────────────────
    test-results/organizations-accessibilit-c3d44-re-focus-after-modal-closes-firefox/video.webm
    ────────────────────────────────────────────────────────────────────────────────────────────────
]]>
</failure>
<system-out>
<![CDATA[
[[ATTACHMENT|organizations-accessibilit-c3d44-re-focus-after-modal-closes-firefox/test-failed-1.png]]

[[ATTACHMENT|organizations-accessibilit-c3d44-re-focus-after-modal-closes-firefox/video.webm]]
]]>
</system-out>
<system-err>
<![CDATA[Error accessing localStorage: page.evaluate: The operation is insecure.
@debugger eval code line 291 > eval:2:26
evaluate@debugger eval code:293:16
@debugger eval code:1:44

    at TestUtils.isLoggedIn [90m(/mnt/r/Projects/ForkFlow-crm/[39mtests/helpers/testUtils.ts:51:30[90m)[39m
    at [90m/mnt/r/Projects/ForkFlow-crm/[39mtests/organizations/accessibility.spec.ts:15:23 {
  name: [32m'Error'[39m,
  [[32mSymbol(step)[39m]: {
    stepId: [32m'pw:api@12'[39m,
    location: {
      file: [32m'/mnt/r/Projects/ForkFlow-crm/tests/helpers/testUtils.ts'[39m,
      line: [33m51[39m,
      column: [33m30[39m,
      function: [32m'TestUtils.isLoggedIn'[39m
    },
    category: [32m'pw:api'[39m,
    title: [32m'Evaluate'[39m,
    apiName: [32m'page.evaluate'[39m,
    params: {
      expression: [32m'() => {\n'[39m +
        [32m"        const hasAuth = !!localStorage.getItem('auth') || !!localStorage.getItem('user');\n"[39m +
        [32m"        const isTestMode = localStorage.getItem('test-mode') === 'true';\n"[39m +
        [32m'        return hasAuth || isTestMode;\n'[39m +
        [32m'      }'[39m,
      isFunction: [33mtrue[39m,
      arg: [36m[Object][39m
    },
    boxedStack: [90mundefined[39m,
    steps: [],
    attachmentIndices: [],
    info: TestStepInfoImpl {
      annotations: [],
      _testInfo: [36m[TestInfoImpl][39m,
      _stepId: [32m'pw:api@12'[39m
    },
    complete: [36m[Function: complete][39m,
    endWallTime: [33m1751168338240[39m,
    error: {
      message: [32m'Error: page.evaluate: The operation is insecure.\n'[39m +
        [32m'@debugger eval code line 291 > eval:2:26\n'[39m +
        [32m'evaluate@debugger eval code:293:16\n'[39m +
        [32m'@debugger eval code:1:44\n'[39m,
      stack: [32m'Error: page.evaluate: The operation is insecure.\n'[39m +
        [32m'@debugger eval code line 291 > eval:2:26\n'[39m +
        [32m'evaluate@debugger eval code:293:16\n'[39m +
        [32m'@debugger eval code:1:44\n'[39m +
        [32m'\n'[39m +
        [32m'    at @debugger eval code line 291 > eval:2:26\n'[39m +
        [32m'    at evaluate@debugger eval code:293:16\n'[39m +
        [32m'    at @debugger eval code:1:44\n'[39m +
        [32m'    at TestUtils.isLoggedIn (/mnt/r/Projects/ForkFlow-crm/tests/helpers/testUtils.ts:51:30)\n'[39m +
        [32m'    at /mnt/r/Projects/ForkFlow-crm/tests/organizations/accessibility.spec.ts:15:23'[39m,
      cause: [90mundefined[39m
    }
  }
}
]]>
</system-err>
</testcase>
<testcase name="Organization Accessibility (WCAG 2.1 AA) › Error and Status Announcements › should announce form validation errors" classname="organizations/accessibility.spec.ts" time="3.305">
<failure message="accessibility.spec.ts:292:5 should announce form validation errors" type="FAILURE">
<![CDATA[  [firefox] › organizations/accessibility.spec.ts:292:5 › Organization Accessibility (WCAG 2.1 AA) › Error and Status Announcements › should announce form validation errors 

    Error: page.evaluate: The operation is insecure.
    @debugger eval code line 291 > eval:1:7
    evaluate@debugger eval code:293:16
    @debugger eval code:1:44

        at @debugger eval code line 291 > eval:1:7
        at evaluate@debugger eval code:293:16
        at @debugger eval code:1:44
        at TestUtils.login (/mnt/r/Projects/ForkFlow-crm/tests/helpers/testUtils.ts:9:38)
        at /mnt/r/Projects/ForkFlow-crm/tests/organizations/accessibility.spec.ts:16:19

    attachment #1: screenshot (image/png) ──────────────────────────────────────────────────────────
    test-results/organizations-accessibilit-36d84-unce-form-validation-errors-firefox/test-failed-1.png
    ────────────────────────────────────────────────────────────────────────────────────────────────

    attachment #2: video (video/webm) ──────────────────────────────────────────────────────────────
    test-results/organizations-accessibilit-36d84-unce-form-validation-errors-firefox/video.webm
    ────────────────────────────────────────────────────────────────────────────────────────────────
]]>
</failure>
<system-out>
<![CDATA[
[[ATTACHMENT|organizations-accessibilit-36d84-unce-form-validation-errors-firefox/test-failed-1.png]]

[[ATTACHMENT|organizations-accessibilit-36d84-unce-form-validation-errors-firefox/video.webm]]
]]>
</system-out>
<system-err>
<![CDATA[Error accessing localStorage: page.evaluate: The operation is insecure.
@debugger eval code line 291 > eval:2:26
evaluate@debugger eval code:293:16
@debugger eval code:1:44

    at TestUtils.isLoggedIn [90m(/mnt/r/Projects/ForkFlow-crm/[39mtests/helpers/testUtils.ts:51:30[90m)[39m
    at [90m/mnt/r/Projects/ForkFlow-crm/[39mtests/organizations/accessibility.spec.ts:15:23 {
  name: [32m'Error'[39m,
  [[32mSymbol(step)[39m]: {
    stepId: [32m'pw:api@12'[39m,
    location: {
      file: [32m'/mnt/r/Projects/ForkFlow-crm/tests/helpers/testUtils.ts'[39m,
      line: [33m51[39m,
      column: [33m30[39m,
      function: [32m'TestUtils.isLoggedIn'[39m
    },
    category: [32m'pw:api'[39m,
    title: [32m'Evaluate'[39m,
    apiName: [32m'page.evaluate'[39m,
    params: {
      expression: [32m'() => {\n'[39m +
        [32m"        const hasAuth = !!localStorage.getItem('auth') || !!localStorage.getItem('user');\n"[39m +
        [32m"        const isTestMode = localStorage.getItem('test-mode') === 'true';\n"[39m +
        [32m'        return hasAuth || isTestMode;\n'[39m +
        [32m'      }'[39m,
      isFunction: [33mtrue[39m,
      arg: [36m[Object][39m
    },
    boxedStack: [90mundefined[39m,
    steps: [],
    attachmentIndices: [],
    info: TestStepInfoImpl {
      annotations: [],
      _testInfo: [36m[TestInfoImpl][39m,
      _stepId: [32m'pw:api@12'[39m
    },
    complete: [36m[Function: complete][39m,
    endWallTime: [33m1751168347292[39m,
    error: {
      message: [32m'Error: page.evaluate: The operation is insecure.\n'[39m +
        [32m'@debugger eval code line 291 > eval:2:26\n'[39m +
        [32m'evaluate@debugger eval code:293:16\n'[39m +
        [32m'@debugger eval code:1:44\n'[39m,
      stack: [32m'Error: page.evaluate: The operation is insecure.\n'[39m +
        [32m'@debugger eval code line 291 > eval:2:26\n'[39m +
        [32m'evaluate@debugger eval code:293:16\n'[39m +
        [32m'@debugger eval code:1:44\n'[39m +
        [32m'\n'[39m +
        [32m'    at @debugger eval code line 291 > eval:2:26\n'[39m +
        [32m'    at evaluate@debugger eval code:293:16\n'[39m +
        [32m'    at @debugger eval code:1:44\n'[39m +
        [32m'    at TestUtils.isLoggedIn (/mnt/r/Projects/ForkFlow-crm/tests/helpers/testUtils.ts:51:30)\n'[39m +
        [32m'    at /mnt/r/Projects/ForkFlow-crm/tests/organizations/accessibility.spec.ts:15:23'[39m,
      cause: [90mundefined[39m
    }
  }
}
]]>
</system-err>
</testcase>
<testcase name="Organization Accessibility (WCAG 2.1 AA) › Error and Status Announcements › should announce successful operations" classname="organizations/accessibility.spec.ts" time="3.372">
<failure message="accessibility.spec.ts:310:5 should announce successful operations" type="FAILURE">
<![CDATA[  [firefox] › organizations/accessibility.spec.ts:310:5 › Organization Accessibility (WCAG 2.1 AA) › Error and Status Announcements › should announce successful operations 

    Error: page.evaluate: The operation is insecure.
    @debugger eval code line 291 > eval:1:7
    evaluate@debugger eval code:293:16
    @debugger eval code:1:44

        at @debugger eval code line 291 > eval:1:7
        at evaluate@debugger eval code:293:16
        at @debugger eval code:1:44
        at TestUtils.login (/mnt/r/Projects/ForkFlow-crm/tests/helpers/testUtils.ts:9:38)
        at /mnt/r/Projects/ForkFlow-crm/tests/organizations/accessibility.spec.ts:16:19

    attachment #1: screenshot (image/png) ──────────────────────────────────────────────────────────
    test-results/organizations-accessibilit-2a628-ounce-successful-operations-firefox/test-failed-1.png
    ────────────────────────────────────────────────────────────────────────────────────────────────

    attachment #2: video (video/webm) ──────────────────────────────────────────────────────────────
    test-results/organizations-accessibilit-2a628-ounce-successful-operations-firefox/video.webm
    ────────────────────────────────────────────────────────────────────────────────────────────────
]]>
</failure>
<system-out>
<![CDATA[
[[ATTACHMENT|organizations-accessibilit-2a628-ounce-successful-operations-firefox/test-failed-1.png]]

[[ATTACHMENT|organizations-accessibilit-2a628-ounce-successful-operations-firefox/video.webm]]
]]>
</system-out>
<system-err>
<![CDATA[Error accessing localStorage: page.evaluate: The operation is insecure.
@debugger eval code line 291 > eval:2:26
evaluate@debugger eval code:293:16
@debugger eval code:1:44

    at TestUtils.isLoggedIn [90m(/mnt/r/Projects/ForkFlow-crm/[39mtests/helpers/testUtils.ts:51:30[90m)[39m
    at [90m/mnt/r/Projects/ForkFlow-crm/[39mtests/organizations/accessibility.spec.ts:15:23 {
  name: [32m'Error'[39m,
  [[32mSymbol(step)[39m]: {
    stepId: [32m'pw:api@12'[39m,
    location: {
      file: [32m'/mnt/r/Projects/ForkFlow-crm/tests/helpers/testUtils.ts'[39m,
      line: [33m51[39m,
      column: [33m30[39m,
      function: [32m'TestUtils.isLoggedIn'[39m
    },
    category: [32m'pw:api'[39m,
    title: [32m'Evaluate'[39m,
    apiName: [32m'page.evaluate'[39m,
    params: {
      expression: [32m'() => {\n'[39m +
        [32m"        const hasAuth = !!localStorage.getItem('auth') || !!localStorage.getItem('user');\n"[39m +
        [32m"        const isTestMode = localStorage.getItem('test-mode') === 'true';\n"[39m +
        [32m'        return hasAuth || isTestMode;\n'[39m +
        [32m'      }'[39m,
      isFunction: [33mtrue[39m,
      arg: [36m[Object][39m
    },
    boxedStack: [90mundefined[39m,
    steps: [],
    attachmentIndices: [],
    info: TestStepInfoImpl {
      annotations: [],
      _testInfo: [36m[TestInfoImpl][39m,
      _stepId: [32m'pw:api@12'[39m
    },
    complete: [36m[Function: complete][39m,
    endWallTime: [33m1751168359714[39m,
    error: {
      message: [32m'Error: page.evaluate: The operation is insecure.\n'[39m +
        [32m'@debugger eval code line 291 > eval:2:26\n'[39m +
        [32m'evaluate@debugger eval code:293:16\n'[39m +
        [32m'@debugger eval code:1:44\n'[39m,
      stack: [32m'Error: page.evaluate: The operation is insecure.\n'[39m +
        [32m'@debugger eval code line 291 > eval:2:26\n'[39m +
        [32m'evaluate@debugger eval code:293:16\n'[39m +
        [32m'@debugger eval code:1:44\n'[39m +
        [32m'\n'[39m +
        [32m'    at @debugger eval code line 291 > eval:2:26\n'[39m +
        [32m'    at evaluate@debugger eval code:293:16\n'[39m +
        [32m'    at @debugger eval code:1:44\n'[39m +
        [32m'    at TestUtils.isLoggedIn (/mnt/r/Projects/ForkFlow-crm/tests/helpers/testUtils.ts:51:30)\n'[39m +
        [32m'    at /mnt/r/Projects/ForkFlow-crm/tests/organizations/accessibility.spec.ts:15:23'[39m,
      cause: [90mundefined[39m
    }
  }
}
]]>
</system-err>
</testcase>
<testcase name="Organization Accessibility (WCAG 2.1 AA) › Responsive Accessibility › should maintain accessibility on mobile" classname="organizations/accessibility.spec.ts" time="3.253">
<failure message="accessibility.spec.ts:326:5 should maintain accessibility on mobile" type="FAILURE">
<![CDATA[  [firefox] › organizations/accessibility.spec.ts:326:5 › Organization Accessibility (WCAG 2.1 AA) › Responsive Accessibility › should maintain accessibility on mobile 

    Error: page.evaluate: The operation is insecure.
    @debugger eval code line 291 > eval:1:7
    evaluate@debugger eval code:293:16
    @debugger eval code:1:44

        at @debugger eval code line 291 > eval:1:7
        at evaluate@debugger eval code:293:16
        at @debugger eval code:1:44
        at TestUtils.login (/mnt/r/Projects/ForkFlow-crm/tests/helpers/testUtils.ts:9:38)
        at /mnt/r/Projects/ForkFlow-crm/tests/organizations/accessibility.spec.ts:16:19

    attachment #1: screenshot (image/png) ──────────────────────────────────────────────────────────
    test-results/organizations-accessibilit-88ced-ain-accessibility-on-mobile-firefox/test-failed-1.png
    ────────────────────────────────────────────────────────────────────────────────────────────────

    attachment #2: video (video/webm) ──────────────────────────────────────────────────────────────
    test-results/organizations-accessibilit-88ced-ain-accessibility-on-mobile-firefox/video.webm
    ────────────────────────────────────────────────────────────────────────────────────────────────
]]>
</failure>
<system-out>
<![CDATA[
[[ATTACHMENT|organizations-accessibilit-88ced-ain-accessibility-on-mobile-firefox/test-failed-1.png]]

[[ATTACHMENT|organizations-accessibilit-88ced-ain-accessibility-on-mobile-firefox/video.webm]]
]]>
</system-out>
<system-err>
<![CDATA[Error accessing localStorage: page.evaluate: The operation is insecure.
@debugger eval code line 291 > eval:2:26
evaluate@debugger eval code:293:16
@debugger eval code:1:44

    at TestUtils.isLoggedIn [90m(/mnt/r/Projects/ForkFlow-crm/[39mtests/helpers/testUtils.ts:51:30[90m)[39m
    at [90m/mnt/r/Projects/ForkFlow-crm/[39mtests/organizations/accessibility.spec.ts:15:23 {
  name: [32m'Error'[39m,
  [[32mSymbol(step)[39m]: {
    stepId: [32m'pw:api@12'[39m,
    location: {
      file: [32m'/mnt/r/Projects/ForkFlow-crm/tests/helpers/testUtils.ts'[39m,
      line: [33m51[39m,
      column: [33m30[39m,
      function: [32m'TestUtils.isLoggedIn'[39m
    },
    category: [32m'pw:api'[39m,
    title: [32m'Evaluate'[39m,
    apiName: [32m'page.evaluate'[39m,
    params: {
      expression: [32m'() => {\n'[39m +
        [32m"        const hasAuth = !!localStorage.getItem('auth') || !!localStorage.getItem('user');\n"[39m +
        [32m"        const isTestMode = localStorage.getItem('test-mode') === 'true';\n"[39m +
        [32m'        return hasAuth || isTestMode;\n'[39m +
        [32m'      }'[39m,
      isFunction: [33mtrue[39m,
      arg: [36m[Object][39m
    },
    boxedStack: [90mundefined[39m,
    steps: [],
    attachmentIndices: [],
    info: TestStepInfoImpl {
      annotations: [],
      _testInfo: [36m[TestInfoImpl][39m,
      _stepId: [32m'pw:api@12'[39m
    },
    complete: [36m[Function: complete][39m,
    endWallTime: [33m1751168369373[39m,
    error: {
      message: [32m'Error: page.evaluate: The operation is insecure.\n'[39m +
        [32m'@debugger eval code line 291 > eval:2:26\n'[39m +
        [32m'evaluate@debugger eval code:293:16\n'[39m +
        [32m'@debugger eval code:1:44\n'[39m,
      stack: [32m'Error: page.evaluate: The operation is insecure.\n'[39m +
        [32m'@debugger eval code line 291 > eval:2:26\n'[39m +
        [32m'evaluate@debugger eval code:293:16\n'[39m +
        [32m'@debugger eval code:1:44\n'[39m +
        [32m'\n'[39m +
        [32m'    at @debugger eval code line 291 > eval:2:26\n'[39m +
        [32m'    at evaluate@debugger eval code:293:16\n'[39m +
        [32m'    at @debugger eval code:1:44\n'[39m +
        [32m'    at TestUtils.isLoggedIn (/mnt/r/Projects/ForkFlow-crm/tests/helpers/testUtils.ts:51:30)\n'[39m +
        [32m'    at /mnt/r/Projects/ForkFlow-crm/tests/organizations/accessibility.spec.ts:15:23'[39m,
      cause: [90mundefined[39m
    }
  }
}
]]>
</system-err>
</testcase>
<testcase name="Organization Accessibility (WCAG 2.1 AA) › Responsive Accessibility › should support zoom up to 200%" classname="organizations/accessibility.spec.ts" time="3.525">
<failure message="accessibility.spec.ts:345:5 should support zoom up to 200%" type="FAILURE">
<![CDATA[  [firefox] › organizations/accessibility.spec.ts:345:5 › Organization Accessibility (WCAG 2.1 AA) › Responsive Accessibility › should support zoom up to 200% 

    Error: page.evaluate: The operation is insecure.
    @debugger eval code line 291 > eval:1:7
    evaluate@debugger eval code:293:16
    @debugger eval code:1:44

        at @debugger eval code line 291 > eval:1:7
        at evaluate@debugger eval code:293:16
        at @debugger eval code:1:44
        at TestUtils.login (/mnt/r/Projects/ForkFlow-crm/tests/helpers/testUtils.ts:9:38)
        at /mnt/r/Projects/ForkFlow-crm/tests/organizations/accessibility.spec.ts:16:19

    attachment #1: screenshot (image/png) ──────────────────────────────────────────────────────────
    test-results/organizations-accessibilit-27d14-uld-support-zoom-up-to-200--firefox/test-failed-1.png
    ────────────────────────────────────────────────────────────────────────────────────────────────

    attachment #2: video (video/webm) ──────────────────────────────────────────────────────────────
    test-results/organizations-accessibilit-27d14-uld-support-zoom-up-to-200--firefox/video.webm
    ────────────────────────────────────────────────────────────────────────────────────────────────
]]>
</failure>
<system-out>
<![CDATA[
[[ATTACHMENT|organizations-accessibilit-27d14-uld-support-zoom-up-to-200--firefox/test-failed-1.png]]

[[ATTACHMENT|organizations-accessibilit-27d14-uld-support-zoom-up-to-200--firefox/video.webm]]
]]>
</system-out>
<system-err>
<![CDATA[Error accessing localStorage: page.evaluate: The operation is insecure.
@debugger eval code line 291 > eval:2:26
evaluate@debugger eval code:293:16
@debugger eval code:1:44

    at TestUtils.isLoggedIn [90m(/mnt/r/Projects/ForkFlow-crm/[39mtests/helpers/testUtils.ts:51:30[90m)[39m
    at [90m/mnt/r/Projects/ForkFlow-crm/[39mtests/organizations/accessibility.spec.ts:15:23 {
  name: [32m'Error'[39m,
  [[32mSymbol(step)[39m]: {
    stepId: [32m'pw:api@12'[39m,
    location: {
      file: [32m'/mnt/r/Projects/ForkFlow-crm/tests/helpers/testUtils.ts'[39m,
      line: [33m51[39m,
      column: [33m30[39m,
      function: [32m'TestUtils.isLoggedIn'[39m
    },
    category: [32m'pw:api'[39m,
    title: [32m'Evaluate'[39m,
    apiName: [32m'page.evaluate'[39m,
    params: {
      expression: [32m'() => {\n'[39m +
        [32m"        const hasAuth = !!localStorage.getItem('auth') || !!localStorage.getItem('user');\n"[39m +
        [32m"        const isTestMode = localStorage.getItem('test-mode') === 'true';\n"[39m +
        [32m'        return hasAuth || isTestMode;\n'[39m +
        [32m'      }'[39m,
      isFunction: [33mtrue[39m,
      arg: [36m[Object][39m
    },
    boxedStack: [90mundefined[39m,
    steps: [],
    attachmentIndices: [],
    info: TestStepInfoImpl {
      annotations: [],
      _testInfo: [36m[TestInfoImpl][39m,
      _stepId: [32m'pw:api@12'[39m
    },
    complete: [36m[Function: complete][39m,
    endWallTime: [33m1751168381886[39m,
    error: {
      message: [32m'Error: page.evaluate: The operation is insecure.\n'[39m +
        [32m'@debugger eval code line 291 > eval:2:26\n'[39m +
        [32m'evaluate@debugger eval code:293:16\n'[39m +
        [32m'@debugger eval code:1:44\n'[39m,
      stack: [32m'Error: page.evaluate: The operation is insecure.\n'[39m +
        [32m'@debugger eval code line 291 > eval:2:26\n'[39m +
        [32m'evaluate@debugger eval code:293:16\n'[39m +
        [32m'@debugger eval code:1:44\n'[39m +
        [32m'\n'[39m +
        [32m'    at @debugger eval code line 291 > eval:2:26\n'[39m +
        [32m'    at evaluate@debugger eval code:293:16\n'[39m +
        [32m'    at @debugger eval code:1:44\n'[39m +
        [32m'    at TestUtils.isLoggedIn (/mnt/r/Projects/ForkFlow-crm/tests/helpers/testUtils.ts:51:30)\n'[39m +
        [32m'    at /mnt/r/Projects/ForkFlow-crm/tests/organizations/accessibility.spec.ts:15:23'[39m,
      cause: [90mundefined[39m
    }
  }
}
]]>
</system-err>
</testcase>
<testcase name="Organization Accessibility (WCAG 2.1 AA) › Assistive Technology Support › should support high contrast mode" classname="organizations/accessibility.spec.ts" time="3.408">
<failure message="accessibility.spec.ts:361:5 should support high contrast mode" type="FAILURE">
<![CDATA[  [firefox] › organizations/accessibility.spec.ts:361:5 › Organization Accessibility (WCAG 2.1 AA) › Assistive Technology Support › should support high contrast mode 

    Error: page.evaluate: The operation is insecure.
    @debugger eval code line 291 > eval:1:7
    evaluate@debugger eval code:293:16
    @debugger eval code:1:44

        at @debugger eval code line 291 > eval:1:7
        at evaluate@debugger eval code:293:16
        at @debugger eval code:1:44
        at TestUtils.login (/mnt/r/Projects/ForkFlow-crm/tests/helpers/testUtils.ts:9:38)
        at /mnt/r/Projects/ForkFlow-crm/tests/organizations/accessibility.spec.ts:16:19

    attachment #1: screenshot (image/png) ──────────────────────────────────────────────────────────
    test-results/organizations-accessibilit-259a8--support-high-contrast-mode-firefox/test-failed-1.png
    ────────────────────────────────────────────────────────────────────────────────────────────────

    attachment #2: video (video/webm) ──────────────────────────────────────────────────────────────
    test-results/organizations-accessibilit-259a8--support-high-contrast-mode-firefox/video.webm
    ────────────────────────────────────────────────────────────────────────────────────────────────
]]>
</failure>
<system-out>
<![CDATA[
[[ATTACHMENT|organizations-accessibilit-259a8--support-high-contrast-mode-firefox/test-failed-1.png]]

[[ATTACHMENT|organizations-accessibilit-259a8--support-high-contrast-mode-firefox/video.webm]]
]]>
</system-out>
<system-err>
<![CDATA[Error accessing localStorage: page.evaluate: The operation is insecure.
@debugger eval code line 291 > eval:2:26
evaluate@debugger eval code:293:16
@debugger eval code:1:44

    at TestUtils.isLoggedIn [90m(/mnt/r/Projects/ForkFlow-crm/[39mtests/helpers/testUtils.ts:51:30[90m)[39m
    at [90m/mnt/r/Projects/ForkFlow-crm/[39mtests/organizations/accessibility.spec.ts:15:23 {
  name: [32m'Error'[39m,
  [[32mSymbol(step)[39m]: {
    stepId: [32m'pw:api@12'[39m,
    location: {
      file: [32m'/mnt/r/Projects/ForkFlow-crm/tests/helpers/testUtils.ts'[39m,
      line: [33m51[39m,
      column: [33m30[39m,
      function: [32m'TestUtils.isLoggedIn'[39m
    },
    category: [32m'pw:api'[39m,
    title: [32m'Evaluate'[39m,
    apiName: [32m'page.evaluate'[39m,
    params: {
      expression: [32m'() => {\n'[39m +
        [32m"        const hasAuth = !!localStorage.getItem('auth') || !!localStorage.getItem('user');\n"[39m +
        [32m"        const isTestMode = localStorage.getItem('test-mode') === 'true';\n"[39m +
        [32m'        return hasAuth || isTestMode;\n'[39m +
        [32m'      }'[39m,
      isFunction: [33mtrue[39m,
      arg: [36m[Object][39m
    },
    boxedStack: [90mundefined[39m,
    steps: [],
    attachmentIndices: [],
    info: TestStepInfoImpl {
      annotations: [],
      _testInfo: [36m[TestInfoImpl][39m,
      _stepId: [32m'pw:api@12'[39m
    },
    complete: [36m[Function: complete][39m,
    endWallTime: [33m1751168390508[39m,
    error: {
      message: [32m'Error: page.evaluate: The operation is insecure.\n'[39m +
        [32m'@debugger eval code line 291 > eval:2:26\n'[39m +
        [32m'evaluate@debugger eval code:293:16\n'[39m +
        [32m'@debugger eval code:1:44\n'[39m,
      stack: [32m'Error: page.evaluate: The operation is insecure.\n'[39m +
        [32m'@debugger eval code line 291 > eval:2:26\n'[39m +
        [32m'evaluate@debugger eval code:293:16\n'[39m +
        [32m'@debugger eval code:1:44\n'[39m +
        [32m'\n'[39m +
        [32m'    at @debugger eval code line 291 > eval:2:26\n'[39m +
        [32m'    at evaluate@debugger eval code:293:16\n'[39m +
        [32m'    at @debugger eval code:1:44\n'[39m +
        [32m'    at TestUtils.isLoggedIn (/mnt/r/Projects/ForkFlow-crm/tests/helpers/testUtils.ts:51:30)\n'[39m +
        [32m'    at /mnt/r/Projects/ForkFlow-crm/tests/organizations/accessibility.spec.ts:15:23'[39m,
      cause: [90mundefined[39m
    }
  }
}
]]>
</system-err>
</testcase>
<testcase name="Organization Accessibility (WCAG 2.1 AA) › Assistive Technology Support › should work with reduced motion preferences" classname="organizations/accessibility.spec.ts" time="3.072">
<failure message="accessibility.spec.ts:382:5 should work with reduced motion preferences" type="FAILURE">
<![CDATA[  [firefox] › organizations/accessibility.spec.ts:382:5 › Organization Accessibility (WCAG 2.1 AA) › Assistive Technology Support › should work with reduced motion preferences 

    Error: page.evaluate: The operation is insecure.
    @debugger eval code line 291 > eval:1:7
    evaluate@debugger eval code:293:16
    @debugger eval code:1:44

        at @debugger eval code line 291 > eval:1:7
        at evaluate@debugger eval code:293:16
        at @debugger eval code:1:44
        at TestUtils.login (/mnt/r/Projects/ForkFlow-crm/tests/helpers/testUtils.ts:9:38)
        at /mnt/r/Projects/ForkFlow-crm/tests/organizations/accessibility.spec.ts:16:19

    attachment #1: screenshot (image/png) ──────────────────────────────────────────────────────────
    test-results/organizations-accessibilit-c2985--reduced-motion-preferences-firefox/test-failed-1.png
    ────────────────────────────────────────────────────────────────────────────────────────────────

    attachment #2: video (video/webm) ──────────────────────────────────────────────────────────────
    test-results/organizations-accessibilit-c2985--reduced-motion-preferences-firefox/video.webm
    ────────────────────────────────────────────────────────────────────────────────────────────────
]]>
</failure>
<system-out>
<![CDATA[
[[ATTACHMENT|organizations-accessibilit-c2985--reduced-motion-preferences-firefox/test-failed-1.png]]

[[ATTACHMENT|organizations-accessibilit-c2985--reduced-motion-preferences-firefox/video.webm]]
]]>
</system-out>
<system-err>
<![CDATA[Error accessing localStorage: page.evaluate: The operation is insecure.
@debugger eval code line 291 > eval:2:26
evaluate@debugger eval code:293:16
@debugger eval code:1:44

    at TestUtils.isLoggedIn [90m(/mnt/r/Projects/ForkFlow-crm/[39mtests/helpers/testUtils.ts:51:30[90m)[39m
    at [90m/mnt/r/Projects/ForkFlow-crm/[39mtests/organizations/accessibility.spec.ts:15:23 {
  name: [32m'Error'[39m,
  [[32mSymbol(step)[39m]: {
    stepId: [32m'pw:api@12'[39m,
    location: {
      file: [32m'/mnt/r/Projects/ForkFlow-crm/tests/helpers/testUtils.ts'[39m,
      line: [33m51[39m,
      column: [33m30[39m,
      function: [32m'TestUtils.isLoggedIn'[39m
    },
    category: [32m'pw:api'[39m,
    title: [32m'Evaluate'[39m,
    apiName: [32m'page.evaluate'[39m,
    params: {
      expression: [32m'() => {\n'[39m +
        [32m"        const hasAuth = !!localStorage.getItem('auth') || !!localStorage.getItem('user');\n"[39m +
        [32m"        const isTestMode = localStorage.getItem('test-mode') === 'true';\n"[39m +
        [32m'        return hasAuth || isTestMode;\n'[39m +
        [32m'      }'[39m,
      isFunction: [33mtrue[39m,
      arg: [36m[Object][39m
    },
    boxedStack: [90mundefined[39m,
    steps: [],
    attachmentIndices: [],
    info: TestStepInfoImpl {
      annotations: [],
      _testInfo: [36m[TestInfoImpl][39m,
      _stepId: [32m'pw:api@12'[39m
    },
    complete: [36m[Function: complete][39m,
    endWallTime: [33m1751168403463[39m,
    error: {
      message: [32m'Error: page.evaluate: The operation is insecure.\n'[39m +
        [32m'@debugger eval code line 291 > eval:2:26\n'[39m +
        [32m'evaluate@debugger eval code:293:16\n'[39m +
        [32m'@debugger eval code:1:44\n'[39m,
      stack: [32m'Error: page.evaluate: The operation is insecure.\n'[39m +
        [32m'@debugger eval code line 291 > eval:2:26\n'[39m +
        [32m'evaluate@debugger eval code:293:16\n'[39m +
        [32m'@debugger eval code:1:44\n'[39m +
        [32m'\n'[39m +
        [32m'    at @debugger eval code line 291 > eval:2:26\n'[39m +
        [32m'    at evaluate@debugger eval code:293:16\n'[39m +
        [32m'    at @debugger eval code:1:44\n'[39m +
        [32m'    at TestUtils.isLoggedIn (/mnt/r/Projects/ForkFlow-crm/tests/helpers/testUtils.ts:51:30)\n'[39m +
        [32m'    at /mnt/r/Projects/ForkFlow-crm/tests/organizations/accessibility.spec.ts:15:23'[39m,
      cause: [90mundefined[39m
    }
  }
}
]]>
</system-err>
</testcase>
<testcase name="Organization Accessibility (WCAG 2.1 AA) › Language and Internationalization › should have proper lang attribute" classname="organizations/accessibility.spec.ts" time="3.224">
<failure message="accessibility.spec.ts:408:5 should have proper lang attribute" type="FAILURE">
<![CDATA[  [firefox] › organizations/accessibility.spec.ts:408:5 › Organization Accessibility (WCAG 2.1 AA) › Language and Internationalization › should have proper lang attribute 

    Error: page.evaluate: The operation is insecure.
    @debugger eval code line 291 > eval:1:7
    evaluate@debugger eval code:293:16
    @debugger eval code:1:44

        at @debugger eval code line 291 > eval:1:7
        at evaluate@debugger eval code:293:16
        at @debugger eval code:1:44
        at TestUtils.login (/mnt/r/Projects/ForkFlow-crm/tests/helpers/testUtils.ts:9:38)
        at /mnt/r/Projects/ForkFlow-crm/tests/organizations/accessibility.spec.ts:16:19

    attachment #1: screenshot (image/png) ──────────────────────────────────────────────────────────
    test-results/organizations-accessibilit-b9d1f--have-proper-lang-attribute-firefox/test-failed-1.png
    ────────────────────────────────────────────────────────────────────────────────────────────────

    attachment #2: video (video/webm) ──────────────────────────────────────────────────────────────
    test-results/organizations-accessibilit-b9d1f--have-proper-lang-attribute-firefox/video.webm
    ────────────────────────────────────────────────────────────────────────────────────────────────
]]>
</failure>
<system-out>
<![CDATA[
[[ATTACHMENT|organizations-accessibilit-b9d1f--have-proper-lang-attribute-firefox/test-failed-1.png]]

[[ATTACHMENT|organizations-accessibilit-b9d1f--have-proper-lang-attribute-firefox/video.webm]]
]]>
</system-out>
<system-err>
<![CDATA[Error accessing localStorage: page.evaluate: The operation is insecure.
@debugger eval code line 291 > eval:2:26
evaluate@debugger eval code:293:16
@debugger eval code:1:44

    at TestUtils.isLoggedIn [90m(/mnt/r/Projects/ForkFlow-crm/[39mtests/helpers/testUtils.ts:51:30[90m)[39m
    at [90m/mnt/r/Projects/ForkFlow-crm/[39mtests/organizations/accessibility.spec.ts:15:23 {
  name: [32m'Error'[39m,
  [[32mSymbol(step)[39m]: {
    stepId: [32m'pw:api@12'[39m,
    location: {
      file: [32m'/mnt/r/Projects/ForkFlow-crm/tests/helpers/testUtils.ts'[39m,
      line: [33m51[39m,
      column: [33m30[39m,
      function: [32m'TestUtils.isLoggedIn'[39m
    },
    category: [32m'pw:api'[39m,
    title: [32m'Evaluate'[39m,
    apiName: [32m'page.evaluate'[39m,
    params: {
      expression: [32m'() => {\n'[39m +
        [32m"        const hasAuth = !!localStorage.getItem('auth') || !!localStorage.getItem('user');\n"[39m +
        [32m"        const isTestMode = localStorage.getItem('test-mode') === 'true';\n"[39m +
        [32m'        return hasAuth || isTestMode;\n'[39m +
        [32m'      }'[39m,
      isFunction: [33mtrue[39m,
      arg: [36m[Object][39m
    },
    boxedStack: [90mundefined[39m,
    steps: [],
    attachmentIndices: [],
    info: TestStepInfoImpl {
      annotations: [],
      _testInfo: [36m[TestInfoImpl][39m,
      _stepId: [32m'pw:api@12'[39m
    },
    complete: [36m[Function: complete][39m,
    endWallTime: [33m1751168412133[39m,
    error: {
      message: [32m'Error: page.evaluate: The operation is insecure.\n'[39m +
        [32m'@debugger eval code line 291 > eval:2:26\n'[39m +
        [32m'evaluate@debugger eval code:293:16\n'[39m +
        [32m'@debugger eval code:1:44\n'[39m,
      stack: [32m'Error: page.evaluate: The operation is insecure.\n'[39m +
        [32m'@debugger eval code line 291 > eval:2:26\n'[39m +
        [32m'evaluate@debugger eval code:293:16\n'[39m +
        [32m'@debugger eval code:1:44\n'[39m +
        [32m'\n'[39m +
        [32m'    at @debugger eval code line 291 > eval:2:26\n'[39m +
        [32m'    at evaluate@debugger eval code:293:16\n'[39m +
        [32m'    at @debugger eval code:1:44\n'[39m +
        [32m'    at TestUtils.isLoggedIn (/mnt/r/Projects/ForkFlow-crm/tests/helpers/testUtils.ts:51:30)\n'[39m +
        [32m'    at /mnt/r/Projects/ForkFlow-crm/tests/organizations/accessibility.spec.ts:15:23'[39m,
      cause: [90mundefined[39m
    }
  }
}
]]>
</system-err>
</testcase>
<testcase name="Organization Accessibility (WCAG 2.1 AA) › Language and Internationalization › should handle text direction for RTL languages" classname="organizations/accessibility.spec.ts" time="3.247">
<failure message="accessibility.spec.ts:417:5 should handle text direction for RTL languages" type="FAILURE">
<![CDATA[  [firefox] › organizations/accessibility.spec.ts:417:5 › Organization Accessibility (WCAG 2.1 AA) › Language and Internationalization › should handle text direction for RTL languages 

    Error: page.evaluate: The operation is insecure.
    @debugger eval code line 291 > eval:1:7
    evaluate@debugger eval code:293:16
    @debugger eval code:1:44

        at @debugger eval code line 291 > eval:1:7
        at evaluate@debugger eval code:293:16
        at @debugger eval code:1:44
        at TestUtils.login (/mnt/r/Projects/ForkFlow-crm/tests/helpers/testUtils.ts:9:38)
        at /mnt/r/Projects/ForkFlow-crm/tests/organizations/accessibility.spec.ts:16:19

    attachment #1: screenshot (image/png) ──────────────────────────────────────────────────────────
    test-results/organizations-accessibilit-3ba3f-direction-for-RTL-languages-firefox/test-failed-1.png
    ────────────────────────────────────────────────────────────────────────────────────────────────

    attachment #2: video (video/webm) ──────────────────────────────────────────────────────────────
    test-results/organizations-accessibilit-3ba3f-direction-for-RTL-languages-firefox/video.webm
    ────────────────────────────────────────────────────────────────────────────────────────────────
]]>
</failure>
<system-out>
<![CDATA[
[[ATTACHMENT|organizations-accessibilit-3ba3f-direction-for-RTL-languages-firefox/test-failed-1.png]]

[[ATTACHMENT|organizations-accessibilit-3ba3f-direction-for-RTL-languages-firefox/video.webm]]
]]>
</system-out>
<system-err>
<![CDATA[Error accessing localStorage: page.evaluate: The operation is insecure.
@debugger eval code line 291 > eval:2:26
evaluate@debugger eval code:293:16
@debugger eval code:1:44

    at TestUtils.isLoggedIn [90m(/mnt/r/Projects/ForkFlow-crm/[39mtests/helpers/testUtils.ts:51:30[90m)[39m
    at [90m/mnt/r/Projects/ForkFlow-crm/[39mtests/organizations/accessibility.spec.ts:15:23 {
  name: [32m'Error'[39m,
  [[32mSymbol(step)[39m]: {
    stepId: [32m'pw:api@12'[39m,
    location: {
      file: [32m'/mnt/r/Projects/ForkFlow-crm/tests/helpers/testUtils.ts'[39m,
      line: [33m51[39m,
      column: [33m30[39m,
      function: [32m'TestUtils.isLoggedIn'[39m
    },
    category: [32m'pw:api'[39m,
    title: [32m'Evaluate'[39m,
    apiName: [32m'page.evaluate'[39m,
    params: {
      expression: [32m'() => {\n'[39m +
        [32m"        const hasAuth = !!localStorage.getItem('auth') || !!localStorage.getItem('user');\n"[39m +
        [32m"        const isTestMode = localStorage.getItem('test-mode') === 'true';\n"[39m +
        [32m'        return hasAuth || isTestMode;\n'[39m +
        [32m'      }'[39m,
      isFunction: [33mtrue[39m,
      arg: [36m[Object][39m
    },
    boxedStack: [90mundefined[39m,
    steps: [],
    attachmentIndices: [],
    info: TestStepInfoImpl {
      annotations: [],
      _testInfo: [36m[TestInfoImpl][39m,
      _stepId: [32m'pw:api@12'[39m
    },
    complete: [36m[Function: complete][39m,
    endWallTime: [33m1751168424471[39m,
    error: {
      message: [32m'Error: page.evaluate: The operation is insecure.\n'[39m +
        [32m'@debugger eval code line 291 > eval:2:26\n'[39m +
        [32m'evaluate@debugger eval code:293:16\n'[39m +
        [32m'@debugger eval code:1:44\n'[39m,
      stack: [32m'Error: page.evaluate: The operation is insecure.\n'[39m +
        [32m'@debugger eval code line 291 > eval:2:26\n'[39m +
        [32m'evaluate@debugger eval code:293:16\n'[39m +
        [32m'@debugger eval code:1:44\n'[39m +
        [32m'\n'[39m +
        [32m'    at @debugger eval code line 291 > eval:2:26\n'[39m +
        [32m'    at evaluate@debugger eval code:293:16\n'[39m +
        [32m'    at @debugger eval code:1:44\n'[39m +
        [32m'    at TestUtils.isLoggedIn (/mnt/r/Projects/ForkFlow-crm/tests/helpers/testUtils.ts:51:30)\n'[39m +
        [32m'    at /mnt/r/Projects/ForkFlow-crm/tests/organizations/accessibility.spec.ts:15:23'[39m,
      cause: [90mundefined[39m
    }
  }
}
]]>
</system-err>
</testcase>
<testcase name="Organization Accessibility (WCAG 2.1 AA) › Data Tables Accessibility › should have proper table structure for organization list" classname="organizations/accessibility.spec.ts" time="3.282">
<failure message="accessibility.spec.ts:427:5 should have proper table structure for organization list" type="FAILURE">
<![CDATA[  [firefox] › organizations/accessibility.spec.ts:427:5 › Organization Accessibility (WCAG 2.1 AA) › Data Tables Accessibility › should have proper table structure for organization list 

    Error: page.evaluate: The operation is insecure.
    @debugger eval code line 291 > eval:1:7
    evaluate@debugger eval code:293:16
    @debugger eval code:1:44

        at @debugger eval code line 291 > eval:1:7
        at evaluate@debugger eval code:293:16
        at @debugger eval code:1:44
        at TestUtils.login (/mnt/r/Projects/ForkFlow-crm/tests/helpers/testUtils.ts:9:38)
        at /mnt/r/Projects/ForkFlow-crm/tests/organizations/accessibility.spec.ts:16:19

    attachment #1: screenshot (image/png) ──────────────────────────────────────────────────────────
    test-results/organizations-accessibilit-40b86-cture-for-organization-list-firefox/test-failed-1.png
    ────────────────────────────────────────────────────────────────────────────────────────────────

    attachment #2: video (video/webm) ──────────────────────────────────────────────────────────────
    test-results/organizations-accessibilit-40b86-cture-for-organization-list-firefox/video.webm
    ────────────────────────────────────────────────────────────────────────────────────────────────
]]>
</failure>
<system-out>
<![CDATA[
[[ATTACHMENT|organizations-accessibilit-40b86-cture-for-organization-list-firefox/test-failed-1.png]]

[[ATTACHMENT|organizations-accessibilit-40b86-cture-for-organization-list-firefox/video.webm]]
]]>
</system-out>
<system-err>
<![CDATA[Error accessing localStorage: page.evaluate: The operation is insecure.
@debugger eval code line 291 > eval:2:26
evaluate@debugger eval code:293:16
@debugger eval code:1:44

    at TestUtils.isLoggedIn [90m(/mnt/r/Projects/ForkFlow-crm/[39mtests/helpers/testUtils.ts:51:30[90m)[39m
    at [90m/mnt/r/Projects/ForkFlow-crm/[39mtests/organizations/accessibility.spec.ts:15:23 {
  name: [32m'Error'[39m,
  [[32mSymbol(step)[39m]: {
    stepId: [32m'pw:api@12'[39m,
    location: {
      file: [32m'/mnt/r/Projects/ForkFlow-crm/tests/helpers/testUtils.ts'[39m,
      line: [33m51[39m,
      column: [33m30[39m,
      function: [32m'TestUtils.isLoggedIn'[39m
    },
    category: [32m'pw:api'[39m,
    title: [32m'Evaluate'[39m,
    apiName: [32m'page.evaluate'[39m,
    params: {
      expression: [32m'() => {\n'[39m +
        [32m"        const hasAuth = !!localStorage.getItem('auth') || !!localStorage.getItem('user');\n"[39m +
        [32m"        const isTestMode = localStorage.getItem('test-mode') === 'true';\n"[39m +
        [32m'        return hasAuth || isTestMode;\n'[39m +
        [32m'      }'[39m,
      isFunction: [33mtrue[39m,
      arg: [36m[Object][39m
    },
    boxedStack: [90mundefined[39m,
    steps: [],
    attachmentIndices: [],
    info: TestStepInfoImpl {
      annotations: [],
      _testInfo: [36m[TestInfoImpl][39m,
      _stepId: [32m'pw:api@12'[39m
    },
    complete: [36m[Function: complete][39m,
    endWallTime: [33m1751168434005[39m,
    error: {
      message: [32m'Error: page.evaluate: The operation is insecure.\n'[39m +
        [32m'@debugger eval code line 291 > eval:2:26\n'[39m +
        [32m'evaluate@debugger eval code:293:16\n'[39m +
        [32m'@debugger eval code:1:44\n'[39m,
      stack: [32m'Error: page.evaluate: The operation is insecure.\n'[39m +
        [32m'@debugger eval code line 291 > eval:2:26\n'[39m +
        [32m'evaluate@debugger eval code:293:16\n'[39m +
        [32m'@debugger eval code:1:44\n'[39m +
        [32m'\n'[39m +
        [32m'    at @debugger eval code line 291 > eval:2:26\n'[39m +
        [32m'    at evaluate@debugger eval code:293:16\n'[39m +
        [32m'    at @debugger eval code:1:44\n'[39m +
        [32m'    at TestUtils.isLoggedIn (/mnt/r/Projects/ForkFlow-crm/tests/helpers/testUtils.ts:51:30)\n'[39m +
        [32m'    at /mnt/r/Projects/ForkFlow-crm/tests/organizations/accessibility.spec.ts:15:23'[39m,
      cause: [90mundefined[39m
    }
  }
}
]]>
</system-err>
</testcase>
<testcase name="Organization Accessibility (WCAG 2.1 AA) › Data Tables Accessibility › should support table navigation with arrow keys" classname="organizations/accessibility.spec.ts" time="3.382">
<failure message="accessibility.spec.ts:448:5 should support table navigation with arrow keys" type="FAILURE">
<![CDATA[  [firefox] › organizations/accessibility.spec.ts:448:5 › Organization Accessibility (WCAG 2.1 AA) › Data Tables Accessibility › should support table navigation with arrow keys 

    Error: page.evaluate: The operation is insecure.
    @debugger eval code line 291 > eval:1:7
    evaluate@debugger eval code:293:16
    @debugger eval code:1:44

        at @debugger eval code line 291 > eval:1:7
        at evaluate@debugger eval code:293:16
        at @debugger eval code:1:44
        at TestUtils.login (/mnt/r/Projects/ForkFlow-crm/tests/helpers/testUtils.ts:9:38)
        at /mnt/r/Projects/ForkFlow-crm/tests/organizations/accessibility.spec.ts:16:19

    attachment #1: screenshot (image/png) ──────────────────────────────────────────────────────────
    test-results/organizations-accessibilit-5118a--navigation-with-arrow-keys-firefox/test-failed-1.png
    ────────────────────────────────────────────────────────────────────────────────────────────────

    attachment #2: video (video/webm) ──────────────────────────────────────────────────────────────
    test-results/organizations-accessibilit-5118a--navigation-with-arrow-keys-firefox/video.webm
    ────────────────────────────────────────────────────────────────────────────────────────────────
]]>
</failure>
<system-out>
<![CDATA[
[[ATTACHMENT|organizations-accessibilit-5118a--navigation-with-arrow-keys-firefox/test-failed-1.png]]

[[ATTACHMENT|organizations-accessibilit-5118a--navigation-with-arrow-keys-firefox/video.webm]]
]]>
</system-out>
<system-err>
<![CDATA[Error accessing localStorage: page.evaluate: The operation is insecure.
@debugger eval code line 291 > eval:2:26
evaluate@debugger eval code:293:16
@debugger eval code:1:44

    at TestUtils.isLoggedIn [90m(/mnt/r/Projects/ForkFlow-crm/[39mtests/helpers/testUtils.ts:51:30[90m)[39m
    at [90m/mnt/r/Projects/ForkFlow-crm/[39mtests/organizations/accessibility.spec.ts:15:23 {
  name: [32m'Error'[39m,
  [[32mSymbol(step)[39m]: {
    stepId: [32m'pw:api@12'[39m,
    location: {
      file: [32m'/mnt/r/Projects/ForkFlow-crm/tests/helpers/testUtils.ts'[39m,
      line: [33m51[39m,
      column: [33m30[39m,
      function: [32m'TestUtils.isLoggedIn'[39m
    },
    category: [32m'pw:api'[39m,
    title: [32m'Evaluate'[39m,
    apiName: [32m'page.evaluate'[39m,
    params: {
      expression: [32m'() => {\n'[39m +
        [32m"        const hasAuth = !!localStorage.getItem('auth') || !!localStorage.getItem('user');\n"[39m +
        [32m"        const isTestMode = localStorage.getItem('test-mode') === 'true';\n"[39m +
        [32m'        return hasAuth || isTestMode;\n'[39m +
        [32m'      }'[39m,
      isFunction: [33mtrue[39m,
      arg: [36m[Object][39m
    },
    boxedStack: [90mundefined[39m,
    steps: [],
    attachmentIndices: [],
    info: TestStepInfoImpl {
      annotations: [],
      _testInfo: [36m[TestInfoImpl][39m,
      _stepId: [32m'pw:api@12'[39m
    },
    complete: [36m[Function: complete][39m,
    endWallTime: [33m1751168446301[39m,
    error: {
      message: [32m'Error: page.evaluate: The operation is insecure.\n'[39m +
        [32m'@debugger eval code line 291 > eval:2:26\n'[39m +
        [32m'evaluate@debugger eval code:293:16\n'[39m +
        [32m'@debugger eval code:1:44\n'[39m,
      stack: [32m'Error: page.evaluate: The operation is insecure.\n'[39m +
        [32m'@debugger eval code line 291 > eval:2:26\n'[39m +
        [32m'evaluate@debugger eval code:293:16\n'[39m +
        [32m'@debugger eval code:1:44\n'[39m +
        [32m'\n'[39m +
        [32m'    at @debugger eval code line 291 > eval:2:26\n'[39m +
        [32m'    at evaluate@debugger eval code:293:16\n'[39m +
        [32m'    at @debugger eval code:1:44\n'[39m +
        [32m'    at TestUtils.isLoggedIn (/mnt/r/Projects/ForkFlow-crm/tests/helpers/testUtils.ts:51:30)\n'[39m +
        [32m'    at /mnt/r/Projects/ForkFlow-crm/tests/organizations/accessibility.spec.ts:15:23'[39m,
      cause: [90mundefined[39m
    }
  }
}
]]>
</system-err>
</testcase>
</testsuite>
<testsuite name="organizations/crud-workflow.spec.ts" timestamp="2025-06-29T03:15:12.290Z" hostname="firefox" tests="21" failures="21" skipped="0" time="70.499" errors="0">
<testcase name="Organization CRUD Workflow › Create Organization › should create organization with basic information" classname="organizations/crud-workflow.spec.ts" time="3.253">
<failure message="crud-workflow.spec.ts:31:5 should create organization with basic information" type="FAILURE">
<![CDATA[  [firefox] › organizations/crud-workflow.spec.ts:31:5 › Organization CRUD Workflow › Create Organization › should create organization with basic information 

    Error: page.evaluate: The operation is insecure.
    @debugger eval code line 291 > eval:3:7
    evaluate@debugger eval code:293:16
    @debugger eval code:1:44

        at @debugger eval code line 291 > eval:3:7
        at evaluate@debugger eval code:293:16
        at @debugger eval code:1:44
        at TestUtils.seedTestData (/mnt/r/Projects/ForkFlow-crm/tests/helpers/testUtils.ts:364:21)
        at /mnt/r/Projects/ForkFlow-crm/tests/organizations/crud-workflow.spec.ts:17:17

    attachment #1: screenshot (image/png) ──────────────────────────────────────────────────────────
    test-results/organizations-crud-workflo-8ccdb-tion-with-basic-information-firefox/test-failed-1.png
    ────────────────────────────────────────────────────────────────────────────────────────────────

    attachment #2: video (video/webm) ──────────────────────────────────────────────────────────────
    test-results/organizations-crud-workflo-8ccdb-tion-with-basic-information-firefox/video.webm
    ────────────────────────────────────────────────────────────────────────────────────────────────
]]>
</failure>
<system-out>
<![CDATA[
[[ATTACHMENT|organizations-crud-workflo-8ccdb-tion-with-basic-information-firefox/test-failed-1.png]]

[[ATTACHMENT|organizations-crud-workflo-8ccdb-tion-with-basic-information-firefox/video.webm]]
]]>
</system-out>
</testcase>
<testcase name="Organization CRUD Workflow › Create Organization › should create organization with complete information" classname="organizations/crud-workflow.spec.ts" time="3.305">
<failure message="crud-workflow.spec.ts:46:5 should create organization with complete information" type="FAILURE">
<![CDATA[  [firefox] › organizations/crud-workflow.spec.ts:46:5 › Organization CRUD Workflow › Create Organization › should create organization with complete information 

    Error: page.evaluate: The operation is insecure.
    @debugger eval code line 291 > eval:3:7
    evaluate@debugger eval code:293:16
    @debugger eval code:1:44

        at @debugger eval code line 291 > eval:3:7
        at evaluate@debugger eval code:293:16
        at @debugger eval code:1:44
        at TestUtils.seedTestData (/mnt/r/Projects/ForkFlow-crm/tests/helpers/testUtils.ts:364:21)
        at /mnt/r/Projects/ForkFlow-crm/tests/organizations/crud-workflow.spec.ts:17:17

    attachment #1: screenshot (image/png) ──────────────────────────────────────────────────────────
    test-results/organizations-crud-workflo-aebdc-n-with-complete-information-firefox/test-failed-1.png
    ────────────────────────────────────────────────────────────────────────────────────────────────

    attachment #2: video (video/webm) ──────────────────────────────────────────────────────────────
    test-results/organizations-crud-workflo-aebdc-n-with-complete-information-firefox/video.webm
    ────────────────────────────────────────────────────────────────────────────────────────────────
]]>
</failure>
<system-out>
<![CDATA[
[[ATTACHMENT|organizations-crud-workflo-aebdc-n-with-complete-information-firefox/test-failed-1.png]]

[[ATTACHMENT|organizations-crud-workflo-aebdc-n-with-complete-information-firefox/video.webm]]
]]>
</system-out>
</testcase>
<testcase name="Organization CRUD Workflow › Create Organization › should create organization with minimal required fields" classname="organizations/crud-workflow.spec.ts" time="3.199">
<failure message="crud-workflow.spec.ts:58:5 should create organization with minimal required fields" type="FAILURE">
<![CDATA[  [firefox] › organizations/crud-workflow.spec.ts:58:5 › Organization CRUD Workflow › Create Organization › should create organization with minimal required fields 

    Error: page.evaluate: The operation is insecure.
    @debugger eval code line 291 > eval:3:7
    evaluate@debugger eval code:293:16
    @debugger eval code:1:44

        at @debugger eval code line 291 > eval:3:7
        at evaluate@debugger eval code:293:16
        at @debugger eval code:1:44
        at TestUtils.seedTestData (/mnt/r/Projects/ForkFlow-crm/tests/helpers/testUtils.ts:364:21)
        at /mnt/r/Projects/ForkFlow-crm/tests/organizations/crud-workflow.spec.ts:17:17

    attachment #1: screenshot (image/png) ──────────────────────────────────────────────────────────
    test-results/organizations-crud-workflo-63c5d-ith-minimal-required-fields-firefox/test-failed-1.png
    ────────────────────────────────────────────────────────────────────────────────────────────────

    attachment #2: video (video/webm) ──────────────────────────────────────────────────────────────
    test-results/organizations-crud-workflo-63c5d-ith-minimal-required-fields-firefox/video.webm
    ────────────────────────────────────────────────────────────────────────────────────────────────
]]>
</failure>
<system-out>
<![CDATA[
[[ATTACHMENT|organizations-crud-workflo-63c5d-ith-minimal-required-fields-firefox/test-failed-1.png]]

[[ATTACHMENT|organizations-crud-workflo-63c5d-ith-minimal-required-fields-firefox/video.webm]]
]]>
</system-out>
</testcase>
<testcase name="Organization CRUD Workflow › Create Organization › should validate required fields" classname="organizations/crud-workflow.spec.ts" time="3.422">
<failure message="crud-workflow.spec.ts:69:5 should validate required fields" type="FAILURE">
<![CDATA[  [firefox] › organizations/crud-workflow.spec.ts:69:5 › Organization CRUD Workflow › Create Organization › should validate required fields 

    Error: page.evaluate: The operation is insecure.
    @debugger eval code line 291 > eval:3:7
    evaluate@debugger eval code:293:16
    @debugger eval code:1:44

        at @debugger eval code line 291 > eval:3:7
        at evaluate@debugger eval code:293:16
        at @debugger eval code:1:44
        at TestUtils.seedTestData (/mnt/r/Projects/ForkFlow-crm/tests/helpers/testUtils.ts:364:21)
        at /mnt/r/Projects/ForkFlow-crm/tests/organizations/crud-workflow.spec.ts:17:17

    attachment #1: screenshot (image/png) ──────────────────────────────────────────────────────────
    test-results/organizations-crud-workflo-caee9-ld-validate-required-fields-firefox/test-failed-1.png
    ────────────────────────────────────────────────────────────────────────────────────────────────

    attachment #2: video (video/webm) ──────────────────────────────────────────────────────────────
    test-results/organizations-crud-workflo-caee9-ld-validate-required-fields-firefox/video.webm
    ────────────────────────────────────────────────────────────────────────────────────────────────
]]>
</failure>
<system-out>
<![CDATA[
[[ATTACHMENT|organizations-crud-workflo-caee9-ld-validate-required-fields-firefox/test-failed-1.png]]

[[ATTACHMENT|organizations-crud-workflo-caee9-ld-validate-required-fields-firefox/video.webm]]
]]>
</system-out>
</testcase>
<testcase name="Organization CRUD Workflow › Create Organization › should validate field formats" classname="organizations/crud-workflow.spec.ts" time="3.246">
<failure message="crud-workflow.spec.ts:82:5 should validate field formats" type="FAILURE">
<![CDATA[  [firefox] › organizations/crud-workflow.spec.ts:82:5 › Organization CRUD Workflow › Create Organization › should validate field formats 

    Error: page.evaluate: The operation is insecure.
    @debugger eval code line 291 > eval:3:7
    evaluate@debugger eval code:293:16
    @debugger eval code:1:44

        at @debugger eval code line 291 > eval:3:7
        at evaluate@debugger eval code:293:16
        at @debugger eval code:1:44
        at TestUtils.seedTestData (/mnt/r/Projects/ForkFlow-crm/tests/helpers/testUtils.ts:364:21)
        at /mnt/r/Projects/ForkFlow-crm/tests/organizations/crud-workflow.spec.ts:17:17

    attachment #1: screenshot (image/png) ──────────────────────────────────────────────────────────
    test-results/organizations-crud-workflo-fd81f-ould-validate-field-formats-firefox/test-failed-1.png
    ────────────────────────────────────────────────────────────────────────────────────────────────

    attachment #2: video (video/webm) ──────────────────────────────────────────────────────────────
    test-results/organizations-crud-workflo-fd81f-ould-validate-field-formats-firefox/video.webm
    ────────────────────────────────────────────────────────────────────────────────────────────────
]]>
</failure>
<system-out>
<![CDATA[
[[ATTACHMENT|organizations-crud-workflo-fd81f-ould-validate-field-formats-firefox/test-failed-1.png]]

[[ATTACHMENT|organizations-crud-workflo-fd81f-ould-validate-field-formats-firefox/video.webm]]
]]>
</system-out>
</testcase>
<testcase name="Organization CRUD Workflow › Create Organization › should auto-populate account manager if not provided" classname="organizations/crud-workflow.spec.ts" time="3.422">
<failure message="crud-workflow.spec.ts:95:5 should auto-populate account manager if not provided" type="FAILURE">
<![CDATA[  [firefox] › organizations/crud-workflow.spec.ts:95:5 › Organization CRUD Workflow › Create Organization › should auto-populate account manager if not provided 

    Error: page.evaluate: The operation is insecure.
    @debugger eval code line 291 > eval:3:7
    evaluate@debugger eval code:293:16
    @debugger eval code:1:44

        at @debugger eval code line 291 > eval:3:7
        at evaluate@debugger eval code:293:16
        at @debugger eval code:1:44
        at TestUtils.seedTestData (/mnt/r/Projects/ForkFlow-crm/tests/helpers/testUtils.ts:364:21)
        at /mnt/r/Projects/ForkFlow-crm/tests/organizations/crud-workflow.spec.ts:17:17

    attachment #1: screenshot (image/png) ──────────────────────────────────────────────────────────
    test-results/organizations-crud-workflo-e0319-unt-manager-if-not-provided-firefox/test-failed-1.png
    ────────────────────────────────────────────────────────────────────────────────────────────────

    attachment #2: video (video/webm) ──────────────────────────────────────────────────────────────
    test-results/organizations-crud-workflo-e0319-unt-manager-if-not-provided-firefox/video.webm
    ────────────────────────────────────────────────────────────────────────────────────────────────
]]>
</failure>
<system-out>
<![CDATA[
[[ATTACHMENT|organizations-crud-workflo-e0319-unt-manager-if-not-provided-firefox/test-failed-1.png]]

[[ATTACHMENT|organizations-crud-workflo-e0319-unt-manager-if-not-provided-firefox/video.webm]]
]]>
</system-out>
</testcase>
<testcase name="Organization CRUD Workflow › Create Organization › should handle GPS location capture" classname="organizations/crud-workflow.spec.ts" time="3.489">
<failure message="crud-workflow.spec.ts:110:5 should handle GPS location capture" type="FAILURE">
<![CDATA[  [firefox] › organizations/crud-workflow.spec.ts:110:5 › Organization CRUD Workflow › Create Organization › should handle GPS location capture 

    Error: page.evaluate: The operation is insecure.
    @debugger eval code line 291 > eval:3:7
    evaluate@debugger eval code:293:16
    @debugger eval code:1:44

        at @debugger eval code line 291 > eval:3:7
        at evaluate@debugger eval code:293:16
        at @debugger eval code:1:44
        at TestUtils.seedTestData (/mnt/r/Projects/ForkFlow-crm/tests/helpers/testUtils.ts:364:21)
        at /mnt/r/Projects/ForkFlow-crm/tests/organizations/crud-workflow.spec.ts:17:17

    attachment #1: screenshot (image/png) ──────────────────────────────────────────────────────────
    test-results/organizations-crud-workflo-57164-handle-GPS-location-capture-firefox/test-failed-1.png
    ────────────────────────────────────────────────────────────────────────────────────────────────

    attachment #2: video (video/webm) ──────────────────────────────────────────────────────────────
    test-results/organizations-crud-workflo-57164-handle-GPS-location-capture-firefox/video.webm
    ────────────────────────────────────────────────────────────────────────────────────────────────
]]>
</failure>
<system-out>
<![CDATA[
[[ATTACHMENT|organizations-crud-workflo-57164-handle-GPS-location-capture-firefox/test-failed-1.png]]

[[ATTACHMENT|organizations-crud-workflo-57164-handle-GPS-location-capture-firefox/video.webm]]
]]>
</system-out>
</testcase>
<testcase name="Organization CRUD Workflow › Read Organization › should display organization details" classname="organizations/crud-workflow.spec.ts" time="3.257">
<failure message="crud-workflow.spec.ts:131:5 should display organization details" type="FAILURE">
<![CDATA[  [firefox] › organizations/crud-workflow.spec.ts:131:5 › Organization CRUD Workflow › Read Organization › should display organization details 

    Error: page.evaluate: The operation is insecure.
    @debugger eval code line 291 > eval:3:7
    evaluate@debugger eval code:293:16
    @debugger eval code:1:44

        at @debugger eval code line 291 > eval:3:7
        at evaluate@debugger eval code:293:16
        at @debugger eval code:1:44
        at TestUtils.seedTestData (/mnt/r/Projects/ForkFlow-crm/tests/helpers/testUtils.ts:364:21)
        at /mnt/r/Projects/ForkFlow-crm/tests/organizations/crud-workflow.spec.ts:17:17

    attachment #1: screenshot (image/png) ──────────────────────────────────────────────────────────
    test-results/organizations-crud-workflo-6f755-isplay-organization-details-firefox/test-failed-1.png
    ────────────────────────────────────────────────────────────────────────────────────────────────

    attachment #2: video (video/webm) ──────────────────────────────────────────────────────────────
    test-results/organizations-crud-workflo-6f755-isplay-organization-details-firefox/video.webm
    ────────────────────────────────────────────────────────────────────────────────────────────────
]]>
</failure>
<system-out>
<![CDATA[
[[ATTACHMENT|organizations-crud-workflo-6f755-isplay-organization-details-firefox/test-failed-1.png]]

[[ATTACHMENT|organizations-crud-workflo-6f755-isplay-organization-details-firefox/video.webm]]
]]>
</system-out>
</testcase>
<testcase name="Organization CRUD Workflow › Read Organization › should display computed statistics" classname="organizations/crud-workflow.spec.ts" time="3.152">
<failure message="crud-workflow.spec.ts:143:5 should display computed statistics" type="FAILURE">
<![CDATA[  [firefox] › organizations/crud-workflow.spec.ts:143:5 › Organization CRUD Workflow › Read Organization › should display computed statistics 

    Error: page.evaluate: The operation is insecure.
    @debugger eval code line 291 > eval:3:7
    evaluate@debugger eval code:293:16
    @debugger eval code:1:44

        at @debugger eval code line 291 > eval:3:7
        at evaluate@debugger eval code:293:16
        at @debugger eval code:1:44
        at TestUtils.seedTestData (/mnt/r/Projects/ForkFlow-crm/tests/helpers/testUtils.ts:364:21)
        at /mnt/r/Projects/ForkFlow-crm/tests/organizations/crud-workflow.spec.ts:17:17

    attachment #1: screenshot (image/png) ──────────────────────────────────────────────────────────
    test-results/organizations-crud-workflo-764ee-display-computed-statistics-firefox/test-failed-1.png
    ────────────────────────────────────────────────────────────────────────────────────────────────

    attachment #2: video (video/webm) ──────────────────────────────────────────────────────────────
    test-results/organizations-crud-workflo-764ee-display-computed-statistics-firefox/video.webm
    ────────────────────────────────────────────────────────────────────────────────────────────────
]]>
</failure>
<system-out>
<![CDATA[
[[ATTACHMENT|organizations-crud-workflo-764ee-display-computed-statistics-firefox/test-failed-1.png]]

[[ATTACHMENT|organizations-crud-workflo-764ee-display-computed-statistics-firefox/video.webm]]
]]>
</system-out>
</testcase>
<testcase name="Organization CRUD Workflow › Read Organization › should show related contacts and deals" classname="organizations/crud-workflow.spec.ts" time="3.421">
<failure message="crud-workflow.spec.ts:153:5 should show related contacts and deals" type="FAILURE">
<![CDATA[  [firefox] › organizations/crud-workflow.spec.ts:153:5 › Organization CRUD Workflow › Read Organization › should show related contacts and deals 

    Error: page.evaluate: The operation is insecure.
    @debugger eval code line 291 > eval:3:7
    evaluate@debugger eval code:293:16
    @debugger eval code:1:44

        at @debugger eval code line 291 > eval:3:7
        at evaluate@debugger eval code:293:16
        at @debugger eval code:1:44
        at TestUtils.seedTestData (/mnt/r/Projects/ForkFlow-crm/tests/helpers/testUtils.ts:364:21)
        at /mnt/r/Projects/ForkFlow-crm/tests/organizations/crud-workflow.spec.ts:17:17

    attachment #1: screenshot (image/png) ──────────────────────────────────────────────────────────
    test-results/organizations-crud-workflo-3cd63--related-contacts-and-deals-firefox/test-failed-1.png
    ────────────────────────────────────────────────────────────────────────────────────────────────

    attachment #2: video (video/webm) ──────────────────────────────────────────────────────────────
    test-results/organizations-crud-workflo-3cd63--related-contacts-and-deals-firefox/video.webm
    ────────────────────────────────────────────────────────────────────────────────────────────────
]]>
</failure>
<system-out>
<![CDATA[
[[ATTACHMENT|organizations-crud-workflo-3cd63--related-contacts-and-deals-firefox/test-failed-1.png]]

[[ATTACHMENT|organizations-crud-workflo-3cd63--related-contacts-and-deals-firefox/video.webm]]
]]>
</system-out>
</testcase>
<testcase name="Organization CRUD Workflow › Update Organization › should update organization information" classname="organizations/crud-workflow.spec.ts" time="3.242">
<failure message="crud-workflow.spec.ts:166:5 should update organization information" type="FAILURE">
<![CDATA[  [firefox] › organizations/crud-workflow.spec.ts:166:5 › Organization CRUD Workflow › Update Organization › should update organization information 

    Error: page.evaluate: The operation is insecure.
    @debugger eval code line 291 > eval:3:7
    evaluate@debugger eval code:293:16
    @debugger eval code:1:44

        at @debugger eval code line 291 > eval:3:7
        at evaluate@debugger eval code:293:16
        at @debugger eval code:1:44
        at TestUtils.seedTestData (/mnt/r/Projects/ForkFlow-crm/tests/helpers/testUtils.ts:364:21)
        at /mnt/r/Projects/ForkFlow-crm/tests/organizations/crud-workflow.spec.ts:17:17

    attachment #1: screenshot (image/png) ──────────────────────────────────────────────────────────
    test-results/organizations-crud-workflo-907e4-te-organization-information-firefox/test-failed-1.png
    ────────────────────────────────────────────────────────────────────────────────────────────────

    attachment #2: video (video/webm) ──────────────────────────────────────────────────────────────
    test-results/organizations-crud-workflo-907e4-te-organization-information-firefox/video.webm
    ────────────────────────────────────────────────────────────────────────────────────────────────
]]>
</failure>
<system-out>
<![CDATA[
[[ATTACHMENT|organizations-crud-workflo-907e4-te-organization-information-firefox/test-failed-1.png]]

[[ATTACHMENT|organizations-crud-workflo-907e4-te-organization-information-firefox/video.webm]]
]]>
</system-out>
</testcase>
<testcase name="Organization CRUD Workflow › Update Organization › should validate updates" classname="organizations/crud-workflow.spec.ts" time="3.533">
<failure message="crud-workflow.spec.ts:192:5 should validate updates" type="FAILURE">
<![CDATA[  [firefox] › organizations/crud-workflow.spec.ts:192:5 › Organization CRUD Workflow › Update Organization › should validate updates 

    Error: page.evaluate: The operation is insecure.
    @debugger eval code line 291 > eval:3:7
    evaluate@debugger eval code:293:16
    @debugger eval code:1:44

        at @debugger eval code line 291 > eval:3:7
        at evaluate@debugger eval code:293:16
        at @debugger eval code:1:44
        at TestUtils.seedTestData (/mnt/r/Projects/ForkFlow-crm/tests/helpers/testUtils.ts:364:21)
        at /mnt/r/Projects/ForkFlow-crm/tests/organizations/crud-workflow.spec.ts:17:17

    attachment #1: screenshot (image/png) ──────────────────────────────────────────────────────────
    test-results/organizations-crud-workflo-2d3f9-ion-should-validate-updates-firefox/test-failed-1.png
    ────────────────────────────────────────────────────────────────────────────────────────────────

    attachment #2: video (video/webm) ──────────────────────────────────────────────────────────────
    test-results/organizations-crud-workflo-2d3f9-ion-should-validate-updates-firefox/video.webm
    ────────────────────────────────────────────────────────────────────────────────────────────────
]]>
</failure>
<system-out>
<![CDATA[
[[ATTACHMENT|organizations-crud-workflo-2d3f9-ion-should-validate-updates-firefox/test-failed-1.png]]

[[ATTACHMENT|organizations-crud-workflo-2d3f9-ion-should-validate-updates-firefox/video.webm]]
]]>
</system-out>
</testcase>
<testcase name="Organization CRUD Workflow › Update Organization › should preserve existing data when updating" classname="organizations/crud-workflow.spec.ts" time="4.034">
<failure message="crud-workflow.spec.ts:216:5 should preserve existing data when updating" type="FAILURE">
<![CDATA[  [firefox] › organizations/crud-workflow.spec.ts:216:5 › Organization CRUD Workflow › Update Organization › should preserve existing data when updating 

    Error: page.evaluate: The operation is insecure.
    @debugger eval code line 291 > eval:3:7
    evaluate@debugger eval code:293:16
    @debugger eval code:1:44

        at @debugger eval code line 291 > eval:3:7
        at evaluate@debugger eval code:293:16
        at @debugger eval code:1:44
        at TestUtils.seedTestData (/mnt/r/Projects/ForkFlow-crm/tests/helpers/testUtils.ts:364:21)
        at /mnt/r/Projects/ForkFlow-crm/tests/organizations/crud-workflow.spec.ts:17:17

    attachment #1: screenshot (image/png) ──────────────────────────────────────────────────────────
    test-results/organizations-crud-workflo-7c0d6-existing-data-when-updating-firefox/test-failed-1.png
    ────────────────────────────────────────────────────────────────────────────────────────────────

    attachment #2: video (video/webm) ──────────────────────────────────────────────────────────────
    test-results/organizations-crud-workflo-7c0d6-existing-data-when-updating-firefox/video.webm
    ────────────────────────────────────────────────────────────────────────────────────────────────
]]>
</failure>
<system-out>
<![CDATA[
[[ATTACHMENT|organizations-crud-workflo-7c0d6-existing-data-when-updating-firefox/test-failed-1.png]]

[[ATTACHMENT|organizations-crud-workflo-7c0d6-existing-data-when-updating-firefox/video.webm]]
]]>
</system-out>
</testcase>
<testcase name="Organization CRUD Workflow › Delete Organization › should delete organization" classname="organizations/crud-workflow.spec.ts" time="3.532">
<failure message="crud-workflow.spec.ts:240:5 should delete organization" type="FAILURE">
<![CDATA[  [firefox] › organizations/crud-workflow.spec.ts:240:5 › Organization CRUD Workflow › Delete Organization › should delete organization 

    Error: page.evaluate: The operation is insecure.
    @debugger eval code line 291 > eval:3:7
    evaluate@debugger eval code:293:16
    @debugger eval code:1:44

        at @debugger eval code line 291 > eval:3:7
        at evaluate@debugger eval code:293:16
        at @debugger eval code:1:44
        at TestUtils.seedTestData (/mnt/r/Projects/ForkFlow-crm/tests/helpers/testUtils.ts:364:21)
        at /mnt/r/Projects/ForkFlow-crm/tests/organizations/crud-workflow.spec.ts:17:17

    attachment #1: screenshot (image/png) ──────────────────────────────────────────────────────────
    test-results/organizations-crud-workflo-4d342--should-delete-organization-firefox/test-failed-1.png
    ────────────────────────────────────────────────────────────────────────────────────────────────

    attachment #2: video (video/webm) ──────────────────────────────────────────────────────────────
    test-results/organizations-crud-workflo-4d342--should-delete-organization-firefox/video.webm
    ────────────────────────────────────────────────────────────────────────────────────────────────
]]>
</failure>
<system-out>
<![CDATA[
[[ATTACHMENT|organizations-crud-workflo-4d342--should-delete-organization-firefox/test-failed-1.png]]

[[ATTACHMENT|organizations-crud-workflo-4d342--should-delete-organization-firefox/video.webm]]
]]>
</system-out>
</testcase>
<testcase name="Organization CRUD Workflow › Delete Organization › should require confirmation for deletion" classname="organizations/crud-workflow.spec.ts" time="3.275">
<failure message="crud-workflow.spec.ts:258:5 should require confirmation for deletion" type="FAILURE">
<![CDATA[  [firefox] › organizations/crud-workflow.spec.ts:258:5 › Organization CRUD Workflow › Delete Organization › should require confirmation for deletion 

    Error: page.evaluate: The operation is insecure.
    @debugger eval code line 291 > eval:3:7
    evaluate@debugger eval code:293:16
    @debugger eval code:1:44

        at @debugger eval code line 291 > eval:3:7
        at evaluate@debugger eval code:293:16
        at @debugger eval code:1:44
        at TestUtils.seedTestData (/mnt/r/Projects/ForkFlow-crm/tests/helpers/testUtils.ts:364:21)
        at /mnt/r/Projects/ForkFlow-crm/tests/organizations/crud-workflow.spec.ts:17:17

    attachment #1: screenshot (image/png) ──────────────────────────────────────────────────────────
    test-results/organizations-crud-workflo-d2cb2-e-confirmation-for-deletion-firefox/test-failed-1.png
    ────────────────────────────────────────────────────────────────────────────────────────────────

    attachment #2: video (video/webm) ──────────────────────────────────────────────────────────────
    test-results/organizations-crud-workflo-d2cb2-e-confirmation-for-deletion-firefox/video.webm
    ────────────────────────────────────────────────────────────────────────────────────────────────
]]>
</failure>
<system-out>
<![CDATA[
[[ATTACHMENT|organizations-crud-workflo-d2cb2-e-confirmation-for-deletion-firefox/test-failed-1.png]]

[[ATTACHMENT|organizations-crud-workflo-d2cb2-e-confirmation-for-deletion-firefox/video.webm]]
]]>
</system-out>
</testcase>
<testcase name="Organization CRUD Workflow › Delete Organization › should handle deletion errors gracefully" classname="organizations/crud-workflow.spec.ts" time="3.229">
<failure message="crud-workflow.spec.ts:278:5 should handle deletion errors gracefully" type="FAILURE">
<![CDATA[  [firefox] › organizations/crud-workflow.spec.ts:278:5 › Organization CRUD Workflow › Delete Organization › should handle deletion errors gracefully 

    Error: page.evaluate: The operation is insecure.
    @debugger eval code line 291 > eval:3:7
    evaluate@debugger eval code:293:16
    @debugger eval code:1:44

        at @debugger eval code line 291 > eval:3:7
        at evaluate@debugger eval code:293:16
        at @debugger eval code:1:44
        at TestUtils.seedTestData (/mnt/r/Projects/ForkFlow-crm/tests/helpers/testUtils.ts:364:21)
        at /mnt/r/Projects/ForkFlow-crm/tests/organizations/crud-workflow.spec.ts:17:17

    attachment #1: screenshot (image/png) ──────────────────────────────────────────────────────────
    test-results/organizations-crud-workflo-58cf9--deletion-errors-gracefully-firefox/test-failed-1.png
    ────────────────────────────────────────────────────────────────────────────────────────────────

    attachment #2: video (video/webm) ──────────────────────────────────────────────────────────────
    test-results/organizations-crud-workflo-58cf9--deletion-errors-gracefully-firefox/video.webm
    ────────────────────────────────────────────────────────────────────────────────────────────────
]]>
</failure>
<system-out>
<![CDATA[
[[ATTACHMENT|organizations-crud-workflo-58cf9--deletion-errors-gracefully-firefox/test-failed-1.png]]

[[ATTACHMENT|organizations-crud-workflo-58cf9--deletion-errors-gracefully-firefox/video.webm]]
]]>
</system-out>
</testcase>
<testcase name="Organization CRUD Workflow › Bulk Operations › should handle bulk updates" classname="organizations/crud-workflow.spec.ts" time="3.447">
<failure message="crud-workflow.spec.ts:309:5 should handle bulk updates" type="FAILURE">
<![CDATA[  [firefox] › organizations/crud-workflow.spec.ts:309:5 › Organization CRUD Workflow › Bulk Operations › should handle bulk updates 

    Error: page.evaluate: The operation is insecure.
    @debugger eval code line 291 > eval:3:7
    evaluate@debugger eval code:293:16
    @debugger eval code:1:44

        at @debugger eval code line 291 > eval:3:7
        at evaluate@debugger eval code:293:16
        at @debugger eval code:1:44
        at TestUtils.seedTestData (/mnt/r/Projects/ForkFlow-crm/tests/helpers/testUtils.ts:364:21)
        at /mnt/r/Projects/ForkFlow-crm/tests/organizations/crud-workflow.spec.ts:17:17

    attachment #1: screenshot (image/png) ──────────────────────────────────────────────────────────
    test-results/organizations-crud-workflo-ede33--should-handle-bulk-updates-firefox/test-failed-1.png
    ────────────────────────────────────────────────────────────────────────────────────────────────

    attachment #2: video (video/webm) ──────────────────────────────────────────────────────────────
    test-results/organizations-crud-workflo-ede33--should-handle-bulk-updates-firefox/video.webm
    ────────────────────────────────────────────────────────────────────────────────────────────────
]]>
</failure>
<system-out>
<![CDATA[
[[ATTACHMENT|organizations-crud-workflo-ede33--should-handle-bulk-updates-firefox/test-failed-1.png]]

[[ATTACHMENT|organizations-crud-workflo-ede33--should-handle-bulk-updates-firefox/video.webm]]
]]>
</system-out>
</testcase>
<testcase name="Organization CRUD Workflow › Bulk Operations › should export organization data" classname="organizations/crud-workflow.spec.ts" time="3.13">
<failure message="crud-workflow.spec.ts:328:5 should export organization data" type="FAILURE">
<![CDATA[  [firefox] › organizations/crud-workflow.spec.ts:328:5 › Organization CRUD Workflow › Bulk Operations › should export organization data 

    Error: page.evaluate: The operation is insecure.
    @debugger eval code line 291 > eval:3:7
    evaluate@debugger eval code:293:16
    @debugger eval code:1:44

        at @debugger eval code line 291 > eval:3:7
        at evaluate@debugger eval code:293:16
        at @debugger eval code:1:44
        at TestUtils.seedTestData (/mnt/r/Projects/ForkFlow-crm/tests/helpers/testUtils.ts:364:21)
        at /mnt/r/Projects/ForkFlow-crm/tests/organizations/crud-workflow.spec.ts:17:17

    attachment #1: screenshot (image/png) ──────────────────────────────────────────────────────────
    test-results/organizations-crud-workflo-f4c08-ld-export-organization-data-firefox/test-failed-1.png
    ────────────────────────────────────────────────────────────────────────────────────────────────

    attachment #2: video (video/webm) ──────────────────────────────────────────────────────────────
    test-results/organizations-crud-workflo-f4c08-ld-export-organization-data-firefox/video.webm
    ────────────────────────────────────────────────────────────────────────────────────────────────
]]>
</failure>
<system-out>
<![CDATA[
[[ATTACHMENT|organizations-crud-workflo-f4c08-ld-export-organization-data-firefox/test-failed-1.png]]

[[ATTACHMENT|organizations-crud-workflo-f4c08-ld-export-organization-data-firefox/video.webm]]
]]>
</system-out>
</testcase>
<testcase name="Organization CRUD Workflow › Performance › should load organization form quickly" classname="organizations/crud-workflow.spec.ts" time="3.427">
<failure message="crud-workflow.spec.ts:343:5 should load organization form quickly" type="FAILURE">
<![CDATA[  [firefox] › organizations/crud-workflow.spec.ts:343:5 › Organization CRUD Workflow › Performance › should load organization form quickly 

    Error: page.evaluate: The operation is insecure.
    @debugger eval code line 291 > eval:3:7
    evaluate@debugger eval code:293:16
    @debugger eval code:1:44

        at @debugger eval code line 291 > eval:3:7
        at evaluate@debugger eval code:293:16
        at @debugger eval code:1:44
        at TestUtils.seedTestData (/mnt/r/Projects/ForkFlow-crm/tests/helpers/testUtils.ts:364:21)
        at /mnt/r/Projects/ForkFlow-crm/tests/organizations/crud-workflow.spec.ts:17:17

    attachment #1: screenshot (image/png) ──────────────────────────────────────────────────────────
    test-results/organizations-crud-workflo-fbf40-d-organization-form-quickly-firefox/test-failed-1.png
    ────────────────────────────────────────────────────────────────────────────────────────────────

    attachment #2: video (video/webm) ──────────────────────────────────────────────────────────────
    test-results/organizations-crud-workflo-fbf40-d-organization-form-quickly-firefox/video.webm
    ────────────────────────────────────────────────────────────────────────────────────────────────
]]>
</failure>
<system-out>
<![CDATA[
[[ATTACHMENT|organizations-crud-workflo-fbf40-d-organization-form-quickly-firefox/test-failed-1.png]]

[[ATTACHMENT|organizations-crud-workflo-fbf40-d-organization-form-quickly-firefox/video.webm]]
]]>
</system-out>
</testcase>
<testcase name="Organization CRUD Workflow › Performance › should save organization quickly" classname="organizations/crud-workflow.spec.ts" time="3.216">
<failure message="crud-workflow.spec.ts:350:5 should save organization quickly" type="FAILURE">
<![CDATA[  [firefox] › organizations/crud-workflow.spec.ts:350:5 › Organization CRUD Workflow › Performance › should save organization quickly 

    Error: page.evaluate: The operation is insecure.
    @debugger eval code line 291 > eval:3:7
    evaluate@debugger eval code:293:16
    @debugger eval code:1:44

        at @debugger eval code line 291 > eval:3:7
        at evaluate@debugger eval code:293:16
        at @debugger eval code:1:44
        at TestUtils.seedTestData (/mnt/r/Projects/ForkFlow-crm/tests/helpers/testUtils.ts:364:21)
        at /mnt/r/Projects/ForkFlow-crm/tests/organizations/crud-workflow.spec.ts:17:17

    attachment #1: screenshot (image/png) ──────────────────────────────────────────────────────────
    test-results/organizations-crud-workflo-8e29f-d-save-organization-quickly-firefox/test-failed-1.png
    ────────────────────────────────────────────────────────────────────────────────────────────────

    attachment #2: video (video/webm) ──────────────────────────────────────────────────────────────
    test-results/organizations-crud-workflo-8e29f-d-save-organization-quickly-firefox/video.webm
    ────────────────────────────────────────────────────────────────────────────────────────────────
]]>
</failure>
<system-out>
<![CDATA[
[[ATTACHMENT|organizations-crud-workflo-8e29f-d-save-organization-quickly-firefox/test-failed-1.png]]

[[ATTACHMENT|organizations-crud-workflo-8e29f-d-save-organization-quickly-firefox/video.webm]]
]]>
</system-out>
</testcase>
<testcase name="Organization CRUD Workflow › Performance › should handle large datasets" classname="organizations/crud-workflow.spec.ts" time="3.268">
<failure message="crud-workflow.spec.ts:360:5 should handle large datasets" type="FAILURE">
<![CDATA[  [firefox] › organizations/crud-workflow.spec.ts:360:5 › Organization CRUD Workflow › Performance › should handle large datasets 

    Error: page.evaluate: The operation is insecure.
    @debugger eval code line 291 > eval:3:7
    evaluate@debugger eval code:293:16
    @debugger eval code:1:44

        at @debugger eval code line 291 > eval:3:7
        at evaluate@debugger eval code:293:16
        at @debugger eval code:1:44
        at TestUtils.seedTestData (/mnt/r/Projects/ForkFlow-crm/tests/helpers/testUtils.ts:364:21)
        at /mnt/r/Projects/ForkFlow-crm/tests/organizations/crud-workflow.spec.ts:17:17

    attachment #1: screenshot (image/png) ──────────────────────────────────────────────────────────
    test-results/organizations-crud-workflo-83caa-hould-handle-large-datasets-firefox/test-failed-1.png
    ────────────────────────────────────────────────────────────────────────────────────────────────

    attachment #2: video (video/webm) ──────────────────────────────────────────────────────────────
    test-results/organizations-crud-workflo-83caa-hould-handle-large-datasets-firefox/video.webm
    ────────────────────────────────────────────────────────────────────────────────────────────────
]]>
</failure>
<system-out>
<![CDATA[
[[ATTACHMENT|organizations-crud-workflo-83caa-hould-handle-large-datasets-firefox/test-failed-1.png]]

[[ATTACHMENT|organizations-crud-workflo-83caa-hould-handle-large-datasets-firefox/video.webm]]
]]>
</system-out>
</testcase>
</testsuite>
<testsuite name="organizations/error-handling.spec.ts" timestamp="2025-06-29T03:15:12.290Z" hostname="firefox" tests="23" failures="23" skipped="0" time="83.477" errors="0">
<testcase name="Organization Error Handling and Edge Cases › Network Error Handling › should handle network timeout during create" classname="organizations/error-handling.spec.ts" time="3.306">
<failure message="error-handling.spec.ts:21:5 should handle network timeout during create" type="FAILURE">
<![CDATA[  [firefox] › organizations/error-handling.spec.ts:21:5 › Organization Error Handling and Edge Cases › Network Error Handling › should handle network timeout during create 

    Error: page.evaluate: The operation is insecure.
    @debugger eval code line 291 > eval:1:7
    evaluate@debugger eval code:293:16
    @debugger eval code:1:44

        at @debugger eval code line 291 > eval:1:7
        at evaluate@debugger eval code:293:16
        at @debugger eval code:1:44
        at TestUtils.login (/mnt/r/Projects/ForkFlow-crm/tests/helpers/testUtils.ts:9:38)
        at /mnt/r/Projects/ForkFlow-crm/tests/organizations/error-handling.spec.ts:16:19

    attachment #1: screenshot (image/png) ──────────────────────────────────────────────────────────
    test-results/organizations-error-handli-dd769-twork-timeout-during-create-firefox/test-failed-1.png
    ────────────────────────────────────────────────────────────────────────────────────────────────

    attachment #2: video (video/webm) ──────────────────────────────────────────────────────────────
    test-results/organizations-error-handli-dd769-twork-timeout-during-create-firefox/video.webm
    ────────────────────────────────────────────────────────────────────────────────────────────────
]]>
</failure>
<system-out>
<![CDATA[
[[ATTACHMENT|organizations-error-handli-dd769-twork-timeout-during-create-firefox/test-failed-1.png]]

[[ATTACHMENT|organizations-error-handli-dd769-twork-timeout-during-create-firefox/video.webm]]
]]>
</system-out>
<system-err>
<![CDATA[Error accessing localStorage: page.evaluate: The operation is insecure.
@debugger eval code line 291 > eval:2:26
evaluate@debugger eval code:293:16
@debugger eval code:1:44

    at TestUtils.isLoggedIn [90m(/mnt/r/Projects/ForkFlow-crm/[39mtests/helpers/testUtils.ts:51:30[90m)[39m
    at [90m/mnt/r/Projects/ForkFlow-crm/[39mtests/organizations/error-handling.spec.ts:15:23 {
  name: [32m'Error'[39m,
  [[32mSymbol(step)[39m]: {
    stepId: [32m'pw:api@12'[39m,
    location: {
      file: [32m'/mnt/r/Projects/ForkFlow-crm/tests/helpers/testUtils.ts'[39m,
      line: [33m51[39m,
      column: [33m30[39m,
      function: [32m'TestUtils.isLoggedIn'[39m
    },
    category: [32m'pw:api'[39m,
    title: [32m'Evaluate'[39m,
    apiName: [32m'page.evaluate'[39m,
    params: {
      expression: [32m'() => {\n'[39m +
        [32m"        const hasAuth = !!localStorage.getItem('auth') || !!localStorage.getItem('user');\n"[39m +
        [32m"        const isTestMode = localStorage.getItem('test-mode') === 'true';\n"[39m +
        [32m'        return hasAuth || isTestMode;\n'[39m +
        [32m'      }'[39m,
      isFunction: [33mtrue[39m,
      arg: [36m[Object][39m
    },
    boxedStack: [90mundefined[39m,
    steps: [],
    attachmentIndices: [],
    info: TestStepInfoImpl {
      annotations: [],
      _testInfo: [36m[TestInfoImpl][39m,
      _stepId: [32m'pw:api@12'[39m
    },
    complete: [36m[Function: complete][39m,
    endWallTime: [33m1751168687336[39m,
    error: {
      message: [32m'Error: page.evaluate: The operation is insecure.\n'[39m +
        [32m'@debugger eval code line 291 > eval:2:26\n'[39m +
        [32m'evaluate@debugger eval code:293:16\n'[39m +
        [32m'@debugger eval code:1:44\n'[39m,
      stack: [32m'Error: page.evaluate: The operation is insecure.\n'[39m +
        [32m'@debugger eval code line 291 > eval:2:26\n'[39m +
        [32m'evaluate@debugger eval code:293:16\n'[39m +
        [32m'@debugger eval code:1:44\n'[39m +
        [32m'\n'[39m +
        [32m'    at @debugger eval code line 291 > eval:2:26\n'[39m +
        [32m'    at evaluate@debugger eval code:293:16\n'[39m +
        [32m'    at @debugger eval code:1:44\n'[39m +
        [32m'    at TestUtils.isLoggedIn (/mnt/r/Projects/ForkFlow-crm/tests/helpers/testUtils.ts:51:30)\n'[39m +
        [32m'    at /mnt/r/Projects/ForkFlow-crm/tests/organizations/error-handling.spec.ts:15:23'[39m,
      cause: [90mundefined[39m
    }
  }
}
]]>
</system-err>
</testcase>
<testcase name="Organization Error Handling and Edge Cases › Network Error Handling › should handle 500 server error during create" classname="organizations/error-handling.spec.ts" time="3.342">
<failure message="error-handling.spec.ts:40:5 should handle 500 server error during create" type="FAILURE">
<![CDATA[  [firefox] › organizations/error-handling.spec.ts:40:5 › Organization Error Handling and Edge Cases › Network Error Handling › should handle 500 server error during create 

    Error: page.evaluate: The operation is insecure.
    @debugger eval code line 291 > eval:1:7
    evaluate@debugger eval code:293:16
    @debugger eval code:1:44

        at @debugger eval code line 291 > eval:1:7
        at evaluate@debugger eval code:293:16
        at @debugger eval code:1:44
        at TestUtils.login (/mnt/r/Projects/ForkFlow-crm/tests/helpers/testUtils.ts:9:38)
        at /mnt/r/Projects/ForkFlow-crm/tests/organizations/error-handling.spec.ts:16:19

    attachment #1: screenshot (image/png) ──────────────────────────────────────────────────────────
    test-results/organizations-error-handli-bac69--server-error-during-create-firefox/test-failed-1.png
    ────────────────────────────────────────────────────────────────────────────────────────────────

    attachment #2: video (video/webm) ──────────────────────────────────────────────────────────────
    test-results/organizations-error-handli-bac69--server-error-during-create-firefox/video.webm
    ────────────────────────────────────────────────────────────────────────────────────────────────
]]>
</failure>
<system-out>
<![CDATA[
[[ATTACHMENT|organizations-error-handli-bac69--server-error-during-create-firefox/test-failed-1.png]]

[[ATTACHMENT|organizations-error-handli-bac69--server-error-during-create-firefox/video.webm]]
]]>
</system-out>
<system-err>
<![CDATA[Error accessing localStorage: page.evaluate: The operation is insecure.
@debugger eval code line 291 > eval:2:26
evaluate@debugger eval code:293:16
@debugger eval code:1:44

    at TestUtils.isLoggedIn [90m(/mnt/r/Projects/ForkFlow-crm/[39mtests/helpers/testUtils.ts:51:30[90m)[39m
    at [90m/mnt/r/Projects/ForkFlow-crm/[39mtests/organizations/error-handling.spec.ts:15:23 {
  name: [32m'Error'[39m,
  [[32mSymbol(step)[39m]: {
    stepId: [32m'pw:api@12'[39m,
    location: {
      file: [32m'/mnt/r/Projects/ForkFlow-crm/tests/helpers/testUtils.ts'[39m,
      line: [33m51[39m,
      column: [33m30[39m,
      function: [32m'TestUtils.isLoggedIn'[39m
    },
    category: [32m'pw:api'[39m,
    title: [32m'Evaluate'[39m,
    apiName: [32m'page.evaluate'[39m,
    params: {
      expression: [32m'() => {\n'[39m +
        [32m"        const hasAuth = !!localStorage.getItem('auth') || !!localStorage.getItem('user');\n"[39m +
        [32m"        const isTestMode = localStorage.getItem('test-mode') === 'true';\n"[39m +
        [32m'        return hasAuth || isTestMode;\n'[39m +
        [32m'      }'[39m,
      isFunction: [33mtrue[39m,
      arg: [36m[Object][39m
    },
    boxedStack: [90mundefined[39m,
    steps: [],
    attachmentIndices: [],
    info: TestStepInfoImpl {
      annotations: [],
      _testInfo: [36m[TestInfoImpl][39m,
      _stepId: [32m'pw:api@12'[39m
    },
    complete: [36m[Function: complete][39m,
    endWallTime: [33m1751168698351[39m,
    error: {
      message: [32m'Error: page.evaluate: The operation is insecure.\n'[39m +
        [32m'@debugger eval code line 291 > eval:2:26\n'[39m +
        [32m'evaluate@debugger eval code:293:16\n'[39m +
        [32m'@debugger eval code:1:44\n'[39m,
      stack: [32m'Error: page.evaluate: The operation is insecure.\n'[39m +
        [32m'@debugger eval code line 291 > eval:2:26\n'[39m +
        [32m'evaluate@debugger eval code:293:16\n'[39m +
        [32m'@debugger eval code:1:44\n'[39m +
        [32m'\n'[39m +
        [32m'    at @debugger eval code line 291 > eval:2:26\n'[39m +
        [32m'    at evaluate@debugger eval code:293:16\n'[39m +
        [32m'    at @debugger eval code:1:44\n'[39m +
        [32m'    at TestUtils.isLoggedIn (/mnt/r/Projects/ForkFlow-crm/tests/helpers/testUtils.ts:51:30)\n'[39m +
        [32m'    at /mnt/r/Projects/ForkFlow-crm/tests/organizations/error-handling.spec.ts:15:23'[39m,
      cause: [90mundefined[39m
    }
  }
}
]]>
</system-err>
</testcase>
<testcase name="Organization Error Handling and Edge Cases › Network Error Handling › should handle network disconnection" classname="organizations/error-handling.spec.ts" time="3.162">
<failure message="error-handling.spec.ts:62:5 should handle network disconnection" type="FAILURE">
<![CDATA[  [firefox] › organizations/error-handling.spec.ts:62:5 › Organization Error Handling and Edge Cases › Network Error Handling › should handle network disconnection 

    Error: page.evaluate: The operation is insecure.
    @debugger eval code line 291 > eval:1:7
    evaluate@debugger eval code:293:16
    @debugger eval code:1:44

        at @debugger eval code line 291 > eval:1:7
        at evaluate@debugger eval code:293:16
        at @debugger eval code:1:44
        at TestUtils.login (/mnt/r/Projects/ForkFlow-crm/tests/helpers/testUtils.ts:9:38)
        at /mnt/r/Projects/ForkFlow-crm/tests/organizations/error-handling.spec.ts:16:19

    attachment #1: screenshot (image/png) ──────────────────────────────────────────────────────────
    test-results/organizations-error-handli-d13fe-andle-network-disconnection-firefox/test-failed-1.png
    ────────────────────────────────────────────────────────────────────────────────────────────────

    attachment #2: video (video/webm) ──────────────────────────────────────────────────────────────
    test-results/organizations-error-handli-d13fe-andle-network-disconnection-firefox/video.webm
    ────────────────────────────────────────────────────────────────────────────────────────────────
]]>
</failure>
<system-out>
<![CDATA[
[[ATTACHMENT|organizations-error-handli-d13fe-andle-network-disconnection-firefox/test-failed-1.png]]

[[ATTACHMENT|organizations-error-handli-d13fe-andle-network-disconnection-firefox/video.webm]]
]]>
</system-out>
<system-err>
<![CDATA[Error accessing localStorage: page.evaluate: The operation is insecure.
@debugger eval code line 291 > eval:2:26
evaluate@debugger eval code:293:16
@debugger eval code:1:44

    at TestUtils.isLoggedIn [90m(/mnt/r/Projects/ForkFlow-crm/[39mtests/helpers/testUtils.ts:51:30[90m)[39m
    at [90m/mnt/r/Projects/ForkFlow-crm/[39mtests/organizations/error-handling.spec.ts:15:23 {
  name: [32m'Error'[39m,
  [[32mSymbol(step)[39m]: {
    stepId: [32m'pw:api@12'[39m,
    location: {
      file: [32m'/mnt/r/Projects/ForkFlow-crm/tests/helpers/testUtils.ts'[39m,
      line: [33m51[39m,
      column: [33m30[39m,
      function: [32m'TestUtils.isLoggedIn'[39m
    },
    category: [32m'pw:api'[39m,
    title: [32m'Evaluate'[39m,
    apiName: [32m'page.evaluate'[39m,
    params: {
      expression: [32m'() => {\n'[39m +
        [32m"        const hasAuth = !!localStorage.getItem('auth') || !!localStorage.getItem('user');\n"[39m +
        [32m"        const isTestMode = localStorage.getItem('test-mode') === 'true';\n"[39m +
        [32m'        return hasAuth || isTestMode;\n'[39m +
        [32m'      }'[39m,
      isFunction: [33mtrue[39m,
      arg: [36m[Object][39m
    },
    boxedStack: [90mundefined[39m,
    steps: [],
    attachmentIndices: [],
    info: TestStepInfoImpl {
      annotations: [],
      _testInfo: [36m[TestInfoImpl][39m,
      _stepId: [32m'pw:api@12'[39m
    },
    complete: [36m[Function: complete][39m,
    endWallTime: [33m1751168708223[39m,
    error: {
      message: [32m'Error: page.evaluate: The operation is insecure.\n'[39m +
        [32m'@debugger eval code line 291 > eval:2:26\n'[39m +
        [32m'evaluate@debugger eval code:293:16\n'[39m +
        [32m'@debugger eval code:1:44\n'[39m,
      stack: [32m'Error: page.evaluate: The operation is insecure.\n'[39m +
        [32m'@debugger eval code line 291 > eval:2:26\n'[39m +
        [32m'evaluate@debugger eval code:293:16\n'[39m +
        [32m'@debugger eval code:1:44\n'[39m +
        [32m'\n'[39m +
        [32m'    at @debugger eval code line 291 > eval:2:26\n'[39m +
        [32m'    at evaluate@debugger eval code:293:16\n'[39m +
        [32m'    at @debugger eval code:1:44\n'[39m +
        [32m'    at TestUtils.isLoggedIn (/mnt/r/Projects/ForkFlow-crm/tests/helpers/testUtils.ts:51:30)\n'[39m +
        [32m'    at /mnt/r/Projects/ForkFlow-crm/tests/organizations/error-handling.spec.ts:15:23'[39m,
      cause: [90mundefined[39m
    }
  }
}
]]>
</system-err>
</testcase>
<testcase name="Organization Error Handling and Edge Cases › Network Error Handling › should handle slow API responses" classname="organizations/error-handling.spec.ts" time="3.376">
<failure message="error-handling.spec.ts:82:5 should handle slow API responses" type="FAILURE">
<![CDATA[  [firefox] › organizations/error-handling.spec.ts:82:5 › Organization Error Handling and Edge Cases › Network Error Handling › should handle slow API responses 

    Error: page.evaluate: The operation is insecure.
    @debugger eval code line 291 > eval:1:7
    evaluate@debugger eval code:293:16
    @debugger eval code:1:44

        at @debugger eval code line 291 > eval:1:7
        at evaluate@debugger eval code:293:16
        at @debugger eval code:1:44
        at TestUtils.login (/mnt/r/Projects/ForkFlow-crm/tests/helpers/testUtils.ts:9:38)
        at /mnt/r/Projects/ForkFlow-crm/tests/organizations/error-handling.spec.ts:16:19

    attachment #1: screenshot (image/png) ──────────────────────────────────────────────────────────
    test-results/organizations-error-handli-bd3ac-d-handle-slow-API-responses-firefox/test-failed-1.png
    ────────────────────────────────────────────────────────────────────────────────────────────────

    attachment #2: video (video/webm) ──────────────────────────────────────────────────────────────
    test-results/organizations-error-handli-bd3ac-d-handle-slow-API-responses-firefox/video.webm
    ────────────────────────────────────────────────────────────────────────────────────────────────
]]>
</failure>
<system-out>
<![CDATA[
[[ATTACHMENT|organizations-error-handli-bd3ac-d-handle-slow-API-responses-firefox/test-failed-1.png]]

[[ATTACHMENT|organizations-error-handli-bd3ac-d-handle-slow-API-responses-firefox/video.webm]]
]]>
</system-out>
<system-err>
<![CDATA[Error accessing localStorage: page.evaluate: The operation is insecure.
@debugger eval code line 291 > eval:2:26
evaluate@debugger eval code:293:16
@debugger eval code:1:44

    at TestUtils.isLoggedIn [90m(/mnt/r/Projects/ForkFlow-crm/[39mtests/helpers/testUtils.ts:51:30[90m)[39m
    at [90m/mnt/r/Projects/ForkFlow-crm/[39mtests/organizations/error-handling.spec.ts:15:23 {
  name: [32m'Error'[39m,
  [[32mSymbol(step)[39m]: {
    stepId: [32m'pw:api@12'[39m,
    location: {
      file: [32m'/mnt/r/Projects/ForkFlow-crm/tests/helpers/testUtils.ts'[39m,
      line: [33m51[39m,
      column: [33m30[39m,
      function: [32m'TestUtils.isLoggedIn'[39m
    },
    category: [32m'pw:api'[39m,
    title: [32m'Evaluate'[39m,
    apiName: [32m'page.evaluate'[39m,
    params: {
      expression: [32m'() => {\n'[39m +
        [32m"        const hasAuth = !!localStorage.getItem('auth') || !!localStorage.getItem('user');\n"[39m +
        [32m"        const isTestMode = localStorage.getItem('test-mode') === 'true';\n"[39m +
        [32m'        return hasAuth || isTestMode;\n'[39m +
        [32m'      }'[39m,
      isFunction: [33mtrue[39m,
      arg: [36m[Object][39m
    },
    boxedStack: [90mundefined[39m,
    steps: [],
    attachmentIndices: [],
    info: TestStepInfoImpl {
      annotations: [],
      _testInfo: [36m[TestInfoImpl][39m,
      _stepId: [32m'pw:api@12'[39m
    },
    complete: [36m[Function: complete][39m,
    endWallTime: [33m1751168718618[39m,
    error: {
      message: [32m'Error: page.evaluate: The operation is insecure.\n'[39m +
        [32m'@debugger eval code line 291 > eval:2:26\n'[39m +
        [32m'evaluate@debugger eval code:293:16\n'[39m +
        [32m'@debugger eval code:1:44\n'[39m,
      stack: [32m'Error: page.evaluate: The operation is insecure.\n'[39m +
        [32m'@debugger eval code line 291 > eval:2:26\n'[39m +
        [32m'evaluate@debugger eval code:293:16\n'[39m +
        [32m'@debugger eval code:1:44\n'[39m +
        [32m'\n'[39m +
        [32m'    at @debugger eval code line 291 > eval:2:26\n'[39m +
        [32m'    at evaluate@debugger eval code:293:16\n'[39m +
        [32m'    at @debugger eval code:1:44\n'[39m +
        [32m'    at TestUtils.isLoggedIn (/mnt/r/Projects/ForkFlow-crm/tests/helpers/testUtils.ts:51:30)\n'[39m +
        [32m'    at /mnt/r/Projects/ForkFlow-crm/tests/organizations/error-handling.spec.ts:15:23'[39m,
      cause: [90mundefined[39m
    }
  }
}
]]>
</system-err>
</testcase>
<testcase name="Organization Error Handling and Edge Cases › Data Validation Edge Cases › should handle extremely long text inputs" classname="organizations/error-handling.spec.ts" time="6.537">
<failure message="error-handling.spec.ts:105:5 should handle extremely long text inputs" type="FAILURE">
<![CDATA[  [firefox] › organizations/error-handling.spec.ts:105:5 › Organization Error Handling and Edge Cases › Data Validation Edge Cases › should handle extremely long text inputs 

    Error: page.evaluate: The operation is insecure.
    @debugger eval code line 291 > eval:1:7
    evaluate@debugger eval code:293:16
    @debugger eval code:1:44

        at @debugger eval code line 291 > eval:1:7
        at evaluate@debugger eval code:293:16
        at @debugger eval code:1:44
        at TestUtils.login (/mnt/r/Projects/ForkFlow-crm/tests/helpers/testUtils.ts:9:38)
        at /mnt/r/Projects/ForkFlow-crm/tests/organizations/error-handling.spec.ts:16:19

    attachment #1: screenshot (image/png) ──────────────────────────────────────────────────────────
    test-results/organizations-error-handli-6e85a--extremely-long-text-inputs-firefox/test-failed-1.png
    ────────────────────────────────────────────────────────────────────────────────────────────────

    attachment #2: video (video/webm) ──────────────────────────────────────────────────────────────
    test-results/organizations-error-handli-6e85a--extremely-long-text-inputs-firefox/video.webm
    ────────────────────────────────────────────────────────────────────────────────────────────────
]]>
</failure>
<system-out>
<![CDATA[
[[ATTACHMENT|organizations-error-handli-6e85a--extremely-long-text-inputs-firefox/test-failed-1.png]]

[[ATTACHMENT|organizations-error-handli-6e85a--extremely-long-text-inputs-firefox/video.webm]]
]]>
</system-out>
<system-err>
<![CDATA[Error accessing localStorage: page.evaluate: The operation is insecure.
@debugger eval code line 291 > eval:2:26
evaluate@debugger eval code:293:16
@debugger eval code:1:44

    at TestUtils.isLoggedIn [90m(/mnt/r/Projects/ForkFlow-crm/[39mtests/helpers/testUtils.ts:51:30[90m)[39m
    at [90m/mnt/r/Projects/ForkFlow-crm/[39mtests/organizations/error-handling.spec.ts:15:23 {
  name: [32m'Error'[39m,
  [[32mSymbol(step)[39m]: {
    stepId: [32m'pw:api@12'[39m,
    location: {
      file: [32m'/mnt/r/Projects/ForkFlow-crm/tests/helpers/testUtils.ts'[39m,
      line: [33m51[39m,
      column: [33m30[39m,
      function: [32m'TestUtils.isLoggedIn'[39m
    },
    category: [32m'pw:api'[39m,
    title: [32m'Evaluate'[39m,
    apiName: [32m'page.evaluate'[39m,
    params: {
      expression: [32m'() => {\n'[39m +
        [32m"        const hasAuth = !!localStorage.getItem('auth') || !!localStorage.getItem('user');\n"[39m +
        [32m"        const isTestMode = localStorage.getItem('test-mode') === 'true';\n"[39m +
        [32m'        return hasAuth || isTestMode;\n'[39m +
        [32m'      }'[39m,
      isFunction: [33mtrue[39m,
      arg: [36m[Object][39m
    },
    boxedStack: [90mundefined[39m,
    steps: [],
    attachmentIndices: [],
    info: TestStepInfoImpl {
      annotations: [],
      _testInfo: [36m[TestInfoImpl][39m,
      _stepId: [32m'pw:api@12'[39m
    },
    complete: [36m[Function: complete][39m,
    endWallTime: [33m1751168733456[39m,
    error: {
      message: [32m'Error: page.evaluate: The operation is insecure.\n'[39m +
        [32m'@debugger eval code line 291 > eval:2:26\n'[39m +
        [32m'evaluate@debugger eval code:293:16\n'[39m +
        [32m'@debugger eval code:1:44\n'[39m,
      stack: [32m'Error: page.evaluate: The operation is insecure.\n'[39m +
        [32m'@debugger eval code line 291 > eval:2:26\n'[39m +
        [32m'evaluate@debugger eval code:293:16\n'[39m +
        [32m'@debugger eval code:1:44\n'[39m +
        [32m'\n'[39m +
        [32m'    at @debugger eval code line 291 > eval:2:26\n'[39m +
        [32m'    at evaluate@debugger eval code:293:16\n'[39m +
        [32m'    at @debugger eval code:1:44\n'[39m +
        [32m'    at TestUtils.isLoggedIn (/mnt/r/Projects/ForkFlow-crm/tests/helpers/testUtils.ts:51:30)\n'[39m +
        [32m'    at /mnt/r/Projects/ForkFlow-crm/tests/organizations/error-handling.spec.ts:15:23'[39m,
      cause: [90mundefined[39m
    }
  }
}
]]>
</system-err>
</testcase>
<testcase name="Organization Error Handling and Edge Cases › Data Validation Edge Cases › should handle special characters in inputs" classname="organizations/error-handling.spec.ts" time="4.56">
<failure message="error-handling.spec.ts:124:5 should handle special characters in inputs" type="FAILURE">
<![CDATA[  [firefox] › organizations/error-handling.spec.ts:124:5 › Organization Error Handling and Edge Cases › Data Validation Edge Cases › should handle special characters in inputs 

    Error: page.evaluate: The operation is insecure.
    @debugger eval code line 291 > eval:1:7
    evaluate@debugger eval code:293:16
    @debugger eval code:1:44

        at @debugger eval code line 291 > eval:1:7
        at evaluate@debugger eval code:293:16
        at @debugger eval code:1:44
        at TestUtils.login (/mnt/r/Projects/ForkFlow-crm/tests/helpers/testUtils.ts:9:38)
        at /mnt/r/Projects/ForkFlow-crm/tests/organizations/error-handling.spec.ts:16:19

    attachment #1: screenshot (image/png) ──────────────────────────────────────────────────────────
    test-results/organizations-error-handli-28aa8-pecial-characters-in-inputs-firefox/test-failed-1.png
    ────────────────────────────────────────────────────────────────────────────────────────────────

    attachment #2: video (video/webm) ──────────────────────────────────────────────────────────────
    test-results/organizations-error-handli-28aa8-pecial-characters-in-inputs-firefox/video.webm
    ────────────────────────────────────────────────────────────────────────────────────────────────
]]>
</failure>
<system-out>
<![CDATA[
[[ATTACHMENT|organizations-error-handli-28aa8-pecial-characters-in-inputs-firefox/test-failed-1.png]]

[[ATTACHMENT|organizations-error-handli-28aa8-pecial-characters-in-inputs-firefox/video.webm]]
]]>
</system-out>
<system-err>
<![CDATA[Error accessing localStorage: page.evaluate: The operation is insecure.
@debugger eval code line 291 > eval:2:26
evaluate@debugger eval code:293:16
@debugger eval code:1:44

    at TestUtils.isLoggedIn [90m(/mnt/r/Projects/ForkFlow-crm/[39mtests/helpers/testUtils.ts:51:30[90m)[39m
    at [90m/mnt/r/Projects/ForkFlow-crm/[39mtests/organizations/error-handling.spec.ts:15:23 {
  name: [32m'Error'[39m,
  [[32mSymbol(step)[39m]: {
    stepId: [32m'pw:api@12'[39m,
    location: {
      file: [32m'/mnt/r/Projects/ForkFlow-crm/tests/helpers/testUtils.ts'[39m,
      line: [33m51[39m,
      column: [33m30[39m,
      function: [32m'TestUtils.isLoggedIn'[39m
    },
    category: [32m'pw:api'[39m,
    title: [32m'Evaluate'[39m,
    apiName: [32m'page.evaluate'[39m,
    params: {
      expression: [32m'() => {\n'[39m +
        [32m"        const hasAuth = !!localStorage.getItem('auth') || !!localStorage.getItem('user');\n"[39m +
        [32m"        const isTestMode = localStorage.getItem('test-mode') === 'true';\n"[39m +
        [32m'        return hasAuth || isTestMode;\n'[39m +
        [32m'      }'[39m,
      isFunction: [33mtrue[39m,
      arg: [36m[Object][39m
    },
    boxedStack: [90mundefined[39m,
    steps: [],
    attachmentIndices: [],
    info: TestStepInfoImpl {
      annotations: [],
      _testInfo: [36m[TestInfoImpl][39m,
      _stepId: [32m'pw:api@12'[39m
    },
    complete: [36m[Function: complete][39m,
    endWallTime: [33m1751168745750[39m,
    error: {
      message: [32m'Error: page.evaluate: The operation is insecure.\n'[39m +
        [32m'@debugger eval code line 291 > eval:2:26\n'[39m +
        [32m'evaluate@debugger eval code:293:16\n'[39m +
        [32m'@debugger eval code:1:44\n'[39m,
      stack: [32m'Error: page.evaluate: The operation is insecure.\n'[39m +
        [32m'@debugger eval code line 291 > eval:2:26\n'[39m +
        [32m'evaluate@debugger eval code:293:16\n'[39m +
        [32m'@debugger eval code:1:44\n'[39m +
        [32m'\n'[39m +
        [32m'    at @debugger eval code line 291 > eval:2:26\n'[39m +
        [32m'    at evaluate@debugger eval code:293:16\n'[39m +
        [32m'    at @debugger eval code:1:44\n'[39m +
        [32m'    at TestUtils.isLoggedIn (/mnt/r/Projects/ForkFlow-crm/tests/helpers/testUtils.ts:51:30)\n'[39m +
        [32m'    at /mnt/r/Projects/ForkFlow-crm/tests/organizations/error-handling.spec.ts:15:23'[39m,
      cause: [90mundefined[39m
    }
  }
}
]]>
</system-err>
</testcase>
<testcase name="Organization Error Handling and Edge Cases › Data Validation Edge Cases › should handle SQL injection attempts" classname="organizations/error-handling.spec.ts" time="3.962">
<failure message="error-handling.spec.ts:141:5 should handle SQL injection attempts" type="FAILURE">
<![CDATA[  [firefox] › organizations/error-handling.spec.ts:141:5 › Organization Error Handling and Edge Cases › Data Validation Edge Cases › should handle SQL injection attempts 

    Error: page.evaluate: The operation is insecure.
    @debugger eval code line 291 > eval:1:7
    evaluate@debugger eval code:293:16
    @debugger eval code:1:44

        at @debugger eval code line 291 > eval:1:7
        at evaluate@debugger eval code:293:16
        at @debugger eval code:1:44
        at TestUtils.login (/mnt/r/Projects/ForkFlow-crm/tests/helpers/testUtils.ts:9:38)
        at /mnt/r/Projects/ForkFlow-crm/tests/organizations/error-handling.spec.ts:16:19

    attachment #1: screenshot (image/png) ──────────────────────────────────────────────────────────
    test-results/organizations-error-handli-e4398-ndle-SQL-injection-attempts-firefox/test-failed-1.png
    ────────────────────────────────────────────────────────────────────────────────────────────────

    attachment #2: video (video/webm) ──────────────────────────────────────────────────────────────
    test-results/organizations-error-handli-e4398-ndle-SQL-injection-attempts-firefox/video.webm
    ────────────────────────────────────────────────────────────────────────────────────────────────
]]>
</failure>
<system-out>
<![CDATA[
[[ATTACHMENT|organizations-error-handli-e4398-ndle-SQL-injection-attempts-firefox/test-failed-1.png]]

[[ATTACHMENT|organizations-error-handli-e4398-ndle-SQL-injection-attempts-firefox/video.webm]]
]]>
</system-out>
<system-err>
<![CDATA[Error accessing localStorage: page.evaluate: The operation is insecure.
@debugger eval code line 291 > eval:2:26
evaluate@debugger eval code:293:16
@debugger eval code:1:44

    at TestUtils.isLoggedIn [90m(/mnt/r/Projects/ForkFlow-crm/[39mtests/helpers/testUtils.ts:51:30[90m)[39m
    at [90m/mnt/r/Projects/ForkFlow-crm/[39mtests/organizations/error-handling.spec.ts:15:23 {
  name: [32m'Error'[39m,
  [[32mSymbol(step)[39m]: {
    stepId: [32m'pw:api@12'[39m,
    location: {
      file: [32m'/mnt/r/Projects/ForkFlow-crm/tests/helpers/testUtils.ts'[39m,
      line: [33m51[39m,
      column: [33m30[39m,
      function: [32m'TestUtils.isLoggedIn'[39m
    },
    category: [32m'pw:api'[39m,
    title: [32m'Evaluate'[39m,
    apiName: [32m'page.evaluate'[39m,
    params: {
      expression: [32m'() => {\n'[39m +
        [32m"        const hasAuth = !!localStorage.getItem('auth') || !!localStorage.getItem('user');\n"[39m +
        [32m"        const isTestMode = localStorage.getItem('test-mode') === 'true';\n"[39m +
        [32m'        return hasAuth || isTestMode;\n'[39m +
        [32m'      }'[39m,
      isFunction: [33mtrue[39m,
      arg: [36m[Object][39m
    },
    boxedStack: [90mundefined[39m,
    steps: [],
    attachmentIndices: [],
    info: TestStepInfoImpl {
      annotations: [],
      _testInfo: [36m[TestInfoImpl][39m,
      _stepId: [32m'pw:api@12'[39m
    },
    complete: [36m[Function: complete][39m,
    endWallTime: [33m1751168757749[39m,
    error: {
      message: [32m'Error: page.evaluate: The operation is insecure.\n'[39m +
        [32m'@debugger eval code line 291 > eval:2:26\n'[39m +
        [32m'evaluate@debugger eval code:293:16\n'[39m +
        [32m'@debugger eval code:1:44\n'[39m,
      stack: [32m'Error: page.evaluate: The operation is insecure.\n'[39m +
        [32m'@debugger eval code line 291 > eval:2:26\n'[39m +
        [32m'evaluate@debugger eval code:293:16\n'[39m +
        [32m'@debugger eval code:1:44\n'[39m +
        [32m'\n'[39m +
        [32m'    at @debugger eval code line 291 > eval:2:26\n'[39m +
        [32m'    at evaluate@debugger eval code:293:16\n'[39m +
        [32m'    at @debugger eval code:1:44\n'[39m +
        [32m'    at TestUtils.isLoggedIn (/mnt/r/Projects/ForkFlow-crm/tests/helpers/testUtils.ts:51:30)\n'[39m +
        [32m'    at /mnt/r/Projects/ForkFlow-crm/tests/organizations/error-handling.spec.ts:15:23'[39m,
      cause: [90mundefined[39m
    }
  }
}
]]>
</system-err>
</testcase>
<testcase name="Organization Error Handling and Edge Cases › Data Validation Edge Cases › should handle XSS attempts" classname="organizations/error-handling.spec.ts" time="3.813">
<failure message="error-handling.spec.ts:160:5 should handle XSS attempts" type="FAILURE">
<![CDATA[  [firefox] › organizations/error-handling.spec.ts:160:5 › Organization Error Handling and Edge Cases › Data Validation Edge Cases › should handle XSS attempts 

    Error: page.evaluate: The operation is insecure.
    @debugger eval code line 291 > eval:1:7
    evaluate@debugger eval code:293:16
    @debugger eval code:1:44

        at @debugger eval code line 291 > eval:1:7
        at evaluate@debugger eval code:293:16
        at @debugger eval code:1:44
        at TestUtils.login (/mnt/r/Projects/ForkFlow-crm/tests/helpers/testUtils.ts:9:38)
        at /mnt/r/Projects/ForkFlow-crm/tests/organizations/error-handling.spec.ts:16:19

    attachment #1: screenshot (image/png) ──────────────────────────────────────────────────────────
    test-results/organizations-error-handli-2f1a4--should-handle-XSS-attempts-firefox/test-failed-1.png
    ────────────────────────────────────────────────────────────────────────────────────────────────

    attachment #2: video (video/webm) ──────────────────────────────────────────────────────────────
    test-results/organizations-error-handli-2f1a4--should-handle-XSS-attempts-firefox/video.webm
    ────────────────────────────────────────────────────────────────────────────────────────────────
]]>
</failure>
<system-out>
<![CDATA[
[[ATTACHMENT|organizations-error-handli-2f1a4--should-handle-XSS-attempts-firefox/test-failed-1.png]]

[[ATTACHMENT|organizations-error-handli-2f1a4--should-handle-XSS-attempts-firefox/video.webm]]
]]>
</system-out>
<system-err>
<![CDATA[Error accessing localStorage: page.evaluate: The operation is insecure.
@debugger eval code line 291 > eval:2:26
evaluate@debugger eval code:293:16
@debugger eval code:1:44

    at TestUtils.isLoggedIn [90m(/mnt/r/Projects/ForkFlow-crm/[39mtests/helpers/testUtils.ts:51:30[90m)[39m
    at [90m/mnt/r/Projects/ForkFlow-crm/[39mtests/organizations/error-handling.spec.ts:15:23 {
  name: [32m'Error'[39m,
  [[32mSymbol(step)[39m]: {
    stepId: [32m'pw:api@12'[39m,
    location: {
      file: [32m'/mnt/r/Projects/ForkFlow-crm/tests/helpers/testUtils.ts'[39m,
      line: [33m51[39m,
      column: [33m30[39m,
      function: [32m'TestUtils.isLoggedIn'[39m
    },
    category: [32m'pw:api'[39m,
    title: [32m'Evaluate'[39m,
    apiName: [32m'page.evaluate'[39m,
    params: {
      expression: [32m'() => {\n'[39m +
        [32m"        const hasAuth = !!localStorage.getItem('auth') || !!localStorage.getItem('user');\n"[39m +
        [32m"        const isTestMode = localStorage.getItem('test-mode') === 'true';\n"[39m +
        [32m'        return hasAuth || isTestMode;\n'[39m +
        [32m'      }'[39m,
      isFunction: [33mtrue[39m,
      arg: [36m[Object][39m
    },
    boxedStack: [90mundefined[39m,
    steps: [],
    attachmentIndices: [],
    info: TestStepInfoImpl {
      annotations: [],
      _testInfo: [36m[TestInfoImpl][39m,
      _stepId: [32m'pw:api@12'[39m
    },
    complete: [36m[Function: complete][39m,
    endWallTime: [33m1751168770887[39m,
    error: {
      message: [32m'Error: page.evaluate: The operation is insecure.\n'[39m +
        [32m'@debugger eval code line 291 > eval:2:26\n'[39m +
        [32m'evaluate@debugger eval code:293:16\n'[39m +
        [32m'@debugger eval code:1:44\n'[39m,
      stack: [32m'Error: page.evaluate: The operation is insecure.\n'[39m +
        [32m'@debugger eval code line 291 > eval:2:26\n'[39m +
        [32m'evaluate@debugger eval code:293:16\n'[39m +
        [32m'@debugger eval code:1:44\n'[39m +
        [32m'\n'[39m +
        [32m'    at @debugger eval code line 291 > eval:2:26\n'[39m +
        [32m'    at evaluate@debugger eval code:293:16\n'[39m +
        [32m'    at @debugger eval code:1:44\n'[39m +
        [32m'    at TestUtils.isLoggedIn (/mnt/r/Projects/ForkFlow-crm/tests/helpers/testUtils.ts:51:30)\n'[39m +
        [32m'    at /mnt/r/Projects/ForkFlow-crm/tests/organizations/error-handling.spec.ts:15:23'[39m,
      cause: [90mundefined[39m
    }
  }
}
]]>
</system-err>
</testcase>
<testcase name="Organization Error Handling and Edge Cases › Concurrency and Race Conditions › should handle simultaneous organization creation" classname="organizations/error-handling.spec.ts" time="3.388">
<failure message="error-handling.spec.ts:184:5 should handle simultaneous organization creation" type="FAILURE">
<![CDATA[  [firefox] › organizations/error-handling.spec.ts:184:5 › Organization Error Handling and Edge Cases › Concurrency and Race Conditions › should handle simultaneous organization creation 

    Error: page.evaluate: The operation is insecure.
    @debugger eval code line 291 > eval:1:7
    evaluate@debugger eval code:293:16
    @debugger eval code:1:44

        at @debugger eval code line 291 > eval:1:7
        at evaluate@debugger eval code:293:16
        at @debugger eval code:1:44
        at TestUtils.login (/mnt/r/Projects/ForkFlow-crm/tests/helpers/testUtils.ts:9:38)
        at /mnt/r/Projects/ForkFlow-crm/tests/organizations/error-handling.spec.ts:16:19

    attachment #1: screenshot (image/png) ──────────────────────────────────────────────────────────
    test-results/organizations-error-handli-b7a9c-neous-organization-creation-firefox/test-failed-1.png
    ────────────────────────────────────────────────────────────────────────────────────────────────

    attachment #2: video (video/webm) ──────────────────────────────────────────────────────────────
    test-results/organizations-error-handli-b7a9c-neous-organization-creation-firefox/video.webm
    ────────────────────────────────────────────────────────────────────────────────────────────────
]]>
</failure>
<system-out>
<![CDATA[
[[ATTACHMENT|organizations-error-handli-b7a9c-neous-organization-creation-firefox/test-failed-1.png]]

[[ATTACHMENT|organizations-error-handli-b7a9c-neous-organization-creation-firefox/video.webm]]
]]>
</system-out>
<system-err>
<![CDATA[Error accessing localStorage: page.evaluate: The operation is insecure.
@debugger eval code line 291 > eval:2:26
evaluate@debugger eval code:293:16
@debugger eval code:1:44

    at TestUtils.isLoggedIn [90m(/mnt/r/Projects/ForkFlow-crm/[39mtests/helpers/testUtils.ts:51:30[90m)[39m
    at [90m/mnt/r/Projects/ForkFlow-crm/[39mtests/organizations/error-handling.spec.ts:15:23 {
  name: [32m'Error'[39m,
  [[32mSymbol(step)[39m]: {
    stepId: [32m'pw:api@12'[39m,
    location: {
      file: [32m'/mnt/r/Projects/ForkFlow-crm/tests/helpers/testUtils.ts'[39m,
      line: [33m51[39m,
      column: [33m30[39m,
      function: [32m'TestUtils.isLoggedIn'[39m
    },
    category: [32m'pw:api'[39m,
    title: [32m'Evaluate'[39m,
    apiName: [32m'page.evaluate'[39m,
    params: {
      expression: [32m'() => {\n'[39m +
        [32m"        const hasAuth = !!localStorage.getItem('auth') || !!localStorage.getItem('user');\n"[39m +
        [32m"        const isTestMode = localStorage.getItem('test-mode') === 'true';\n"[39m +
        [32m'        return hasAuth || isTestMode;\n'[39m +
        [32m'      }'[39m,
      isFunction: [33mtrue[39m,
      arg: [36m[Object][39m
    },
    boxedStack: [90mundefined[39m,
    steps: [],
    attachmentIndices: [],
    info: TestStepInfoImpl {
      annotations: [],
      _testInfo: [36m[TestInfoImpl][39m,
      _stepId: [32m'pw:api@12'[39m
    },
    complete: [36m[Function: complete][39m,
    endWallTime: [33m1751168781065[39m,
    error: {
      message: [32m'Error: page.evaluate: The operation is insecure.\n'[39m +
        [32m'@debugger eval code line 291 > eval:2:26\n'[39m +
        [32m'evaluate@debugger eval code:293:16\n'[39m +
        [32m'@debugger eval code:1:44\n'[39m,
      stack: [32m'Error: page.evaluate: The operation is insecure.\n'[39m +
        [32m'@debugger eval code line 291 > eval:2:26\n'[39m +
        [32m'evaluate@debugger eval code:293:16\n'[39m +
        [32m'@debugger eval code:1:44\n'[39m +
        [32m'\n'[39m +
        [32m'    at @debugger eval code line 291 > eval:2:26\n'[39m +
        [32m'    at evaluate@debugger eval code:293:16\n'[39m +
        [32m'    at @debugger eval code:1:44\n'[39m +
        [32m'    at TestUtils.isLoggedIn (/mnt/r/Projects/ForkFlow-crm/tests/helpers/testUtils.ts:51:30)\n'[39m +
        [32m'    at /mnt/r/Projects/ForkFlow-crm/tests/organizations/error-handling.spec.ts:15:23'[39m,
      cause: [90mundefined[39m
    }
  }
}
]]>
</system-err>
</testcase>
<testcase name="Organization Error Handling and Edge Cases › Concurrency and Race Conditions › should handle edit conflicts" classname="organizations/error-handling.spec.ts" time="3.387">
<failure message="error-handling.spec.ts:218:5 should handle edit conflicts" type="FAILURE">
<![CDATA[  [firefox] › organizations/error-handling.spec.ts:218:5 › Organization Error Handling and Edge Cases › Concurrency and Race Conditions › should handle edit conflicts 

    Error: page.evaluate: The operation is insecure.
    @debugger eval code line 291 > eval:1:7
    evaluate@debugger eval code:293:16
    @debugger eval code:1:44

        at @debugger eval code line 291 > eval:1:7
        at evaluate@debugger eval code:293:16
        at @debugger eval code:1:44
        at TestUtils.login (/mnt/r/Projects/ForkFlow-crm/tests/helpers/testUtils.ts:9:38)
        at /mnt/r/Projects/ForkFlow-crm/tests/organizations/error-handling.spec.ts:16:19

    attachment #1: screenshot (image/png) ──────────────────────────────────────────────────────────
    test-results/organizations-error-handli-2d30f-hould-handle-edit-conflicts-firefox/test-failed-1.png
    ────────────────────────────────────────────────────────────────────────────────────────────────

    attachment #2: video (video/webm) ──────────────────────────────────────────────────────────────
    test-results/organizations-error-handli-2d30f-hould-handle-edit-conflicts-firefox/video.webm
    ────────────────────────────────────────────────────────────────────────────────────────────────
]]>
</failure>
<system-out>
<![CDATA[
[[ATTACHMENT|organizations-error-handli-2d30f-hould-handle-edit-conflicts-firefox/test-failed-1.png]]

[[ATTACHMENT|organizations-error-handli-2d30f-hould-handle-edit-conflicts-firefox/video.webm]]
]]>
</system-out>
<system-err>
<![CDATA[Error accessing localStorage: page.evaluate: The operation is insecure.
@debugger eval code line 291 > eval:2:26
evaluate@debugger eval code:293:16
@debugger eval code:1:44

    at TestUtils.isLoggedIn [90m(/mnt/r/Projects/ForkFlow-crm/[39mtests/helpers/testUtils.ts:51:30[90m)[39m
    at [90m/mnt/r/Projects/ForkFlow-crm/[39mtests/organizations/error-handling.spec.ts:15:23 {
  name: [32m'Error'[39m,
  [[32mSymbol(step)[39m]: {
    stepId: [32m'pw:api@12'[39m,
    location: {
      file: [32m'/mnt/r/Projects/ForkFlow-crm/tests/helpers/testUtils.ts'[39m,
      line: [33m51[39m,
      column: [33m30[39m,
      function: [32m'TestUtils.isLoggedIn'[39m
    },
    category: [32m'pw:api'[39m,
    title: [32m'Evaluate'[39m,
    apiName: [32m'page.evaluate'[39m,
    params: {
      expression: [32m'() => {\n'[39m +
        [32m"        const hasAuth = !!localStorage.getItem('auth') || !!localStorage.getItem('user');\n"[39m +
        [32m"        const isTestMode = localStorage.getItem('test-mode') === 'true';\n"[39m +
        [32m'        return hasAuth || isTestMode;\n'[39m +
        [32m'      }'[39m,
      isFunction: [33mtrue[39m,
      arg: [36m[Object][39m
    },
    boxedStack: [90mundefined[39m,
    steps: [],
    attachmentIndices: [],
    info: TestStepInfoImpl {
      annotations: [],
      _testInfo: [36m[TestInfoImpl][39m,
      _stepId: [32m'pw:api@12'[39m
    },
    complete: [36m[Function: complete][39m,
    endWallTime: [33m1751168792897[39m,
    error: {
      message: [32m'Error: page.evaluate: The operation is insecure.\n'[39m +
        [32m'@debugger eval code line 291 > eval:2:26\n'[39m +
        [32m'evaluate@debugger eval code:293:16\n'[39m +
        [32m'@debugger eval code:1:44\n'[39m,
      stack: [32m'Error: page.evaluate: The operation is insecure.\n'[39m +
        [32m'@debugger eval code line 291 > eval:2:26\n'[39m +
        [32m'evaluate@debugger eval code:293:16\n'[39m +
        [32m'@debugger eval code:1:44\n'[39m +
        [32m'\n'[39m +
        [32m'    at @debugger eval code line 291 > eval:2:26\n'[39m +
        [32m'    at evaluate@debugger eval code:293:16\n'[39m +
        [32m'    at @debugger eval code:1:44\n'[39m +
        [32m'    at TestUtils.isLoggedIn (/mnt/r/Projects/ForkFlow-crm/tests/helpers/testUtils.ts:51:30)\n'[39m +
        [32m'    at /mnt/r/Projects/ForkFlow-crm/tests/organizations/error-handling.spec.ts:15:23'[39m,
      cause: [90mundefined[39m
    }
  }
}
]]>
</system-err>
</testcase>
<testcase name="Organization Error Handling and Edge Cases › Resource Limits and Performance Edge Cases › should handle large file uploads for logos" classname="organizations/error-handling.spec.ts" time="3.701">
<failure message="error-handling.spec.ts:251:5 should handle large file uploads for logos" type="FAILURE">
<![CDATA[  [firefox] › organizations/error-handling.spec.ts:251:5 › Organization Error Handling and Edge Cases › Resource Limits and Performance Edge Cases › should handle large file uploads for logos 

    Error: page.evaluate: The operation is insecure.
    @debugger eval code line 291 > eval:1:7
    evaluate@debugger eval code:293:16
    @debugger eval code:1:44

        at @debugger eval code line 291 > eval:1:7
        at evaluate@debugger eval code:293:16
        at @debugger eval code:1:44
        at TestUtils.login (/mnt/r/Projects/ForkFlow-crm/tests/helpers/testUtils.ts:9:38)
        at /mnt/r/Projects/ForkFlow-crm/tests/organizations/error-handling.spec.ts:16:19

    attachment #1: screenshot (image/png) ──────────────────────────────────────────────────────────
    test-results/organizations-error-handli-04674-arge-file-uploads-for-logos-firefox/test-failed-1.png
    ────────────────────────────────────────────────────────────────────────────────────────────────

    attachment #2: video (video/webm) ──────────────────────────────────────────────────────────────
    test-results/organizations-error-handli-04674-arge-file-uploads-for-logos-firefox/video.webm
    ────────────────────────────────────────────────────────────────────────────────────────────────
]]>
</failure>
<system-out>
<![CDATA[
[[ATTACHMENT|organizations-error-handli-04674-arge-file-uploads-for-logos-firefox/test-failed-1.png]]

[[ATTACHMENT|organizations-error-handli-04674-arge-file-uploads-for-logos-firefox/video.webm]]
]]>
</system-out>
<system-err>
<![CDATA[Error accessing localStorage: page.evaluate: The operation is insecure.
@debugger eval code line 291 > eval:2:26
evaluate@debugger eval code:293:16
@debugger eval code:1:44

    at TestUtils.isLoggedIn [90m(/mnt/r/Projects/ForkFlow-crm/[39mtests/helpers/testUtils.ts:51:30[90m)[39m
    at [90m/mnt/r/Projects/ForkFlow-crm/[39mtests/organizations/error-handling.spec.ts:15:23 {
  name: [32m'Error'[39m,
  [[32mSymbol(step)[39m]: {
    stepId: [32m'pw:api@12'[39m,
    location: {
      file: [32m'/mnt/r/Projects/ForkFlow-crm/tests/helpers/testUtils.ts'[39m,
      line: [33m51[39m,
      column: [33m30[39m,
      function: [32m'TestUtils.isLoggedIn'[39m
    },
    category: [32m'pw:api'[39m,
    title: [32m'Evaluate'[39m,
    apiName: [32m'page.evaluate'[39m,
    params: {
      expression: [32m'() => {\n'[39m +
        [32m"        const hasAuth = !!localStorage.getItem('auth') || !!localStorage.getItem('user');\n"[39m +
        [32m"        const isTestMode = localStorage.getItem('test-mode') === 'true';\n"[39m +
        [32m'        return hasAuth || isTestMode;\n'[39m +
        [32m'      }'[39m,
      isFunction: [33mtrue[39m,
      arg: [36m[Object][39m
    },
    boxedStack: [90mundefined[39m,
    steps: [],
    attachmentIndices: [],
    info: TestStepInfoImpl {
      annotations: [],
      _testInfo: [36m[TestInfoImpl][39m,
      _stepId: [32m'pw:api@12'[39m
    },
    complete: [36m[Function: complete][39m,
    endWallTime: [33m1751168804904[39m,
    error: {
      message: [32m'Error: page.evaluate: The operation is insecure.\n'[39m +
        [32m'@debugger eval code line 291 > eval:2:26\n'[39m +
        [32m'evaluate@debugger eval code:293:16\n'[39m +
        [32m'@debugger eval code:1:44\n'[39m,
      stack: [32m'Error: page.evaluate: The operation is insecure.\n'[39m +
        [32m'@debugger eval code line 291 > eval:2:26\n'[39m +
        [32m'evaluate@debugger eval code:293:16\n'[39m +
        [32m'@debugger eval code:1:44\n'[39m +
        [32m'\n'[39m +
        [32m'    at @debugger eval code line 291 > eval:2:26\n'[39m +
        [32m'    at evaluate@debugger eval code:293:16\n'[39m +
        [32m'    at @debugger eval code:1:44\n'[39m +
        [32m'    at TestUtils.isLoggedIn (/mnt/r/Projects/ForkFlow-crm/tests/helpers/testUtils.ts:51:30)\n'[39m +
        [32m'    at /mnt/r/Projects/ForkFlow-crm/tests/organizations/error-handling.spec.ts:15:23'[39m,
      cause: [90mundefined[39m
    }
  }
}
]]>
</system-err>
</testcase>
<testcase name="Organization Error Handling and Edge Cases › Resource Limits and Performance Edge Cases › should handle browser memory limits" classname="organizations/error-handling.spec.ts" time="3.255">
<failure message="error-handling.spec.ts:276:5 should handle browser memory limits" type="FAILURE">
<![CDATA[  [firefox] › organizations/error-handling.spec.ts:276:5 › Organization Error Handling and Edge Cases › Resource Limits and Performance Edge Cases › should handle browser memory limits 

    Error: page.evaluate: The operation is insecure.
    @debugger eval code line 291 > eval:1:7
    evaluate@debugger eval code:293:16
    @debugger eval code:1:44

        at @debugger eval code line 291 > eval:1:7
        at evaluate@debugger eval code:293:16
        at @debugger eval code:1:44
        at TestUtils.login (/mnt/r/Projects/ForkFlow-crm/tests/helpers/testUtils.ts:9:38)
        at /mnt/r/Projects/ForkFlow-crm/tests/organizations/error-handling.spec.ts:16:19

    attachment #1: screenshot (image/png) ──────────────────────────────────────────────────────────
    test-results/organizations-error-handli-b9fd1-andle-browser-memory-limits-firefox/test-failed-1.png
    ────────────────────────────────────────────────────────────────────────────────────────────────

    attachment #2: video (video/webm) ──────────────────────────────────────────────────────────────
    test-results/organizations-error-handli-b9fd1-andle-browser-memory-limits-firefox/video.webm
    ────────────────────────────────────────────────────────────────────────────────────────────────
]]>
</failure>
<system-out>
<![CDATA[
[[ATTACHMENT|organizations-error-handli-b9fd1-andle-browser-memory-limits-firefox/test-failed-1.png]]

[[ATTACHMENT|organizations-error-handli-b9fd1-andle-browser-memory-limits-firefox/video.webm]]
]]>
</system-out>
<system-err>
<![CDATA[Error accessing localStorage: page.evaluate: The operation is insecure.
@debugger eval code line 291 > eval:2:26
evaluate@debugger eval code:293:16
@debugger eval code:1:44

    at TestUtils.isLoggedIn [90m(/mnt/r/Projects/ForkFlow-crm/[39mtests/helpers/testUtils.ts:51:30[90m)[39m
    at [90m/mnt/r/Projects/ForkFlow-crm/[39mtests/organizations/error-handling.spec.ts:15:23 {
  name: [32m'Error'[39m,
  [[32mSymbol(step)[39m]: {
    stepId: [32m'pw:api@12'[39m,
    location: {
      file: [32m'/mnt/r/Projects/ForkFlow-crm/tests/helpers/testUtils.ts'[39m,
      line: [33m51[39m,
      column: [33m30[39m,
      function: [32m'TestUtils.isLoggedIn'[39m
    },
    category: [32m'pw:api'[39m,
    title: [32m'Evaluate'[39m,
    apiName: [32m'page.evaluate'[39m,
    params: {
      expression: [32m'() => {\n'[39m +
        [32m"        const hasAuth = !!localStorage.getItem('auth') || !!localStorage.getItem('user');\n"[39m +
        [32m"        const isTestMode = localStorage.getItem('test-mode') === 'true';\n"[39m +
        [32m'        return hasAuth || isTestMode;\n'[39m +
        [32m'      }'[39m,
      isFunction: [33mtrue[39m,
      arg: [36m[Object][39m
    },
    boxedStack: [90mundefined[39m,
    steps: [],
    attachmentIndices: [],
    info: TestStepInfoImpl {
      annotations: [],
      _testInfo: [36m[TestInfoImpl][39m,
      _stepId: [32m'pw:api@12'[39m
    },
    complete: [36m[Function: complete][39m,
    endWallTime: [33m1751168816404[39m,
    error: {
      message: [32m'Error: page.evaluate: The operation is insecure.\n'[39m +
        [32m'@debugger eval code line 291 > eval:2:26\n'[39m +
        [32m'evaluate@debugger eval code:293:16\n'[39m +
        [32m'@debugger eval code:1:44\n'[39m,
      stack: [32m'Error: page.evaluate: The operation is insecure.\n'[39m +
        [32m'@debugger eval code line 291 > eval:2:26\n'[39m +
        [32m'evaluate@debugger eval code:293:16\n'[39m +
        [32m'@debugger eval code:1:44\n'[39m +
        [32m'\n'[39m +
        [32m'    at @debugger eval code line 291 > eval:2:26\n'[39m +
        [32m'    at evaluate@debugger eval code:293:16\n'[39m +
        [32m'    at @debugger eval code:1:44\n'[39m +
        [32m'    at TestUtils.isLoggedIn (/mnt/r/Projects/ForkFlow-crm/tests/helpers/testUtils.ts:51:30)\n'[39m +
        [32m'    at /mnt/r/Projects/ForkFlow-crm/tests/organizations/error-handling.spec.ts:15:23'[39m,
      cause: [90mundefined[39m
    }
  }
}
]]>
</system-err>
</testcase>
<testcase name="Organization Error Handling and Edge Cases › Browser Compatibility Edge Cases › should handle disabled JavaScript" classname="organizations/error-handling.spec.ts" time="3.364">
<failure message="error-handling.spec.ts:299:5 should handle disabled JavaScript" type="FAILURE">
<![CDATA[  [firefox] › organizations/error-handling.spec.ts:299:5 › Organization Error Handling and Edge Cases › Browser Compatibility Edge Cases › should handle disabled JavaScript 

    Error: page.evaluate: The operation is insecure.
    @debugger eval code line 291 > eval:1:7
    evaluate@debugger eval code:293:16
    @debugger eval code:1:44

        at @debugger eval code line 291 > eval:1:7
        at evaluate@debugger eval code:293:16
        at @debugger eval code:1:44
        at TestUtils.login (/mnt/r/Projects/ForkFlow-crm/tests/helpers/testUtils.ts:9:38)
        at /mnt/r/Projects/ForkFlow-crm/tests/organizations/error-handling.spec.ts:16:19

    attachment #1: screenshot (image/png) ──────────────────────────────────────────────────────────
    test-results/organizations-error-handli-d0c62--handle-disabled-JavaScript-firefox/test-failed-1.png
    ────────────────────────────────────────────────────────────────────────────────────────────────

    attachment #2: video (video/webm) ──────────────────────────────────────────────────────────────
    test-results/organizations-error-handli-d0c62--handle-disabled-JavaScript-firefox/video.webm
    ────────────────────────────────────────────────────────────────────────────────────────────────
]]>
</failure>
<system-out>
<![CDATA[
[[ATTACHMENT|organizations-error-handli-d0c62--handle-disabled-JavaScript-firefox/test-failed-1.png]]

[[ATTACHMENT|organizations-error-handli-d0c62--handle-disabled-JavaScript-firefox/video.webm]]
]]>
</system-out>
<system-err>
<![CDATA[Error accessing localStorage: page.evaluate: The operation is insecure.
@debugger eval code line 291 > eval:2:26
evaluate@debugger eval code:293:16
@debugger eval code:1:44

    at TestUtils.isLoggedIn [90m(/mnt/r/Projects/ForkFlow-crm/[39mtests/helpers/testUtils.ts:51:30[90m)[39m
    at [90m/mnt/r/Projects/ForkFlow-crm/[39mtests/organizations/error-handling.spec.ts:15:23 {
  name: [32m'Error'[39m,
  [[32mSymbol(step)[39m]: {
    stepId: [32m'pw:api@12'[39m,
    location: {
      file: [32m'/mnt/r/Projects/ForkFlow-crm/tests/helpers/testUtils.ts'[39m,
      line: [33m51[39m,
      column: [33m30[39m,
      function: [32m'TestUtils.isLoggedIn'[39m
    },
    category: [32m'pw:api'[39m,
    title: [32m'Evaluate'[39m,
    apiName: [32m'page.evaluate'[39m,
    params: {
      expression: [32m'() => {\n'[39m +
        [32m"        const hasAuth = !!localStorage.getItem('auth') || !!localStorage.getItem('user');\n"[39m +
        [32m"        const isTestMode = localStorage.getItem('test-mode') === 'true';\n"[39m +
        [32m'        return hasAuth || isTestMode;\n'[39m +
        [32m'      }'[39m,
      isFunction: [33mtrue[39m,
      arg: [36m[Object][39m
    },
    boxedStack: [90mundefined[39m,
    steps: [],
    attachmentIndices: [],
    info: TestStepInfoImpl {
      annotations: [],
      _testInfo: [36m[TestInfoImpl][39m,
      _stepId: [32m'pw:api@12'[39m
    },
    complete: [36m[Function: complete][39m,
    endWallTime: [33m1751168826581[39m,
    error: {
      message: [32m'Error: page.evaluate: The operation is insecure.\n'[39m +
        [32m'@debugger eval code line 291 > eval:2:26\n'[39m +
        [32m'evaluate@debugger eval code:293:16\n'[39m +
        [32m'@debugger eval code:1:44\n'[39m,
      stack: [32m'Error: page.evaluate: The operation is insecure.\n'[39m +
        [32m'@debugger eval code line 291 > eval:2:26\n'[39m +
        [32m'evaluate@debugger eval code:293:16\n'[39m +
        [32m'@debugger eval code:1:44\n'[39m +
        [32m'\n'[39m +
        [32m'    at @debugger eval code line 291 > eval:2:26\n'[39m +
        [32m'    at evaluate@debugger eval code:293:16\n'[39m +
        [32m'    at @debugger eval code:1:44\n'[39m +
        [32m'    at TestUtils.isLoggedIn (/mnt/r/Projects/ForkFlow-crm/tests/helpers/testUtils.ts:51:30)\n'[39m +
        [32m'    at /mnt/r/Projects/ForkFlow-crm/tests/organizations/error-handling.spec.ts:15:23'[39m,
      cause: [90mundefined[39m
    }
  }
}
]]>
</system-err>
</testcase>
<testcase name="Organization Error Handling and Edge Cases › Browser Compatibility Edge Cases › should handle cookies disabled" classname="organizations/error-handling.spec.ts" time="3.097">
<failure message="error-handling.spec.ts:314:5 should handle cookies disabled" type="FAILURE">
<![CDATA[  [firefox] › organizations/error-handling.spec.ts:314:5 › Organization Error Handling and Edge Cases › Browser Compatibility Edge Cases › should handle cookies disabled 

    Error: page.evaluate: The operation is insecure.
    @debugger eval code line 291 > eval:1:7
    evaluate@debugger eval code:293:16
    @debugger eval code:1:44

        at @debugger eval code line 291 > eval:1:7
        at evaluate@debugger eval code:293:16
        at @debugger eval code:1:44
        at TestUtils.login (/mnt/r/Projects/ForkFlow-crm/tests/helpers/testUtils.ts:9:38)
        at /mnt/r/Projects/ForkFlow-crm/tests/organizations/error-handling.spec.ts:16:19

    attachment #1: screenshot (image/png) ──────────────────────────────────────────────────────────
    test-results/organizations-error-handli-d8055-uld-handle-cookies-disabled-firefox/test-failed-1.png
    ────────────────────────────────────────────────────────────────────────────────────────────────

    attachment #2: video (video/webm) ──────────────────────────────────────────────────────────────
    test-results/organizations-error-handli-d8055-uld-handle-cookies-disabled-firefox/video.webm
    ────────────────────────────────────────────────────────────────────────────────────────────────
]]>
</failure>
<system-out>
<![CDATA[
[[ATTACHMENT|organizations-error-handli-d8055-uld-handle-cookies-disabled-firefox/test-failed-1.png]]

[[ATTACHMENT|organizations-error-handli-d8055-uld-handle-cookies-disabled-firefox/video.webm]]
]]>
</system-out>
<system-err>
<![CDATA[Error accessing localStorage: page.evaluate: The operation is insecure.
@debugger eval code line 291 > eval:2:26
evaluate@debugger eval code:293:16
@debugger eval code:1:44

    at TestUtils.isLoggedIn [90m(/mnt/r/Projects/ForkFlow-crm/[39mtests/helpers/testUtils.ts:51:30[90m)[39m
    at [90m/mnt/r/Projects/ForkFlow-crm/[39mtests/organizations/error-handling.spec.ts:15:23 {
  name: [32m'Error'[39m,
  [[32mSymbol(step)[39m]: {
    stepId: [32m'pw:api@12'[39m,
    location: {
      file: [32m'/mnt/r/Projects/ForkFlow-crm/tests/helpers/testUtils.ts'[39m,
      line: [33m51[39m,
      column: [33m30[39m,
      function: [32m'TestUtils.isLoggedIn'[39m
    },
    category: [32m'pw:api'[39m,
    title: [32m'Evaluate'[39m,
    apiName: [32m'page.evaluate'[39m,
    params: {
      expression: [32m'() => {\n'[39m +
        [32m"        const hasAuth = !!localStorage.getItem('auth') || !!localStorage.getItem('user');\n"[39m +
        [32m"        const isTestMode = localStorage.getItem('test-mode') === 'true';\n"[39m +
        [32m'        return hasAuth || isTestMode;\n'[39m +
        [32m'      }'[39m,
      isFunction: [33mtrue[39m,
      arg: [36m[Object][39m
    },
    boxedStack: [90mundefined[39m,
    steps: [],
    attachmentIndices: [],
    info: TestStepInfoImpl {
      annotations: [],
      _testInfo: [36m[TestInfoImpl][39m,
      _stepId: [32m'pw:api@12'[39m
    },
    complete: [36m[Function: complete][39m,
    endWallTime: [33m1751168838797[39m,
    error: {
      message: [32m'Error: page.evaluate: The operation is insecure.\n'[39m +
        [32m'@debugger eval code line 291 > eval:2:26\n'[39m +
        [32m'evaluate@debugger eval code:293:16\n'[39m +
        [32m'@debugger eval code:1:44\n'[39m,
      stack: [32m'Error: page.evaluate: The operation is insecure.\n'[39m +
        [32m'@debugger eval code line 291 > eval:2:26\n'[39m +
        [32m'evaluate@debugger eval code:293:16\n'[39m +
        [32m'@debugger eval code:1:44\n'[39m +
        [32m'\n'[39m +
        [32m'    at @debugger eval code line 291 > eval:2:26\n'[39m +
        [32m'    at evaluate@debugger eval code:293:16\n'[39m +
        [32m'    at @debugger eval code:1:44\n'[39m +
        [32m'    at TestUtils.isLoggedIn (/mnt/r/Projects/ForkFlow-crm/tests/helpers/testUtils.ts:51:30)\n'[39m +
        [32m'    at /mnt/r/Projects/ForkFlow-crm/tests/organizations/error-handling.spec.ts:15:23'[39m,
      cause: [90mundefined[39m
    }
  }
}
]]>
</system-err>
</testcase>
<testcase name="Organization Error Handling and Edge Cases › Browser Compatibility Edge Cases › should handle local storage disabled" classname="organizations/error-handling.spec.ts" time="3.804">
<failure message="error-handling.spec.ts:324:5 should handle local storage disabled" type="FAILURE">
<![CDATA[  [firefox] › organizations/error-handling.spec.ts:324:5 › Organization Error Handling and Edge Cases › Browser Compatibility Edge Cases › should handle local storage disabled 

    Error: page.evaluate: The operation is insecure.
    @debugger eval code line 291 > eval:1:7
    evaluate@debugger eval code:293:16
    @debugger eval code:1:44

        at @debugger eval code line 291 > eval:1:7
        at evaluate@debugger eval code:293:16
        at @debugger eval code:1:44
        at TestUtils.login (/mnt/r/Projects/ForkFlow-crm/tests/helpers/testUtils.ts:9:38)
        at /mnt/r/Projects/ForkFlow-crm/tests/organizations/error-handling.spec.ts:16:19

    attachment #1: screenshot (image/png) ──────────────────────────────────────────────────────────
    test-results/organizations-error-handli-c4485-ndle-local-storage-disabled-firefox/test-failed-1.png
    ────────────────────────────────────────────────────────────────────────────────────────────────

    attachment #2: video (video/webm) ──────────────────────────────────────────────────────────────
    test-results/organizations-error-handli-c4485-ndle-local-storage-disabled-firefox/video.webm
    ────────────────────────────────────────────────────────────────────────────────────────────────
]]>
</failure>
<system-out>
<![CDATA[
[[ATTACHMENT|organizations-error-handli-c4485-ndle-local-storage-disabled-firefox/test-failed-1.png]]

[[ATTACHMENT|organizations-error-handli-c4485-ndle-local-storage-disabled-firefox/video.webm]]
]]>
</system-out>
<system-err>
<![CDATA[Error accessing localStorage: page.evaluate: The operation is insecure.
@debugger eval code line 291 > eval:2:26
evaluate@debugger eval code:293:16
@debugger eval code:1:44

    at TestUtils.isLoggedIn [90m(/mnt/r/Projects/ForkFlow-crm/[39mtests/helpers/testUtils.ts:51:30[90m)[39m
    at [90m/mnt/r/Projects/ForkFlow-crm/[39mtests/organizations/error-handling.spec.ts:15:23 {
  name: [32m'Error'[39m,
  [[32mSymbol(step)[39m]: {
    stepId: [32m'pw:api@12'[39m,
    location: {
      file: [32m'/mnt/r/Projects/ForkFlow-crm/tests/helpers/testUtils.ts'[39m,
      line: [33m51[39m,
      column: [33m30[39m,
      function: [32m'TestUtils.isLoggedIn'[39m
    },
    category: [32m'pw:api'[39m,
    title: [32m'Evaluate'[39m,
    apiName: [32m'page.evaluate'[39m,
    params: {
      expression: [32m'() => {\n'[39m +
        [32m"        const hasAuth = !!localStorage.getItem('auth') || !!localStorage.getItem('user');\n"[39m +
        [32m"        const isTestMode = localStorage.getItem('test-mode') === 'true';\n"[39m +
        [32m'        return hasAuth || isTestMode;\n'[39m +
        [32m'      }'[39m,
      isFunction: [33mtrue[39m,
      arg: [36m[Object][39m
    },
    boxedStack: [90mundefined[39m,
    steps: [],
    attachmentIndices: [],
    info: TestStepInfoImpl {
      annotations: [],
      _testInfo: [36m[TestInfoImpl][39m,
      _stepId: [32m'pw:api@12'[39m
    },
    complete: [36m[Function: complete][39m,
    endWallTime: [33m1751168849022[39m,
    error: {
      message: [32m'Error: page.evaluate: The operation is insecure.\n'[39m +
        [32m'@debugger eval code line 291 > eval:2:26\n'[39m +
        [32m'evaluate@debugger eval code:293:16\n'[39m +
        [32m'@debugger eval code:1:44\n'[39m,
      stack: [32m'Error: page.evaluate: The operation is insecure.\n'[39m +
        [32m'@debugger eval code line 291 > eval:2:26\n'[39m +
        [32m'evaluate@debugger eval code:293:16\n'[39m +
        [32m'@debugger eval code:1:44\n'[39m +
        [32m'\n'[39m +
        [32m'    at @debugger eval code line 291 > eval:2:26\n'[39m +
        [32m'    at evaluate@debugger eval code:293:16\n'[39m +
        [32m'    at @debugger eval code:1:44\n'[39m +
        [32m'    at TestUtils.isLoggedIn (/mnt/r/Projects/ForkFlow-crm/tests/helpers/testUtils.ts:51:30)\n'[39m +
        [32m'    at /mnt/r/Projects/ForkFlow-crm/tests/organizations/error-handling.spec.ts:15:23'[39m,
      cause: [90mundefined[39m
    }
  }
}
]]>
</system-err>
</testcase>
<testcase name="Organization Error Handling and Edge Cases › GPS and Geolocation Edge Cases › should handle GPS permission denied" classname="organizations/error-handling.spec.ts" time="3.375">
<failure message="error-handling.spec.ts:341:5 should handle GPS permission denied" type="FAILURE">
<![CDATA[  [firefox] › organizations/error-handling.spec.ts:341:5 › Organization Error Handling and Edge Cases › GPS and Geolocation Edge Cases › should handle GPS permission denied 

    Error: page.evaluate: The operation is insecure.
    @debugger eval code line 291 > eval:1:7
    evaluate@debugger eval code:293:16
    @debugger eval code:1:44

        at @debugger eval code line 291 > eval:1:7
        at evaluate@debugger eval code:293:16
        at @debugger eval code:1:44
        at TestUtils.login (/mnt/r/Projects/ForkFlow-crm/tests/helpers/testUtils.ts:9:38)
        at /mnt/r/Projects/ForkFlow-crm/tests/organizations/error-handling.spec.ts:16:19

    attachment #1: screenshot (image/png) ──────────────────────────────────────────────────────────
    test-results/organizations-error-handli-8a260-andle-GPS-permission-denied-firefox/test-failed-1.png
    ────────────────────────────────────────────────────────────────────────────────────────────────

    attachment #2: video (video/webm) ──────────────────────────────────────────────────────────────
    test-results/organizations-error-handli-8a260-andle-GPS-permission-denied-firefox/video.webm
    ────────────────────────────────────────────────────────────────────────────────────────────────
]]>
</failure>
<system-out>
<![CDATA[
[[ATTACHMENT|organizations-error-handli-8a260-andle-GPS-permission-denied-firefox/test-failed-1.png]]

[[ATTACHMENT|organizations-error-handli-8a260-andle-GPS-permission-denied-firefox/video.webm]]
]]>
</system-out>
<system-err>
<![CDATA[Error accessing localStorage: page.evaluate: The operation is insecure.
@debugger eval code line 291 > eval:2:26
evaluate@debugger eval code:293:16
@debugger eval code:1:44

    at TestUtils.isLoggedIn [90m(/mnt/r/Projects/ForkFlow-crm/[39mtests/helpers/testUtils.ts:51:30[90m)[39m
    at [90m/mnt/r/Projects/ForkFlow-crm/[39mtests/organizations/error-handling.spec.ts:15:23 {
  name: [32m'Error'[39m,
  [[32mSymbol(step)[39m]: {
    stepId: [32m'pw:api@12'[39m,
    location: {
      file: [32m'/mnt/r/Projects/ForkFlow-crm/tests/helpers/testUtils.ts'[39m,
      line: [33m51[39m,
      column: [33m30[39m,
      function: [32m'TestUtils.isLoggedIn'[39m
    },
    category: [32m'pw:api'[39m,
    title: [32m'Evaluate'[39m,
    apiName: [32m'page.evaluate'[39m,
    params: {
      expression: [32m'() => {\n'[39m +
        [32m"        const hasAuth = !!localStorage.getItem('auth') || !!localStorage.getItem('user');\n"[39m +
        [32m"        const isTestMode = localStorage.getItem('test-mode') === 'true';\n"[39m +
        [32m'        return hasAuth || isTestMode;\n'[39m +
        [32m'      }'[39m,
      isFunction: [33mtrue[39m,
      arg: [36m[Object][39m
    },
    boxedStack: [90mundefined[39m,
    steps: [],
    attachmentIndices: [],
    info: TestStepInfoImpl {
      annotations: [],
      _testInfo: [36m[TestInfoImpl][39m,
      _stepId: [32m'pw:api@12'[39m
    },
    complete: [36m[Function: complete][39m,
    endWallTime: [33m1751168860065[39m,
    error: {
      message: [32m'Error: page.evaluate: The operation is insecure.\n'[39m +
        [32m'@debugger eval code line 291 > eval:2:26\n'[39m +
        [32m'evaluate@debugger eval code:293:16\n'[39m +
        [32m'@debugger eval code:1:44\n'[39m,
      stack: [32m'Error: page.evaluate: The operation is insecure.\n'[39m +
        [32m'@debugger eval code line 291 > eval:2:26\n'[39m +
        [32m'evaluate@debugger eval code:293:16\n'[39m +
        [32m'@debugger eval code:1:44\n'[39m +
        [32m'\n'[39m +
        [32m'    at @debugger eval code line 291 > eval:2:26\n'[39m +
        [32m'    at evaluate@debugger eval code:293:16\n'[39m +
        [32m'    at @debugger eval code:1:44\n'[39m +
        [32m'    at TestUtils.isLoggedIn (/mnt/r/Projects/ForkFlow-crm/tests/helpers/testUtils.ts:51:30)\n'[39m +
        [32m'    at /mnt/r/Projects/ForkFlow-crm/tests/organizations/error-handling.spec.ts:15:23'[39m,
      cause: [90mundefined[39m
    }
  }
}
]]>
</system-err>
</testcase>
<testcase name="Organization Error Handling and Edge Cases › GPS and Geolocation Edge Cases › should handle GPS timeout" classname="organizations/error-handling.spec.ts" time="3.314">
<failure message="error-handling.spec.ts:353:5 should handle GPS timeout" type="FAILURE">
<![CDATA[  [firefox] › organizations/error-handling.spec.ts:353:5 › Organization Error Handling and Edge Cases › GPS and Geolocation Edge Cases › should handle GPS timeout 

    Error: page.evaluate: The operation is insecure.
    @debugger eval code line 291 > eval:1:7
    evaluate@debugger eval code:293:16
    @debugger eval code:1:44

        at @debugger eval code line 291 > eval:1:7
        at evaluate@debugger eval code:293:16
        at @debugger eval code:1:44
        at TestUtils.login (/mnt/r/Projects/ForkFlow-crm/tests/helpers/testUtils.ts:9:38)
        at /mnt/r/Projects/ForkFlow-crm/tests/organizations/error-handling.spec.ts:16:19

    attachment #1: screenshot (image/png) ──────────────────────────────────────────────────────────
    test-results/organizations-error-handli-88966-s-should-handle-GPS-timeout-firefox/test-failed-1.png
    ────────────────────────────────────────────────────────────────────────────────────────────────

    attachment #2: video (video/webm) ──────────────────────────────────────────────────────────────
    test-results/organizations-error-handli-88966-s-should-handle-GPS-timeout-firefox/video.webm
    ────────────────────────────────────────────────────────────────────────────────────────────────
]]>
</failure>
<system-out>
<![CDATA[
[[ATTACHMENT|organizations-error-handli-88966-s-should-handle-GPS-timeout-firefox/test-failed-1.png]]

[[ATTACHMENT|organizations-error-handli-88966-s-should-handle-GPS-timeout-firefox/video.webm]]
]]>
</system-out>
<system-err>
<![CDATA[Error accessing localStorage: page.evaluate: The operation is insecure.
@debugger eval code line 291 > eval:2:26
evaluate@debugger eval code:293:16
@debugger eval code:1:44

    at TestUtils.isLoggedIn [90m(/mnt/r/Projects/ForkFlow-crm/[39mtests/helpers/testUtils.ts:51:30[90m)[39m
    at [90m/mnt/r/Projects/ForkFlow-crm/[39mtests/organizations/error-handling.spec.ts:15:23 {
  name: [32m'Error'[39m,
  [[32mSymbol(step)[39m]: {
    stepId: [32m'pw:api@12'[39m,
    location: {
      file: [32m'/mnt/r/Projects/ForkFlow-crm/tests/helpers/testUtils.ts'[39m,
      line: [33m51[39m,
      column: [33m30[39m,
      function: [32m'TestUtils.isLoggedIn'[39m
    },
    category: [32m'pw:api'[39m,
    title: [32m'Evaluate'[39m,
    apiName: [32m'page.evaluate'[39m,
    params: {
      expression: [32m'() => {\n'[39m +
        [32m"        const hasAuth = !!localStorage.getItem('auth') || !!localStorage.getItem('user');\n"[39m +
        [32m"        const isTestMode = localStorage.getItem('test-mode') === 'true';\n"[39m +
        [32m'        return hasAuth || isTestMode;\n'[39m +
        [32m'      }'[39m,
      isFunction: [33mtrue[39m,
      arg: [36m[Object][39m
    },
    boxedStack: [90mundefined[39m,
    steps: [],
    attachmentIndices: [],
    info: TestStepInfoImpl {
      annotations: [],
      _testInfo: [36m[TestInfoImpl][39m,
      _stepId: [32m'pw:api@12'[39m
    },
    complete: [36m[Function: complete][39m,
    endWallTime: [33m1751168871467[39m,
    error: {
      message: [32m'Error: page.evaluate: The operation is insecure.\n'[39m +
        [32m'@debugger eval code line 291 > eval:2:26\n'[39m +
        [32m'evaluate@debugger eval code:293:16\n'[39m +
        [32m'@debugger eval code:1:44\n'[39m,
      stack: [32m'Error: page.evaluate: The operation is insecure.\n'[39m +
        [32m'@debugger eval code line 291 > eval:2:26\n'[39m +
        [32m'evaluate@debugger eval code:293:16\n'[39m +
        [32m'@debugger eval code:1:44\n'[39m +
        [32m'\n'[39m +
        [32m'    at @debugger eval code line 291 > eval:2:26\n'[39m +
        [32m'    at evaluate@debugger eval code:293:16\n'[39m +
        [32m'    at @debugger eval code:1:44\n'[39m +
        [32m'    at TestUtils.isLoggedIn (/mnt/r/Projects/ForkFlow-crm/tests/helpers/testUtils.ts:51:30)\n'[39m +
        [32m'    at /mnt/r/Projects/ForkFlow-crm/tests/organizations/error-handling.spec.ts:15:23'[39m,
      cause: [90mundefined[39m
    }
  }
}
]]>
</system-err>
</testcase>
<testcase name="Organization Error Handling and Edge Cases › GPS and Geolocation Edge Cases › should handle invalid GPS coordinates" classname="organizations/error-handling.spec.ts" time="3.51">
<failure message="error-handling.spec.ts:378:5 should handle invalid GPS coordinates" type="FAILURE">
<![CDATA[  [firefox] › organizations/error-handling.spec.ts:378:5 › Organization Error Handling and Edge Cases › GPS and Geolocation Edge Cases › should handle invalid GPS coordinates 

    Error: page.evaluate: The operation is insecure.
    @debugger eval code line 291 > eval:1:7
    evaluate@debugger eval code:293:16
    @debugger eval code:1:44

        at @debugger eval code line 291 > eval:1:7
        at evaluate@debugger eval code:293:16
        at @debugger eval code:1:44
        at TestUtils.login (/mnt/r/Projects/ForkFlow-crm/tests/helpers/testUtils.ts:9:38)
        at /mnt/r/Projects/ForkFlow-crm/tests/organizations/error-handling.spec.ts:16:19

    attachment #1: screenshot (image/png) ──────────────────────────────────────────────────────────
    test-results/organizations-error-handli-ffd61-dle-invalid-GPS-coordinates-firefox/test-failed-1.png
    ────────────────────────────────────────────────────────────────────────────────────────────────

    attachment #2: video (video/webm) ──────────────────────────────────────────────────────────────
    test-results/organizations-error-handli-ffd61-dle-invalid-GPS-coordinates-firefox/video.webm
    ────────────────────────────────────────────────────────────────────────────────────────────────
]]>
</failure>
<system-out>
<![CDATA[
[[ATTACHMENT|organizations-error-handli-ffd61-dle-invalid-GPS-coordinates-firefox/test-failed-1.png]]

[[ATTACHMENT|organizations-error-handli-ffd61-dle-invalid-GPS-coordinates-firefox/video.webm]]
]]>
</system-out>
<system-err>
<![CDATA[Error accessing localStorage: page.evaluate: The operation is insecure.
@debugger eval code line 291 > eval:2:26
evaluate@debugger eval code:293:16
@debugger eval code:1:44

    at TestUtils.isLoggedIn [90m(/mnt/r/Projects/ForkFlow-crm/[39mtests/helpers/testUtils.ts:51:30[90m)[39m
    at [90m/mnt/r/Projects/ForkFlow-crm/[39mtests/organizations/error-handling.spec.ts:15:23 {
  name: [32m'Error'[39m,
  [[32mSymbol(step)[39m]: {
    stepId: [32m'pw:api@12'[39m,
    location: {
      file: [32m'/mnt/r/Projects/ForkFlow-crm/tests/helpers/testUtils.ts'[39m,
      line: [33m51[39m,
      column: [33m30[39m,
      function: [32m'TestUtils.isLoggedIn'[39m
    },
    category: [32m'pw:api'[39m,
    title: [32m'Evaluate'[39m,
    apiName: [32m'page.evaluate'[39m,
    params: {
      expression: [32m'() => {\n'[39m +
        [32m"        const hasAuth = !!localStorage.getItem('auth') || !!localStorage.getItem('user');\n"[39m +
        [32m"        const isTestMode = localStorage.getItem('test-mode') === 'true';\n"[39m +
        [32m'        return hasAuth || isTestMode;\n'[39m +
        [32m'      }'[39m,
      isFunction: [33mtrue[39m,
      arg: [36m[Object][39m
    },
    boxedStack: [90mundefined[39m,
    steps: [],
    attachmentIndices: [],
    info: TestStepInfoImpl {
      annotations: [],
      _testInfo: [36m[TestInfoImpl][39m,
      _stepId: [32m'pw:api@12'[39m
    },
    complete: [36m[Function: complete][39m,
    endWallTime: [33m1751168882389[39m,
    error: {
      message: [32m'Error: page.evaluate: The operation is insecure.\n'[39m +
        [32m'@debugger eval code line 291 > eval:2:26\n'[39m +
        [32m'evaluate@debugger eval code:293:16\n'[39m +
        [32m'@debugger eval code:1:44\n'[39m,
      stack: [32m'Error: page.evaluate: The operation is insecure.\n'[39m +
        [32m'@debugger eval code line 291 > eval:2:26\n'[39m +
        [32m'evaluate@debugger eval code:293:16\n'[39m +
        [32m'@debugger eval code:1:44\n'[39m +
        [32m'\n'[39m +
        [32m'    at @debugger eval code line 291 > eval:2:26\n'[39m +
        [32m'    at evaluate@debugger eval code:293:16\n'[39m +
        [32m'    at @debugger eval code:1:44\n'[39m +
        [32m'    at TestUtils.isLoggedIn (/mnt/r/Projects/ForkFlow-crm/tests/helpers/testUtils.ts:51:30)\n'[39m +
        [32m'    at /mnt/r/Projects/ForkFlow-crm/tests/organizations/error-handling.spec.ts:15:23'[39m,
      cause: [90mundefined[39m
    }
  }
}
]]>
</system-err>
</testcase>
<testcase name="Organization Error Handling and Edge Cases › Form State Edge Cases › should handle browser back/forward during form submission" classname="organizations/error-handling.spec.ts" time="3.378">
<failure message="error-handling.spec.ts:408:5 should handle browser back/forward during form submission" type="FAILURE">
<![CDATA[  [firefox] › organizations/error-handling.spec.ts:408:5 › Organization Error Handling and Edge Cases › Form State Edge Cases › should handle browser back/forward during form submission 

    Error: page.evaluate: The operation is insecure.
    @debugger eval code line 291 > eval:1:7
    evaluate@debugger eval code:293:16
    @debugger eval code:1:44

        at @debugger eval code line 291 > eval:1:7
        at evaluate@debugger eval code:293:16
        at @debugger eval code:1:44
        at TestUtils.login (/mnt/r/Projects/ForkFlow-crm/tests/helpers/testUtils.ts:9:38)
        at /mnt/r/Projects/ForkFlow-crm/tests/organizations/error-handling.spec.ts:16:19

    attachment #1: screenshot (image/png) ──────────────────────────────────────────────────────────
    test-results/organizations-error-handli-86fda-ward-during-form-submission-firefox/test-failed-1.png
    ────────────────────────────────────────────────────────────────────────────────────────────────

    attachment #2: video (video/webm) ──────────────────────────────────────────────────────────────
    test-results/organizations-error-handli-86fda-ward-during-form-submission-firefox/video.webm
    ────────────────────────────────────────────────────────────────────────────────────────────────
]]>
</failure>
<system-out>
<![CDATA[
[[ATTACHMENT|organizations-error-handli-86fda-ward-during-form-submission-firefox/test-failed-1.png]]

[[ATTACHMENT|organizations-error-handli-86fda-ward-during-form-submission-firefox/video.webm]]
]]>
</system-out>
<system-err>
<![CDATA[Error accessing localStorage: page.evaluate: The operation is insecure.
@debugger eval code line 291 > eval:2:26
evaluate@debugger eval code:293:16
@debugger eval code:1:44

    at TestUtils.isLoggedIn [90m(/mnt/r/Projects/ForkFlow-crm/[39mtests/helpers/testUtils.ts:51:30[90m)[39m
    at [90m/mnt/r/Projects/ForkFlow-crm/[39mtests/organizations/error-handling.spec.ts:15:23 {
  name: [32m'Error'[39m,
  [[32mSymbol(step)[39m]: {
    stepId: [32m'pw:api@12'[39m,
    location: {
      file: [32m'/mnt/r/Projects/ForkFlow-crm/tests/helpers/testUtils.ts'[39m,
      line: [33m51[39m,
      column: [33m30[39m,
      function: [32m'TestUtils.isLoggedIn'[39m
    },
    category: [32m'pw:api'[39m,
    title: [32m'Evaluate'[39m,
    apiName: [32m'page.evaluate'[39m,
    params: {
      expression: [32m'() => {\n'[39m +
        [32m"        const hasAuth = !!localStorage.getItem('auth') || !!localStorage.getItem('user');\n"[39m +
        [32m"        const isTestMode = localStorage.getItem('test-mode') === 'true';\n"[39m +
        [32m'        return hasAuth || isTestMode;\n'[39m +
        [32m'      }'[39m,
      isFunction: [33mtrue[39m,
      arg: [36m[Object][39m
    },
    boxedStack: [90mundefined[39m,
    steps: [],
    attachmentIndices: [],
    info: TestStepInfoImpl {
      annotations: [],
      _testInfo: [36m[TestInfoImpl][39m,
      _stepId: [32m'pw:api@12'[39m
    },
    complete: [36m[Function: complete][39m,
    endWallTime: [33m1751168892691[39m,
    error: {
      message: [32m'Error: page.evaluate: The operation is insecure.\n'[39m +
        [32m'@debugger eval code line 291 > eval:2:26\n'[39m +
        [32m'evaluate@debugger eval code:293:16\n'[39m +
        [32m'@debugger eval code:1:44\n'[39m,
      stack: [32m'Error: page.evaluate: The operation is insecure.\n'[39m +
        [32m'@debugger eval code line 291 > eval:2:26\n'[39m +
        [32m'evaluate@debugger eval code:293:16\n'[39m +
        [32m'@debugger eval code:1:44\n'[39m +
        [32m'\n'[39m +
        [32m'    at @debugger eval code line 291 > eval:2:26\n'[39m +
        [32m'    at evaluate@debugger eval code:293:16\n'[39m +
        [32m'    at @debugger eval code:1:44\n'[39m +
        [32m'    at TestUtils.isLoggedIn (/mnt/r/Projects/ForkFlow-crm/tests/helpers/testUtils.ts:51:30)\n'[39m +
        [32m'    at /mnt/r/Projects/ForkFlow-crm/tests/organizations/error-handling.spec.ts:15:23'[39m,
      cause: [90mundefined[39m
    }
  }
}
]]>
</system-err>
</testcase>
<testcase name="Organization Error Handling and Edge Cases › Form State Edge Cases › should handle page refresh during form submission" classname="organizations/error-handling.spec.ts" time="3.094">
<failure message="error-handling.spec.ts:422:5 should handle page refresh during form submission" type="FAILURE">
<![CDATA[  [firefox] › organizations/error-handling.spec.ts:422:5 › Organization Error Handling and Edge Cases › Form State Edge Cases › should handle page refresh during form submission 

    Error: page.evaluate: The operation is insecure.
    @debugger eval code line 291 > eval:1:7
    evaluate@debugger eval code:293:16
    @debugger eval code:1:44

        at @debugger eval code line 291 > eval:1:7
        at evaluate@debugger eval code:293:16
        at @debugger eval code:1:44
        at TestUtils.login (/mnt/r/Projects/ForkFlow-crm/tests/helpers/testUtils.ts:9:38)
        at /mnt/r/Projects/ForkFlow-crm/tests/organizations/error-handling.spec.ts:16:19

    attachment #1: screenshot (image/png) ──────────────────────────────────────────────────────────
    test-results/organizations-error-handli-07ef0-resh-during-form-submission-firefox/test-failed-1.png
    ────────────────────────────────────────────────────────────────────────────────────────────────

    attachment #2: video (video/webm) ──────────────────────────────────────────────────────────────
    test-results/organizations-error-handli-07ef0-resh-during-form-submission-firefox/video.webm
    ────────────────────────────────────────────────────────────────────────────────────────────────
]]>
</failure>
<system-out>
<![CDATA[
[[ATTACHMENT|organizations-error-handli-07ef0-resh-during-form-submission-firefox/test-failed-1.png]]

[[ATTACHMENT|organizations-error-handli-07ef0-resh-during-form-submission-firefox/video.webm]]
]]>
</system-out>
<system-err>
<![CDATA[Error accessing localStorage: page.evaluate: The operation is insecure.
@debugger eval code line 291 > eval:2:26
evaluate@debugger eval code:293:16
@debugger eval code:1:44

    at TestUtils.isLoggedIn [90m(/mnt/r/Projects/ForkFlow-crm/[39mtests/helpers/testUtils.ts:51:30[90m)[39m
    at [90m/mnt/r/Projects/ForkFlow-crm/[39mtests/organizations/error-handling.spec.ts:15:23 {
  name: [32m'Error'[39m,
  [[32mSymbol(step)[39m]: {
    stepId: [32m'pw:api@12'[39m,
    location: {
      file: [32m'/mnt/r/Projects/ForkFlow-crm/tests/helpers/testUtils.ts'[39m,
      line: [33m51[39m,
      column: [33m30[39m,
      function: [32m'TestUtils.isLoggedIn'[39m
    },
    category: [32m'pw:api'[39m,
    title: [32m'Evaluate'[39m,
    apiName: [32m'page.evaluate'[39m,
    params: {
      expression: [32m'() => {\n'[39m +
        [32m"        const hasAuth = !!localStorage.getItem('auth') || !!localStorage.getItem('user');\n"[39m +
        [32m"        const isTestMode = localStorage.getItem('test-mode') === 'true';\n"[39m +
        [32m'        return hasAuth || isTestMode;\n'[39m +
        [32m'      }'[39m,
      isFunction: [33mtrue[39m,
      arg: [36m[Object][39m
    },
    boxedStack: [90mundefined[39m,
    steps: [],
    attachmentIndices: [],
    info: TestStepInfoImpl {
      annotations: [],
      _testInfo: [36m[TestInfoImpl][39m,
      _stepId: [32m'pw:api@12'[39m
    },
    complete: [36m[Function: complete][39m,
    endWallTime: [33m1751168904855[39m,
    error: {
      message: [32m'Error: page.evaluate: The operation is insecure.\n'[39m +
        [32m'@debugger eval code line 291 > eval:2:26\n'[39m +
        [32m'evaluate@debugger eval code:293:16\n'[39m +
        [32m'@debugger eval code:1:44\n'[39m,
      stack: [32m'Error: page.evaluate: The operation is insecure.\n'[39m +
        [32m'@debugger eval code line 291 > eval:2:26\n'[39m +
        [32m'evaluate@debugger eval code:293:16\n'[39m +
        [32m'@debugger eval code:1:44\n'[39m +
        [32m'\n'[39m +
        [32m'    at @debugger eval code line 291 > eval:2:26\n'[39m +
        [32m'    at evaluate@debugger eval code:293:16\n'[39m +
        [32m'    at @debugger eval code:1:44\n'[39m +
        [32m'    at TestUtils.isLoggedIn (/mnt/r/Projects/ForkFlow-crm/tests/helpers/testUtils.ts:51:30)\n'[39m +
        [32m'    at /mnt/r/Projects/ForkFlow-crm/tests/organizations/error-handling.spec.ts:15:23'[39m,
      cause: [90mundefined[39m
    }
  }
}
]]>
</system-err>
</testcase>
<testcase name="Organization Error Handling and Edge Cases › Form State Edge Cases › should handle browser tab close during form editing" classname="organizations/error-handling.spec.ts" time="3.795">
<failure message="error-handling.spec.ts:441:5 should handle browser tab close during form editing" type="FAILURE">
<![CDATA[  [firefox] › organizations/error-handling.spec.ts:441:5 › Organization Error Handling and Edge Cases › Form State Edge Cases › should handle browser tab close during form editing 

    Error: page.evaluate: The operation is insecure.
    @debugger eval code line 291 > eval:1:7
    evaluate@debugger eval code:293:16
    @debugger eval code:1:44

        at @debugger eval code line 291 > eval:1:7
        at evaluate@debugger eval code:293:16
        at @debugger eval code:1:44
        at TestUtils.login (/mnt/r/Projects/ForkFlow-crm/tests/helpers/testUtils.ts:9:38)
        at /mnt/r/Projects/ForkFlow-crm/tests/organizations/error-handling.spec.ts:16:19

    attachment #1: screenshot (image/png) ──────────────────────────────────────────────────────────
    test-results/organizations-error-handli-50a78-b-close-during-form-editing-firefox/test-failed-1.png
    ────────────────────────────────────────────────────────────────────────────────────────────────

    attachment #2: video (video/webm) ──────────────────────────────────────────────────────────────
    test-results/organizations-error-handli-50a78-b-close-during-form-editing-firefox/video.webm
    ────────────────────────────────────────────────────────────────────────────────────────────────
]]>
</failure>
<system-out>
<![CDATA[
[[ATTACHMENT|organizations-error-handli-50a78-b-close-during-form-editing-firefox/test-failed-1.png]]

[[ATTACHMENT|organizations-error-handli-50a78-b-close-during-form-editing-firefox/video.webm]]
]]>
</system-out>
<system-err>
<![CDATA[Error accessing localStorage: page.evaluate: The operation is insecure.
@debugger eval code line 291 > eval:2:26
evaluate@debugger eval code:293:16
@debugger eval code:1:44

    at TestUtils.isLoggedIn [90m(/mnt/r/Projects/ForkFlow-crm/[39mtests/helpers/testUtils.ts:51:30[90m)[39m
    at [90m/mnt/r/Projects/ForkFlow-crm/[39mtests/organizations/error-handling.spec.ts:15:23 {
  name: [32m'Error'[39m,
  [[32mSymbol(step)[39m]: {
    stepId: [32m'pw:api@12'[39m,
    location: {
      file: [32m'/mnt/r/Projects/ForkFlow-crm/tests/helpers/testUtils.ts'[39m,
      line: [33m51[39m,
      column: [33m30[39m,
      function: [32m'TestUtils.isLoggedIn'[39m
    },
    category: [32m'pw:api'[39m,
    title: [32m'Evaluate'[39m,
    apiName: [32m'page.evaluate'[39m,
    params: {
      expression: [32m'() => {\n'[39m +
        [32m"        const hasAuth = !!localStorage.getItem('auth') || !!localStorage.getItem('user');\n"[39m +
        [32m"        const isTestMode = localStorage.getItem('test-mode') === 'true';\n"[39m +
        [32m'        return hasAuth || isTestMode;\n'[39m +
        [32m'      }'[39m,
      isFunction: [33mtrue[39m,
      arg: [36m[Object][39m
    },
    boxedStack: [90mundefined[39m,
    steps: [],
    attachmentIndices: [],
    info: TestStepInfoImpl {
      annotations: [],
      _testInfo: [36m[TestInfoImpl][39m,
      _stepId: [32m'pw:api@12'[39m
    },
    complete: [36m[Function: complete][39m,
    endWallTime: [33m1751168916686[39m,
    error: {
      message: [32m'Error: page.evaluate: The operation is insecure.\n'[39m +
        [32m'@debugger eval code line 291 > eval:2:26\n'[39m +
        [32m'evaluate@debugger eval code:293:16\n'[39m +
        [32m'@debugger eval code:1:44\n'[39m,
      stack: [32m'Error: page.evaluate: The operation is insecure.\n'[39m +
        [32m'@debugger eval code line 291 > eval:2:26\n'[39m +
        [32m'evaluate@debugger eval code:293:16\n'[39m +
        [32m'@debugger eval code:1:44\n'[39m +
        [32m'\n'[39m +
        [32m'    at @debugger eval code line 291 > eval:2:26\n'[39m +
        [32m'    at evaluate@debugger eval code:293:16\n'[39m +
        [32m'    at @debugger eval code:1:44\n'[39m +
        [32m'    at TestUtils.isLoggedIn (/mnt/r/Projects/ForkFlow-crm/tests/helpers/testUtils.ts:51:30)\n'[39m +
        [32m'    at /mnt/r/Projects/ForkFlow-crm/tests/organizations/error-handling.spec.ts:15:23'[39m,
      cause: [90mundefined[39m
    }
  }
}
]]>
</system-err>
</testcase>
<testcase name="Organization Error Handling and Edge Cases › Data Integrity Edge Cases › should handle duplicate organization names" classname="organizations/error-handling.spec.ts" time="3.633">
<failure message="error-handling.spec.ts:458:5 should handle duplicate organization names" type="FAILURE">
<![CDATA[  [firefox] › organizations/error-handling.spec.ts:458:5 › Organization Error Handling and Edge Cases › Data Integrity Edge Cases › should handle duplicate organization names 

    Error: page.evaluate: The operation is insecure.
    @debugger eval code line 291 > eval:1:7
    evaluate@debugger eval code:293:16
    @debugger eval code:1:44

        at @debugger eval code line 291 > eval:1:7
        at evaluate@debugger eval code:293:16
        at @debugger eval code:1:44
        at TestUtils.login (/mnt/r/Projects/ForkFlow-crm/tests/helpers/testUtils.ts:9:38)
        at /mnt/r/Projects/ForkFlow-crm/tests/organizations/error-handling.spec.ts:16:19

    attachment #1: screenshot (image/png) ──────────────────────────────────────────────────────────
    test-results/organizations-error-handli-6c1c9-uplicate-organization-names-firefox/test-failed-1.png
    ────────────────────────────────────────────────────────────────────────────────────────────────

    attachment #2: video (video/webm) ──────────────────────────────────────────────────────────────
    test-results/organizations-error-handli-6c1c9-uplicate-organization-names-firefox/video.webm
    ────────────────────────────────────────────────────────────────────────────────────────────────
]]>
</failure>
<system-out>
<![CDATA[
[[ATTACHMENT|organizations-error-handli-6c1c9-uplicate-organization-names-firefox/test-failed-1.png]]

[[ATTACHMENT|organizations-error-handli-6c1c9-uplicate-organization-names-firefox/video.webm]]
]]>
</system-out>
<system-err>
<![CDATA[Error accessing localStorage: page.evaluate: The operation is insecure.
@debugger eval code line 291 > eval:2:26
evaluate@debugger eval code:293:16
@debugger eval code:1:44

    at TestUtils.isLoggedIn [90m(/mnt/r/Projects/ForkFlow-crm/[39mtests/helpers/testUtils.ts:51:30[90m)[39m
    at [90m/mnt/r/Projects/ForkFlow-crm/[39mtests/organizations/error-handling.spec.ts:15:23 {
  name: [32m'Error'[39m,
  [[32mSymbol(step)[39m]: {
    stepId: [32m'pw:api@12'[39m,
    location: {
      file: [32m'/mnt/r/Projects/ForkFlow-crm/tests/helpers/testUtils.ts'[39m,
      line: [33m51[39m,
      column: [33m30[39m,
      function: [32m'TestUtils.isLoggedIn'[39m
    },
    category: [32m'pw:api'[39m,
    title: [32m'Evaluate'[39m,
    apiName: [32m'page.evaluate'[39m,
    params: {
      expression: [32m'() => {\n'[39m +
        [32m"        const hasAuth = !!localStorage.getItem('auth') || !!localStorage.getItem('user');\n"[39m +
        [32m"        const isTestMode = localStorage.getItem('test-mode') === 'true';\n"[39m +
        [32m'        return hasAuth || isTestMode;\n'[39m +
        [32m'      }'[39m,
      isFunction: [33mtrue[39m,
      arg: [36m[Object][39m
    },
    boxedStack: [90mundefined[39m,
    steps: [],
    attachmentIndices: [],
    info: TestStepInfoImpl {
      annotations: [],
      _testInfo: [36m[TestInfoImpl][39m,
      _stepId: [32m'pw:api@12'[39m
    },
    complete: [36m[Function: complete][39m,
    endWallTime: [33m1751168928415[39m,
    error: {
      message: [32m'Error: page.evaluate: The operation is insecure.\n'[39m +
        [32m'@debugger eval code line 291 > eval:2:26\n'[39m +
        [32m'evaluate@debugger eval code:293:16\n'[39m +
        [32m'@debugger eval code:1:44\n'[39m,
      stack: [32m'Error: page.evaluate: The operation is insecure.\n'[39m +
        [32m'@debugger eval code line 291 > eval:2:26\n'[39m +
        [32m'evaluate@debugger eval code:293:16\n'[39m +
        [32m'@debugger eval code:1:44\n'[39m +
        [32m'\n'[39m +
        [32m'    at @debugger eval code line 291 > eval:2:26\n'[39m +
        [32m'    at evaluate@debugger eval code:293:16\n'[39m +
        [32m'    at @debugger eval code:1:44\n'[39m +
        [32m'    at TestUtils.isLoggedIn (/mnt/r/Projects/ForkFlow-crm/tests/helpers/testUtils.ts:51:30)\n'[39m +
        [32m'    at /mnt/r/Projects/ForkFlow-crm/tests/organizations/error-handling.spec.ts:15:23'[39m,
      cause: [90mundefined[39m
    }
  }
}
]]>
</system-err>
</testcase>
<testcase name="Organization Error Handling and Edge Cases › Data Integrity Edge Cases › should handle orphaned data cleanup" classname="organizations/error-handling.spec.ts" time="3.324">
<failure message="error-handling.spec.ts:482:5 should handle orphaned data cleanup" type="FAILURE">
<![CDATA[  [firefox] › organizations/error-handling.spec.ts:482:5 › Organization Error Handling and Edge Cases › Data Integrity Edge Cases › should handle orphaned data cleanup 

    Error: page.evaluate: The operation is insecure.
    @debugger eval code line 291 > eval:1:7
    evaluate@debugger eval code:293:16
    @debugger eval code:1:44

        at @debugger eval code line 291 > eval:1:7
        at evaluate@debugger eval code:293:16
        at @debugger eval code:1:44
        at TestUtils.login (/mnt/r/Projects/ForkFlow-crm/tests/helpers/testUtils.ts:9:38)
        at /mnt/r/Projects/ForkFlow-crm/tests/organizations/error-handling.spec.ts:16:19

    attachment #1: screenshot (image/png) ──────────────────────────────────────────────────────────
    test-results/organizations-error-handli-9c2f5-andle-orphaned-data-cleanup-firefox/test-failed-1.png
    ────────────────────────────────────────────────────────────────────────────────────────────────

    attachment #2: video (video/webm) ──────────────────────────────────────────────────────────────
    test-results/organizations-error-handli-9c2f5-andle-orphaned-data-cleanup-firefox/video.webm
    ────────────────────────────────────────────────────────────────────────────────────────────────
]]>
</failure>
<system-out>
<![CDATA[
[[ATTACHMENT|organizations-error-handli-9c2f5-andle-orphaned-data-cleanup-firefox/test-failed-1.png]]

[[ATTACHMENT|organizations-error-handli-9c2f5-andle-orphaned-data-cleanup-firefox/video.webm]]
]]>
</system-out>
<system-err>
<![CDATA[Error accessing localStorage: page.evaluate: The operation is insecure.
@debugger eval code line 291 > eval:2:26
evaluate@debugger eval code:293:16
@debugger eval code:1:44

    at TestUtils.isLoggedIn [90m(/mnt/r/Projects/ForkFlow-crm/[39mtests/helpers/testUtils.ts:51:30[90m)[39m
    at [90m/mnt/r/Projects/ForkFlow-crm/[39mtests/organizations/error-handling.spec.ts:15:23 {
  name: [32m'Error'[39m,
  [[32mSymbol(step)[39m]: {
    stepId: [32m'pw:api@12'[39m,
    location: {
      file: [32m'/mnt/r/Projects/ForkFlow-crm/tests/helpers/testUtils.ts'[39m,
      line: [33m51[39m,
      column: [33m30[39m,
      function: [32m'TestUtils.isLoggedIn'[39m
    },
    category: [32m'pw:api'[39m,
    title: [32m'Evaluate'[39m,
    apiName: [32m'page.evaluate'[39m,
    params: {
      expression: [32m'() => {\n'[39m +
        [32m"        const hasAuth = !!localStorage.getItem('auth') || !!localStorage.getItem('user');\n"[39m +
        [32m"        const isTestMode = localStorage.getItem('test-mode') === 'true';\n"[39m +
        [32m'        return hasAuth || isTestMode;\n'[39m +
        [32m'      }'[39m,
      isFunction: [33mtrue[39m,
      arg: [36m[Object][39m
    },
    boxedStack: [90mundefined[39m,
    steps: [],
    attachmentIndices: [],
    info: TestStepInfoImpl {
      annotations: [],
      _testInfo: [36m[TestInfoImpl][39m,
      _stepId: [32m'pw:api@12'[39m
    },
    complete: [36m[Function: complete][39m,
    endWallTime: [33m1751168939699[39m,
    error: {
      message: [32m'Error: page.evaluate: The operation is insecure.\n'[39m +
        [32m'@debugger eval code line 291 > eval:2:26\n'[39m +
        [32m'evaluate@debugger eval code:293:16\n'[39m +
        [32m'@debugger eval code:1:44\n'[39m,
      stack: [32m'Error: page.evaluate: The operation is insecure.\n'[39m +
        [32m'@debugger eval code line 291 > eval:2:26\n'[39m +
        [32m'evaluate@debugger eval code:293:16\n'[39m +
        [32m'@debugger eval code:1:44\n'[39m +
        [32m'\n'[39m +
        [32m'    at @debugger eval code line 291 > eval:2:26\n'[39m +
        [32m'    at evaluate@debugger eval code:293:16\n'[39m +
        [32m'    at @debugger eval code:1:44\n'[39m +
        [32m'    at TestUtils.isLoggedIn (/mnt/r/Projects/ForkFlow-crm/tests/helpers/testUtils.ts:51:30)\n'[39m +
        [32m'    at /mnt/r/Projects/ForkFlow-crm/tests/organizations/error-handling.spec.ts:15:23'[39m,
      cause: [90mundefined[39m
    }
  }
}
]]>
</system-err>
</testcase>
</testsuite>
<testsuite name="organizations/form-validation.spec.ts" timestamp="2025-06-29T03:15:12.290Z" hostname="firefox" tests="23" failures="23" skipped="0" time="78.966" errors="0">
<testcase name="Organization Form Validation › Required Field Validation › should require organization name" classname="organizations/form-validation.spec.ts" time="3.437">
<failure message="form-validation.spec.ts:22:5 should require organization name" type="FAILURE">
<![CDATA[  [firefox] › organizations/form-validation.spec.ts:22:5 › Organization Form Validation › Required Field Validation › should require organization name 

    Error: page.evaluate: The operation is insecure.
    @debugger eval code line 291 > eval:1:7
    evaluate@debugger eval code:293:16
    @debugger eval code:1:44

        at @debugger eval code line 291 > eval:1:7
        at evaluate@debugger eval code:293:16
        at @debugger eval code:1:44
        at TestUtils.login (/mnt/r/Projects/ForkFlow-crm/tests/helpers/testUtils.ts:9:38)
        at /mnt/r/Projects/ForkFlow-crm/tests/organizations/form-validation.spec.ts:15:19

    attachment #1: screenshot (image/png) ──────────────────────────────────────────────────────────
    test-results/organizations-form-validat-c4ed1-d-require-organization-name-firefox/test-failed-1.png
    ────────────────────────────────────────────────────────────────────────────────────────────────

    attachment #2: video (video/webm) ──────────────────────────────────────────────────────────────
    test-results/organizations-form-validat-c4ed1-d-require-organization-name-firefox/video.webm
    ────────────────────────────────────────────────────────────────────────────────────────────────
]]>
</failure>
<system-out>
<![CDATA[
[[ATTACHMENT|organizations-form-validat-c4ed1-d-require-organization-name-firefox/test-failed-1.png]]

[[ATTACHMENT|organizations-form-validat-c4ed1-d-require-organization-name-firefox/video.webm]]
]]>
</system-out>
<system-err>
<![CDATA[Error accessing localStorage: page.evaluate: The operation is insecure.
@debugger eval code line 291 > eval:2:26
evaluate@debugger eval code:293:16
@debugger eval code:1:44

    at TestUtils.isLoggedIn [90m(/mnt/r/Projects/ForkFlow-crm/[39mtests/helpers/testUtils.ts:51:30[90m)[39m
    at [90m/mnt/r/Projects/ForkFlow-crm/[39mtests/organizations/form-validation.spec.ts:14:23 {
  name: [32m'Error'[39m,
  [[32mSymbol(step)[39m]: {
    stepId: [32m'pw:api@12'[39m,
    location: {
      file: [32m'/mnt/r/Projects/ForkFlow-crm/tests/helpers/testUtils.ts'[39m,
      line: [33m51[39m,
      column: [33m30[39m,
      function: [32m'TestUtils.isLoggedIn'[39m
    },
    category: [32m'pw:api'[39m,
    title: [32m'Evaluate'[39m,
    apiName: [32m'page.evaluate'[39m,
    params: {
      expression: [32m'() => {\n'[39m +
        [32m"        const hasAuth = !!localStorage.getItem('auth') || !!localStorage.getItem('user');\n"[39m +
        [32m"        const isTestMode = localStorage.getItem('test-mode') === 'true';\n"[39m +
        [32m'        return hasAuth || isTestMode;\n'[39m +
        [32m'      }'[39m,
      isFunction: [33mtrue[39m,
      arg: [36m[Object][39m
    },
    boxedStack: [90mundefined[39m,
    steps: [],
    attachmentIndices: [],
    info: TestStepInfoImpl {
      annotations: [],
      _testInfo: [36m[TestInfoImpl][39m,
      _stepId: [32m'pw:api@12'[39m
    },
    complete: [36m[Function: complete][39m,
    endWallTime: [33m1751168949500[39m,
    error: {
      message: [32m'Error: page.evaluate: The operation is insecure.\n'[39m +
        [32m'@debugger eval code line 291 > eval:2:26\n'[39m +
        [32m'evaluate@debugger eval code:293:16\n'[39m +
        [32m'@debugger eval code:1:44\n'[39m,
      stack: [32m'Error: page.evaluate: The operation is insecure.\n'[39m +
        [32m'@debugger eval code line 291 > eval:2:26\n'[39m +
        [32m'evaluate@debugger eval code:293:16\n'[39m +
        [32m'@debugger eval code:1:44\n'[39m +
        [32m'\n'[39m +
        [32m'    at @debugger eval code line 291 > eval:2:26\n'[39m +
        [32m'    at evaluate@debugger eval code:293:16\n'[39m +
        [32m'    at @debugger eval code:1:44\n'[39m +
        [32m'    at TestUtils.isLoggedIn (/mnt/r/Projects/ForkFlow-crm/tests/helpers/testUtils.ts:51:30)\n'[39m +
        [32m'    at /mnt/r/Projects/ForkFlow-crm/tests/organizations/form-validation.spec.ts:14:23'[39m,
      cause: [90mundefined[39m
    }
  }
}
]]>
</system-err>
</testcase>
<testcase name="Organization Form Validation › Required Field Validation › should allow minimal required fields only" classname="organizations/form-validation.spec.ts" time="3.559">
<failure message="form-validation.spec.ts:35:5 should allow minimal required fields only" type="FAILURE">
<![CDATA[  [firefox] › organizations/form-validation.spec.ts:35:5 › Organization Form Validation › Required Field Validation › should allow minimal required fields only 

    Error: page.evaluate: The operation is insecure.
    @debugger eval code line 291 > eval:1:7
    evaluate@debugger eval code:293:16
    @debugger eval code:1:44

        at @debugger eval code line 291 > eval:1:7
        at evaluate@debugger eval code:293:16
        at @debugger eval code:1:44
        at TestUtils.login (/mnt/r/Projects/ForkFlow-crm/tests/helpers/testUtils.ts:9:38)
        at /mnt/r/Projects/ForkFlow-crm/tests/organizations/form-validation.spec.ts:15:19

    attachment #1: screenshot (image/png) ──────────────────────────────────────────────────────────
    test-results/organizations-form-validat-2865f-inimal-required-fields-only-firefox/test-failed-1.png
    ────────────────────────────────────────────────────────────────────────────────────────────────

    attachment #2: video (video/webm) ──────────────────────────────────────────────────────────────
    test-results/organizations-form-validat-2865f-inimal-required-fields-only-firefox/video.webm
    ────────────────────────────────────────────────────────────────────────────────────────────────
]]>
</failure>
<system-out>
<![CDATA[
[[ATTACHMENT|organizations-form-validat-2865f-inimal-required-fields-only-firefox/test-failed-1.png]]

[[ATTACHMENT|organizations-form-validat-2865f-inimal-required-fields-only-firefox/video.webm]]
]]>
</system-out>
<system-err>
<![CDATA[Error accessing localStorage: page.evaluate: The operation is insecure.
@debugger eval code line 291 > eval:2:26
evaluate@debugger eval code:293:16
@debugger eval code:1:44

    at TestUtils.isLoggedIn [90m(/mnt/r/Projects/ForkFlow-crm/[39mtests/helpers/testUtils.ts:51:30[90m)[39m
    at [90m/mnt/r/Projects/ForkFlow-crm/[39mtests/organizations/form-validation.spec.ts:14:23 {
  name: [32m'Error'[39m,
  [[32mSymbol(step)[39m]: {
    stepId: [32m'pw:api@12'[39m,
    location: {
      file: [32m'/mnt/r/Projects/ForkFlow-crm/tests/helpers/testUtils.ts'[39m,
      line: [33m51[39m,
      column: [33m30[39m,
      function: [32m'TestUtils.isLoggedIn'[39m
    },
    category: [32m'pw:api'[39m,
    title: [32m'Evaluate'[39m,
    apiName: [32m'page.evaluate'[39m,
    params: {
      expression: [32m'() => {\n'[39m +
        [32m"        const hasAuth = !!localStorage.getItem('auth') || !!localStorage.getItem('user');\n"[39m +
        [32m"        const isTestMode = localStorage.getItem('test-mode') === 'true';\n"[39m +
        [32m'        return hasAuth || isTestMode;\n'[39m +
        [32m'      }'[39m,
      isFunction: [33mtrue[39m,
      arg: [36m[Object][39m
    },
    boxedStack: [90mundefined[39m,
    steps: [],
    attachmentIndices: [],
    info: TestStepInfoImpl {
      annotations: [],
      _testInfo: [36m[TestInfoImpl][39m,
      _stepId: [32m'pw:api@12'[39m
    },
    complete: [36m[Function: complete][39m,
    endWallTime: [33m1751168961873[39m,
    error: {
      message: [32m'Error: page.evaluate: The operation is insecure.\n'[39m +
        [32m'@debugger eval code line 291 > eval:2:26\n'[39m +
        [32m'evaluate@debugger eval code:293:16\n'[39m +
        [32m'@debugger eval code:1:44\n'[39m,
      stack: [32m'Error: page.evaluate: The operation is insecure.\n'[39m +
        [32m'@debugger eval code line 291 > eval:2:26\n'[39m +
        [32m'evaluate@debugger eval code:293:16\n'[39m +
        [32m'@debugger eval code:1:44\n'[39m +
        [32m'\n'[39m +
        [32m'    at @debugger eval code line 291 > eval:2:26\n'[39m +
        [32m'    at evaluate@debugger eval code:293:16\n'[39m +
        [32m'    at @debugger eval code:1:44\n'[39m +
        [32m'    at TestUtils.isLoggedIn (/mnt/r/Projects/ForkFlow-crm/tests/helpers/testUtils.ts:51:30)\n'[39m +
        [32m'    at /mnt/r/Projects/ForkFlow-crm/tests/organizations/form-validation.spec.ts:14:23'[39m,
      cause: [90mundefined[39m
    }
  }
}
]]>
</system-err>
</testcase>
<testcase name="Organization Form Validation › Required Field Validation › should highlight required fields on focus" classname="organizations/form-validation.spec.ts" time="3.418">
<failure message="form-validation.spec.ts:46:5 should highlight required fields on focus" type="FAILURE">
<![CDATA[  [firefox] › organizations/form-validation.spec.ts:46:5 › Organization Form Validation › Required Field Validation › should highlight required fields on focus 

    Error: page.evaluate: The operation is insecure.
    @debugger eval code line 291 > eval:1:7
    evaluate@debugger eval code:293:16
    @debugger eval code:1:44

        at @debugger eval code line 291 > eval:1:7
        at evaluate@debugger eval code:293:16
        at @debugger eval code:1:44
        at TestUtils.login (/mnt/r/Projects/ForkFlow-crm/tests/helpers/testUtils.ts:9:38)
        at /mnt/r/Projects/ForkFlow-crm/tests/organizations/form-validation.spec.ts:15:19

    attachment #1: screenshot (image/png) ──────────────────────────────────────────────────────────
    test-results/organizations-form-validat-910fe-ht-required-fields-on-focus-firefox/test-failed-1.png
    ────────────────────────────────────────────────────────────────────────────────────────────────

    attachment #2: video (video/webm) ──────────────────────────────────────────────────────────────
    test-results/organizations-form-validat-910fe-ht-required-fields-on-focus-firefox/video.webm
    ────────────────────────────────────────────────────────────────────────────────────────────────
]]>
</failure>
<system-out>
<![CDATA[
[[ATTACHMENT|organizations-form-validat-910fe-ht-required-fields-on-focus-firefox/test-failed-1.png]]

[[ATTACHMENT|organizations-form-validat-910fe-ht-required-fields-on-focus-firefox/video.webm]]
]]>
</system-out>
<system-err>
<![CDATA[Error accessing localStorage: page.evaluate: The operation is insecure.
@debugger eval code line 291 > eval:2:26
evaluate@debugger eval code:293:16
@debugger eval code:1:44

    at TestUtils.isLoggedIn [90m(/mnt/r/Projects/ForkFlow-crm/[39mtests/helpers/testUtils.ts:51:30[90m)[39m
    at [90m/mnt/r/Projects/ForkFlow-crm/[39mtests/organizations/form-validation.spec.ts:14:23 {
  name: [32m'Error'[39m,
  [[32mSymbol(step)[39m]: {
    stepId: [32m'pw:api@12'[39m,
    location: {
      file: [32m'/mnt/r/Projects/ForkFlow-crm/tests/helpers/testUtils.ts'[39m,
      line: [33m51[39m,
      column: [33m30[39m,
      function: [32m'TestUtils.isLoggedIn'[39m
    },
    category: [32m'pw:api'[39m,
    title: [32m'Evaluate'[39m,
    apiName: [32m'page.evaluate'[39m,
    params: {
      expression: [32m'() => {\n'[39m +
        [32m"        const hasAuth = !!localStorage.getItem('auth') || !!localStorage.getItem('user');\n"[39m +
        [32m"        const isTestMode = localStorage.getItem('test-mode') === 'true';\n"[39m +
        [32m'        return hasAuth || isTestMode;\n'[39m +
        [32m'      }'[39m,
      isFunction: [33mtrue[39m,
      arg: [36m[Object][39m
    },
    boxedStack: [90mundefined[39m,
    steps: [],
    attachmentIndices: [],
    info: TestStepInfoImpl {
      annotations: [],
      _testInfo: [36m[TestInfoImpl][39m,
      _stepId: [32m'pw:api@12'[39m
    },
    complete: [36m[Function: complete][39m,
    endWallTime: [33m1751168972266[39m,
    error: {
      message: [32m'Error: page.evaluate: The operation is insecure.\n'[39m +
        [32m'@debugger eval code line 291 > eval:2:26\n'[39m +
        [32m'evaluate@debugger eval code:293:16\n'[39m +
        [32m'@debugger eval code:1:44\n'[39m,
      stack: [32m'Error: page.evaluate: The operation is insecure.\n'[39m +
        [32m'@debugger eval code line 291 > eval:2:26\n'[39m +
        [32m'evaluate@debugger eval code:293:16\n'[39m +
        [32m'@debugger eval code:1:44\n'[39m +
        [32m'\n'[39m +
        [32m'    at @debugger eval code line 291 > eval:2:26\n'[39m +
        [32m'    at evaluate@debugger eval code:293:16\n'[39m +
        [32m'    at @debugger eval code:1:44\n'[39m +
        [32m'    at TestUtils.isLoggedIn (/mnt/r/Projects/ForkFlow-crm/tests/helpers/testUtils.ts:51:30)\n'[39m +
        [32m'    at /mnt/r/Projects/ForkFlow-crm/tests/organizations/form-validation.spec.ts:14:23'[39m,
      cause: [90mundefined[39m
    }
  }
}
]]>
</system-err>
</testcase>
<testcase name="Organization Form Validation › Format Validation › should validate phone number formats" classname="organizations/form-validation.spec.ts" time="3.379">
<failure message="form-validation.spec.ts:60:5 should validate phone number formats" type="FAILURE">
<![CDATA[  [firefox] › organizations/form-validation.spec.ts:60:5 › Organization Form Validation › Format Validation › should validate phone number formats 

    Error: page.evaluate: The operation is insecure.
    @debugger eval code line 291 > eval:1:7
    evaluate@debugger eval code:293:16
    @debugger eval code:1:44

        at @debugger eval code line 291 > eval:1:7
        at evaluate@debugger eval code:293:16
        at @debugger eval code:1:44
        at TestUtils.login (/mnt/r/Projects/ForkFlow-crm/tests/helpers/testUtils.ts:9:38)
        at /mnt/r/Projects/ForkFlow-crm/tests/organizations/form-validation.spec.ts:15:19

    attachment #1: screenshot (image/png) ──────────────────────────────────────────────────────────
    test-results/organizations-form-validat-9cc68-lidate-phone-number-formats-firefox/test-failed-1.png
    ────────────────────────────────────────────────────────────────────────────────────────────────

    attachment #2: video (video/webm) ──────────────────────────────────────────────────────────────
    test-results/organizations-form-validat-9cc68-lidate-phone-number-formats-firefox/video.webm
    ────────────────────────────────────────────────────────────────────────────────────────────────
]]>
</failure>
<system-out>
<![CDATA[
[[ATTACHMENT|organizations-form-validat-9cc68-lidate-phone-number-formats-firefox/test-failed-1.png]]

[[ATTACHMENT|organizations-form-validat-9cc68-lidate-phone-number-formats-firefox/video.webm]]
]]>
</system-out>
<system-err>
<![CDATA[Error accessing localStorage: page.evaluate: The operation is insecure.
@debugger eval code line 291 > eval:2:26
evaluate@debugger eval code:293:16
@debugger eval code:1:44

    at TestUtils.isLoggedIn [90m(/mnt/r/Projects/ForkFlow-crm/[39mtests/helpers/testUtils.ts:51:30[90m)[39m
    at [90m/mnt/r/Projects/ForkFlow-crm/[39mtests/organizations/form-validation.spec.ts:14:23 {
  name: [32m'Error'[39m,
  [[32mSymbol(step)[39m]: {
    stepId: [32m'pw:api@12'[39m,
    location: {
      file: [32m'/mnt/r/Projects/ForkFlow-crm/tests/helpers/testUtils.ts'[39m,
      line: [33m51[39m,
      column: [33m30[39m,
      function: [32m'TestUtils.isLoggedIn'[39m
    },
    category: [32m'pw:api'[39m,
    title: [32m'Evaluate'[39m,
    apiName: [32m'page.evaluate'[39m,
    params: {
      expression: [32m'() => {\n'[39m +
        [32m"        const hasAuth = !!localStorage.getItem('auth') || !!localStorage.getItem('user');\n"[39m +
        [32m"        const isTestMode = localStorage.getItem('test-mode') === 'true';\n"[39m +
        [32m'        return hasAuth || isTestMode;\n'[39m +
        [32m'      }'[39m,
      isFunction: [33mtrue[39m,
      arg: [36m[Object][39m
    },
    boxedStack: [90mundefined[39m,
    steps: [],
    attachmentIndices: [],
    info: TestStepInfoImpl {
      annotations: [],
      _testInfo: [36m[TestInfoImpl][39m,
      _stepId: [32m'pw:api@12'[39m
    },
    complete: [36m[Function: complete][39m,
    endWallTime: [33m1751168983334[39m,
    error: {
      message: [32m'Error: page.evaluate: The operation is insecure.\n'[39m +
        [32m'@debugger eval code line 291 > eval:2:26\n'[39m +
        [32m'evaluate@debugger eval code:293:16\n'[39m +
        [32m'@debugger eval code:1:44\n'[39m,
      stack: [32m'Error: page.evaluate: The operation is insecure.\n'[39m +
        [32m'@debugger eval code line 291 > eval:2:26\n'[39m +
        [32m'evaluate@debugger eval code:293:16\n'[39m +
        [32m'@debugger eval code:1:44\n'[39m +
        [32m'\n'[39m +
        [32m'    at @debugger eval code line 291 > eval:2:26\n'[39m +
        [32m'    at evaluate@debugger eval code:293:16\n'[39m +
        [32m'    at @debugger eval code:1:44\n'[39m +
        [32m'    at TestUtils.isLoggedIn (/mnt/r/Projects/ForkFlow-crm/tests/helpers/testUtils.ts:51:30)\n'[39m +
        [32m'    at /mnt/r/Projects/ForkFlow-crm/tests/organizations/form-validation.spec.ts:14:23'[39m,
      cause: [90mundefined[39m
    }
  }
}
]]>
</system-err>
</testcase>
<testcase name="Organization Form Validation › Format Validation › should validate email format for account manager" classname="organizations/form-validation.spec.ts" time="3.329">
<failure message="form-validation.spec.ts:95:5 should validate email format for account manager" type="FAILURE">
<![CDATA[  [firefox] › organizations/form-validation.spec.ts:95:5 › Organization Form Validation › Format Validation › should validate email format for account manager 

    Error: page.evaluate: The operation is insecure.
    @debugger eval code line 291 > eval:1:7
    evaluate@debugger eval code:293:16
    @debugger eval code:1:44

        at @debugger eval code line 291 > eval:1:7
        at evaluate@debugger eval code:293:16
        at @debugger eval code:1:44
        at TestUtils.login (/mnt/r/Projects/ForkFlow-crm/tests/helpers/testUtils.ts:9:38)
        at /mnt/r/Projects/ForkFlow-crm/tests/organizations/form-validation.spec.ts:15:19

    attachment #1: screenshot (image/png) ──────────────────────────────────────────────────────────
    test-results/organizations-form-validat-4e59c--format-for-account-manager-firefox/test-failed-1.png
    ────────────────────────────────────────────────────────────────────────────────────────────────

    attachment #2: video (video/webm) ──────────────────────────────────────────────────────────────
    test-results/organizations-form-validat-4e59c--format-for-account-manager-firefox/video.webm
    ────────────────────────────────────────────────────────────────────────────────────────────────
]]>
</failure>
<system-out>
<![CDATA[
[[ATTACHMENT|organizations-form-validat-4e59c--format-for-account-manager-firefox/test-failed-1.png]]

[[ATTACHMENT|organizations-form-validat-4e59c--format-for-account-manager-firefox/video.webm]]
]]>
</system-out>
<system-err>
<![CDATA[Error accessing localStorage: page.evaluate: The operation is insecure.
@debugger eval code line 291 > eval:2:26
evaluate@debugger eval code:293:16
@debugger eval code:1:44

    at TestUtils.isLoggedIn [90m(/mnt/r/Projects/ForkFlow-crm/[39mtests/helpers/testUtils.ts:51:30[90m)[39m
    at [90m/mnt/r/Projects/ForkFlow-crm/[39mtests/organizations/form-validation.spec.ts:14:23 {
  name: [32m'Error'[39m,
  [[32mSymbol(step)[39m]: {
    stepId: [32m'pw:api@12'[39m,
    location: {
      file: [32m'/mnt/r/Projects/ForkFlow-crm/tests/helpers/testUtils.ts'[39m,
      line: [33m51[39m,
      column: [33m30[39m,
      function: [32m'TestUtils.isLoggedIn'[39m
    },
    category: [32m'pw:api'[39m,
    title: [32m'Evaluate'[39m,
    apiName: [32m'page.evaluate'[39m,
    params: {
      expression: [32m'() => {\n'[39m +
        [32m"        const hasAuth = !!localStorage.getItem('auth') || !!localStorage.getItem('user');\n"[39m +
        [32m"        const isTestMode = localStorage.getItem('test-mode') === 'true';\n"[39m +
        [32m'        return hasAuth || isTestMode;\n'[39m +
        [32m'      }'[39m,
      isFunction: [33mtrue[39m,
      arg: [36m[Object][39m
    },
    boxedStack: [90mundefined[39m,
    steps: [],
    attachmentIndices: [],
    info: TestStepInfoImpl {
      annotations: [],
      _testInfo: [36m[TestInfoImpl][39m,
      _stepId: [32m'pw:api@12'[39m
    },
    complete: [36m[Function: complete][39m,
    endWallTime: [33m1751168994535[39m,
    error: {
      message: [32m'Error: page.evaluate: The operation is insecure.\n'[39m +
        [32m'@debugger eval code line 291 > eval:2:26\n'[39m +
        [32m'evaluate@debugger eval code:293:16\n'[39m +
        [32m'@debugger eval code:1:44\n'[39m,
      stack: [32m'Error: page.evaluate: The operation is insecure.\n'[39m +
        [32m'@debugger eval code line 291 > eval:2:26\n'[39m +
        [32m'evaluate@debugger eval code:293:16\n'[39m +
        [32m'@debugger eval code:1:44\n'[39m +
        [32m'\n'[39m +
        [32m'    at @debugger eval code line 291 > eval:2:26\n'[39m +
        [32m'    at evaluate@debugger eval code:293:16\n'[39m +
        [32m'    at @debugger eval code:1:44\n'[39m +
        [32m'    at TestUtils.isLoggedIn (/mnt/r/Projects/ForkFlow-crm/tests/helpers/testUtils.ts:51:30)\n'[39m +
        [32m'    at /mnt/r/Projects/ForkFlow-crm/tests/organizations/form-validation.spec.ts:14:23'[39m,
      cause: [90mundefined[39m
    }
  }
}
]]>
</system-err>
</testcase>
<testcase name="Organization Form Validation › Format Validation › should validate website URL format" classname="organizations/form-validation.spec.ts" time="3.676">
<failure message="form-validation.spec.ts:129:5 should validate website URL format" type="FAILURE">
<![CDATA[  [firefox] › organizations/form-validation.spec.ts:129:5 › Organization Form Validation › Format Validation › should validate website URL format 

    Error: page.evaluate: The operation is insecure.
    @debugger eval code line 291 > eval:1:7
    evaluate@debugger eval code:293:16
    @debugger eval code:1:44

        at @debugger eval code line 291 > eval:1:7
        at evaluate@debugger eval code:293:16
        at @debugger eval code:1:44
        at TestUtils.login (/mnt/r/Projects/ForkFlow-crm/tests/helpers/testUtils.ts:9:38)
        at /mnt/r/Projects/ForkFlow-crm/tests/organizations/form-validation.spec.ts:15:19

    attachment #1: screenshot (image/png) ──────────────────────────────────────────────────────────
    test-results/organizations-form-validat-80f4a-validate-website-URL-format-firefox/test-failed-1.png
    ────────────────────────────────────────────────────────────────────────────────────────────────

    attachment #2: video (video/webm) ──────────────────────────────────────────────────────────────
    test-results/organizations-form-validat-80f4a-validate-website-URL-format-firefox/video.webm
    ────────────────────────────────────────────────────────────────────────────────────────────────
]]>
</failure>
<system-out>
<![CDATA[
[[ATTACHMENT|organizations-form-validat-80f4a-validate-website-URL-format-firefox/test-failed-1.png]]

[[ATTACHMENT|organizations-form-validat-80f4a-validate-website-URL-format-firefox/video.webm]]
]]>
</system-out>
<system-err>
<![CDATA[Error accessing localStorage: page.evaluate: The operation is insecure.
@debugger eval code line 291 > eval:2:26
evaluate@debugger eval code:293:16
@debugger eval code:1:44

    at TestUtils.isLoggedIn [90m(/mnt/r/Projects/ForkFlow-crm/[39mtests/helpers/testUtils.ts:51:30[90m)[39m
    at [90m/mnt/r/Projects/ForkFlow-crm/[39mtests/organizations/form-validation.spec.ts:14:23 {
  name: [32m'Error'[39m,
  [[32mSymbol(step)[39m]: {
    stepId: [32m'pw:api@12'[39m,
    location: {
      file: [32m'/mnt/r/Projects/ForkFlow-crm/tests/helpers/testUtils.ts'[39m,
      line: [33m51[39m,
      column: [33m30[39m,
      function: [32m'TestUtils.isLoggedIn'[39m
    },
    category: [32m'pw:api'[39m,
    title: [32m'Evaluate'[39m,
    apiName: [32m'page.evaluate'[39m,
    params: {
      expression: [32m'() => {\n'[39m +
        [32m"        const hasAuth = !!localStorage.getItem('auth') || !!localStorage.getItem('user');\n"[39m +
        [32m"        const isTestMode = localStorage.getItem('test-mode') === 'true';\n"[39m +
        [32m'        return hasAuth || isTestMode;\n'[39m +
        [32m'      }'[39m,
      isFunction: [33mtrue[39m,
      arg: [36m[Object][39m
    },
    boxedStack: [90mundefined[39m,
    steps: [],
    attachmentIndices: [],
    info: TestStepInfoImpl {
      annotations: [],
      _testInfo: [36m[TestInfoImpl][39m,
      _stepId: [32m'pw:api@12'[39m
    },
    complete: [36m[Function: complete][39m,
    endWallTime: [33m1751169006211[39m,
    error: {
      message: [32m'Error: page.evaluate: The operation is insecure.\n'[39m +
        [32m'@debugger eval code line 291 > eval:2:26\n'[39m +
        [32m'evaluate@debugger eval code:293:16\n'[39m +
        [32m'@debugger eval code:1:44\n'[39m,
      stack: [32m'Error: page.evaluate: The operation is insecure.\n'[39m +
        [32m'@debugger eval code line 291 > eval:2:26\n'[39m +
        [32m'evaluate@debugger eval code:293:16\n'[39m +
        [32m'@debugger eval code:1:44\n'[39m +
        [32m'\n'[39m +
        [32m'    at @debugger eval code line 291 > eval:2:26\n'[39m +
        [32m'    at evaluate@debugger eval code:293:16\n'[39m +
        [32m'    at @debugger eval code:1:44\n'[39m +
        [32m'    at TestUtils.isLoggedIn (/mnt/r/Projects/ForkFlow-crm/tests/helpers/testUtils.ts:51:30)\n'[39m +
        [32m'    at /mnt/r/Projects/ForkFlow-crm/tests/organizations/form-validation.spec.ts:14:23'[39m,
      cause: [90mundefined[39m
    }
  }
}
]]>
</system-err>
</testcase>
<testcase name="Organization Form Validation › Format Validation › should validate ZIP code format" classname="organizations/form-validation.spec.ts" time="3.48">
<failure message="form-validation.spec.ts:164:5 should validate ZIP code format" type="FAILURE">
<![CDATA[  [firefox] › organizations/form-validation.spec.ts:164:5 › Organization Form Validation › Format Validation › should validate ZIP code format 

    Error: page.evaluate: The operation is insecure.
    @debugger eval code line 291 > eval:1:7
    evaluate@debugger eval code:293:16
    @debugger eval code:1:44

        at @debugger eval code line 291 > eval:1:7
        at evaluate@debugger eval code:293:16
        at @debugger eval code:1:44
        at TestUtils.login (/mnt/r/Projects/ForkFlow-crm/tests/helpers/testUtils.ts:9:38)
        at /mnt/r/Projects/ForkFlow-crm/tests/organizations/form-validation.spec.ts:15:19

    attachment #1: screenshot (image/png) ──────────────────────────────────────────────────────────
    test-results/organizations-form-validat-32015-ld-validate-ZIP-code-format-firefox/test-failed-1.png
    ────────────────────────────────────────────────────────────────────────────────────────────────

    attachment #2: video (video/webm) ──────────────────────────────────────────────────────────────
    test-results/organizations-form-validat-32015-ld-validate-ZIP-code-format-firefox/video.webm
    ────────────────────────────────────────────────────────────────────────────────────────────────
]]>
</failure>
<system-out>
<![CDATA[
[[ATTACHMENT|organizations-form-validat-32015-ld-validate-ZIP-code-format-firefox/test-failed-1.png]]

[[ATTACHMENT|organizations-form-validat-32015-ld-validate-ZIP-code-format-firefox/video.webm]]
]]>
</system-out>
<system-err>
<![CDATA[Error accessing localStorage: page.evaluate: The operation is insecure.
@debugger eval code line 291 > eval:2:26
evaluate@debugger eval code:293:16
@debugger eval code:1:44

    at TestUtils.isLoggedIn [90m(/mnt/r/Projects/ForkFlow-crm/[39mtests/helpers/testUtils.ts:51:30[90m)[39m
    at [90m/mnt/r/Projects/ForkFlow-crm/[39mtests/organizations/form-validation.spec.ts:14:23 {
  name: [32m'Error'[39m,
  [[32mSymbol(step)[39m]: {
    stepId: [32m'pw:api@12'[39m,
    location: {
      file: [32m'/mnt/r/Projects/ForkFlow-crm/tests/helpers/testUtils.ts'[39m,
      line: [33m51[39m,
      column: [33m30[39m,
      function: [32m'TestUtils.isLoggedIn'[39m
    },
    category: [32m'pw:api'[39m,
    title: [32m'Evaluate'[39m,
    apiName: [32m'page.evaluate'[39m,
    params: {
      expression: [32m'() => {\n'[39m +
        [32m"        const hasAuth = !!localStorage.getItem('auth') || !!localStorage.getItem('user');\n"[39m +
        [32m"        const isTestMode = localStorage.getItem('test-mode') === 'true';\n"[39m +
        [32m'        return hasAuth || isTestMode;\n'[39m +
        [32m'      }'[39m,
      isFunction: [33mtrue[39m,
      arg: [36m[Object][39m
    },
    boxedStack: [90mundefined[39m,
    steps: [],
    attachmentIndices: [],
    info: TestStepInfoImpl {
      annotations: [],
      _testInfo: [36m[TestInfoImpl][39m,
      _stepId: [32m'pw:api@12'[39m
    },
    complete: [36m[Function: complete][39m,
    endWallTime: [33m1751169016240[39m,
    error: {
      message: [32m'Error: page.evaluate: The operation is insecure.\n'[39m +
        [32m'@debugger eval code line 291 > eval:2:26\n'[39m +
        [32m'evaluate@debugger eval code:293:16\n'[39m +
        [32m'@debugger eval code:1:44\n'[39m,
      stack: [32m'Error: page.evaluate: The operation is insecure.\n'[39m +
        [32m'@debugger eval code line 291 > eval:2:26\n'[39m +
        [32m'evaluate@debugger eval code:293:16\n'[39m +
        [32m'@debugger eval code:1:44\n'[39m +
        [32m'\n'[39m +
        [32m'    at @debugger eval code line 291 > eval:2:26\n'[39m +
        [32m'    at evaluate@debugger eval code:293:16\n'[39m +
        [32m'    at @debugger eval code:1:44\n'[39m +
        [32m'    at TestUtils.isLoggedIn (/mnt/r/Projects/ForkFlow-crm/tests/helpers/testUtils.ts:51:30)\n'[39m +
        [32m'    at /mnt/r/Projects/ForkFlow-crm/tests/organizations/form-validation.spec.ts:14:23'[39m,
      cause: [90mundefined[39m
    }
  }
}
]]>
</system-err>
</testcase>
<testcase name="Organization Form Validation › Field Length Validation › should enforce maximum length for notes" classname="organizations/form-validation.spec.ts" time="3.488">
<failure message="form-validation.spec.ts:201:5 should enforce maximum length for notes" type="FAILURE">
<![CDATA[  [firefox] › organizations/form-validation.spec.ts:201:5 › Organization Form Validation › Field Length Validation › should enforce maximum length for notes 

    Error: page.evaluate: The operation is insecure.
    @debugger eval code line 291 > eval:1:7
    evaluate@debugger eval code:293:16
    @debugger eval code:1:44

        at @debugger eval code line 291 > eval:1:7
        at evaluate@debugger eval code:293:16
        at @debugger eval code:1:44
        at TestUtils.login (/mnt/r/Projects/ForkFlow-crm/tests/helpers/testUtils.ts:9:38)
        at /mnt/r/Projects/ForkFlow-crm/tests/organizations/form-validation.spec.ts:15:19

    attachment #1: screenshot (image/png) ──────────────────────────────────────────────────────────
    test-results/organizations-form-validat-71bb9-ce-maximum-length-for-notes-firefox/test-failed-1.png
    ────────────────────────────────────────────────────────────────────────────────────────────────

    attachment #2: video (video/webm) ──────────────────────────────────────────────────────────────
    test-results/organizations-form-validat-71bb9-ce-maximum-length-for-notes-firefox/video.webm
    ────────────────────────────────────────────────────────────────────────────────────────────────
]]>
</failure>
<system-out>
<![CDATA[
[[ATTACHMENT|organizations-form-validat-71bb9-ce-maximum-length-for-notes-firefox/test-failed-1.png]]

[[ATTACHMENT|organizations-form-validat-71bb9-ce-maximum-length-for-notes-firefox/video.webm]]
]]>
</system-out>
<system-err>
<![CDATA[Error accessing localStorage: page.evaluate: The operation is insecure.
@debugger eval code line 291 > eval:2:26
evaluate@debugger eval code:293:16
@debugger eval code:1:44

    at TestUtils.isLoggedIn [90m(/mnt/r/Projects/ForkFlow-crm/[39mtests/helpers/testUtils.ts:51:30[90m)[39m
    at [90m/mnt/r/Projects/ForkFlow-crm/[39mtests/organizations/form-validation.spec.ts:14:23 {
  name: [32m'Error'[39m,
  [[32mSymbol(step)[39m]: {
    stepId: [32m'pw:api@12'[39m,
    location: {
      file: [32m'/mnt/r/Projects/ForkFlow-crm/tests/helpers/testUtils.ts'[39m,
      line: [33m51[39m,
      column: [33m30[39m,
      function: [32m'TestUtils.isLoggedIn'[39m
    },
    category: [32m'pw:api'[39m,
    title: [32m'Evaluate'[39m,
    apiName: [32m'page.evaluate'[39m,
    params: {
      expression: [32m'() => {\n'[39m +
        [32m"        const hasAuth = !!localStorage.getItem('auth') || !!localStorage.getItem('user');\n"[39m +
        [32m"        const isTestMode = localStorage.getItem('test-mode') === 'true';\n"[39m +
        [32m'        return hasAuth || isTestMode;\n'[39m +
        [32m'      }'[39m,
      isFunction: [33mtrue[39m,
      arg: [36m[Object][39m
    },
    boxedStack: [90mundefined[39m,
    steps: [],
    attachmentIndices: [],
    info: TestStepInfoImpl {
      annotations: [],
      _testInfo: [36m[TestInfoImpl][39m,
      _stepId: [32m'pw:api@12'[39m
    },
    complete: [36m[Function: complete][39m,
    endWallTime: [33m1751169028438[39m,
    error: {
      message: [32m'Error: page.evaluate: The operation is insecure.\n'[39m +
        [32m'@debugger eval code line 291 > eval:2:26\n'[39m +
        [32m'evaluate@debugger eval code:293:16\n'[39m +
        [32m'@debugger eval code:1:44\n'[39m,
      stack: [32m'Error: page.evaluate: The operation is insecure.\n'[39m +
        [32m'@debugger eval code line 291 > eval:2:26\n'[39m +
        [32m'evaluate@debugger eval code:293:16\n'[39m +
        [32m'@debugger eval code:1:44\n'[39m +
        [32m'\n'[39m +
        [32m'    at @debugger eval code line 291 > eval:2:26\n'[39m +
        [32m'    at evaluate@debugger eval code:293:16\n'[39m +
        [32m'    at @debugger eval code:1:44\n'[39m +
        [32m'    at TestUtils.isLoggedIn (/mnt/r/Projects/ForkFlow-crm/tests/helpers/testUtils.ts:51:30)\n'[39m +
        [32m'    at /mnt/r/Projects/ForkFlow-crm/tests/organizations/form-validation.spec.ts:14:23'[39m,
      cause: [90mundefined[39m
    }
  }
}
]]>
</system-err>
</testcase>
<testcase name="Organization Form Validation › Field Length Validation › should enforce maximum length for name" classname="organizations/form-validation.spec.ts" time="3.379">
<failure message="form-validation.spec.ts:216:5 should enforce maximum length for name" type="FAILURE">
<![CDATA[  [firefox] › organizations/form-validation.spec.ts:216:5 › Organization Form Validation › Field Length Validation › should enforce maximum length for name 

    Error: page.evaluate: The operation is insecure.
    @debugger eval code line 291 > eval:1:7
    evaluate@debugger eval code:293:16
    @debugger eval code:1:44

        at @debugger eval code line 291 > eval:1:7
        at evaluate@debugger eval code:293:16
        at @debugger eval code:1:44
        at TestUtils.login (/mnt/r/Projects/ForkFlow-crm/tests/helpers/testUtils.ts:9:38)
        at /mnt/r/Projects/ForkFlow-crm/tests/organizations/form-validation.spec.ts:15:19

    attachment #1: screenshot (image/png) ──────────────────────────────────────────────────────────
    test-results/organizations-form-validat-1bd28-rce-maximum-length-for-name-firefox/test-failed-1.png
    ────────────────────────────────────────────────────────────────────────────────────────────────

    attachment #2: video (video/webm) ──────────────────────────────────────────────────────────────
    test-results/organizations-form-validat-1bd28-rce-maximum-length-for-name-firefox/video.webm
    ────────────────────────────────────────────────────────────────────────────────────────────────
]]>
</failure>
<system-out>
<![CDATA[
[[ATTACHMENT|organizations-form-validat-1bd28-rce-maximum-length-for-name-firefox/test-failed-1.png]]

[[ATTACHMENT|organizations-form-validat-1bd28-rce-maximum-length-for-name-firefox/video.webm]]
]]>
</system-out>
<system-err>
<![CDATA[Error accessing localStorage: page.evaluate: The operation is insecure.
@debugger eval code line 291 > eval:2:26
evaluate@debugger eval code:293:16
@debugger eval code:1:44

    at TestUtils.isLoggedIn [90m(/mnt/r/Projects/ForkFlow-crm/[39mtests/helpers/testUtils.ts:51:30[90m)[39m
    at [90m/mnt/r/Projects/ForkFlow-crm/[39mtests/organizations/form-validation.spec.ts:14:23 {
  name: [32m'Error'[39m,
  [[32mSymbol(step)[39m]: {
    stepId: [32m'pw:api@12'[39m,
    location: {
      file: [32m'/mnt/r/Projects/ForkFlow-crm/tests/helpers/testUtils.ts'[39m,
      line: [33m51[39m,
      column: [33m30[39m,
      function: [32m'TestUtils.isLoggedIn'[39m
    },
    category: [32m'pw:api'[39m,
    title: [32m'Evaluate'[39m,
    apiName: [32m'page.evaluate'[39m,
    params: {
      expression: [32m'() => {\n'[39m +
        [32m"        const hasAuth = !!localStorage.getItem('auth') || !!localStorage.getItem('user');\n"[39m +
        [32m"        const isTestMode = localStorage.getItem('test-mode') === 'true';\n"[39m +
        [32m'        return hasAuth || isTestMode;\n'[39m +
        [32m'      }'[39m,
      isFunction: [33mtrue[39m,
      arg: [36m[Object][39m
    },
    boxedStack: [90mundefined[39m,
    steps: [],
    attachmentIndices: [],
    info: TestStepInfoImpl {
      annotations: [],
      _testInfo: [36m[TestInfoImpl][39m,
      _stepId: [32m'pw:api@12'[39m
    },
    complete: [36m[Function: complete][39m,
    endWallTime: [33m1751169038969[39m,
    error: {
      message: [32m'Error: page.evaluate: The operation is insecure.\n'[39m +
        [32m'@debugger eval code line 291 > eval:2:26\n'[39m +
        [32m'evaluate@debugger eval code:293:16\n'[39m +
        [32m'@debugger eval code:1:44\n'[39m,
      stack: [32m'Error: page.evaluate: The operation is insecure.\n'[39m +
        [32m'@debugger eval code line 291 > eval:2:26\n'[39m +
        [32m'evaluate@debugger eval code:293:16\n'[39m +
        [32m'@debugger eval code:1:44\n'[39m +
        [32m'\n'[39m +
        [32m'    at @debugger eval code line 291 > eval:2:26\n'[39m +
        [32m'    at evaluate@debugger eval code:293:16\n'[39m +
        [32m'    at @debugger eval code:1:44\n'[39m +
        [32m'    at TestUtils.isLoggedIn (/mnt/r/Projects/ForkFlow-crm/tests/helpers/testUtils.ts:51:30)\n'[39m +
        [32m'    at /mnt/r/Projects/ForkFlow-crm/tests/organizations/form-validation.spec.ts:14:23'[39m,
      cause: [90mundefined[39m
    }
  }
}
]]>
</system-err>
</testcase>
<testcase name="Organization Form Validation › Field Length Validation › should show character count for notes field" classname="organizations/form-validation.spec.ts" time="3.39">
<failure message="form-validation.spec.ts:228:5 should show character count for notes field" type="FAILURE">
<![CDATA[  [firefox] › organizations/form-validation.spec.ts:228:5 › Organization Form Validation › Field Length Validation › should show character count for notes field 

    Error: page.evaluate: The operation is insecure.
    @debugger eval code line 291 > eval:1:7
    evaluate@debugger eval code:293:16
    @debugger eval code:1:44

        at @debugger eval code line 291 > eval:1:7
        at evaluate@debugger eval code:293:16
        at @debugger eval code:1:44
        at TestUtils.login (/mnt/r/Projects/ForkFlow-crm/tests/helpers/testUtils.ts:9:38)
        at /mnt/r/Projects/ForkFlow-crm/tests/organizations/form-validation.spec.ts:15:19

    attachment #1: screenshot (image/png) ──────────────────────────────────────────────────────────
    test-results/organizations-form-validat-0f13b-acter-count-for-notes-field-firefox/test-failed-1.png
    ────────────────────────────────────────────────────────────────────────────────────────────────

    attachment #2: video (video/webm) ──────────────────────────────────────────────────────────────
    test-results/organizations-form-validat-0f13b-acter-count-for-notes-field-firefox/video.webm
    ────────────────────────────────────────────────────────────────────────────────────────────────
]]>
</failure>
<system-out>
<![CDATA[
[[ATTACHMENT|organizations-form-validat-0f13b-acter-count-for-notes-field-firefox/test-failed-1.png]]

[[ATTACHMENT|organizations-form-validat-0f13b-acter-count-for-notes-field-firefox/video.webm]]
]]>
</system-out>
<system-err>
<![CDATA[Error accessing localStorage: page.evaluate: The operation is insecure.
@debugger eval code line 291 > eval:2:26
evaluate@debugger eval code:293:16
@debugger eval code:1:44

    at TestUtils.isLoggedIn [90m(/mnt/r/Projects/ForkFlow-crm/[39mtests/helpers/testUtils.ts:51:30[90m)[39m
    at [90m/mnt/r/Projects/ForkFlow-crm/[39mtests/organizations/form-validation.spec.ts:14:23 {
  name: [32m'Error'[39m,
  [[32mSymbol(step)[39m]: {
    stepId: [32m'pw:api@12'[39m,
    location: {
      file: [32m'/mnt/r/Projects/ForkFlow-crm/tests/helpers/testUtils.ts'[39m,
      line: [33m51[39m,
      column: [33m30[39m,
      function: [32m'TestUtils.isLoggedIn'[39m
    },
    category: [32m'pw:api'[39m,
    title: [32m'Evaluate'[39m,
    apiName: [32m'page.evaluate'[39m,
    params: {
      expression: [32m'() => {\n'[39m +
        [32m"        const hasAuth = !!localStorage.getItem('auth') || !!localStorage.getItem('user');\n"[39m +
        [32m"        const isTestMode = localStorage.getItem('test-mode') === 'true';\n"[39m +
        [32m'        return hasAuth || isTestMode;\n'[39m +
        [32m'      }'[39m,
      isFunction: [33mtrue[39m,
      arg: [36m[Object][39m
    },
    boxedStack: [90mundefined[39m,
    steps: [],
    attachmentIndices: [],
    info: TestStepInfoImpl {
      annotations: [],
      _testInfo: [36m[TestInfoImpl][39m,
      _stepId: [32m'pw:api@12'[39m
    },
    complete: [36m[Function: complete][39m,
    endWallTime: [33m1751169049739[39m,
    error: {
      message: [32m'Error: page.evaluate: The operation is insecure.\n'[39m +
        [32m'@debugger eval code line 291 > eval:2:26\n'[39m +
        [32m'evaluate@debugger eval code:293:16\n'[39m +
        [32m'@debugger eval code:1:44\n'[39m,
      stack: [32m'Error: page.evaluate: The operation is insecure.\n'[39m +
        [32m'@debugger eval code line 291 > eval:2:26\n'[39m +
        [32m'evaluate@debugger eval code:293:16\n'[39m +
        [32m'@debugger eval code:1:44\n'[39m +
        [32m'\n'[39m +
        [32m'    at @debugger eval code line 291 > eval:2:26\n'[39m +
        [32m'    at evaluate@debugger eval code:293:16\n'[39m +
        [32m'    at @debugger eval code:1:44\n'[39m +
        [32m'    at TestUtils.isLoggedIn (/mnt/r/Projects/ForkFlow-crm/tests/helpers/testUtils.ts:51:30)\n'[39m +
        [32m'    at /mnt/r/Projects/ForkFlow-crm/tests/organizations/form-validation.spec.ts:14:23'[39m,
      cause: [90mundefined[39m
    }
  }
}
]]>
</system-err>
</testcase>
<testcase name="Organization Form Validation › Real-time Validation › should validate fields as user types" classname="organizations/form-validation.spec.ts" time="3.445">
<failure message="form-validation.spec.ts:239:5 should validate fields as user types" type="FAILURE">
<![CDATA[  [firefox] › organizations/form-validation.spec.ts:239:5 › Organization Form Validation › Real-time Validation › should validate fields as user types 

    Error: page.evaluate: The operation is insecure.
    @debugger eval code line 291 > eval:1:7
    evaluate@debugger eval code:293:16
    @debugger eval code:1:44

        at @debugger eval code line 291 > eval:1:7
        at evaluate@debugger eval code:293:16
        at @debugger eval code:1:44
        at TestUtils.login (/mnt/r/Projects/ForkFlow-crm/tests/helpers/testUtils.ts:9:38)
        at /mnt/r/Projects/ForkFlow-crm/tests/organizations/form-validation.spec.ts:15:19

    attachment #1: screenshot (image/png) ──────────────────────────────────────────────────────────
    test-results/organizations-form-validat-153a8-lidate-fields-as-user-types-firefox/test-failed-1.png
    ────────────────────────────────────────────────────────────────────────────────────────────────

    attachment #2: video (video/webm) ──────────────────────────────────────────────────────────────
    test-results/organizations-form-validat-153a8-lidate-fields-as-user-types-firefox/video.webm
    ────────────────────────────────────────────────────────────────────────────────────────────────
]]>
</failure>
<system-out>
<![CDATA[
[[ATTACHMENT|organizations-form-validat-153a8-lidate-fields-as-user-types-firefox/test-failed-1.png]]

[[ATTACHMENT|organizations-form-validat-153a8-lidate-fields-as-user-types-firefox/video.webm]]
]]>
</system-out>
<system-err>
<![CDATA[Error accessing localStorage: page.evaluate: The operation is insecure.
@debugger eval code line 291 > eval:2:26
evaluate@debugger eval code:293:16
@debugger eval code:1:44

    at TestUtils.isLoggedIn [90m(/mnt/r/Projects/ForkFlow-crm/[39mtests/helpers/testUtils.ts:51:30[90m)[39m
    at [90m/mnt/r/Projects/ForkFlow-crm/[39mtests/organizations/form-validation.spec.ts:14:23 {
  name: [32m'Error'[39m,
  [[32mSymbol(step)[39m]: {
    stepId: [32m'pw:api@12'[39m,
    location: {
      file: [32m'/mnt/r/Projects/ForkFlow-crm/tests/helpers/testUtils.ts'[39m,
      line: [33m51[39m,
      column: [33m30[39m,
      function: [32m'TestUtils.isLoggedIn'[39m
    },
    category: [32m'pw:api'[39m,
    title: [32m'Evaluate'[39m,
    apiName: [32m'page.evaluate'[39m,
    params: {
      expression: [32m'() => {\n'[39m +
        [32m"        const hasAuth = !!localStorage.getItem('auth') || !!localStorage.getItem('user');\n"[39m +
        [32m"        const isTestMode = localStorage.getItem('test-mode') === 'true';\n"[39m +
        [32m'        return hasAuth || isTestMode;\n'[39m +
        [32m'      }'[39m,
      isFunction: [33mtrue[39m,
      arg: [36m[Object][39m
    },
    boxedStack: [90mundefined[39m,
    steps: [],
    attachmentIndices: [],
    info: TestStepInfoImpl {
      annotations: [],
      _testInfo: [36m[TestInfoImpl][39m,
      _stepId: [32m'pw:api@12'[39m
    },
    complete: [36m[Function: complete][39m,
    endWallTime: [33m1751169061221[39m,
    error: {
      message: [32m'Error: page.evaluate: The operation is insecure.\n'[39m +
        [32m'@debugger eval code line 291 > eval:2:26\n'[39m +
        [32m'evaluate@debugger eval code:293:16\n'[39m +
        [32m'@debugger eval code:1:44\n'[39m,
      stack: [32m'Error: page.evaluate: The operation is insecure.\n'[39m +
        [32m'@debugger eval code line 291 > eval:2:26\n'[39m +
        [32m'evaluate@debugger eval code:293:16\n'[39m +
        [32m'@debugger eval code:1:44\n'[39m +
        [32m'\n'[39m +
        [32m'    at @debugger eval code line 291 > eval:2:26\n'[39m +
        [32m'    at evaluate@debugger eval code:293:16\n'[39m +
        [32m'    at @debugger eval code:1:44\n'[39m +
        [32m'    at TestUtils.isLoggedIn (/mnt/r/Projects/ForkFlow-crm/tests/helpers/testUtils.ts:51:30)\n'[39m +
        [32m'    at /mnt/r/Projects/ForkFlow-crm/tests/organizations/form-validation.spec.ts:14:23'[39m,
      cause: [90mundefined[39m
    }
  }
}
]]>
</system-err>
</testcase>
<testcase name="Organization Form Validation › Real-time Validation › should update validation on blur" classname="organizations/form-validation.spec.ts" time="3.366">
<failure message="form-validation.spec.ts:256:5 should update validation on blur" type="FAILURE">
<![CDATA[  [firefox] › organizations/form-validation.spec.ts:256:5 › Organization Form Validation › Real-time Validation › should update validation on blur 

    Error: page.evaluate: The operation is insecure.
    @debugger eval code line 291 > eval:1:7
    evaluate@debugger eval code:293:16
    @debugger eval code:1:44

        at @debugger eval code line 291 > eval:1:7
        at evaluate@debugger eval code:293:16
        at @debugger eval code:1:44
        at TestUtils.login (/mnt/r/Projects/ForkFlow-crm/tests/helpers/testUtils.ts:9:38)
        at /mnt/r/Projects/ForkFlow-crm/tests/organizations/form-validation.spec.ts:15:19

    attachment #1: screenshot (image/png) ──────────────────────────────────────────────────────────
    test-results/organizations-form-validat-b3c58-d-update-validation-on-blur-firefox/test-failed-1.png
    ────────────────────────────────────────────────────────────────────────────────────────────────

    attachment #2: video (video/webm) ──────────────────────────────────────────────────────────────
    test-results/organizations-form-validat-b3c58-d-update-validation-on-blur-firefox/video.webm
    ────────────────────────────────────────────────────────────────────────────────────────────────
]]>
</failure>
<system-out>
<![CDATA[
[[ATTACHMENT|organizations-form-validat-b3c58-d-update-validation-on-blur-firefox/test-failed-1.png]]

[[ATTACHMENT|organizations-form-validat-b3c58-d-update-validation-on-blur-firefox/video.webm]]
]]>
</system-out>
<system-err>
<![CDATA[Error accessing localStorage: page.evaluate: The operation is insecure.
@debugger eval code line 291 > eval:2:26
evaluate@debugger eval code:293:16
@debugger eval code:1:44

    at TestUtils.isLoggedIn [90m(/mnt/r/Projects/ForkFlow-crm/[39mtests/helpers/testUtils.ts:51:30[90m)[39m
    at [90m/mnt/r/Projects/ForkFlow-crm/[39mtests/organizations/form-validation.spec.ts:14:23 {
  name: [32m'Error'[39m,
  [[32mSymbol(step)[39m]: {
    stepId: [32m'pw:api@12'[39m,
    location: {
      file: [32m'/mnt/r/Projects/ForkFlow-crm/tests/helpers/testUtils.ts'[39m,
      line: [33m51[39m,
      column: [33m30[39m,
      function: [32m'TestUtils.isLoggedIn'[39m
    },
    category: [32m'pw:api'[39m,
    title: [32m'Evaluate'[39m,
    apiName: [32m'page.evaluate'[39m,
    params: {
      expression: [32m'() => {\n'[39m +
        [32m"        const hasAuth = !!localStorage.getItem('auth') || !!localStorage.getItem('user');\n"[39m +
        [32m"        const isTestMode = localStorage.getItem('test-mode') === 'true';\n"[39m +
        [32m'        return hasAuth || isTestMode;\n'[39m +
        [32m'      }'[39m,
      isFunction: [33mtrue[39m,
      arg: [36m[Object][39m
    },
    boxedStack: [90mundefined[39m,
    steps: [],
    attachmentIndices: [],
    info: TestStepInfoImpl {
      annotations: [],
      _testInfo: [36m[TestInfoImpl][39m,
      _stepId: [32m'pw:api@12'[39m
    },
    complete: [36m[Function: complete][39m,
    endWallTime: [33m1751169071482[39m,
    error: {
      message: [32m'Error: page.evaluate: The operation is insecure.\n'[39m +
        [32m'@debugger eval code line 291 > eval:2:26\n'[39m +
        [32m'evaluate@debugger eval code:293:16\n'[39m +
        [32m'@debugger eval code:1:44\n'[39m,
      stack: [32m'Error: page.evaluate: The operation is insecure.\n'[39m +
        [32m'@debugger eval code line 291 > eval:2:26\n'[39m +
        [32m'evaluate@debugger eval code:293:16\n'[39m +
        [32m'@debugger eval code:1:44\n'[39m +
        [32m'\n'[39m +
        [32m'    at @debugger eval code line 291 > eval:2:26\n'[39m +
        [32m'    at evaluate@debugger eval code:293:16\n'[39m +
        [32m'    at @debugger eval code:1:44\n'[39m +
        [32m'    at TestUtils.isLoggedIn (/mnt/r/Projects/ForkFlow-crm/tests/helpers/testUtils.ts:51:30)\n'[39m +
        [32m'    at /mnt/r/Projects/ForkFlow-crm/tests/organizations/form-validation.spec.ts:14:23'[39m,
      cause: [90mundefined[39m
    }
  }
}
]]>
</system-err>
</testcase>
<testcase name="Organization Form Validation › GPS Validation › should validate GPS coordinates" classname="organizations/form-validation.spec.ts" time="3.239">
<failure message="form-validation.spec.ts:274:5 should validate GPS coordinates" type="FAILURE">
<![CDATA[  [firefox] › organizations/form-validation.spec.ts:274:5 › Organization Form Validation › GPS Validation › should validate GPS coordinates 

    Error: page.evaluate: The operation is insecure.
    @debugger eval code line 291 > eval:1:7
    evaluate@debugger eval code:293:16
    @debugger eval code:1:44

        at @debugger eval code line 291 > eval:1:7
        at evaluate@debugger eval code:293:16
        at @debugger eval code:1:44
        at TestUtils.login (/mnt/r/Projects/ForkFlow-crm/tests/helpers/testUtils.ts:9:38)
        at /mnt/r/Projects/ForkFlow-crm/tests/organizations/form-validation.spec.ts:15:19

    attachment #1: screenshot (image/png) ──────────────────────────────────────────────────────────
    test-results/organizations-form-validat-8372b-ld-validate-GPS-coordinates-firefox/test-failed-1.png
    ────────────────────────────────────────────────────────────────────────────────────────────────

    attachment #2: video (video/webm) ──────────────────────────────────────────────────────────────
    test-results/organizations-form-validat-8372b-ld-validate-GPS-coordinates-firefox/video.webm
    ────────────────────────────────────────────────────────────────────────────────────────────────
]]>
</failure>
<system-out>
<![CDATA[
[[ATTACHMENT|organizations-form-validat-8372b-ld-validate-GPS-coordinates-firefox/test-failed-1.png]]

[[ATTACHMENT|organizations-form-validat-8372b-ld-validate-GPS-coordinates-firefox/video.webm]]
]]>
</system-out>
<system-err>
<![CDATA[Error accessing localStorage: page.evaluate: The operation is insecure.
@debugger eval code line 291 > eval:2:26
evaluate@debugger eval code:293:16
@debugger eval code:1:44

    at TestUtils.isLoggedIn [90m(/mnt/r/Projects/ForkFlow-crm/[39mtests/helpers/testUtils.ts:51:30[90m)[39m
    at [90m/mnt/r/Projects/ForkFlow-crm/[39mtests/organizations/form-validation.spec.ts:14:23 {
  name: [32m'Error'[39m,
  [[32mSymbol(step)[39m]: {
    stepId: [32m'pw:api@12'[39m,
    location: {
      file: [32m'/mnt/r/Projects/ForkFlow-crm/tests/helpers/testUtils.ts'[39m,
      line: [33m51[39m,
      column: [33m30[39m,
      function: [32m'TestUtils.isLoggedIn'[39m
    },
    category: [32m'pw:api'[39m,
    title: [32m'Evaluate'[39m,
    apiName: [32m'page.evaluate'[39m,
    params: {
      expression: [32m'() => {\n'[39m +
        [32m"        const hasAuth = !!localStorage.getItem('auth') || !!localStorage.getItem('user');\n"[39m +
        [32m"        const isTestMode = localStorage.getItem('test-mode') === 'true';\n"[39m +
        [32m'        return hasAuth || isTestMode;\n'[39m +
        [32m'      }'[39m,
      isFunction: [33mtrue[39m,
      arg: [36m[Object][39m
    },
    boxedStack: [90mundefined[39m,
    steps: [],
    attachmentIndices: [],
    info: TestStepInfoImpl {
      annotations: [],
      _testInfo: [36m[TestInfoImpl][39m,
      _stepId: [32m'pw:api@12'[39m
    },
    complete: [36m[Function: complete][39m,
    endWallTime: [33m1751169082578[39m,
    error: {
      message: [32m'Error: page.evaluate: The operation is insecure.\n'[39m +
        [32m'@debugger eval code line 291 > eval:2:26\n'[39m +
        [32m'evaluate@debugger eval code:293:16\n'[39m +
        [32m'@debugger eval code:1:44\n'[39m,
      stack: [32m'Error: page.evaluate: The operation is insecure.\n'[39m +
        [32m'@debugger eval code line 291 > eval:2:26\n'[39m +
        [32m'evaluate@debugger eval code:293:16\n'[39m +
        [32m'@debugger eval code:1:44\n'[39m +
        [32m'\n'[39m +
        [32m'    at @debugger eval code line 291 > eval:2:26\n'[39m +
        [32m'    at evaluate@debugger eval code:293:16\n'[39m +
        [32m'    at @debugger eval code:1:44\n'[39m +
        [32m'    at TestUtils.isLoggedIn (/mnt/r/Projects/ForkFlow-crm/tests/helpers/testUtils.ts:51:30)\n'[39m +
        [32m'    at /mnt/r/Projects/ForkFlow-crm/tests/organizations/form-validation.spec.ts:14:23'[39m,
      cause: [90mundefined[39m
    }
  }
}
]]>
</system-err>
</testcase>
<testcase name="Organization Form Validation › GPS Validation › should handle GPS permission denied" classname="organizations/form-validation.spec.ts" time="3.426">
<failure message="form-validation.spec.ts:292:5 should handle GPS permission denied" type="FAILURE">
<![CDATA[  [firefox] › organizations/form-validation.spec.ts:292:5 › Organization Form Validation › GPS Validation › should handle GPS permission denied 

    Error: page.evaluate: The operation is insecure.
    @debugger eval code line 291 > eval:1:7
    evaluate@debugger eval code:293:16
    @debugger eval code:1:44

        at @debugger eval code line 291 > eval:1:7
        at evaluate@debugger eval code:293:16
        at @debugger eval code:1:44
        at TestUtils.login (/mnt/r/Projects/ForkFlow-crm/tests/helpers/testUtils.ts:9:38)
        at /mnt/r/Projects/ForkFlow-crm/tests/organizations/form-validation.spec.ts:15:19

    attachment #1: screenshot (image/png) ──────────────────────────────────────────────────────────
    test-results/organizations-form-validat-913fb-andle-GPS-permission-denied-firefox/test-failed-1.png
    ────────────────────────────────────────────────────────────────────────────────────────────────

    attachment #2: video (video/webm) ──────────────────────────────────────────────────────────────
    test-results/organizations-form-validat-913fb-andle-GPS-permission-denied-firefox/video.webm
    ────────────────────────────────────────────────────────────────────────────────────────────────
]]>
</failure>
<system-out>
<![CDATA[
[[ATTACHMENT|organizations-form-validat-913fb-andle-GPS-permission-denied-firefox/test-failed-1.png]]

[[ATTACHMENT|organizations-form-validat-913fb-andle-GPS-permission-denied-firefox/video.webm]]
]]>
</system-out>
<system-err>
<![CDATA[Error accessing localStorage: page.evaluate: The operation is insecure.
@debugger eval code line 291 > eval:2:26
evaluate@debugger eval code:293:16
@debugger eval code:1:44

    at TestUtils.isLoggedIn [90m(/mnt/r/Projects/ForkFlow-crm/[39mtests/helpers/testUtils.ts:51:30[90m)[39m
    at [90m/mnt/r/Projects/ForkFlow-crm/[39mtests/organizations/form-validation.spec.ts:14:23 {
  name: [32m'Error'[39m,
  [[32mSymbol(step)[39m]: {
    stepId: [32m'pw:api@12'[39m,
    location: {
      file: [32m'/mnt/r/Projects/ForkFlow-crm/tests/helpers/testUtils.ts'[39m,
      line: [33m51[39m,
      column: [33m30[39m,
      function: [32m'TestUtils.isLoggedIn'[39m
    },
    category: [32m'pw:api'[39m,
    title: [32m'Evaluate'[39m,
    apiName: [32m'page.evaluate'[39m,
    params: {
      expression: [32m'() => {\n'[39m +
        [32m"        const hasAuth = !!localStorage.getItem('auth') || !!localStorage.getItem('user');\n"[39m +
        [32m"        const isTestMode = localStorage.getItem('test-mode') === 'true';\n"[39m +
        [32m'        return hasAuth || isTestMode;\n'[39m +
        [32m'      }'[39m,
      isFunction: [33mtrue[39m,
      arg: [36m[Object][39m
    },
    boxedStack: [90mundefined[39m,
    steps: [],
    attachmentIndices: [],
    info: TestStepInfoImpl {
      annotations: [],
      _testInfo: [36m[TestInfoImpl][39m,
      _stepId: [32m'pw:api@12'[39m
    },
    complete: [36m[Function: complete][39m,
    endWallTime: [33m1751169093817[39m,
    error: {
      message: [32m'Error: page.evaluate: The operation is insecure.\n'[39m +
        [32m'@debugger eval code line 291 > eval:2:26\n'[39m +
        [32m'evaluate@debugger eval code:293:16\n'[39m +
        [32m'@debugger eval code:1:44\n'[39m,
      stack: [32m'Error: page.evaluate: The operation is insecure.\n'[39m +
        [32m'@debugger eval code line 291 > eval:2:26\n'[39m +
        [32m'evaluate@debugger eval code:293:16\n'[39m +
        [32m'@debugger eval code:1:44\n'[39m +
        [32m'\n'[39m +
        [32m'    at @debugger eval code line 291 > eval:2:26\n'[39m +
        [32m'    at evaluate@debugger eval code:293:16\n'[39m +
        [32m'    at @debugger eval code:1:44\n'[39m +
        [32m'    at TestUtils.isLoggedIn (/mnt/r/Projects/ForkFlow-crm/tests/helpers/testUtils.ts:51:30)\n'[39m +
        [32m'    at /mnt/r/Projects/ForkFlow-crm/tests/organizations/form-validation.spec.ts:14:23'[39m,
      cause: [90mundefined[39m
    }
  }
}
]]>
</system-err>
</testcase>
<testcase name="Organization Form Validation › GPS Validation › should validate coordinate ranges" classname="organizations/form-validation.spec.ts" time="3.32">
<failure message="form-validation.spec.ts:309:5 should validate coordinate ranges" type="FAILURE">
<![CDATA[  [firefox] › organizations/form-validation.spec.ts:309:5 › Organization Form Validation › GPS Validation › should validate coordinate ranges 

    Error: page.evaluate: The operation is insecure.
    @debugger eval code line 291 > eval:1:7
    evaluate@debugger eval code:293:16
    @debugger eval code:1:44

        at @debugger eval code line 291 > eval:1:7
        at evaluate@debugger eval code:293:16
        at @debugger eval code:1:44
        at TestUtils.login (/mnt/r/Projects/ForkFlow-crm/tests/helpers/testUtils.ts:9:38)
        at /mnt/r/Projects/ForkFlow-crm/tests/organizations/form-validation.spec.ts:15:19

    attachment #1: screenshot (image/png) ──────────────────────────────────────────────────────────
    test-results/organizations-form-validat-d5bfd--validate-coordinate-ranges-firefox/test-failed-1.png
    ────────────────────────────────────────────────────────────────────────────────────────────────

    attachment #2: video (video/webm) ──────────────────────────────────────────────────────────────
    test-results/organizations-form-validat-d5bfd--validate-coordinate-ranges-firefox/video.webm
    ────────────────────────────────────────────────────────────────────────────────────────────────
]]>
</failure>
<system-out>
<![CDATA[
[[ATTACHMENT|organizations-form-validat-d5bfd--validate-coordinate-ranges-firefox/test-failed-1.png]]

[[ATTACHMENT|organizations-form-validat-d5bfd--validate-coordinate-ranges-firefox/video.webm]]
]]>
</system-out>
<system-err>
<![CDATA[Error accessing localStorage: page.evaluate: The operation is insecure.
@debugger eval code line 291 > eval:2:26
evaluate@debugger eval code:293:16
@debugger eval code:1:44

    at TestUtils.isLoggedIn [90m(/mnt/r/Projects/ForkFlow-crm/[39mtests/helpers/testUtils.ts:51:30[90m)[39m
    at [90m/mnt/r/Projects/ForkFlow-crm/[39mtests/organizations/form-validation.spec.ts:14:23 {
  name: [32m'Error'[39m,
  [[32mSymbol(step)[39m]: {
    stepId: [32m'pw:api@12'[39m,
    location: {
      file: [32m'/mnt/r/Projects/ForkFlow-crm/tests/helpers/testUtils.ts'[39m,
      line: [33m51[39m,
      column: [33m30[39m,
      function: [32m'TestUtils.isLoggedIn'[39m
    },
    category: [32m'pw:api'[39m,
    title: [32m'Evaluate'[39m,
    apiName: [32m'page.evaluate'[39m,
    params: {
      expression: [32m'() => {\n'[39m +
        [32m"        const hasAuth = !!localStorage.getItem('auth') || !!localStorage.getItem('user');\n"[39m +
        [32m"        const isTestMode = localStorage.getItem('test-mode') === 'true';\n"[39m +
        [32m'        return hasAuth || isTestMode;\n'[39m +
        [32m'      }'[39m,
      isFunction: [33mtrue[39m,
      arg: [36m[Object][39m
    },
    boxedStack: [90mundefined[39m,
    steps: [],
    attachmentIndices: [],
    info: TestStepInfoImpl {
      annotations: [],
      _testInfo: [36m[TestInfoImpl][39m,
      _stepId: [32m'pw:api@12'[39m
    },
    complete: [36m[Function: complete][39m,
    endWallTime: [33m1751169104963[39m,
    error: {
      message: [32m'Error: page.evaluate: The operation is insecure.\n'[39m +
        [32m'@debugger eval code line 291 > eval:2:26\n'[39m +
        [32m'evaluate@debugger eval code:293:16\n'[39m +
        [32m'@debugger eval code:1:44\n'[39m,
      stack: [32m'Error: page.evaluate: The operation is insecure.\n'[39m +
        [32m'@debugger eval code line 291 > eval:2:26\n'[39m +
        [32m'evaluate@debugger eval code:293:16\n'[39m +
        [32m'@debugger eval code:1:44\n'[39m +
        [32m'\n'[39m +
        [32m'    at @debugger eval code line 291 > eval:2:26\n'[39m +
        [32m'    at evaluate@debugger eval code:293:16\n'[39m +
        [32m'    at @debugger eval code:1:44\n'[39m +
        [32m'    at TestUtils.isLoggedIn (/mnt/r/Projects/ForkFlow-crm/tests/helpers/testUtils.ts:51:30)\n'[39m +
        [32m'    at /mnt/r/Projects/ForkFlow-crm/tests/organizations/form-validation.spec.ts:14:23'[39m,
      cause: [90mundefined[39m
    }
  }
}
]]>
</system-err>
</testcase>
<testcase name="Organization Form Validation › Dropdown Validation › should validate priority selection" classname="organizations/form-validation.spec.ts" time="3.56">
<failure message="form-validation.spec.ts:325:5 should validate priority selection" type="FAILURE">
<![CDATA[  [firefox] › organizations/form-validation.spec.ts:325:5 › Organization Form Validation › Dropdown Validation › should validate priority selection 

    Error: page.evaluate: The operation is insecure.
    @debugger eval code line 291 > eval:1:7
    evaluate@debugger eval code:293:16
    @debugger eval code:1:44

        at @debugger eval code line 291 > eval:1:7
        at evaluate@debugger eval code:293:16
        at @debugger eval code:1:44
        at TestUtils.login (/mnt/r/Projects/ForkFlow-crm/tests/helpers/testUtils.ts:9:38)
        at /mnt/r/Projects/ForkFlow-crm/tests/organizations/form-validation.spec.ts:15:19

    attachment #1: screenshot (image/png) ──────────────────────────────────────────────────────────
    test-results/organizations-form-validat-a4101-validate-priority-selection-firefox/test-failed-1.png
    ────────────────────────────────────────────────────────────────────────────────────────────────

    attachment #2: video (video/webm) ──────────────────────────────────────────────────────────────
    test-results/organizations-form-validat-a4101-validate-priority-selection-firefox/video.webm
    ────────────────────────────────────────────────────────────────────────────────────────────────
]]>
</failure>
<system-out>
<![CDATA[
[[ATTACHMENT|organizations-form-validat-a4101-validate-priority-selection-firefox/test-failed-1.png]]

[[ATTACHMENT|organizations-form-validat-a4101-validate-priority-selection-firefox/video.webm]]
]]>
</system-out>
<system-err>
<![CDATA[Error accessing localStorage: page.evaluate: The operation is insecure.
@debugger eval code line 291 > eval:2:26
evaluate@debugger eval code:293:16
@debugger eval code:1:44

    at TestUtils.isLoggedIn [90m(/mnt/r/Projects/ForkFlow-crm/[39mtests/helpers/testUtils.ts:51:30[90m)[39m
    at [90m/mnt/r/Projects/ForkFlow-crm/[39mtests/organizations/form-validation.spec.ts:14:23 {
  name: [32m'Error'[39m,
  [[32mSymbol(step)[39m]: {
    stepId: [32m'pw:api@12'[39m,
    location: {
      file: [32m'/mnt/r/Projects/ForkFlow-crm/tests/helpers/testUtils.ts'[39m,
      line: [33m51[39m,
      column: [33m30[39m,
      function: [32m'TestUtils.isLoggedIn'[39m
    },
    category: [32m'pw:api'[39m,
    title: [32m'Evaluate'[39m,
    apiName: [32m'page.evaluate'[39m,
    params: {
      expression: [32m'() => {\n'[39m +
        [32m"        const hasAuth = !!localStorage.getItem('auth') || !!localStorage.getItem('user');\n"[39m +
        [32m"        const isTestMode = localStorage.getItem('test-mode') === 'true';\n"[39m +
        [32m'        return hasAuth || isTestMode;\n'[39m +
        [32m'      }'[39m,
      isFunction: [33mtrue[39m,
      arg: [36m[Object][39m
    },
    boxedStack: [90mundefined[39m,
    steps: [],
    attachmentIndices: [],
    info: TestStepInfoImpl {
      annotations: [],
      _testInfo: [36m[TestInfoImpl][39m,
      _stepId: [32m'pw:api@12'[39m
    },
    complete: [36m[Function: complete][39m,
    endWallTime: [33m1751169115658[39m,
    error: {
      message: [32m'Error: page.evaluate: The operation is insecure.\n'[39m +
        [32m'@debugger eval code line 291 > eval:2:26\n'[39m +
        [32m'evaluate@debugger eval code:293:16\n'[39m +
        [32m'@debugger eval code:1:44\n'[39m,
      stack: [32m'Error: page.evaluate: The operation is insecure.\n'[39m +
        [32m'@debugger eval code line 291 > eval:2:26\n'[39m +
        [32m'evaluate@debugger eval code:293:16\n'[39m +
        [32m'@debugger eval code:1:44\n'[39m +
        [32m'\n'[39m +
        [32m'    at @debugger eval code line 291 > eval:2:26\n'[39m +
        [32m'    at evaluate@debugger eval code:293:16\n'[39m +
        [32m'    at @debugger eval code:1:44\n'[39m +
        [32m'    at TestUtils.isLoggedIn (/mnt/r/Projects/ForkFlow-crm/tests/helpers/testUtils.ts:51:30)\n'[39m +
        [32m'    at /mnt/r/Projects/ForkFlow-crm/tests/organizations/form-validation.spec.ts:14:23'[39m,
      cause: [90mundefined[39m
    }
  }
}
]]>
</system-err>
</testcase>
<testcase name="Organization Form Validation › Dropdown Validation › should validate segment selection" classname="organizations/form-validation.spec.ts" time="3.462">
<failure message="form-validation.spec.ts:340:5 should validate segment selection" type="FAILURE">
<![CDATA[  [firefox] › organizations/form-validation.spec.ts:340:5 › Organization Form Validation › Dropdown Validation › should validate segment selection 

    Error: page.evaluate: The operation is insecure.
    @debugger eval code line 291 > eval:1:7
    evaluate@debugger eval code:293:16
    @debugger eval code:1:44

        at @debugger eval code line 291 > eval:1:7
        at evaluate@debugger eval code:293:16
        at @debugger eval code:1:44
        at TestUtils.login (/mnt/r/Projects/ForkFlow-crm/tests/helpers/testUtils.ts:9:38)
        at /mnt/r/Projects/ForkFlow-crm/tests/organizations/form-validation.spec.ts:15:19

    attachment #1: screenshot (image/png) ──────────────────────────────────────────────────────────
    test-results/organizations-form-validat-ee137--validate-segment-selection-firefox/test-failed-1.png
    ────────────────────────────────────────────────────────────────────────────────────────────────

    attachment #2: video (video/webm) ──────────────────────────────────────────────────────────────
    test-results/organizations-form-validat-ee137--validate-segment-selection-firefox/video.webm
    ────────────────────────────────────────────────────────────────────────────────────────────────
]]>
</failure>
<system-out>
<![CDATA[
[[ATTACHMENT|organizations-form-validat-ee137--validate-segment-selection-firefox/test-failed-1.png]]

[[ATTACHMENT|organizations-form-validat-ee137--validate-segment-selection-firefox/video.webm]]
]]>
</system-out>
<system-err>
<![CDATA[Error accessing localStorage: page.evaluate: The operation is insecure.
@debugger eval code line 291 > eval:2:26
evaluate@debugger eval code:293:16
@debugger eval code:1:44

    at TestUtils.isLoggedIn [90m(/mnt/r/Projects/ForkFlow-crm/[39mtests/helpers/testUtils.ts:51:30[90m)[39m
    at [90m/mnt/r/Projects/ForkFlow-crm/[39mtests/organizations/form-validation.spec.ts:14:23 {
  name: [32m'Error'[39m,
  [[32mSymbol(step)[39m]: {
    stepId: [32m'pw:api@12'[39m,
    location: {
      file: [32m'/mnt/r/Projects/ForkFlow-crm/tests/helpers/testUtils.ts'[39m,
      line: [33m51[39m,
      column: [33m30[39m,
      function: [32m'TestUtils.isLoggedIn'[39m
    },
    category: [32m'pw:api'[39m,
    title: [32m'Evaluate'[39m,
    apiName: [32m'page.evaluate'[39m,
    params: {
      expression: [32m'() => {\n'[39m +
        [32m"        const hasAuth = !!localStorage.getItem('auth') || !!localStorage.getItem('user');\n"[39m +
        [32m"        const isTestMode = localStorage.getItem('test-mode') === 'true';\n"[39m +
        [32m'        return hasAuth || isTestMode;\n'[39m +
        [32m'      }'[39m,
      isFunction: [33mtrue[39m,
      arg: [36m[Object][39m
    },
    boxedStack: [90mundefined[39m,
    steps: [],
    attachmentIndices: [],
    info: TestStepInfoImpl {
      annotations: [],
      _testInfo: [36m[TestInfoImpl][39m,
      _stepId: [32m'pw:api@12'[39m
    },
    complete: [36m[Function: complete][39m,
    endWallTime: [33m1751169127857[39m,
    error: {
      message: [32m'Error: page.evaluate: The operation is insecure.\n'[39m +
        [32m'@debugger eval code line 291 > eval:2:26\n'[39m +
        [32m'evaluate@debugger eval code:293:16\n'[39m +
        [32m'@debugger eval code:1:44\n'[39m,
      stack: [32m'Error: page.evaluate: The operation is insecure.\n'[39m +
        [32m'@debugger eval code line 291 > eval:2:26\n'[39m +
        [32m'evaluate@debugger eval code:293:16\n'[39m +
        [32m'@debugger eval code:1:44\n'[39m +
        [32m'\n'[39m +
        [32m'    at @debugger eval code line 291 > eval:2:26\n'[39m +
        [32m'    at evaluate@debugger eval code:293:16\n'[39m +
        [32m'    at @debugger eval code:1:44\n'[39m +
        [32m'    at TestUtils.isLoggedIn (/mnt/r/Projects/ForkFlow-crm/tests/helpers/testUtils.ts:51:30)\n'[39m +
        [32m'    at /mnt/r/Projects/ForkFlow-crm/tests/organizations/form-validation.spec.ts:14:23'[39m,
      cause: [90mundefined[39m
    }
  }
}
]]>
</system-err>
</testcase>
<testcase name="Organization Form Validation › Dropdown Validation › should handle empty dropdown selections" classname="organizations/form-validation.spec.ts" time="3.336">
<failure message="form-validation.spec.ts:351:5 should handle empty dropdown selections" type="FAILURE">
<![CDATA[  [firefox] › organizations/form-validation.spec.ts:351:5 › Organization Form Validation › Dropdown Validation › should handle empty dropdown selections 

    Error: page.evaluate: The operation is insecure.
    @debugger eval code line 291 > eval:1:7
    evaluate@debugger eval code:293:16
    @debugger eval code:1:44

        at @debugger eval code line 291 > eval:1:7
        at evaluate@debugger eval code:293:16
        at @debugger eval code:1:44
        at TestUtils.login (/mnt/r/Projects/ForkFlow-crm/tests/helpers/testUtils.ts:9:38)
        at /mnt/r/Projects/ForkFlow-crm/tests/organizations/form-validation.spec.ts:15:19

    attachment #1: screenshot (image/png) ──────────────────────────────────────────────────────────
    test-results/organizations-form-validat-edd96-e-empty-dropdown-selections-firefox/test-failed-1.png
    ────────────────────────────────────────────────────────────────────────────────────────────────

    attachment #2: video (video/webm) ──────────────────────────────────────────────────────────────
    test-results/organizations-form-validat-edd96-e-empty-dropdown-selections-firefox/video.webm
    ────────────────────────────────────────────────────────────────────────────────────────────────
]]>
</failure>
<system-out>
<![CDATA[
[[ATTACHMENT|organizations-form-validat-edd96-e-empty-dropdown-selections-firefox/test-failed-1.png]]

[[ATTACHMENT|organizations-form-validat-edd96-e-empty-dropdown-selections-firefox/video.webm]]
]]>
</system-out>
<system-err>
<![CDATA[Error accessing localStorage: page.evaluate: The operation is insecure.
@debugger eval code line 291 > eval:2:26
evaluate@debugger eval code:293:16
@debugger eval code:1:44

    at TestUtils.isLoggedIn [90m(/mnt/r/Projects/ForkFlow-crm/[39mtests/helpers/testUtils.ts:51:30[90m)[39m
    at [90m/mnt/r/Projects/ForkFlow-crm/[39mtests/organizations/form-validation.spec.ts:14:23 {
  name: [32m'Error'[39m,
  [[32mSymbol(step)[39m]: {
    stepId: [32m'pw:api@12'[39m,
    location: {
      file: [32m'/mnt/r/Projects/ForkFlow-crm/tests/helpers/testUtils.ts'[39m,
      line: [33m51[39m,
      column: [33m30[39m,
      function: [32m'TestUtils.isLoggedIn'[39m
    },
    category: [32m'pw:api'[39m,
    title: [32m'Evaluate'[39m,
    apiName: [32m'page.evaluate'[39m,
    params: {
      expression: [32m'() => {\n'[39m +
        [32m"        const hasAuth = !!localStorage.getItem('auth') || !!localStorage.getItem('user');\n"[39m +
        [32m"        const isTestMode = localStorage.getItem('test-mode') === 'true';\n"[39m +
        [32m'        return hasAuth || isTestMode;\n'[39m +
        [32m'      }'[39m,
      isFunction: [33mtrue[39m,
      arg: [36m[Object][39m
    },
    boxedStack: [90mundefined[39m,
    steps: [],
    attachmentIndices: [],
    info: TestStepInfoImpl {
      annotations: [],
      _testInfo: [36m[TestInfoImpl][39m,
      _stepId: [32m'pw:api@12'[39m
    },
    complete: [36m[Function: complete][39m,
    endWallTime: [33m1751169137957[39m,
    error: {
      message: [32m'Error: page.evaluate: The operation is insecure.\n'[39m +
        [32m'@debugger eval code line 291 > eval:2:26\n'[39m +
        [32m'evaluate@debugger eval code:293:16\n'[39m +
        [32m'@debugger eval code:1:44\n'[39m,
      stack: [32m'Error: page.evaluate: The operation is insecure.\n'[39m +
        [32m'@debugger eval code line 291 > eval:2:26\n'[39m +
        [32m'evaluate@debugger eval code:293:16\n'[39m +
        [32m'@debugger eval code:1:44\n'[39m +
        [32m'\n'[39m +
        [32m'    at @debugger eval code line 291 > eval:2:26\n'[39m +
        [32m'    at evaluate@debugger eval code:293:16\n'[39m +
        [32m'    at @debugger eval code:1:44\n'[39m +
        [32m'    at TestUtils.isLoggedIn (/mnt/r/Projects/ForkFlow-crm/tests/helpers/testUtils.ts:51:30)\n'[39m +
        [32m'    at /mnt/r/Projects/ForkFlow-crm/tests/organizations/form-validation.spec.ts:14:23'[39m,
      cause: [90mundefined[39m
    }
  }
}
]]>
</system-err>
</testcase>
<testcase name="Organization Form Validation › Form Accessibility › should have proper labels for all fields" classname="organizations/form-validation.spec.ts" time="3.66">
<failure message="form-validation.spec.ts:363:5 should have proper labels for all fields" type="FAILURE">
<![CDATA[  [firefox] › organizations/form-validation.spec.ts:363:5 › Organization Form Validation › Form Accessibility › should have proper labels for all fields 

    Error: page.evaluate: The operation is insecure.
    @debugger eval code line 291 > eval:1:7
    evaluate@debugger eval code:293:16
    @debugger eval code:1:44

        at @debugger eval code line 291 > eval:1:7
        at evaluate@debugger eval code:293:16
        at @debugger eval code:1:44
        at TestUtils.login (/mnt/r/Projects/ForkFlow-crm/tests/helpers/testUtils.ts:9:38)
        at /mnt/r/Projects/ForkFlow-crm/tests/organizations/form-validation.spec.ts:15:19

    attachment #1: screenshot (image/png) ──────────────────────────────────────────────────────────
    test-results/organizations-form-validat-45ddb-roper-labels-for-all-fields-firefox/test-failed-1.png
    ────────────────────────────────────────────────────────────────────────────────────────────────

    attachment #2: video (video/webm) ──────────────────────────────────────────────────────────────
    test-results/organizations-form-validat-45ddb-roper-labels-for-all-fields-firefox/video.webm
    ────────────────────────────────────────────────────────────────────────────────────────────────
]]>
</failure>
<system-out>
<![CDATA[
[[ATTACHMENT|organizations-form-validat-45ddb-roper-labels-for-all-fields-firefox/test-failed-1.png]]

[[ATTACHMENT|organizations-form-validat-45ddb-roper-labels-for-all-fields-firefox/video.webm]]
]]>
</system-out>
<system-err>
<![CDATA[Error accessing localStorage: page.evaluate: The operation is insecure.
@debugger eval code line 291 > eval:2:26
evaluate@debugger eval code:293:16
@debugger eval code:1:44

    at TestUtils.isLoggedIn [90m(/mnt/r/Projects/ForkFlow-crm/[39mtests/helpers/testUtils.ts:51:30[90m)[39m
    at [90m/mnt/r/Projects/ForkFlow-crm/[39mtests/organizations/form-validation.spec.ts:14:23 {
  name: [32m'Error'[39m,
  [[32mSymbol(step)[39m]: {
    stepId: [32m'pw:api@12'[39m,
    location: {
      file: [32m'/mnt/r/Projects/ForkFlow-crm/tests/helpers/testUtils.ts'[39m,
      line: [33m51[39m,
      column: [33m30[39m,
      function: [32m'TestUtils.isLoggedIn'[39m
    },
    category: [32m'pw:api'[39m,
    title: [32m'Evaluate'[39m,
    apiName: [32m'page.evaluate'[39m,
    params: {
      expression: [32m'() => {\n'[39m +
        [32m"        const hasAuth = !!localStorage.getItem('auth') || !!localStorage.getItem('user');\n"[39m +
        [32m"        const isTestMode = localStorage.getItem('test-mode') === 'true';\n"[39m +
        [32m'        return hasAuth || isTestMode;\n'[39m +
        [32m'      }'[39m,
      isFunction: [33mtrue[39m,
      arg: [36m[Object][39m
    },
    boxedStack: [90mundefined[39m,
    steps: [],
    attachmentIndices: [],
    info: TestStepInfoImpl {
      annotations: [],
      _testInfo: [36m[TestInfoImpl][39m,
      _stepId: [32m'pw:api@12'[39m
    },
    complete: [36m[Function: complete][39m,
    endWallTime: [33m1751169149504[39m,
    error: {
      message: [32m'Error: page.evaluate: The operation is insecure.\n'[39m +
        [32m'@debugger eval code line 291 > eval:2:26\n'[39m +
        [32m'evaluate@debugger eval code:293:16\n'[39m +
        [32m'@debugger eval code:1:44\n'[39m,
      stack: [32m'Error: page.evaluate: The operation is insecure.\n'[39m +
        [32m'@debugger eval code line 291 > eval:2:26\n'[39m +
        [32m'evaluate@debugger eval code:293:16\n'[39m +
        [32m'@debugger eval code:1:44\n'[39m +
        [32m'\n'[39m +
        [32m'    at @debugger eval code line 291 > eval:2:26\n'[39m +
        [32m'    at evaluate@debugger eval code:293:16\n'[39m +
        [32m'    at @debugger eval code:1:44\n'[39m +
        [32m'    at TestUtils.isLoggedIn (/mnt/r/Projects/ForkFlow-crm/tests/helpers/testUtils.ts:51:30)\n'[39m +
        [32m'    at /mnt/r/Projects/ForkFlow-crm/tests/organizations/form-validation.spec.ts:14:23'[39m,
      cause: [90mundefined[39m
    }
  }
}
]]>
</system-err>
</testcase>
<testcase name="Organization Form Validation › Form Accessibility › should have proper ARIA attributes" classname="organizations/form-validation.spec.ts" time="3.383">
<failure message="form-validation.spec.ts:367:5 should have proper ARIA attributes" type="FAILURE">
<![CDATA[  [firefox] › organizations/form-validation.spec.ts:367:5 › Organization Form Validation › Form Accessibility › should have proper ARIA attributes 

    Error: page.evaluate: The operation is insecure.
    @debugger eval code line 291 > eval:1:7
    evaluate@debugger eval code:293:16
    @debugger eval code:1:44

        at @debugger eval code line 291 > eval:1:7
        at evaluate@debugger eval code:293:16
        at @debugger eval code:1:44
        at TestUtils.login (/mnt/r/Projects/ForkFlow-crm/tests/helpers/testUtils.ts:9:38)
        at /mnt/r/Projects/ForkFlow-crm/tests/organizations/form-validation.spec.ts:15:19

    attachment #1: screenshot (image/png) ──────────────────────────────────────────────────────────
    test-results/organizations-form-validat-4ed9f-have-proper-ARIA-attributes-firefox/test-failed-1.png
    ────────────────────────────────────────────────────────────────────────────────────────────────

    attachment #2: video (video/webm) ──────────────────────────────────────────────────────────────
    test-results/organizations-form-validat-4ed9f-have-proper-ARIA-attributes-firefox/video.webm
    ────────────────────────────────────────────────────────────────────────────────────────────────
]]>
</failure>
<system-out>
<![CDATA[
[[ATTACHMENT|organizations-form-validat-4ed9f-have-proper-ARIA-attributes-firefox/test-failed-1.png]]

[[ATTACHMENT|organizations-form-validat-4ed9f-have-proper-ARIA-attributes-firefox/video.webm]]
]]>
</system-out>
<system-err>
<![CDATA[Error accessing localStorage: page.evaluate: The operation is insecure.
@debugger eval code line 291 > eval:2:26
evaluate@debugger eval code:293:16
@debugger eval code:1:44

    at TestUtils.isLoggedIn [90m(/mnt/r/Projects/ForkFlow-crm/[39mtests/helpers/testUtils.ts:51:30[90m)[39m
    at [90m/mnt/r/Projects/ForkFlow-crm/[39mtests/organizations/form-validation.spec.ts:14:23 {
  name: [32m'Error'[39m,
  [[32mSymbol(step)[39m]: {
    stepId: [32m'pw:api@12'[39m,
    location: {
      file: [32m'/mnt/r/Projects/ForkFlow-crm/tests/helpers/testUtils.ts'[39m,
      line: [33m51[39m,
      column: [33m30[39m,
      function: [32m'TestUtils.isLoggedIn'[39m
    },
    category: [32m'pw:api'[39m,
    title: [32m'Evaluate'[39m,
    apiName: [32m'page.evaluate'[39m,
    params: {
      expression: [32m'() => {\n'[39m +
        [32m"        const hasAuth = !!localStorage.getItem('auth') || !!localStorage.getItem('user');\n"[39m +
        [32m"        const isTestMode = localStorage.getItem('test-mode') === 'true';\n"[39m +
        [32m'        return hasAuth || isTestMode;\n'[39m +
        [32m'      }'[39m,
      isFunction: [33mtrue[39m,
      arg: [36m[Object][39m
    },
    boxedStack: [90mundefined[39m,
    steps: [],
    attachmentIndices: [],
    info: TestStepInfoImpl {
      annotations: [],
      _testInfo: [36m[TestInfoImpl][39m,
      _stepId: [32m'pw:api@12'[39m
    },
    complete: [36m[Function: complete][39m,
    endWallTime: [33m1751169160497[39m,
    error: {
      message: [32m'Error: page.evaluate: The operation is insecure.\n'[39m +
        [32m'@debugger eval code line 291 > eval:2:26\n'[39m +
        [32m'evaluate@debugger eval code:293:16\n'[39m +
        [32m'@debugger eval code:1:44\n'[39m,
      stack: [32m'Error: page.evaluate: The operation is insecure.\n'[39m +
        [32m'@debugger eval code line 291 > eval:2:26\n'[39m +
        [32m'evaluate@debugger eval code:293:16\n'[39m +
        [32m'@debugger eval code:1:44\n'[39m +
        [32m'\n'[39m +
        [32m'    at @debugger eval code line 291 > eval:2:26\n'[39m +
        [32m'    at evaluate@debugger eval code:293:16\n'[39m +
        [32m'    at @debugger eval code:1:44\n'[39m +
        [32m'    at TestUtils.isLoggedIn (/mnt/r/Projects/ForkFlow-crm/tests/helpers/testUtils.ts:51:30)\n'[39m +
        [32m'    at /mnt/r/Projects/ForkFlow-crm/tests/organizations/form-validation.spec.ts:14:23'[39m,
      cause: [90mundefined[39m
    }
  }
}
]]>
</system-err>
</testcase>
<testcase name="Organization Form Validation › Form Accessibility › should support keyboard navigation" classname="organizations/form-validation.spec.ts" time="3.48">
<failure message="form-validation.spec.ts:382:5 should support keyboard navigation" type="FAILURE">
<![CDATA[  [firefox] › organizations/form-validation.spec.ts:382:5 › Organization Form Validation › Form Accessibility › should support keyboard navigation 

    Error: page.evaluate: The operation is insecure.
    @debugger eval code line 291 > eval:1:7
    evaluate@debugger eval code:293:16
    @debugger eval code:1:44

        at @debugger eval code line 291 > eval:1:7
        at evaluate@debugger eval code:293:16
        at @debugger eval code:1:44
        at TestUtils.login (/mnt/r/Projects/ForkFlow-crm/tests/helpers/testUtils.ts:9:38)
        at /mnt/r/Projects/ForkFlow-crm/tests/organizations/form-validation.spec.ts:15:19

    attachment #1: screenshot (image/png) ──────────────────────────────────────────────────────────
    test-results/organizations-form-validat-e8c50-support-keyboard-navigation-firefox/test-failed-1.png
    ────────────────────────────────────────────────────────────────────────────────────────────────

    attachment #2: video (video/webm) ──────────────────────────────────────────────────────────────
    test-results/organizations-form-validat-e8c50-support-keyboard-navigation-firefox/video.webm
    ────────────────────────────────────────────────────────────────────────────────────────────────
]]>
</failure>
<system-out>
<![CDATA[
[[ATTACHMENT|organizations-form-validat-e8c50-support-keyboard-navigation-firefox/test-failed-1.png]]

[[ATTACHMENT|organizations-form-validat-e8c50-support-keyboard-navigation-firefox/video.webm]]
]]>
</system-out>
<system-err>
<![CDATA[Error accessing localStorage: page.evaluate: The operation is insecure.
@debugger eval code line 291 > eval:2:26
evaluate@debugger eval code:293:16
@debugger eval code:1:44

    at TestUtils.isLoggedIn [90m(/mnt/r/Projects/ForkFlow-crm/[39mtests/helpers/testUtils.ts:51:30[90m)[39m
    at [90m/mnt/r/Projects/ForkFlow-crm/[39mtests/organizations/form-validation.spec.ts:14:23 {
  name: [32m'Error'[39m,
  [[32mSymbol(step)[39m]: {
    stepId: [32m'pw:api@12'[39m,
    location: {
      file: [32m'/mnt/r/Projects/ForkFlow-crm/tests/helpers/testUtils.ts'[39m,
      line: [33m51[39m,
      column: [33m30[39m,
      function: [32m'TestUtils.isLoggedIn'[39m
    },
    category: [32m'pw:api'[39m,
    title: [32m'Evaluate'[39m,
    apiName: [32m'page.evaluate'[39m,
    params: {
      expression: [32m'() => {\n'[39m +
        [32m"        const hasAuth = !!localStorage.getItem('auth') || !!localStorage.getItem('user');\n"[39m +
        [32m"        const isTestMode = localStorage.getItem('test-mode') === 'true';\n"[39m +
        [32m'        return hasAuth || isTestMode;\n'[39m +
        [32m'      }'[39m,
      isFunction: [33mtrue[39m,
      arg: [36m[Object][39m
    },
    boxedStack: [90mundefined[39m,
    steps: [],
    attachmentIndices: [],
    info: TestStepInfoImpl {
      annotations: [],
      _testInfo: [36m[TestInfoImpl][39m,
      _stepId: [32m'pw:api@12'[39m
    },
    complete: [36m[Function: complete][39m,
    endWallTime: [33m1751169172106[39m,
    error: {
      message: [32m'Error: page.evaluate: The operation is insecure.\n'[39m +
        [32m'@debugger eval code line 291 > eval:2:26\n'[39m +
        [32m'evaluate@debugger eval code:293:16\n'[39m +
        [32m'@debugger eval code:1:44\n'[39m,
      stack: [32m'Error: page.evaluate: The operation is insecure.\n'[39m +
        [32m'@debugger eval code line 291 > eval:2:26\n'[39m +
        [32m'evaluate@debugger eval code:293:16\n'[39m +
        [32m'@debugger eval code:1:44\n'[39m +
        [32m'\n'[39m +
        [32m'    at @debugger eval code line 291 > eval:2:26\n'[39m +
        [32m'    at evaluate@debugger eval code:293:16\n'[39m +
        [32m'    at @debugger eval code:1:44\n'[39m +
        [32m'    at TestUtils.isLoggedIn (/mnt/r/Projects/ForkFlow-crm/tests/helpers/testUtils.ts:51:30)\n'[39m +
        [32m'    at /mnt/r/Projects/ForkFlow-crm/tests/organizations/form-validation.spec.ts:14:23'[39m,
      cause: [90mundefined[39m
    }
  }
}
]]>
</system-err>
</testcase>
<testcase name="Organization Form Validation › Form Submission › should prevent duplicate submissions" classname="organizations/form-validation.spec.ts" time="3.435">
<failure message="form-validation.spec.ts:396:5 should prevent duplicate submissions" type="FAILURE">
<![CDATA[  [firefox] › organizations/form-validation.spec.ts:396:5 › Organization Form Validation › Form Submission › should prevent duplicate submissions 

    Error: page.evaluate: The operation is insecure.
    @debugger eval code line 291 > eval:1:7
    evaluate@debugger eval code:293:16
    @debugger eval code:1:44

        at @debugger eval code line 291 > eval:1:7
        at evaluate@debugger eval code:293:16
        at @debugger eval code:1:44
        at TestUtils.login (/mnt/r/Projects/ForkFlow-crm/tests/helpers/testUtils.ts:9:38)
        at /mnt/r/Projects/ForkFlow-crm/tests/organizations/form-validation.spec.ts:15:19

    attachment #1: screenshot (image/png) ──────────────────────────────────────────────────────────
    test-results/organizations-form-validat-77b09-event-duplicate-submissions-firefox/test-failed-1.png
    ────────────────────────────────────────────────────────────────────────────────────────────────

    attachment #2: video (video/webm) ──────────────────────────────────────────────────────────────
    test-results/organizations-form-validat-77b09-event-duplicate-submissions-firefox/video.webm
    ────────────────────────────────────────────────────────────────────────────────────────────────
]]>
</failure>
<system-out>
<![CDATA[
[[ATTACHMENT|organizations-form-validat-77b09-event-duplicate-submissions-firefox/test-failed-1.png]]

[[ATTACHMENT|organizations-form-validat-77b09-event-duplicate-submissions-firefox/video.webm]]
]]>
</system-out>
<system-err>
<![CDATA[Error accessing localStorage: page.evaluate: The operation is insecure.
@debugger eval code line 291 > eval:2:26
evaluate@debugger eval code:293:16
@debugger eval code:1:44

    at TestUtils.isLoggedIn [90m(/mnt/r/Projects/ForkFlow-crm/[39mtests/helpers/testUtils.ts:51:30[90m)[39m
    at [90m/mnt/r/Projects/ForkFlow-crm/[39mtests/organizations/form-validation.spec.ts:14:23 {
  name: [32m'Error'[39m,
  [[32mSymbol(step)[39m]: {
    stepId: [32m'pw:api@12'[39m,
    location: {
      file: [32m'/mnt/r/Projects/ForkFlow-crm/tests/helpers/testUtils.ts'[39m,
      line: [33m51[39m,
      column: [33m30[39m,
      function: [32m'TestUtils.isLoggedIn'[39m
    },
    category: [32m'pw:api'[39m,
    title: [32m'Evaluate'[39m,
    apiName: [32m'page.evaluate'[39m,
    params: {
      expression: [32m'() => {\n'[39m +
        [32m"        const hasAuth = !!localStorage.getItem('auth') || !!localStorage.getItem('user');\n"[39m +
        [32m"        const isTestMode = localStorage.getItem('test-mode') === 'true';\n"[39m +
        [32m'        return hasAuth || isTestMode;\n'[39m +
        [32m'      }'[39m,
      isFunction: [33mtrue[39m,
      arg: [36m[Object][39m
    },
    boxedStack: [90mundefined[39m,
    steps: [],
    attachmentIndices: [],
    info: TestStepInfoImpl {
      annotations: [],
      _testInfo: [36m[TestInfoImpl][39m,
      _stepId: [32m'pw:api@12'[39m
    },
    complete: [36m[Function: complete][39m,
    endWallTime: [33m1751169182344[39m,
    error: {
      message: [32m'Error: page.evaluate: The operation is insecure.\n'[39m +
        [32m'@debugger eval code line 291 > eval:2:26\n'[39m +
        [32m'evaluate@debugger eval code:293:16\n'[39m +
        [32m'@debugger eval code:1:44\n'[39m,
      stack: [32m'Error: page.evaluate: The operation is insecure.\n'[39m +
        [32m'@debugger eval code line 291 > eval:2:26\n'[39m +
        [32m'evaluate@debugger eval code:293:16\n'[39m +
        [32m'@debugger eval code:1:44\n'[39m +
        [32m'\n'[39m +
        [32m'    at @debugger eval code line 291 > eval:2:26\n'[39m +
        [32m'    at evaluate@debugger eval code:293:16\n'[39m +
        [32m'    at @debugger eval code:1:44\n'[39m +
        [32m'    at TestUtils.isLoggedIn (/mnt/r/Projects/ForkFlow-crm/tests/helpers/testUtils.ts:51:30)\n'[39m +
        [32m'    at /mnt/r/Projects/ForkFlow-crm/tests/organizations/form-validation.spec.ts:14:23'[39m,
      cause: [90mundefined[39m
    }
  }
}
]]>
</system-err>
</testcase>
<testcase name="Organization Form Validation › Form Submission › should disable save button during submission" classname="organizations/form-validation.spec.ts" time="3.319">
<failure message="form-validation.spec.ts:421:5 should disable save button during submission" type="FAILURE">
<![CDATA[  [firefox] › organizations/form-validation.spec.ts:421:5 › Organization Form Validation › Form Submission › should disable save button during submission 

    Error: page.evaluate: The operation is insecure.
    @debugger eval code line 291 > eval:1:7
    evaluate@debugger eval code:293:16
    @debugger eval code:1:44

        at @debugger eval code line 291 > eval:1:7
        at evaluate@debugger eval code:293:16
        at @debugger eval code:1:44
        at TestUtils.login (/mnt/r/Projects/ForkFlow-crm/tests/helpers/testUtils.ts:9:38)
        at /mnt/r/Projects/ForkFlow-crm/tests/organizations/form-validation.spec.ts:15:19

    attachment #1: screenshot (image/png) ──────────────────────────────────────────────────────────
    test-results/organizations-form-validat-115b4-ve-button-during-submission-firefox/test-failed-1.png
    ────────────────────────────────────────────────────────────────────────────────────────────────

    attachment #2: video (video/webm) ──────────────────────────────────────────────────────────────
    test-results/organizations-form-validat-115b4-ve-button-during-submission-firefox/video.webm
    ────────────────────────────────────────────────────────────────────────────────────────────────
]]>
</failure>
<system-out>
<![CDATA[
[[ATTACHMENT|organizations-form-validat-115b4-ve-button-during-submission-firefox/test-failed-1.png]]

[[ATTACHMENT|organizations-form-validat-115b4-ve-button-during-submission-firefox/video.webm]]
]]>
</system-out>
<system-err>
<![CDATA[Error accessing localStorage: page.evaluate: The operation is insecure.
@debugger eval code line 291 > eval:2:26
evaluate@debugger eval code:293:16
@debugger eval code:1:44

    at TestUtils.isLoggedIn [90m(/mnt/r/Projects/ForkFlow-crm/[39mtests/helpers/testUtils.ts:51:30[90m)[39m
    at [90m/mnt/r/Projects/ForkFlow-crm/[39mtests/organizations/form-validation.spec.ts:14:23 {
  name: [32m'Error'[39m,
  [[32mSymbol(step)[39m]: {
    stepId: [32m'pw:api@12'[39m,
    location: {
      file: [32m'/mnt/r/Projects/ForkFlow-crm/tests/helpers/testUtils.ts'[39m,
      line: [33m51[39m,
      column: [33m30[39m,
      function: [32m'TestUtils.isLoggedIn'[39m
    },
    category: [32m'pw:api'[39m,
    title: [32m'Evaluate'[39m,
    apiName: [32m'page.evaluate'[39m,
    params: {
      expression: [32m'() => {\n'[39m +
        [32m"        const hasAuth = !!localStorage.getItem('auth') || !!localStorage.getItem('user');\n"[39m +
        [32m"        const isTestMode = localStorage.getItem('test-mode') === 'true';\n"[39m +
        [32m'        return hasAuth || isTestMode;\n'[39m +
        [32m'      }'[39m,
      isFunction: [33mtrue[39m,
      arg: [36m[Object][39m
    },
    boxedStack: [90mundefined[39m,
    steps: [],
    attachmentIndices: [],
    info: TestStepInfoImpl {
      annotations: [],
      _testInfo: [36m[TestInfoImpl][39m,
      _stepId: [32m'pw:api@12'[39m
    },
    complete: [36m[Function: complete][39m,
    endWallTime: [33m1751169194513[39m,
    error: {
      message: [32m'Error: page.evaluate: The operation is insecure.\n'[39m +
        [32m'@debugger eval code line 291 > eval:2:26\n'[39m +
        [32m'evaluate@debugger eval code:293:16\n'[39m +
        [32m'@debugger eval code:1:44\n'[39m,
      stack: [32m'Error: page.evaluate: The operation is insecure.\n'[39m +
        [32m'@debugger eval code line 291 > eval:2:26\n'[39m +
        [32m'evaluate@debugger eval code:293:16\n'[39m +
        [32m'@debugger eval code:1:44\n'[39m +
        [32m'\n'[39m +
        [32m'    at @debugger eval code line 291 > eval:2:26\n'[39m +
        [32m'    at evaluate@debugger eval code:293:16\n'[39m +
        [32m'    at @debugger eval code:1:44\n'[39m +
        [32m'    at TestUtils.isLoggedIn (/mnt/r/Projects/ForkFlow-crm/tests/helpers/testUtils.ts:51:30)\n'[39m +
        [32m'    at /mnt/r/Projects/ForkFlow-crm/tests/organizations/form-validation.spec.ts:14:23'[39m,
      cause: [90mundefined[39m
    }
  }
}
]]>
</system-err>
</testcase>
</testsuite>
<testsuite name="organizations/mobile-responsive.spec.ts" timestamp="2025-06-29T03:15:12.290Z" hostname="firefox" tests="26" failures="26" skipped="0" time="89.27" errors="0">
<testcase name="Organization Mobile Responsive Design › Mobile Device Testing › should display properly on iPhone" classname="organizations/mobile-responsive.spec.ts" time="3.28">
<failure message="mobile-responsive.spec.ts:21:5 should display properly on iPhone" type="FAILURE">
<![CDATA[  [firefox] › organizations/mobile-responsive.spec.ts:21:5 › Organization Mobile Responsive Design › Mobile Device Testing › should display properly on iPhone 

    Error: page.evaluate: The operation is insecure.
    @debugger eval code line 291 > eval:1:7
    evaluate@debugger eval code:293:16
    @debugger eval code:1:44

        at @debugger eval code line 291 > eval:1:7
        at evaluate@debugger eval code:293:16
        at @debugger eval code:1:44
        at TestUtils.login (/mnt/r/Projects/ForkFlow-crm/tests/helpers/testUtils.ts:9:38)
        at /mnt/r/Projects/ForkFlow-crm/tests/organizations/mobile-responsive.spec.ts:16:19

    attachment #1: screenshot (image/png) ──────────────────────────────────────────────────────────
    test-results/organizations-mobile-respo-a35d8--display-properly-on-iPhone-firefox/test-failed-1.png
    ────────────────────────────────────────────────────────────────────────────────────────────────

    attachment #2: video (video/webm) ──────────────────────────────────────────────────────────────
    test-results/organizations-mobile-respo-a35d8--display-properly-on-iPhone-firefox/video.webm
    ────────────────────────────────────────────────────────────────────────────────────────────────
]]>
</failure>
<system-out>
<![CDATA[
[[ATTACHMENT|organizations-mobile-respo-a35d8--display-properly-on-iPhone-firefox/test-failed-1.png]]

[[ATTACHMENT|organizations-mobile-respo-a35d8--display-properly-on-iPhone-firefox/video.webm]]
]]>
</system-out>
<system-err>
<![CDATA[Error accessing localStorage: page.evaluate: The operation is insecure.
@debugger eval code line 291 > eval:2:26
evaluate@debugger eval code:293:16
@debugger eval code:1:44

    at TestUtils.isLoggedIn [90m(/mnt/r/Projects/ForkFlow-crm/[39mtests/helpers/testUtils.ts:51:30[90m)[39m
    at [90m/mnt/r/Projects/ForkFlow-crm/[39mtests/organizations/mobile-responsive.spec.ts:15:23 {
  name: [32m'Error'[39m,
  [[32mSymbol(step)[39m]: {
    stepId: [32m'pw:api@12'[39m,
    location: {
      file: [32m'/mnt/r/Projects/ForkFlow-crm/tests/helpers/testUtils.ts'[39m,
      line: [33m51[39m,
      column: [33m30[39m,
      function: [32m'TestUtils.isLoggedIn'[39m
    },
    category: [32m'pw:api'[39m,
    title: [32m'Evaluate'[39m,
    apiName: [32m'page.evaluate'[39m,
    params: {
      expression: [32m'() => {\n'[39m +
        [32m"        const hasAuth = !!localStorage.getItem('auth') || !!localStorage.getItem('user');\n"[39m +
        [32m"        const isTestMode = localStorage.getItem('test-mode') === 'true';\n"[39m +
        [32m'        return hasAuth || isTestMode;\n'[39m +
        [32m'      }'[39m,
      isFunction: [33mtrue[39m,
      arg: [36m[Object][39m
    },
    boxedStack: [90mundefined[39m,
    steps: [],
    attachmentIndices: [],
    info: TestStepInfoImpl {
      annotations: [],
      _testInfo: [36m[TestInfoImpl][39m,
      _stepId: [32m'pw:api@12'[39m
    },
    complete: [36m[Function: complete][39m,
    endWallTime: [33m1751169204716[39m,
    error: {
      message: [32m'Error: page.evaluate: The operation is insecure.\n'[39m +
        [32m'@debugger eval code line 291 > eval:2:26\n'[39m +
        [32m'evaluate@debugger eval code:293:16\n'[39m +
        [32m'@debugger eval code:1:44\n'[39m,
      stack: [32m'Error: page.evaluate: The operation is insecure.\n'[39m +
        [32m'@debugger eval code line 291 > eval:2:26\n'[39m +
        [32m'evaluate@debugger eval code:293:16\n'[39m +
        [32m'@debugger eval code:1:44\n'[39m +
        [32m'\n'[39m +
        [32m'    at @debugger eval code line 291 > eval:2:26\n'[39m +
        [32m'    at evaluate@debugger eval code:293:16\n'[39m +
        [32m'    at @debugger eval code:1:44\n'[39m +
        [32m'    at TestUtils.isLoggedIn (/mnt/r/Projects/ForkFlow-crm/tests/helpers/testUtils.ts:51:30)\n'[39m +
        [32m'    at /mnt/r/Projects/ForkFlow-crm/tests/organizations/mobile-responsive.spec.ts:15:23'[39m,
      cause: [90mundefined[39m
    }
  }
}
]]>
</system-err>
</testcase>
<testcase name="Organization Mobile Responsive Design › Mobile Device Testing › should handle touch interactions" classname="organizations/mobile-responsive.spec.ts" time="3.399">
<failure message="mobile-responsive.spec.ts:36:5 should handle touch interactions" type="FAILURE">
<![CDATA[  [firefox] › organizations/mobile-responsive.spec.ts:36:5 › Organization Mobile Responsive Design › Mobile Device Testing › should handle touch interactions 

    Error: page.evaluate: The operation is insecure.
    @debugger eval code line 291 > eval:1:7
    evaluate@debugger eval code:293:16
    @debugger eval code:1:44

        at @debugger eval code line 291 > eval:1:7
        at evaluate@debugger eval code:293:16
        at @debugger eval code:1:44
        at TestUtils.login (/mnt/r/Projects/ForkFlow-crm/tests/helpers/testUtils.ts:9:38)
        at /mnt/r/Projects/ForkFlow-crm/tests/organizations/mobile-responsive.spec.ts:16:19

    attachment #1: screenshot (image/png) ──────────────────────────────────────────────────────────
    test-results/organizations-mobile-respo-f786d-d-handle-touch-interactions-firefox/test-failed-1.png
    ────────────────────────────────────────────────────────────────────────────────────────────────

    attachment #2: video (video/webm) ──────────────────────────────────────────────────────────────
    test-results/organizations-mobile-respo-f786d-d-handle-touch-interactions-firefox/video.webm
    ────────────────────────────────────────────────────────────────────────────────────────────────
]]>
</failure>
<system-out>
<![CDATA[
[[ATTACHMENT|organizations-mobile-respo-f786d-d-handle-touch-interactions-firefox/test-failed-1.png]]

[[ATTACHMENT|organizations-mobile-respo-f786d-d-handle-touch-interactions-firefox/video.webm]]
]]>
</system-out>
<system-err>
<![CDATA[Error accessing localStorage: page.evaluate: The operation is insecure.
@debugger eval code line 291 > eval:2:26
evaluate@debugger eval code:293:16
@debugger eval code:1:44

    at TestUtils.isLoggedIn [90m(/mnt/r/Projects/ForkFlow-crm/[39mtests/helpers/testUtils.ts:51:30[90m)[39m
    at [90m/mnt/r/Projects/ForkFlow-crm/[39mtests/organizations/mobile-responsive.spec.ts:15:23 {
  name: [32m'Error'[39m,
  [[32mSymbol(step)[39m]: {
    stepId: [32m'pw:api@12'[39m,
    location: {
      file: [32m'/mnt/r/Projects/ForkFlow-crm/tests/helpers/testUtils.ts'[39m,
      line: [33m51[39m,
      column: [33m30[39m,
      function: [32m'TestUtils.isLoggedIn'[39m
    },
    category: [32m'pw:api'[39m,
    title: [32m'Evaluate'[39m,
    apiName: [32m'page.evaluate'[39m,
    params: {
      expression: [32m'() => {\n'[39m +
        [32m"        const hasAuth = !!localStorage.getItem('auth') || !!localStorage.getItem('user');\n"[39m +
        [32m"        const isTestMode = localStorage.getItem('test-mode') === 'true';\n"[39m +
        [32m'        return hasAuth || isTestMode;\n'[39m +
        [32m'      }'[39m,
      isFunction: [33mtrue[39m,
      arg: [36m[Object][39m
    },
    boxedStack: [90mundefined[39m,
    steps: [],
    attachmentIndices: [],
    info: TestStepInfoImpl {
      annotations: [],
      _testInfo: [36m[TestInfoImpl][39m,
      _stepId: [32m'pw:api@12'[39m
    },
    complete: [36m[Function: complete][39m,
    endWallTime: [33m1751169215898[39m,
    error: {
      message: [32m'Error: page.evaluate: The operation is insecure.\n'[39m +
        [32m'@debugger eval code line 291 > eval:2:26\n'[39m +
        [32m'evaluate@debugger eval code:293:16\n'[39m +
        [32m'@debugger eval code:1:44\n'[39m,
      stack: [32m'Error: page.evaluate: The operation is insecure.\n'[39m +
        [32m'@debugger eval code line 291 > eval:2:26\n'[39m +
        [32m'evaluate@debugger eval code:293:16\n'[39m +
        [32m'@debugger eval code:1:44\n'[39m +
        [32m'\n'[39m +
        [32m'    at @debugger eval code line 291 > eval:2:26\n'[39m +
        [32m'    at evaluate@debugger eval code:293:16\n'[39m +
        [32m'    at @debugger eval code:1:44\n'[39m +
        [32m'    at TestUtils.isLoggedIn (/mnt/r/Projects/ForkFlow-crm/tests/helpers/testUtils.ts:51:30)\n'[39m +
        [32m'    at /mnt/r/Projects/ForkFlow-crm/tests/organizations/mobile-responsive.spec.ts:15:23'[39m,
      cause: [90mundefined[39m
    }
  }
}
]]>
</system-err>
</testcase>
<testcase name="Organization Mobile Responsive Design › Mobile Device Testing › should support swipe gestures on mobile" classname="organizations/mobile-responsive.spec.ts" time="3.576">
<failure message="mobile-responsive.spec.ts:59:5 should support swipe gestures on mobile" type="FAILURE">
<![CDATA[  [firefox] › organizations/mobile-responsive.spec.ts:59:5 › Organization Mobile Responsive Design › Mobile Device Testing › should support swipe gestures on mobile 

    Error: page.evaluate: The operation is insecure.
    @debugger eval code line 291 > eval:1:7
    evaluate@debugger eval code:293:16
    @debugger eval code:1:44

        at @debugger eval code line 291 > eval:1:7
        at evaluate@debugger eval code:293:16
        at @debugger eval code:1:44
        at TestUtils.login (/mnt/r/Projects/ForkFlow-crm/tests/helpers/testUtils.ts:9:38)
        at /mnt/r/Projects/ForkFlow-crm/tests/organizations/mobile-responsive.spec.ts:16:19

    attachment #1: screenshot (image/png) ──────────────────────────────────────────────────────────
    test-results/organizations-mobile-respo-00ce0-rt-swipe-gestures-on-mobile-firefox/test-failed-1.png
    ────────────────────────────────────────────────────────────────────────────────────────────────

    attachment #2: video (video/webm) ──────────────────────────────────────────────────────────────
    test-results/organizations-mobile-respo-00ce0-rt-swipe-gestures-on-mobile-firefox/video.webm
    ────────────────────────────────────────────────────────────────────────────────────────────────
]]>
</failure>
<system-out>
<![CDATA[
[[ATTACHMENT|organizations-mobile-respo-00ce0-rt-swipe-gestures-on-mobile-firefox/test-failed-1.png]]

[[ATTACHMENT|organizations-mobile-respo-00ce0-rt-swipe-gestures-on-mobile-firefox/video.webm]]
]]>
</system-out>
<system-err>
<![CDATA[Error accessing localStorage: page.evaluate: The operation is insecure.
@debugger eval code line 291 > eval:2:26
evaluate@debugger eval code:293:16
@debugger eval code:1:44

    at TestUtils.isLoggedIn [90m(/mnt/r/Projects/ForkFlow-crm/[39mtests/helpers/testUtils.ts:51:30[90m)[39m
    at [90m/mnt/r/Projects/ForkFlow-crm/[39mtests/organizations/mobile-responsive.spec.ts:15:23 {
  name: [32m'Error'[39m,
  [[32mSymbol(step)[39m]: {
    stepId: [32m'pw:api@12'[39m,
    location: {
      file: [32m'/mnt/r/Projects/ForkFlow-crm/tests/helpers/testUtils.ts'[39m,
      line: [33m51[39m,
      column: [33m30[39m,
      function: [32m'TestUtils.isLoggedIn'[39m
    },
    category: [32m'pw:api'[39m,
    title: [32m'Evaluate'[39m,
    apiName: [32m'page.evaluate'[39m,
    params: {
      expression: [32m'() => {\n'[39m +
        [32m"        const hasAuth = !!localStorage.getItem('auth') || !!localStorage.getItem('user');\n"[39m +
        [32m"        const isTestMode = localStorage.getItem('test-mode') === 'true';\n"[39m +
        [32m'        return hasAuth || isTestMode;\n'[39m +
        [32m'      }'[39m,
      isFunction: [33mtrue[39m,
      arg: [36m[Object][39m
    },
    boxedStack: [90mundefined[39m,
    steps: [],
    attachmentIndices: [],
    info: TestStepInfoImpl {
      annotations: [],
      _testInfo: [36m[TestInfoImpl][39m,
      _stepId: [32m'pw:api@12'[39m
    },
    complete: [36m[Function: complete][39m,
    endWallTime: [33m1751169227219[39m,
    error: {
      message: [32m'Error: page.evaluate: The operation is insecure.\n'[39m +
        [32m'@debugger eval code line 291 > eval:2:26\n'[39m +
        [32m'evaluate@debugger eval code:293:16\n'[39m +
        [32m'@debugger eval code:1:44\n'[39m,
      stack: [32m'Error: page.evaluate: The operation is insecure.\n'[39m +
        [32m'@debugger eval code line 291 > eval:2:26\n'[39m +
        [32m'evaluate@debugger eval code:293:16\n'[39m +
        [32m'@debugger eval code:1:44\n'[39m +
        [32m'\n'[39m +
        [32m'    at @debugger eval code line 291 > eval:2:26\n'[39m +
        [32m'    at evaluate@debugger eval code:293:16\n'[39m +
        [32m'    at @debugger eval code:1:44\n'[39m +
        [32m'    at TestUtils.isLoggedIn (/mnt/r/Projects/ForkFlow-crm/tests/helpers/testUtils.ts:51:30)\n'[39m +
        [32m'    at /mnt/r/Projects/ForkFlow-crm/tests/organizations/mobile-responsive.spec.ts:15:23'[39m,
      cause: [90mundefined[39m
    }
  }
}
]]>
</system-err>
</testcase>
<testcase name="Organization Mobile Responsive Design › Tablet Device Testing › should display properly on tablet" classname="organizations/mobile-responsive.spec.ts" time="3.27">
<failure message="mobile-responsive.spec.ts:79:5 should display properly on tablet" type="FAILURE">
<![CDATA[  [firefox] › organizations/mobile-responsive.spec.ts:79:5 › Organization Mobile Responsive Design › Tablet Device Testing › should display properly on tablet 

    Error: page.evaluate: The operation is insecure.
    @debugger eval code line 291 > eval:1:7
    evaluate@debugger eval code:293:16
    @debugger eval code:1:44

        at @debugger eval code line 291 > eval:1:7
        at evaluate@debugger eval code:293:16
        at @debugger eval code:1:44
        at TestUtils.login (/mnt/r/Projects/ForkFlow-crm/tests/helpers/testUtils.ts:9:38)
        at /mnt/r/Projects/ForkFlow-crm/tests/organizations/mobile-responsive.spec.ts:16:19

    attachment #1: screenshot (image/png) ──────────────────────────────────────────────────────────
    test-results/organizations-mobile-respo-4fd55--display-properly-on-tablet-firefox/test-failed-1.png
    ────────────────────────────────────────────────────────────────────────────────────────────────

    attachment #2: video (video/webm) ──────────────────────────────────────────────────────────────
    test-results/organizations-mobile-respo-4fd55--display-properly-on-tablet-firefox/video.webm
    ────────────────────────────────────────────────────────────────────────────────────────────────
]]>
</failure>
<system-out>
<![CDATA[
[[ATTACHMENT|organizations-mobile-respo-4fd55--display-properly-on-tablet-firefox/test-failed-1.png]]

[[ATTACHMENT|organizations-mobile-respo-4fd55--display-properly-on-tablet-firefox/video.webm]]
]]>
</system-out>
<system-err>
<![CDATA[Error accessing localStorage: page.evaluate: The operation is insecure.
@debugger eval code line 291 > eval:2:26
evaluate@debugger eval code:293:16
@debugger eval code:1:44

    at TestUtils.isLoggedIn [90m(/mnt/r/Projects/ForkFlow-crm/[39mtests/helpers/testUtils.ts:51:30[90m)[39m
    at [90m/mnt/r/Projects/ForkFlow-crm/[39mtests/organizations/mobile-responsive.spec.ts:15:23 {
  name: [32m'Error'[39m,
  [[32mSymbol(step)[39m]: {
    stepId: [32m'pw:api@12'[39m,
    location: {
      file: [32m'/mnt/r/Projects/ForkFlow-crm/tests/helpers/testUtils.ts'[39m,
      line: [33m51[39m,
      column: [33m30[39m,
      function: [32m'TestUtils.isLoggedIn'[39m
    },
    category: [32m'pw:api'[39m,
    title: [32m'Evaluate'[39m,
    apiName: [32m'page.evaluate'[39m,
    params: {
      expression: [32m'() => {\n'[39m +
        [32m"        const hasAuth = !!localStorage.getItem('auth') || !!localStorage.getItem('user');\n"[39m +
        [32m"        const isTestMode = localStorage.getItem('test-mode') === 'true';\n"[39m +
        [32m'        return hasAuth || isTestMode;\n'[39m +
        [32m'      }'[39m,
      isFunction: [33mtrue[39m,
      arg: [36m[Object][39m
    },
    boxedStack: [90mundefined[39m,
    steps: [],
    attachmentIndices: [],
    info: TestStepInfoImpl {
      annotations: [],
      _testInfo: [36m[TestInfoImpl][39m,
      _stepId: [32m'pw:api@12'[39m
    },
    complete: [36m[Function: complete][39m,
    endWallTime: [33m1751169237513[39m,
    error: {
      message: [32m'Error: page.evaluate: The operation is insecure.\n'[39m +
        [32m'@debugger eval code line 291 > eval:2:26\n'[39m +
        [32m'evaluate@debugger eval code:293:16\n'[39m +
        [32m'@debugger eval code:1:44\n'[39m,
      stack: [32m'Error: page.evaluate: The operation is insecure.\n'[39m +
        [32m'@debugger eval code line 291 > eval:2:26\n'[39m +
        [32m'evaluate@debugger eval code:293:16\n'[39m +
        [32m'@debugger eval code:1:44\n'[39m +
        [32m'\n'[39m +
        [32m'    at @debugger eval code line 291 > eval:2:26\n'[39m +
        [32m'    at evaluate@debugger eval code:293:16\n'[39m +
        [32m'    at @debugger eval code:1:44\n'[39m +
        [32m'    at TestUtils.isLoggedIn (/mnt/r/Projects/ForkFlow-crm/tests/helpers/testUtils.ts:51:30)\n'[39m +
        [32m'    at /mnt/r/Projects/ForkFlow-crm/tests/organizations/mobile-responsive.spec.ts:15:23'[39m,
      cause: [90mundefined[39m
    }
  }
}
]]>
</system-err>
</testcase>
<testcase name="Organization Mobile Responsive Design › Tablet Device Testing › should handle tablet form layout" classname="organizations/mobile-responsive.spec.ts" time="3.218">
<failure message="mobile-responsive.spec.ts:93:5 should handle tablet form layout" type="FAILURE">
<![CDATA[  [firefox] › organizations/mobile-responsive.spec.ts:93:5 › Organization Mobile Responsive Design › Tablet Device Testing › should handle tablet form layout 

    Error: page.evaluate: The operation is insecure.
    @debugger eval code line 291 > eval:1:7
    evaluate@debugger eval code:293:16
    @debugger eval code:1:44

        at @debugger eval code line 291 > eval:1:7
        at evaluate@debugger eval code:293:16
        at @debugger eval code:1:44
        at TestUtils.login (/mnt/r/Projects/ForkFlow-crm/tests/helpers/testUtils.ts:9:38)
        at /mnt/r/Projects/ForkFlow-crm/tests/organizations/mobile-responsive.spec.ts:16:19

    attachment #1: screenshot (image/png) ──────────────────────────────────────────────────────────
    test-results/organizations-mobile-respo-0d7fd-d-handle-tablet-form-layout-firefox/test-failed-1.png
    ────────────────────────────────────────────────────────────────────────────────────────────────

    attachment #2: video (video/webm) ──────────────────────────────────────────────────────────────
    test-results/organizations-mobile-respo-0d7fd-d-handle-tablet-form-layout-firefox/video.webm
    ────────────────────────────────────────────────────────────────────────────────────────────────
]]>
</failure>
<system-out>
<![CDATA[
[[ATTACHMENT|organizations-mobile-respo-0d7fd-d-handle-tablet-form-layout-firefox/test-failed-1.png]]

[[ATTACHMENT|organizations-mobile-respo-0d7fd-d-handle-tablet-form-layout-firefox/video.webm]]
]]>
</system-out>
<system-err>
<![CDATA[Error accessing localStorage: page.evaluate: The operation is insecure.
@debugger eval code line 291 > eval:2:26
evaluate@debugger eval code:293:16
@debugger eval code:1:44

    at TestUtils.isLoggedIn [90m(/mnt/r/Projects/ForkFlow-crm/[39mtests/helpers/testUtils.ts:51:30[90m)[39m
    at [90m/mnt/r/Projects/ForkFlow-crm/[39mtests/organizations/mobile-responsive.spec.ts:15:23 {
  name: [32m'Error'[39m,
  [[32mSymbol(step)[39m]: {
    stepId: [32m'pw:api@12'[39m,
    location: {
      file: [32m'/mnt/r/Projects/ForkFlow-crm/tests/helpers/testUtils.ts'[39m,
      line: [33m51[39m,
      column: [33m30[39m,
      function: [32m'TestUtils.isLoggedIn'[39m
    },
    category: [32m'pw:api'[39m,
    title: [32m'Evaluate'[39m,
    apiName: [32m'page.evaluate'[39m,
    params: {
      expression: [32m'() => {\n'[39m +
        [32m"        const hasAuth = !!localStorage.getItem('auth') || !!localStorage.getItem('user');\n"[39m +
        [32m"        const isTestMode = localStorage.getItem('test-mode') === 'true';\n"[39m +
        [32m'        return hasAuth || isTestMode;\n'[39m +
        [32m'      }'[39m,
      isFunction: [33mtrue[39m,
      arg: [36m[Object][39m
    },
    boxedStack: [90mundefined[39m,
    steps: [],
    attachmentIndices: [],
    info: TestStepInfoImpl {
      annotations: [],
      _testInfo: [36m[TestInfoImpl][39m,
      _stepId: [32m'pw:api@12'[39m
    },
    complete: [36m[Function: complete][39m,
    endWallTime: [33m1751169248215[39m,
    error: {
      message: [32m'Error: page.evaluate: The operation is insecure.\n'[39m +
        [32m'@debugger eval code line 291 > eval:2:26\n'[39m +
        [32m'evaluate@debugger eval code:293:16\n'[39m +
        [32m'@debugger eval code:1:44\n'[39m,
      stack: [32m'Error: page.evaluate: The operation is insecure.\n'[39m +
        [32m'@debugger eval code line 291 > eval:2:26\n'[39m +
        [32m'evaluate@debugger eval code:293:16\n'[39m +
        [32m'@debugger eval code:1:44\n'[39m +
        [32m'\n'[39m +
        [32m'    at @debugger eval code line 291 > eval:2:26\n'[39m +
        [32m'    at evaluate@debugger eval code:293:16\n'[39m +
        [32m'    at @debugger eval code:1:44\n'[39m +
        [32m'    at TestUtils.isLoggedIn (/mnt/r/Projects/ForkFlow-crm/tests/helpers/testUtils.ts:51:30)\n'[39m +
        [32m'    at /mnt/r/Projects/ForkFlow-crm/tests/organizations/mobile-responsive.spec.ts:15:23'[39m,
      cause: [90mundefined[39m
    }
  }
}
]]>
</system-err>
</testcase>
<testcase name="Organization Mobile Responsive Design › Form Responsive Behavior › should stack form fields vertically on mobile" classname="organizations/mobile-responsive.spec.ts" time="3.342">
<failure message="mobile-responsive.spec.ts:117:5 should stack form fields vertically on mobile" type="FAILURE">
<![CDATA[  [firefox] › organizations/mobile-responsive.spec.ts:117:5 › Organization Mobile Responsive Design › Form Responsive Behavior › should stack form fields vertically on mobile 

    Error: page.evaluate: The operation is insecure.
    @debugger eval code line 291 > eval:1:7
    evaluate@debugger eval code:293:16
    @debugger eval code:1:44

        at @debugger eval code line 291 > eval:1:7
        at evaluate@debugger eval code:293:16
        at @debugger eval code:1:44
        at TestUtils.login (/mnt/r/Projects/ForkFlow-crm/tests/helpers/testUtils.ts:9:38)
        at /mnt/r/Projects/ForkFlow-crm/tests/organizations/mobile-responsive.spec.ts:16:19

    attachment #1: screenshot (image/png) ──────────────────────────────────────────────────────────
    test-results/organizations-mobile-respo-93b2f-fields-vertically-on-mobile-firefox/test-failed-1.png
    ────────────────────────────────────────────────────────────────────────────────────────────────

    attachment #2: video (video/webm) ──────────────────────────────────────────────────────────────
    test-results/organizations-mobile-respo-93b2f-fields-vertically-on-mobile-firefox/video.webm
    ────────────────────────────────────────────────────────────────────────────────────────────────
]]>
</failure>
<system-out>
<![CDATA[
[[ATTACHMENT|organizations-mobile-respo-93b2f-fields-vertically-on-mobile-firefox/test-failed-1.png]]

[[ATTACHMENT|organizations-mobile-respo-93b2f-fields-vertically-on-mobile-firefox/video.webm]]
]]>
</system-out>
<system-err>
<![CDATA[Error accessing localStorage: page.evaluate: The operation is insecure.
@debugger eval code line 291 > eval:2:26
evaluate@debugger eval code:293:16
@debugger eval code:1:44

    at TestUtils.isLoggedIn [90m(/mnt/r/Projects/ForkFlow-crm/[39mtests/helpers/testUtils.ts:51:30[90m)[39m
    at [90m/mnt/r/Projects/ForkFlow-crm/[39mtests/organizations/mobile-responsive.spec.ts:15:23 {
  name: [32m'Error'[39m,
  [[32mSymbol(step)[39m]: {
    stepId: [32m'pw:api@12'[39m,
    location: {
      file: [32m'/mnt/r/Projects/ForkFlow-crm/tests/helpers/testUtils.ts'[39m,
      line: [33m51[39m,
      column: [33m30[39m,
      function: [32m'TestUtils.isLoggedIn'[39m
    },
    category: [32m'pw:api'[39m,
    title: [32m'Evaluate'[39m,
    apiName: [32m'page.evaluate'[39m,
    params: {
      expression: [32m'() => {\n'[39m +
        [32m"        const hasAuth = !!localStorage.getItem('auth') || !!localStorage.getItem('user');\n"[39m +
        [32m"        const isTestMode = localStorage.getItem('test-mode') === 'true';\n"[39m +
        [32m'        return hasAuth || isTestMode;\n'[39m +
        [32m'      }'[39m,
      isFunction: [33mtrue[39m,
      arg: [36m[Object][39m
    },
    boxedStack: [90mundefined[39m,
    steps: [],
    attachmentIndices: [],
    info: TestStepInfoImpl {
      annotations: [],
      _testInfo: [36m[TestInfoImpl][39m,
      _stepId: [32m'pw:api@12'[39m
    },
    complete: [36m[Function: complete][39m,
    endWallTime: [33m1751169258407[39m,
    error: {
      message: [32m'Error: page.evaluate: The operation is insecure.\n'[39m +
        [32m'@debugger eval code line 291 > eval:2:26\n'[39m +
        [32m'evaluate@debugger eval code:293:16\n'[39m +
        [32m'@debugger eval code:1:44\n'[39m,
      stack: [32m'Error: page.evaluate: The operation is insecure.\n'[39m +
        [32m'@debugger eval code line 291 > eval:2:26\n'[39m +
        [32m'evaluate@debugger eval code:293:16\n'[39m +
        [32m'@debugger eval code:1:44\n'[39m +
        [32m'\n'[39m +
        [32m'    at @debugger eval code line 291 > eval:2:26\n'[39m +
        [32m'    at evaluate@debugger eval code:293:16\n'[39m +
        [32m'    at @debugger eval code:1:44\n'[39m +
        [32m'    at TestUtils.isLoggedIn (/mnt/r/Projects/ForkFlow-crm/tests/helpers/testUtils.ts:51:30)\n'[39m +
        [32m'    at /mnt/r/Projects/ForkFlow-crm/tests/organizations/mobile-responsive.spec.ts:15:23'[39m,
      cause: [90mundefined[39m
    }
  }
}
]]>
</system-err>
</testcase>
<testcase name="Organization Mobile Responsive Design › Form Responsive Behavior › should use horizontal layout on desktop" classname="organizations/mobile-responsive.spec.ts" time="3.806">
<failure message="mobile-responsive.spec.ts:138:5 should use horizontal layout on desktop" type="FAILURE">
<![CDATA[  [firefox] › organizations/mobile-responsive.spec.ts:138:5 › Organization Mobile Responsive Design › Form Responsive Behavior › should use horizontal layout on desktop 

    Error: page.evaluate: The operation is insecure.
    @debugger eval code line 291 > eval:1:7
    evaluate@debugger eval code:293:16
    @debugger eval code:1:44

        at @debugger eval code line 291 > eval:1:7
        at evaluate@debugger eval code:293:16
        at @debugger eval code:1:44
        at TestUtils.login (/mnt/r/Projects/ForkFlow-crm/tests/helpers/testUtils.ts:9:38)
        at /mnt/r/Projects/ForkFlow-crm/tests/organizations/mobile-responsive.spec.ts:16:19

    attachment #1: screenshot (image/png) ──────────────────────────────────────────────────────────
    test-results/organizations-mobile-respo-faecb-orizontal-layout-on-desktop-firefox/test-failed-1.png
    ────────────────────────────────────────────────────────────────────────────────────────────────

    attachment #2: video (video/webm) ──────────────────────────────────────────────────────────────
    test-results/organizations-mobile-respo-faecb-orizontal-layout-on-desktop-firefox/video.webm
    ────────────────────────────────────────────────────────────────────────────────────────────────
]]>
</failure>
<system-out>
<![CDATA[
[[ATTACHMENT|organizations-mobile-respo-faecb-orizontal-layout-on-desktop-firefox/test-failed-1.png]]

[[ATTACHMENT|organizations-mobile-respo-faecb-orizontal-layout-on-desktop-firefox/video.webm]]
]]>
</system-out>
<system-err>
<![CDATA[Error accessing localStorage: page.evaluate: The operation is insecure.
@debugger eval code line 291 > eval:2:26
evaluate@debugger eval code:293:16
@debugger eval code:1:44

    at TestUtils.isLoggedIn [90m(/mnt/r/Projects/ForkFlow-crm/[39mtests/helpers/testUtils.ts:51:30[90m)[39m
    at [90m/mnt/r/Projects/ForkFlow-crm/[39mtests/organizations/mobile-responsive.spec.ts:15:23 {
  name: [32m'Error'[39m,
  [[32mSymbol(step)[39m]: {
    stepId: [32m'pw:api@12'[39m,
    location: {
      file: [32m'/mnt/r/Projects/ForkFlow-crm/tests/helpers/testUtils.ts'[39m,
      line: [33m51[39m,
      column: [33m30[39m,
      function: [32m'TestUtils.isLoggedIn'[39m
    },
    category: [32m'pw:api'[39m,
    title: [32m'Evaluate'[39m,
    apiName: [32m'page.evaluate'[39m,
    params: {
      expression: [32m'() => {\n'[39m +
        [32m"        const hasAuth = !!localStorage.getItem('auth') || !!localStorage.getItem('user');\n"[39m +
        [32m"        const isTestMode = localStorage.getItem('test-mode') === 'true';\n"[39m +
        [32m'        return hasAuth || isTestMode;\n'[39m +
        [32m'      }'[39m,
      isFunction: [33mtrue[39m,
      arg: [36m[Object][39m
    },
    boxedStack: [90mundefined[39m,
    steps: [],
    attachmentIndices: [],
    info: TestStepInfoImpl {
      annotations: [],
      _testInfo: [36m[TestInfoImpl][39m,
      _stepId: [32m'pw:api@12'[39m
    },
    complete: [36m[Function: complete][39m,
    endWallTime: [33m1751169270235[39m,
    error: {
      message: [32m'Error: page.evaluate: The operation is insecure.\n'[39m +
        [32m'@debugger eval code line 291 > eval:2:26\n'[39m +
        [32m'evaluate@debugger eval code:293:16\n'[39m +
        [32m'@debugger eval code:1:44\n'[39m,
      stack: [32m'Error: page.evaluate: The operation is insecure.\n'[39m +
        [32m'@debugger eval code line 291 > eval:2:26\n'[39m +
        [32m'evaluate@debugger eval code:293:16\n'[39m +
        [32m'@debugger eval code:1:44\n'[39m +
        [32m'\n'[39m +
        [32m'    at @debugger eval code line 291 > eval:2:26\n'[39m +
        [32m'    at evaluate@debugger eval code:293:16\n'[39m +
        [32m'    at @debugger eval code:1:44\n'[39m +
        [32m'    at TestUtils.isLoggedIn (/mnt/r/Projects/ForkFlow-crm/tests/helpers/testUtils.ts:51:30)\n'[39m +
        [32m'    at /mnt/r/Projects/ForkFlow-crm/tests/organizations/mobile-responsive.spec.ts:15:23'[39m,
      cause: [90mundefined[39m
    }
  }
}
]]>
</system-err>
</testcase>
<testcase name="Organization Mobile Responsive Design › Form Responsive Behavior › should handle form validation on mobile" classname="organizations/mobile-responsive.spec.ts" time="3.49">
<failure message="mobile-responsive.spec.ts:161:5 should handle form validation on mobile" type="FAILURE">
<![CDATA[  [firefox] › organizations/mobile-responsive.spec.ts:161:5 › Organization Mobile Responsive Design › Form Responsive Behavior › should handle form validation on mobile 

    Error: page.evaluate: The operation is insecure.
    @debugger eval code line 291 > eval:1:7
    evaluate@debugger eval code:293:16
    @debugger eval code:1:44

        at @debugger eval code line 291 > eval:1:7
        at evaluate@debugger eval code:293:16
        at @debugger eval code:1:44
        at TestUtils.login (/mnt/r/Projects/ForkFlow-crm/tests/helpers/testUtils.ts:9:38)
        at /mnt/r/Projects/ForkFlow-crm/tests/organizations/mobile-responsive.spec.ts:16:19

    attachment #1: screenshot (image/png) ──────────────────────────────────────────────────────────
    test-results/organizations-mobile-respo-125bd-e-form-validation-on-mobile-firefox/test-failed-1.png
    ────────────────────────────────────────────────────────────────────────────────────────────────

    attachment #2: video (video/webm) ──────────────────────────────────────────────────────────────
    test-results/organizations-mobile-respo-125bd-e-form-validation-on-mobile-firefox/video.webm
    ────────────────────────────────────────────────────────────────────────────────────────────────
]]>
</failure>
<system-out>
<![CDATA[
[[ATTACHMENT|organizations-mobile-respo-125bd-e-form-validation-on-mobile-firefox/test-failed-1.png]]

[[ATTACHMENT|organizations-mobile-respo-125bd-e-form-validation-on-mobile-firefox/video.webm]]
]]>
</system-out>
<system-err>
<![CDATA[Error accessing localStorage: page.evaluate: The operation is insecure.
@debugger eval code line 291 > eval:2:26
evaluate@debugger eval code:293:16
@debugger eval code:1:44

    at TestUtils.isLoggedIn [90m(/mnt/r/Projects/ForkFlow-crm/[39mtests/helpers/testUtils.ts:51:30[90m)[39m
    at [90m/mnt/r/Projects/ForkFlow-crm/[39mtests/organizations/mobile-responsive.spec.ts:15:23 {
  name: [32m'Error'[39m,
  [[32mSymbol(step)[39m]: {
    stepId: [32m'pw:api@12'[39m,
    location: {
      file: [32m'/mnt/r/Projects/ForkFlow-crm/tests/helpers/testUtils.ts'[39m,
      line: [33m51[39m,
      column: [33m30[39m,
      function: [32m'TestUtils.isLoggedIn'[39m
    },
    category: [32m'pw:api'[39m,
    title: [32m'Evaluate'[39m,
    apiName: [32m'page.evaluate'[39m,
    params: {
      expression: [32m'() => {\n'[39m +
        [32m"        const hasAuth = !!localStorage.getItem('auth') || !!localStorage.getItem('user');\n"[39m +
        [32m"        const isTestMode = localStorage.getItem('test-mode') === 'true';\n"[39m +
        [32m'        return hasAuth || isTestMode;\n'[39m +
        [32m'      }'[39m,
      isFunction: [33mtrue[39m,
      arg: [36m[Object][39m
    },
    boxedStack: [90mundefined[39m,
    steps: [],
    attachmentIndices: [],
    info: TestStepInfoImpl {
      annotations: [],
      _testInfo: [36m[TestInfoImpl][39m,
      _stepId: [32m'pw:api@12'[39m
    },
    complete: [36m[Function: complete][39m,
    endWallTime: [33m1751169280816[39m,
    error: {
      message: [32m'Error: page.evaluate: The operation is insecure.\n'[39m +
        [32m'@debugger eval code line 291 > eval:2:26\n'[39m +
        [32m'evaluate@debugger eval code:293:16\n'[39m +
        [32m'@debugger eval code:1:44\n'[39m,
      stack: [32m'Error: page.evaluate: The operation is insecure.\n'[39m +
        [32m'@debugger eval code line 291 > eval:2:26\n'[39m +
        [32m'evaluate@debugger eval code:293:16\n'[39m +
        [32m'@debugger eval code:1:44\n'[39m +
        [32m'\n'[39m +
        [32m'    at @debugger eval code line 291 > eval:2:26\n'[39m +
        [32m'    at evaluate@debugger eval code:293:16\n'[39m +
        [32m'    at @debugger eval code:1:44\n'[39m +
        [32m'    at TestUtils.isLoggedIn (/mnt/r/Projects/ForkFlow-crm/tests/helpers/testUtils.ts:51:30)\n'[39m +
        [32m'    at /mnt/r/Projects/ForkFlow-crm/tests/organizations/mobile-responsive.spec.ts:15:23'[39m,
      cause: [90mundefined[39m
    }
  }
}
]]>
</system-err>
</testcase>
<testcase name="Organization Mobile Responsive Design › List View Responsive Behavior › should use card layout on mobile" classname="organizations/mobile-responsive.spec.ts" time="3.334">
<failure message="mobile-responsive.spec.ts:183:5 should use card layout on mobile" type="FAILURE">
<![CDATA[  [firefox] › organizations/mobile-responsive.spec.ts:183:5 › Organization Mobile Responsive Design › List View Responsive Behavior › should use card layout on mobile 

    Error: page.evaluate: The operation is insecure.
    @debugger eval code line 291 > eval:1:7
    evaluate@debugger eval code:293:16
    @debugger eval code:1:44

        at @debugger eval code line 291 > eval:1:7
        at evaluate@debugger eval code:293:16
        at @debugger eval code:1:44
        at TestUtils.login (/mnt/r/Projects/ForkFlow-crm/tests/helpers/testUtils.ts:9:38)
        at /mnt/r/Projects/ForkFlow-crm/tests/organizations/mobile-responsive.spec.ts:16:19

    attachment #1: screenshot (image/png) ──────────────────────────────────────────────────────────
    test-results/organizations-mobile-respo-a88aa-d-use-card-layout-on-mobile-firefox/test-failed-1.png
    ────────────────────────────────────────────────────────────────────────────────────────────────

    attachment #2: video (video/webm) ──────────────────────────────────────────────────────────────
    test-results/organizations-mobile-respo-a88aa-d-use-card-layout-on-mobile-firefox/video.webm
    ────────────────────────────────────────────────────────────────────────────────────────────────
]]>
</failure>
<system-out>
<![CDATA[
[[ATTACHMENT|organizations-mobile-respo-a88aa-d-use-card-layout-on-mobile-firefox/test-failed-1.png]]

[[ATTACHMENT|organizations-mobile-respo-a88aa-d-use-card-layout-on-mobile-firefox/video.webm]]
]]>
</system-out>
<system-err>
<![CDATA[Error accessing localStorage: page.evaluate: The operation is insecure.
@debugger eval code line 291 > eval:2:26
evaluate@debugger eval code:293:16
@debugger eval code:1:44

    at TestUtils.isLoggedIn [90m(/mnt/r/Projects/ForkFlow-crm/[39mtests/helpers/testUtils.ts:51:30[90m)[39m
    at [90m/mnt/r/Projects/ForkFlow-crm/[39mtests/organizations/mobile-responsive.spec.ts:15:23 {
  name: [32m'Error'[39m,
  [[32mSymbol(step)[39m]: {
    stepId: [32m'pw:api@12'[39m,
    location: {
      file: [32m'/mnt/r/Projects/ForkFlow-crm/tests/helpers/testUtils.ts'[39m,
      line: [33m51[39m,
      column: [33m30[39m,
      function: [32m'TestUtils.isLoggedIn'[39m
    },
    category: [32m'pw:api'[39m,
    title: [32m'Evaluate'[39m,
    apiName: [32m'page.evaluate'[39m,
    params: {
      expression: [32m'() => {\n'[39m +
        [32m"        const hasAuth = !!localStorage.getItem('auth') || !!localStorage.getItem('user');\n"[39m +
        [32m"        const isTestMode = localStorage.getItem('test-mode') === 'true';\n"[39m +
        [32m'        return hasAuth || isTestMode;\n'[39m +
        [32m'      }'[39m,
      isFunction: [33mtrue[39m,
      arg: [36m[Object][39m
    },
    boxedStack: [90mundefined[39m,
    steps: [],
    attachmentIndices: [],
    info: TestStepInfoImpl {
      annotations: [],
      _testInfo: [36m[TestInfoImpl][39m,
      _stepId: [32m'pw:api@12'[39m
    },
    complete: [36m[Function: complete][39m,
    endWallTime: [33m1751169291878[39m,
    error: {
      message: [32m'Error: page.evaluate: The operation is insecure.\n'[39m +
        [32m'@debugger eval code line 291 > eval:2:26\n'[39m +
        [32m'evaluate@debugger eval code:293:16\n'[39m +
        [32m'@debugger eval code:1:44\n'[39m,
      stack: [32m'Error: page.evaluate: The operation is insecure.\n'[39m +
        [32m'@debugger eval code line 291 > eval:2:26\n'[39m +
        [32m'evaluate@debugger eval code:293:16\n'[39m +
        [32m'@debugger eval code:1:44\n'[39m +
        [32m'\n'[39m +
        [32m'    at @debugger eval code line 291 > eval:2:26\n'[39m +
        [32m'    at evaluate@debugger eval code:293:16\n'[39m +
        [32m'    at @debugger eval code:1:44\n'[39m +
        [32m'    at TestUtils.isLoggedIn (/mnt/r/Projects/ForkFlow-crm/tests/helpers/testUtils.ts:51:30)\n'[39m +
        [32m'    at /mnt/r/Projects/ForkFlow-crm/tests/organizations/mobile-responsive.spec.ts:15:23'[39m,
      cause: [90mundefined[39m
    }
  }
}
]]>
</system-err>
</testcase>
<testcase name="Organization Mobile Responsive Design › List View Responsive Behavior › should use table layout on desktop" classname="organizations/mobile-responsive.spec.ts" time="3.442">
<failure message="mobile-responsive.spec.ts:196:5 should use table layout on desktop" type="FAILURE">
<![CDATA[  [firefox] › organizations/mobile-responsive.spec.ts:196:5 › Organization Mobile Responsive Design › List View Responsive Behavior › should use table layout on desktop 

    Error: page.evaluate: The operation is insecure.
    @debugger eval code line 291 > eval:1:7
    evaluate@debugger eval code:293:16
    @debugger eval code:1:44

        at @debugger eval code line 291 > eval:1:7
        at evaluate@debugger eval code:293:16
        at @debugger eval code:1:44
        at TestUtils.login (/mnt/r/Projects/ForkFlow-crm/tests/helpers/testUtils.ts:9:38)
        at /mnt/r/Projects/ForkFlow-crm/tests/organizations/mobile-responsive.spec.ts:16:19

    attachment #1: screenshot (image/png) ──────────────────────────────────────────────────────────
    test-results/organizations-mobile-respo-c1371-use-table-layout-on-desktop-firefox/test-failed-1.png
    ────────────────────────────────────────────────────────────────────────────────────────────────

    attachment #2: video (video/webm) ──────────────────────────────────────────────────────────────
    test-results/organizations-mobile-respo-c1371-use-table-layout-on-desktop-firefox/video.webm
    ────────────────────────────────────────────────────────────────────────────────────────────────
]]>
</failure>
<system-out>
<![CDATA[
[[ATTACHMENT|organizations-mobile-respo-c1371-use-table-layout-on-desktop-firefox/test-failed-1.png]]

[[ATTACHMENT|organizations-mobile-respo-c1371-use-table-layout-on-desktop-firefox/video.webm]]
]]>
</system-out>
<system-err>
<![CDATA[Error accessing localStorage: page.evaluate: The operation is insecure.
@debugger eval code line 291 > eval:2:26
evaluate@debugger eval code:293:16
@debugger eval code:1:44

    at TestUtils.isLoggedIn [90m(/mnt/r/Projects/ForkFlow-crm/[39mtests/helpers/testUtils.ts:51:30[90m)[39m
    at [90m/mnt/r/Projects/ForkFlow-crm/[39mtests/organizations/mobile-responsive.spec.ts:15:23 {
  name: [32m'Error'[39m,
  [[32mSymbol(step)[39m]: {
    stepId: [32m'pw:api@12'[39m,
    location: {
      file: [32m'/mnt/r/Projects/ForkFlow-crm/tests/helpers/testUtils.ts'[39m,
      line: [33m51[39m,
      column: [33m30[39m,
      function: [32m'TestUtils.isLoggedIn'[39m
    },
    category: [32m'pw:api'[39m,
    title: [32m'Evaluate'[39m,
    apiName: [32m'page.evaluate'[39m,
    params: {
      expression: [32m'() => {\n'[39m +
        [32m"        const hasAuth = !!localStorage.getItem('auth') || !!localStorage.getItem('user');\n"[39m +
        [32m"        const isTestMode = localStorage.getItem('test-mode') === 'true';\n"[39m +
        [32m'        return hasAuth || isTestMode;\n'[39m +
        [32m'      }'[39m,
      isFunction: [33mtrue[39m,
      arg: [36m[Object][39m
    },
    boxedStack: [90mundefined[39m,
    steps: [],
    attachmentIndices: [],
    info: TestStepInfoImpl {
      annotations: [],
      _testInfo: [36m[TestInfoImpl][39m,
      _stepId: [32m'pw:api@12'[39m
    },
    complete: [36m[Function: complete][39m,
    endWallTime: [33m1751169303014[39m,
    error: {
      message: [32m'Error: page.evaluate: The operation is insecure.\n'[39m +
        [32m'@debugger eval code line 291 > eval:2:26\n'[39m +
        [32m'evaluate@debugger eval code:293:16\n'[39m +
        [32m'@debugger eval code:1:44\n'[39m,
      stack: [32m'Error: page.evaluate: The operation is insecure.\n'[39m +
        [32m'@debugger eval code line 291 > eval:2:26\n'[39m +
        [32m'evaluate@debugger eval code:293:16\n'[39m +
        [32m'@debugger eval code:1:44\n'[39m +
        [32m'\n'[39m +
        [32m'    at @debugger eval code line 291 > eval:2:26\n'[39m +
        [32m'    at evaluate@debugger eval code:293:16\n'[39m +
        [32m'    at @debugger eval code:1:44\n'[39m +
        [32m'    at TestUtils.isLoggedIn (/mnt/r/Projects/ForkFlow-crm/tests/helpers/testUtils.ts:51:30)\n'[39m +
        [32m'    at /mnt/r/Projects/ForkFlow-crm/tests/organizations/mobile-responsive.spec.ts:15:23'[39m,
      cause: [90mundefined[39m
    }
  }
}
]]>
</system-err>
</testcase>
<testcase name="Organization Mobile Responsive Design › List View Responsive Behavior › should handle horizontal scrolling on mobile table" classname="organizations/mobile-responsive.spec.ts" time="3.391">
<failure message="mobile-responsive.spec.ts:206:5 should handle horizontal scrolling on mobile table" type="FAILURE">
<![CDATA[  [firefox] › organizations/mobile-responsive.spec.ts:206:5 › Organization Mobile Responsive Design › List View Responsive Behavior › should handle horizontal scrolling on mobile table 

    Error: page.evaluate: The operation is insecure.
    @debugger eval code line 291 > eval:1:7
    evaluate@debugger eval code:293:16
    @debugger eval code:1:44

        at @debugger eval code line 291 > eval:1:7
        at evaluate@debugger eval code:293:16
        at @debugger eval code:1:44
        at TestUtils.login (/mnt/r/Projects/ForkFlow-crm/tests/helpers/testUtils.ts:9:38)
        at /mnt/r/Projects/ForkFlow-crm/tests/organizations/mobile-responsive.spec.ts:16:19

    attachment #1: screenshot (image/png) ──────────────────────────────────────────────────────────
    test-results/organizations-mobile-respo-4bf79-l-scrolling-on-mobile-table-firefox/test-failed-1.png
    ────────────────────────────────────────────────────────────────────────────────────────────────

    attachment #2: video (video/webm) ──────────────────────────────────────────────────────────────
    test-results/organizations-mobile-respo-4bf79-l-scrolling-on-mobile-table-firefox/video.webm
    ────────────────────────────────────────────────────────────────────────────────────────────────
]]>
</failure>
<system-out>
<![CDATA[
[[ATTACHMENT|organizations-mobile-respo-4bf79-l-scrolling-on-mobile-table-firefox/test-failed-1.png]]

[[ATTACHMENT|organizations-mobile-respo-4bf79-l-scrolling-on-mobile-table-firefox/video.webm]]
]]>
</system-out>
<system-err>
<![CDATA[Error accessing localStorage: page.evaluate: The operation is insecure.
@debugger eval code line 291 > eval:2:26
evaluate@debugger eval code:293:16
@debugger eval code:1:44

    at TestUtils.isLoggedIn [90m(/mnt/r/Projects/ForkFlow-crm/[39mtests/helpers/testUtils.ts:51:30[90m)[39m
    at [90m/mnt/r/Projects/ForkFlow-crm/[39mtests/organizations/mobile-responsive.spec.ts:15:23 {
  name: [32m'Error'[39m,
  [[32mSymbol(step)[39m]: {
    stepId: [32m'pw:api@12'[39m,
    location: {
      file: [32m'/mnt/r/Projects/ForkFlow-crm/tests/helpers/testUtils.ts'[39m,
      line: [33m51[39m,
      column: [33m30[39m,
      function: [32m'TestUtils.isLoggedIn'[39m
    },
    category: [32m'pw:api'[39m,
    title: [32m'Evaluate'[39m,
    apiName: [32m'page.evaluate'[39m,
    params: {
      expression: [32m'() => {\n'[39m +
        [32m"        const hasAuth = !!localStorage.getItem('auth') || !!localStorage.getItem('user');\n"[39m +
        [32m"        const isTestMode = localStorage.getItem('test-mode') === 'true';\n"[39m +
        [32m'        return hasAuth || isTestMode;\n'[39m +
        [32m'      }'[39m,
      isFunction: [33mtrue[39m,
      arg: [36m[Object][39m
    },
    boxedStack: [90mundefined[39m,
    steps: [],
    attachmentIndices: [],
    info: TestStepInfoImpl {
      annotations: [],
      _testInfo: [36m[TestInfoImpl][39m,
      _stepId: [32m'pw:api@12'[39m
    },
    complete: [36m[Function: complete][39m,
    endWallTime: [33m1751169313666[39m,
    error: {
      message: [32m'Error: page.evaluate: The operation is insecure.\n'[39m +
        [32m'@debugger eval code line 291 > eval:2:26\n'[39m +
        [32m'evaluate@debugger eval code:293:16\n'[39m +
        [32m'@debugger eval code:1:44\n'[39m,
      stack: [32m'Error: page.evaluate: The operation is insecure.\n'[39m +
        [32m'@debugger eval code line 291 > eval:2:26\n'[39m +
        [32m'evaluate@debugger eval code:293:16\n'[39m +
        [32m'@debugger eval code:1:44\n'[39m +
        [32m'\n'[39m +
        [32m'    at @debugger eval code line 291 > eval:2:26\n'[39m +
        [32m'    at evaluate@debugger eval code:293:16\n'[39m +
        [32m'    at @debugger eval code:1:44\n'[39m +
        [32m'    at TestUtils.isLoggedIn (/mnt/r/Projects/ForkFlow-crm/tests/helpers/testUtils.ts:51:30)\n'[39m +
        [32m'    at /mnt/r/Projects/ForkFlow-crm/tests/organizations/mobile-responsive.spec.ts:15:23'[39m,
      cause: [90mundefined[39m
    }
  }
}
]]>
</system-err>
</testcase>
<testcase name="Organization Mobile Responsive Design › Navigation Responsive Behavior › should show hamburger menu on mobile" classname="organizations/mobile-responsive.spec.ts" time="3.3">
<failure message="mobile-responsive.spec.ts:228:5 should show hamburger menu on mobile" type="FAILURE">
<![CDATA[  [firefox] › organizations/mobile-responsive.spec.ts:228:5 › Organization Mobile Responsive Design › Navigation Responsive Behavior › should show hamburger menu on mobile 

    Error: page.evaluate: The operation is insecure.
    @debugger eval code line 291 > eval:1:7
    evaluate@debugger eval code:293:16
    @debugger eval code:1:44

        at @debugger eval code line 291 > eval:1:7
        at evaluate@debugger eval code:293:16
        at @debugger eval code:1:44
        at TestUtils.login (/mnt/r/Projects/ForkFlow-crm/tests/helpers/testUtils.ts:9:38)
        at /mnt/r/Projects/ForkFlow-crm/tests/organizations/mobile-responsive.spec.ts:16:19

    attachment #1: screenshot (image/png) ──────────────────────────────────────────────────────────
    test-results/organizations-mobile-respo-f12a1-ow-hamburger-menu-on-mobile-firefox/test-failed-1.png
    ────────────────────────────────────────────────────────────────────────────────────────────────

    attachment #2: video (video/webm) ──────────────────────────────────────────────────────────────
    test-results/organizations-mobile-respo-f12a1-ow-hamburger-menu-on-mobile-firefox/video.webm
    ────────────────────────────────────────────────────────────────────────────────────────────────
]]>
</failure>
<system-out>
<![CDATA[
[[ATTACHMENT|organizations-mobile-respo-f12a1-ow-hamburger-menu-on-mobile-firefox/test-failed-1.png]]

[[ATTACHMENT|organizations-mobile-respo-f12a1-ow-hamburger-menu-on-mobile-firefox/video.webm]]
]]>
</system-out>
<system-err>
<![CDATA[Error accessing localStorage: page.evaluate: The operation is insecure.
@debugger eval code line 291 > eval:2:26
evaluate@debugger eval code:293:16
@debugger eval code:1:44

    at TestUtils.isLoggedIn [90m(/mnt/r/Projects/ForkFlow-crm/[39mtests/helpers/testUtils.ts:51:30[90m)[39m
    at [90m/mnt/r/Projects/ForkFlow-crm/[39mtests/organizations/mobile-responsive.spec.ts:15:23 {
  name: [32m'Error'[39m,
  [[32mSymbol(step)[39m]: {
    stepId: [32m'pw:api@12'[39m,
    location: {
      file: [32m'/mnt/r/Projects/ForkFlow-crm/tests/helpers/testUtils.ts'[39m,
      line: [33m51[39m,
      column: [33m30[39m,
      function: [32m'TestUtils.isLoggedIn'[39m
    },
    category: [32m'pw:api'[39m,
    title: [32m'Evaluate'[39m,
    apiName: [32m'page.evaluate'[39m,
    params: {
      expression: [32m'() => {\n'[39m +
        [32m"        const hasAuth = !!localStorage.getItem('auth') || !!localStorage.getItem('user');\n"[39m +
        [32m"        const isTestMode = localStorage.getItem('test-mode') === 'true';\n"[39m +
        [32m'        return hasAuth || isTestMode;\n'[39m +
        [32m'      }'[39m,
      isFunction: [33mtrue[39m,
      arg: [36m[Object][39m
    },
    boxedStack: [90mundefined[39m,
    steps: [],
    attachmentIndices: [],
    info: TestStepInfoImpl {
      annotations: [],
      _testInfo: [36m[TestInfoImpl][39m,
      _stepId: [32m'pw:api@12'[39m
    },
    complete: [36m[Function: complete][39m,
    endWallTime: [33m1751169324024[39m,
    error: {
      message: [32m'Error: page.evaluate: The operation is insecure.\n'[39m +
        [32m'@debugger eval code line 291 > eval:2:26\n'[39m +
        [32m'evaluate@debugger eval code:293:16\n'[39m +
        [32m'@debugger eval code:1:44\n'[39m,
      stack: [32m'Error: page.evaluate: The operation is insecure.\n'[39m +
        [32m'@debugger eval code line 291 > eval:2:26\n'[39m +
        [32m'evaluate@debugger eval code:293:16\n'[39m +
        [32m'@debugger eval code:1:44\n'[39m +
        [32m'\n'[39m +
        [32m'    at @debugger eval code line 291 > eval:2:26\n'[39m +
        [32m'    at evaluate@debugger eval code:293:16\n'[39m +
        [32m'    at @debugger eval code:1:44\n'[39m +
        [32m'    at TestUtils.isLoggedIn (/mnt/r/Projects/ForkFlow-crm/tests/helpers/testUtils.ts:51:30)\n'[39m +
        [32m'    at /mnt/r/Projects/ForkFlow-crm/tests/organizations/mobile-responsive.spec.ts:15:23'[39m,
      cause: [90mundefined[39m
    }
  }
}
]]>
</system-err>
</testcase>
<testcase name="Organization Mobile Responsive Design › Navigation Responsive Behavior › should show sidebar navigation on desktop" classname="organizations/mobile-responsive.spec.ts" time="3.411">
<failure message="mobile-responsive.spec.ts:237:5 should show sidebar navigation on desktop" type="FAILURE">
<![CDATA[  [firefox] › organizations/mobile-responsive.spec.ts:237:5 › Organization Mobile Responsive Design › Navigation Responsive Behavior › should show sidebar navigation on desktop 

    Error: page.evaluate: The operation is insecure.
    @debugger eval code line 291 > eval:1:7
    evaluate@debugger eval code:293:16
    @debugger eval code:1:44

        at @debugger eval code line 291 > eval:1:7
        at evaluate@debugger eval code:293:16
        at @debugger eval code:1:44
        at TestUtils.login (/mnt/r/Projects/ForkFlow-crm/tests/helpers/testUtils.ts:9:38)
        at /mnt/r/Projects/ForkFlow-crm/tests/organizations/mobile-responsive.spec.ts:16:19

    attachment #1: screenshot (image/png) ──────────────────────────────────────────────────────────
    test-results/organizations-mobile-respo-0ccfb-debar-navigation-on-desktop-firefox/test-failed-1.png
    ────────────────────────────────────────────────────────────────────────────────────────────────

    attachment #2: video (video/webm) ──────────────────────────────────────────────────────────────
    test-results/organizations-mobile-respo-0ccfb-debar-navigation-on-desktop-firefox/video.webm
    ────────────────────────────────────────────────────────────────────────────────────────────────
]]>
</failure>
<system-out>
<![CDATA[
[[ATTACHMENT|organizations-mobile-respo-0ccfb-debar-navigation-on-desktop-firefox/test-failed-1.png]]

[[ATTACHMENT|organizations-mobile-respo-0ccfb-debar-navigation-on-desktop-firefox/video.webm]]
]]>
</system-out>
<system-err>
<![CDATA[Error accessing localStorage: page.evaluate: The operation is insecure.
@debugger eval code line 291 > eval:2:26
evaluate@debugger eval code:293:16
@debugger eval code:1:44

    at TestUtils.isLoggedIn [90m(/mnt/r/Projects/ForkFlow-crm/[39mtests/helpers/testUtils.ts:51:30[90m)[39m
    at [90m/mnt/r/Projects/ForkFlow-crm/[39mtests/organizations/mobile-responsive.spec.ts:15:23 {
  name: [32m'Error'[39m,
  [[32mSymbol(step)[39m]: {
    stepId: [32m'pw:api@12'[39m,
    location: {
      file: [32m'/mnt/r/Projects/ForkFlow-crm/tests/helpers/testUtils.ts'[39m,
      line: [33m51[39m,
      column: [33m30[39m,
      function: [32m'TestUtils.isLoggedIn'[39m
    },
    category: [32m'pw:api'[39m,
    title: [32m'Evaluate'[39m,
    apiName: [32m'page.evaluate'[39m,
    params: {
      expression: [32m'() => {\n'[39m +
        [32m"        const hasAuth = !!localStorage.getItem('auth') || !!localStorage.getItem('user');\n"[39m +
        [32m"        const isTestMode = localStorage.getItem('test-mode') === 'true';\n"[39m +
        [32m'        return hasAuth || isTestMode;\n'[39m +
        [32m'      }'[39m,
      isFunction: [33mtrue[39m,
      arg: [36m[Object][39m
    },
    boxedStack: [90mundefined[39m,
    steps: [],
    attachmentIndices: [],
    info: TestStepInfoImpl {
      annotations: [],
      _testInfo: [36m[TestInfoImpl][39m,
      _stepId: [32m'pw:api@12'[39m
    },
    complete: [36m[Function: complete][39m,
    endWallTime: [33m1751169335859[39m,
    error: {
      message: [32m'Error: page.evaluate: The operation is insecure.\n'[39m +
        [32m'@debugger eval code line 291 > eval:2:26\n'[39m +
        [32m'evaluate@debugger eval code:293:16\n'[39m +
        [32m'@debugger eval code:1:44\n'[39m,
      stack: [32m'Error: page.evaluate: The operation is insecure.\n'[39m +
        [32m'@debugger eval code line 291 > eval:2:26\n'[39m +
        [32m'evaluate@debugger eval code:293:16\n'[39m +
        [32m'@debugger eval code:1:44\n'[39m +
        [32m'\n'[39m +
        [32m'    at @debugger eval code line 291 > eval:2:26\n'[39m +
        [32m'    at evaluate@debugger eval code:293:16\n'[39m +
        [32m'    at @debugger eval code:1:44\n'[39m +
        [32m'    at TestUtils.isLoggedIn (/mnt/r/Projects/ForkFlow-crm/tests/helpers/testUtils.ts:51:30)\n'[39m +
        [32m'    at /mnt/r/Projects/ForkFlow-crm/tests/organizations/mobile-responsive.spec.ts:15:23'[39m,
      cause: [90mundefined[39m
    }
  }
}
]]>
</system-err>
</testcase>
<testcase name="Organization Mobile Responsive Design › Navigation Responsive Behavior › should handle navigation menu toggle" classname="organizations/mobile-responsive.spec.ts" time="3.27">
<failure message="mobile-responsive.spec.ts:246:5 should handle navigation menu toggle" type="FAILURE">
<![CDATA[  [firefox] › organizations/mobile-responsive.spec.ts:246:5 › Organization Mobile Responsive Design › Navigation Responsive Behavior › should handle navigation menu toggle 

    Error: page.evaluate: The operation is insecure.
    @debugger eval code line 291 > eval:1:7
    evaluate@debugger eval code:293:16
    @debugger eval code:1:44

        at @debugger eval code line 291 > eval:1:7
        at evaluate@debugger eval code:293:16
        at @debugger eval code:1:44
        at TestUtils.login (/mnt/r/Projects/ForkFlow-crm/tests/helpers/testUtils.ts:9:38)
        at /mnt/r/Projects/ForkFlow-crm/tests/organizations/mobile-responsive.spec.ts:16:19

    attachment #1: screenshot (image/png) ──────────────────────────────────────────────────────────
    test-results/organizations-mobile-respo-600f6-ndle-navigation-menu-toggle-firefox/test-failed-1.png
    ────────────────────────────────────────────────────────────────────────────────────────────────

    attachment #2: video (video/webm) ──────────────────────────────────────────────────────────────
    test-results/organizations-mobile-respo-600f6-ndle-navigation-menu-toggle-firefox/video.webm
    ────────────────────────────────────────────────────────────────────────────────────────────────
]]>
</failure>
<system-out>
<![CDATA[
[[ATTACHMENT|organizations-mobile-respo-600f6-ndle-navigation-menu-toggle-firefox/test-failed-1.png]]

[[ATTACHMENT|organizations-mobile-respo-600f6-ndle-navigation-menu-toggle-firefox/video.webm]]
]]>
</system-out>
<system-err>
<![CDATA[Error accessing localStorage: page.evaluate: The operation is insecure.
@debugger eval code line 291 > eval:2:26
evaluate@debugger eval code:293:16
@debugger eval code:1:44

    at TestUtils.isLoggedIn [90m(/mnt/r/Projects/ForkFlow-crm/[39mtests/helpers/testUtils.ts:51:30[90m)[39m
    at [90m/mnt/r/Projects/ForkFlow-crm/[39mtests/organizations/mobile-responsive.spec.ts:15:23 {
  name: [32m'Error'[39m,
  [[32mSymbol(step)[39m]: {
    stepId: [32m'pw:api@12'[39m,
    location: {
      file: [32m'/mnt/r/Projects/ForkFlow-crm/tests/helpers/testUtils.ts'[39m,
      line: [33m51[39m,
      column: [33m30[39m,
      function: [32m'TestUtils.isLoggedIn'[39m
    },
    category: [32m'pw:api'[39m,
    title: [32m'Evaluate'[39m,
    apiName: [32m'page.evaluate'[39m,
    params: {
      expression: [32m'() => {\n'[39m +
        [32m"        const hasAuth = !!localStorage.getItem('auth') || !!localStorage.getItem('user');\n"[39m +
        [32m"        const isTestMode = localStorage.getItem('test-mode') === 'true';\n"[39m +
        [32m'        return hasAuth || isTestMode;\n'[39m +
        [32m'      }'[39m,
      isFunction: [33mtrue[39m,
      arg: [36m[Object][39m
    },
    boxedStack: [90mundefined[39m,
    steps: [],
    attachmentIndices: [],
    info: TestStepInfoImpl {
      annotations: [],
      _testInfo: [36m[TestInfoImpl][39m,
      _stepId: [32m'pw:api@12'[39m
    },
    complete: [36m[Function: complete][39m,
    endWallTime: [33m1751169346627[39m,
    error: {
      message: [32m'Error: page.evaluate: The operation is insecure.\n'[39m +
        [32m'@debugger eval code line 291 > eval:2:26\n'[39m +
        [32m'evaluate@debugger eval code:293:16\n'[39m +
        [32m'@debugger eval code:1:44\n'[39m,
      stack: [32m'Error: page.evaluate: The operation is insecure.\n'[39m +
        [32m'@debugger eval code line 291 > eval:2:26\n'[39m +
        [32m'evaluate@debugger eval code:293:16\n'[39m +
        [32m'@debugger eval code:1:44\n'[39m +
        [32m'\n'[39m +
        [32m'    at @debugger eval code line 291 > eval:2:26\n'[39m +
        [32m'    at evaluate@debugger eval code:293:16\n'[39m +
        [32m'    at @debugger eval code:1:44\n'[39m +
        [32m'    at TestUtils.isLoggedIn (/mnt/r/Projects/ForkFlow-crm/tests/helpers/testUtils.ts:51:30)\n'[39m +
        [32m'    at /mnt/r/Projects/ForkFlow-crm/tests/organizations/mobile-responsive.spec.ts:15:23'[39m,
      cause: [90mundefined[39m
    }
  }
}
]]>
</system-err>
</testcase>
<testcase name="Organization Mobile Responsive Design › Search and Filter Responsive Behavior › should adapt search interface for mobile" classname="organizations/mobile-responsive.spec.ts" time="3.468">
<failure message="mobile-responsive.spec.ts:270:5 should adapt search interface for mobile" type="FAILURE">
<![CDATA[  [firefox] › organizations/mobile-responsive.spec.ts:270:5 › Organization Mobile Responsive Design › Search and Filter Responsive Behavior › should adapt search interface for mobile 

    Error: page.evaluate: The operation is insecure.
    @debugger eval code line 291 > eval:1:7
    evaluate@debugger eval code:293:16
    @debugger eval code:1:44

        at @debugger eval code line 291 > eval:1:7
        at evaluate@debugger eval code:293:16
        at @debugger eval code:1:44
        at TestUtils.login (/mnt/r/Projects/ForkFlow-crm/tests/helpers/testUtils.ts:9:38)
        at /mnt/r/Projects/ForkFlow-crm/tests/organizations/mobile-responsive.spec.ts:16:19

    attachment #1: screenshot (image/png) ──────────────────────────────────────────────────────────
    test-results/organizations-mobile-respo-2e92e-search-interface-for-mobile-firefox/test-failed-1.png
    ────────────────────────────────────────────────────────────────────────────────────────────────

    attachment #2: video (video/webm) ──────────────────────────────────────────────────────────────
    test-results/organizations-mobile-respo-2e92e-search-interface-for-mobile-firefox/video.webm
    ────────────────────────────────────────────────────────────────────────────────────────────────
]]>
</failure>
<system-out>
<![CDATA[
[[ATTACHMENT|organizations-mobile-respo-2e92e-search-interface-for-mobile-firefox/test-failed-1.png]]

[[ATTACHMENT|organizations-mobile-respo-2e92e-search-interface-for-mobile-firefox/video.webm]]
]]>
</system-out>
<system-err>
<![CDATA[Error accessing localStorage: page.evaluate: The operation is insecure.
@debugger eval code line 291 > eval:2:26
evaluate@debugger eval code:293:16
@debugger eval code:1:44

    at TestUtils.isLoggedIn [90m(/mnt/r/Projects/ForkFlow-crm/[39mtests/helpers/testUtils.ts:51:30[90m)[39m
    at [90m/mnt/r/Projects/ForkFlow-crm/[39mtests/organizations/mobile-responsive.spec.ts:15:23 {
  name: [32m'Error'[39m,
  [[32mSymbol(step)[39m]: {
    stepId: [32m'pw:api@12'[39m,
    location: {
      file: [32m'/mnt/r/Projects/ForkFlow-crm/tests/helpers/testUtils.ts'[39m,
      line: [33m51[39m,
      column: [33m30[39m,
      function: [32m'TestUtils.isLoggedIn'[39m
    },
    category: [32m'pw:api'[39m,
    title: [32m'Evaluate'[39m,
    apiName: [32m'page.evaluate'[39m,
    params: {
      expression: [32m'() => {\n'[39m +
        [32m"        const hasAuth = !!localStorage.getItem('auth') || !!localStorage.getItem('user');\n"[39m +
        [32m"        const isTestMode = localStorage.getItem('test-mode') === 'true';\n"[39m +
        [32m'        return hasAuth || isTestMode;\n'[39m +
        [32m'      }'[39m,
      isFunction: [33mtrue[39m,
      arg: [36m[Object][39m
    },
    boxedStack: [90mundefined[39m,
    steps: [],
    attachmentIndices: [],
    info: TestStepInfoImpl {
      annotations: [],
      _testInfo: [36m[TestInfoImpl][39m,
      _stepId: [32m'pw:api@12'[39m
    },
    complete: [36m[Function: complete][39m,
    endWallTime: [33m1751169356754[39m,
    error: {
      message: [32m'Error: page.evaluate: The operation is insecure.\n'[39m +
        [32m'@debugger eval code line 291 > eval:2:26\n'[39m +
        [32m'evaluate@debugger eval code:293:16\n'[39m +
        [32m'@debugger eval code:1:44\n'[39m,
      stack: [32m'Error: page.evaluate: The operation is insecure.\n'[39m +
        [32m'@debugger eval code line 291 > eval:2:26\n'[39m +
        [32m'evaluate@debugger eval code:293:16\n'[39m +
        [32m'@debugger eval code:1:44\n'[39m +
        [32m'\n'[39m +
        [32m'    at @debugger eval code line 291 > eval:2:26\n'[39m +
        [32m'    at evaluate@debugger eval code:293:16\n'[39m +
        [32m'    at @debugger eval code:1:44\n'[39m +
        [32m'    at TestUtils.isLoggedIn (/mnt/r/Projects/ForkFlow-crm/tests/helpers/testUtils.ts:51:30)\n'[39m +
        [32m'    at /mnt/r/Projects/ForkFlow-crm/tests/organizations/mobile-responsive.spec.ts:15:23'[39m,
      cause: [90mundefined[39m
    }
  }
}
]]>
</system-err>
</testcase>
<testcase name="Organization Mobile Responsive Design › Search and Filter Responsive Behavior › should handle filter menu on mobile" classname="organizations/mobile-responsive.spec.ts" time="3.2">
<failure message="mobile-responsive.spec.ts:289:5 should handle filter menu on mobile" type="FAILURE">
<![CDATA[  [firefox] › organizations/mobile-responsive.spec.ts:289:5 › Organization Mobile Responsive Design › Search and Filter Responsive Behavior › should handle filter menu on mobile 

    Error: page.evaluate: The operation is insecure.
    @debugger eval code line 291 > eval:1:7
    evaluate@debugger eval code:293:16
    @debugger eval code:1:44

        at @debugger eval code line 291 > eval:1:7
        at evaluate@debugger eval code:293:16
        at @debugger eval code:1:44
        at TestUtils.login (/mnt/r/Projects/ForkFlow-crm/tests/helpers/testUtils.ts:9:38)
        at /mnt/r/Projects/ForkFlow-crm/tests/organizations/mobile-responsive.spec.ts:16:19

    attachment #1: screenshot (image/png) ──────────────────────────────────────────────────────────
    test-results/organizations-mobile-respo-e6dab-andle-filter-menu-on-mobile-firefox/test-failed-1.png
    ────────────────────────────────────────────────────────────────────────────────────────────────

    attachment #2: video (video/webm) ──────────────────────────────────────────────────────────────
    test-results/organizations-mobile-respo-e6dab-andle-filter-menu-on-mobile-firefox/video.webm
    ────────────────────────────────────────────────────────────────────────────────────────────────
]]>
</failure>
<system-out>
<![CDATA[
[[ATTACHMENT|organizations-mobile-respo-e6dab-andle-filter-menu-on-mobile-firefox/test-failed-1.png]]

[[ATTACHMENT|organizations-mobile-respo-e6dab-andle-filter-menu-on-mobile-firefox/video.webm]]
]]>
</system-out>
<system-err>
<![CDATA[Error accessing localStorage: page.evaluate: The operation is insecure.
@debugger eval code line 291 > eval:2:26
evaluate@debugger eval code:293:16
@debugger eval code:1:44

    at TestUtils.isLoggedIn [90m(/mnt/r/Projects/ForkFlow-crm/[39mtests/helpers/testUtils.ts:51:30[90m)[39m
    at [90m/mnt/r/Projects/ForkFlow-crm/[39mtests/organizations/mobile-responsive.spec.ts:15:23 {
  name: [32m'Error'[39m,
  [[32mSymbol(step)[39m]: {
    stepId: [32m'pw:api@12'[39m,
    location: {
      file: [32m'/mnt/r/Projects/ForkFlow-crm/tests/helpers/testUtils.ts'[39m,
      line: [33m51[39m,
      column: [33m30[39m,
      function: [32m'TestUtils.isLoggedIn'[39m
    },
    category: [32m'pw:api'[39m,
    title: [32m'Evaluate'[39m,
    apiName: [32m'page.evaluate'[39m,
    params: {
      expression: [32m'() => {\n'[39m +
        [32m"        const hasAuth = !!localStorage.getItem('auth') || !!localStorage.getItem('user');\n"[39m +
        [32m"        const isTestMode = localStorage.getItem('test-mode') === 'true';\n"[39m +
        [32m'        return hasAuth || isTestMode;\n'[39m +
        [32m'      }'[39m,
      isFunction: [33mtrue[39m,
      arg: [36m[Object][39m
    },
    boxedStack: [90mundefined[39m,
    steps: [],
    attachmentIndices: [],
    info: TestStepInfoImpl {
      annotations: [],
      _testInfo: [36m[TestInfoImpl][39m,
      _stepId: [32m'pw:api@12'[39m
    },
    complete: [36m[Function: complete][39m,
    endWallTime: [33m1751169368418[39m,
    error: {
      message: [32m'Error: page.evaluate: The operation is insecure.\n'[39m +
        [32m'@debugger eval code line 291 > eval:2:26\n'[39m +
        [32m'evaluate@debugger eval code:293:16\n'[39m +
        [32m'@debugger eval code:1:44\n'[39m,
      stack: [32m'Error: page.evaluate: The operation is insecure.\n'[39m +
        [32m'@debugger eval code line 291 > eval:2:26\n'[39m +
        [32m'evaluate@debugger eval code:293:16\n'[39m +
        [32m'@debugger eval code:1:44\n'[39m +
        [32m'\n'[39m +
        [32m'    at @debugger eval code line 291 > eval:2:26\n'[39m +
        [32m'    at evaluate@debugger eval code:293:16\n'[39m +
        [32m'    at @debugger eval code:1:44\n'[39m +
        [32m'    at TestUtils.isLoggedIn (/mnt/r/Projects/ForkFlow-crm/tests/helpers/testUtils.ts:51:30)\n'[39m +
        [32m'    at /mnt/r/Projects/ForkFlow-crm/tests/organizations/mobile-responsive.spec.ts:15:23'[39m,
      cause: [90mundefined[39m
    }
  }
}
]]>
</system-err>
</testcase>
<testcase name="Organization Mobile Responsive Design › Search and Filter Responsive Behavior › should show filters inline on desktop" classname="organizations/mobile-responsive.spec.ts" time="3.459">
<failure message="mobile-responsive.spec.ts:304:5 should show filters inline on desktop" type="FAILURE">
<![CDATA[  [firefox] › organizations/mobile-responsive.spec.ts:304:5 › Organization Mobile Responsive Design › Search and Filter Responsive Behavior › should show filters inline on desktop 

    Error: page.evaluate: The operation is insecure.
    @debugger eval code line 291 > eval:1:7
    evaluate@debugger eval code:293:16
    @debugger eval code:1:44

        at @debugger eval code line 291 > eval:1:7
        at evaluate@debugger eval code:293:16
        at @debugger eval code:1:44
        at TestUtils.login (/mnt/r/Projects/ForkFlow-crm/tests/helpers/testUtils.ts:9:38)
        at /mnt/r/Projects/ForkFlow-crm/tests/organizations/mobile-responsive.spec.ts:16:19

    attachment #1: screenshot (image/png) ──────────────────────────────────────────────────────────
    test-results/organizations-mobile-respo-cdcc5-w-filters-inline-on-desktop-firefox/test-failed-1.png
    ────────────────────────────────────────────────────────────────────────────────────────────────

    attachment #2: video (video/webm) ──────────────────────────────────────────────────────────────
    test-results/organizations-mobile-respo-cdcc5-w-filters-inline-on-desktop-firefox/video.webm
    ────────────────────────────────────────────────────────────────────────────────────────────────
]]>
</failure>
<system-out>
<![CDATA[
[[ATTACHMENT|organizations-mobile-respo-cdcc5-w-filters-inline-on-desktop-firefox/test-failed-1.png]]

[[ATTACHMENT|organizations-mobile-respo-cdcc5-w-filters-inline-on-desktop-firefox/video.webm]]
]]>
</system-out>
<system-err>
<![CDATA[Error accessing localStorage: page.evaluate: The operation is insecure.
@debugger eval code line 291 > eval:2:26
evaluate@debugger eval code:293:16
@debugger eval code:1:44

    at TestUtils.isLoggedIn [90m(/mnt/r/Projects/ForkFlow-crm/[39mtests/helpers/testUtils.ts:51:30[90m)[39m
    at [90m/mnt/r/Projects/ForkFlow-crm/[39mtests/organizations/mobile-responsive.spec.ts:15:23 {
  name: [32m'Error'[39m,
  [[32mSymbol(step)[39m]: {
    stepId: [32m'pw:api@12'[39m,
    location: {
      file: [32m'/mnt/r/Projects/ForkFlow-crm/tests/helpers/testUtils.ts'[39m,
      line: [33m51[39m,
      column: [33m30[39m,
      function: [32m'TestUtils.isLoggedIn'[39m
    },
    category: [32m'pw:api'[39m,
    title: [32m'Evaluate'[39m,
    apiName: [32m'page.evaluate'[39m,
    params: {
      expression: [32m'() => {\n'[39m +
        [32m"        const hasAuth = !!localStorage.getItem('auth') || !!localStorage.getItem('user');\n"[39m +
        [32m"        const isTestMode = localStorage.getItem('test-mode') === 'true';\n"[39m +
        [32m'        return hasAuth || isTestMode;\n'[39m +
        [32m'      }'[39m,
      isFunction: [33mtrue[39m,
      arg: [36m[Object][39m
    },
    boxedStack: [90mundefined[39m,
    steps: [],
    attachmentIndices: [],
    info: TestStepInfoImpl {
      annotations: [],
      _testInfo: [36m[TestInfoImpl][39m,
      _stepId: [32m'pw:api@12'[39m
    },
    complete: [36m[Function: complete][39m,
    endWallTime: [33m1751169378668[39m,
    error: {
      message: [32m'Error: page.evaluate: The operation is insecure.\n'[39m +
        [32m'@debugger eval code line 291 > eval:2:26\n'[39m +
        [32m'evaluate@debugger eval code:293:16\n'[39m +
        [32m'@debugger eval code:1:44\n'[39m,
      stack: [32m'Error: page.evaluate: The operation is insecure.\n'[39m +
        [32m'@debugger eval code line 291 > eval:2:26\n'[39m +
        [32m'evaluate@debugger eval code:293:16\n'[39m +
        [32m'@debugger eval code:1:44\n'[39m +
        [32m'\n'[39m +
        [32m'    at @debugger eval code line 291 > eval:2:26\n'[39m +
        [32m'    at evaluate@debugger eval code:293:16\n'[39m +
        [32m'    at @debugger eval code:1:44\n'[39m +
        [32m'    at TestUtils.isLoggedIn (/mnt/r/Projects/ForkFlow-crm/tests/helpers/testUtils.ts:51:30)\n'[39m +
        [32m'    at /mnt/r/Projects/ForkFlow-crm/tests/organizations/mobile-responsive.spec.ts:15:23'[39m,
      cause: [90mundefined[39m
    }
  }
}
]]>
</system-err>
</testcase>
<testcase name="Organization Mobile Responsive Design › Touch and Gesture Support › should support touch scrolling" classname="organizations/mobile-responsive.spec.ts" time="3.662">
<failure message="mobile-responsive.spec.ts:321:5 should support touch scrolling" type="FAILURE">
<![CDATA[  [firefox] › organizations/mobile-responsive.spec.ts:321:5 › Organization Mobile Responsive Design › Touch and Gesture Support › should support touch scrolling 

    Error: page.evaluate: The operation is insecure.
    @debugger eval code line 291 > eval:1:7
    evaluate@debugger eval code:293:16
    @debugger eval code:1:44

        at @debugger eval code line 291 > eval:1:7
        at evaluate@debugger eval code:293:16
        at @debugger eval code:1:44
        at TestUtils.login (/mnt/r/Projects/ForkFlow-crm/tests/helpers/testUtils.ts:9:38)
        at /mnt/r/Projects/ForkFlow-crm/tests/organizations/mobile-responsive.spec.ts:16:19

    attachment #1: screenshot (image/png) ──────────────────────────────────────────────────────────
    test-results/organizations-mobile-respo-ef617-uld-support-touch-scrolling-firefox/test-failed-1.png
    ────────────────────────────────────────────────────────────────────────────────────────────────

    attachment #2: video (video/webm) ──────────────────────────────────────────────────────────────
    test-results/organizations-mobile-respo-ef617-uld-support-touch-scrolling-firefox/video.webm
    ────────────────────────────────────────────────────────────────────────────────────────────────
]]>
</failure>
<system-out>
<![CDATA[
[[ATTACHMENT|organizations-mobile-respo-ef617-uld-support-touch-scrolling-firefox/test-failed-1.png]]

[[ATTACHMENT|organizations-mobile-respo-ef617-uld-support-touch-scrolling-firefox/video.webm]]
]]>
</system-out>
<system-err>
<![CDATA[Error accessing localStorage: page.evaluate: The operation is insecure.
@debugger eval code line 291 > eval:2:26
evaluate@debugger eval code:293:16
@debugger eval code:1:44

    at TestUtils.isLoggedIn [90m(/mnt/r/Projects/ForkFlow-crm/[39mtests/helpers/testUtils.ts:51:30[90m)[39m
    at [90m/mnt/r/Projects/ForkFlow-crm/[39mtests/organizations/mobile-responsive.spec.ts:15:23 {
  name: [32m'Error'[39m,
  [[32mSymbol(step)[39m]: {
    stepId: [32m'pw:api@12'[39m,
    location: {
      file: [32m'/mnt/r/Projects/ForkFlow-crm/tests/helpers/testUtils.ts'[39m,
      line: [33m51[39m,
      column: [33m30[39m,
      function: [32m'TestUtils.isLoggedIn'[39m
    },
    category: [32m'pw:api'[39m,
    title: [32m'Evaluate'[39m,
    apiName: [32m'page.evaluate'[39m,
    params: {
      expression: [32m'() => {\n'[39m +
        [32m"        const hasAuth = !!localStorage.getItem('auth') || !!localStorage.getItem('user');\n"[39m +
        [32m"        const isTestMode = localStorage.getItem('test-mode') === 'true';\n"[39m +
        [32m'        return hasAuth || isTestMode;\n'[39m +
        [32m'      }'[39m,
      isFunction: [33mtrue[39m,
      arg: [36m[Object][39m
    },
    boxedStack: [90mundefined[39m,
    steps: [],
    attachmentIndices: [],
    info: TestStepInfoImpl {
      annotations: [],
      _testInfo: [36m[TestInfoImpl][39m,
      _stepId: [32m'pw:api@12'[39m
    },
    complete: [36m[Function: complete][39m,
    endWallTime: [33m1751169389786[39m,
    error: {
      message: [32m'Error: page.evaluate: The operation is insecure.\n'[39m +
        [32m'@debugger eval code line 291 > eval:2:26\n'[39m +
        [32m'evaluate@debugger eval code:293:16\n'[39m +
        [32m'@debugger eval code:1:44\n'[39m,
      stack: [32m'Error: page.evaluate: The operation is insecure.\n'[39m +
        [32m'@debugger eval code line 291 > eval:2:26\n'[39m +
        [32m'evaluate@debugger eval code:293:16\n'[39m +
        [32m'@debugger eval code:1:44\n'[39m +
        [32m'\n'[39m +
        [32m'    at @debugger eval code line 291 > eval:2:26\n'[39m +
        [32m'    at evaluate@debugger eval code:293:16\n'[39m +
        [32m'    at @debugger eval code:1:44\n'[39m +
        [32m'    at TestUtils.isLoggedIn (/mnt/r/Projects/ForkFlow-crm/tests/helpers/testUtils.ts:51:30)\n'[39m +
        [32m'    at /mnt/r/Projects/ForkFlow-crm/tests/organizations/mobile-responsive.spec.ts:15:23'[39m,
      cause: [90mundefined[39m
    }
  }
}
]]>
</system-err>
</testcase>
<testcase name="Organization Mobile Responsive Design › Touch and Gesture Support › should support pinch to zoom" classname="organizations/mobile-responsive.spec.ts" time="3.511">
<failure message="mobile-responsive.spec.ts:343:5 should support pinch to zoom" type="FAILURE">
<![CDATA[  [firefox] › organizations/mobile-responsive.spec.ts:343:5 › Organization Mobile Responsive Design › Touch and Gesture Support › should support pinch to zoom 

    Error: page.evaluate: The operation is insecure.
    @debugger eval code line 291 > eval:1:7
    evaluate@debugger eval code:293:16
    @debugger eval code:1:44

        at @debugger eval code line 291 > eval:1:7
        at evaluate@debugger eval code:293:16
        at @debugger eval code:1:44
        at TestUtils.login (/mnt/r/Projects/ForkFlow-crm/tests/helpers/testUtils.ts:9:38)
        at /mnt/r/Projects/ForkFlow-crm/tests/organizations/mobile-responsive.spec.ts:16:19

    attachment #1: screenshot (image/png) ──────────────────────────────────────────────────────────
    test-results/organizations-mobile-respo-de50c-hould-support-pinch-to-zoom-firefox/test-failed-1.png
    ────────────────────────────────────────────────────────────────────────────────────────────────

    attachment #2: video (video/webm) ──────────────────────────────────────────────────────────────
    test-results/organizations-mobile-respo-de50c-hould-support-pinch-to-zoom-firefox/video.webm
    ────────────────────────────────────────────────────────────────────────────────────────────────
]]>
</failure>
<system-out>
<![CDATA[
[[ATTACHMENT|organizations-mobile-respo-de50c-hould-support-pinch-to-zoom-firefox/test-failed-1.png]]

[[ATTACHMENT|organizations-mobile-respo-de50c-hould-support-pinch-to-zoom-firefox/video.webm]]
]]>
</system-out>
<system-err>
<![CDATA[Error accessing localStorage: page.evaluate: The operation is insecure.
@debugger eval code line 291 > eval:2:26
evaluate@debugger eval code:293:16
@debugger eval code:1:44

    at TestUtils.isLoggedIn [90m(/mnt/r/Projects/ForkFlow-crm/[39mtests/helpers/testUtils.ts:51:30[90m)[39m
    at [90m/mnt/r/Projects/ForkFlow-crm/[39mtests/organizations/mobile-responsive.spec.ts:15:23 {
  name: [32m'Error'[39m,
  [[32mSymbol(step)[39m]: {
    stepId: [32m'pw:api@12'[39m,
    location: {
      file: [32m'/mnt/r/Projects/ForkFlow-crm/tests/helpers/testUtils.ts'[39m,
      line: [33m51[39m,
      column: [33m30[39m,
      function: [32m'TestUtils.isLoggedIn'[39m
    },
    category: [32m'pw:api'[39m,
    title: [32m'Evaluate'[39m,
    apiName: [32m'page.evaluate'[39m,
    params: {
      expression: [32m'() => {\n'[39m +
        [32m"        const hasAuth = !!localStorage.getItem('auth') || !!localStorage.getItem('user');\n"[39m +
        [32m"        const isTestMode = localStorage.getItem('test-mode') === 'true';\n"[39m +
        [32m'        return hasAuth || isTestMode;\n'[39m +
        [32m'      }'[39m,
      isFunction: [33mtrue[39m,
      arg: [36m[Object][39m
    },
    boxedStack: [90mundefined[39m,
    steps: [],
    attachmentIndices: [],
    info: TestStepInfoImpl {
      annotations: [],
      _testInfo: [36m[TestInfoImpl][39m,
      _stepId: [32m'pw:api@12'[39m
    },
    complete: [36m[Function: complete][39m,
    endWallTime: [33m1751169401017[39m,
    error: {
      message: [32m'Error: page.evaluate: The operation is insecure.\n'[39m +
        [32m'@debugger eval code line 291 > eval:2:26\n'[39m +
        [32m'evaluate@debugger eval code:293:16\n'[39m +
        [32m'@debugger eval code:1:44\n'[39m,
      stack: [32m'Error: page.evaluate: The operation is insecure.\n'[39m +
        [32m'@debugger eval code line 291 > eval:2:26\n'[39m +
        [32m'evaluate@debugger eval code:293:16\n'[39m +
        [32m'@debugger eval code:1:44\n'[39m +
        [32m'\n'[39m +
        [32m'    at @debugger eval code line 291 > eval:2:26\n'[39m +
        [32m'    at evaluate@debugger eval code:293:16\n'[39m +
        [32m'    at @debugger eval code:1:44\n'[39m +
        [32m'    at TestUtils.isLoggedIn (/mnt/r/Projects/ForkFlow-crm/tests/helpers/testUtils.ts:51:30)\n'[39m +
        [32m'    at /mnt/r/Projects/ForkFlow-crm/tests/organizations/mobile-responsive.spec.ts:15:23'[39m,
      cause: [90mundefined[39m
    }
  }
}
]]>
</system-err>
</testcase>
<testcase name="Organization Mobile Responsive Design › Touch and Gesture Support › should handle touch input on form fields" classname="organizations/mobile-responsive.spec.ts" time="3.503">
<failure message="mobile-responsive.spec.ts:360:5 should handle touch input on form fields" type="FAILURE">
<![CDATA[  [firefox] › organizations/mobile-responsive.spec.ts:360:5 › Organization Mobile Responsive Design › Touch and Gesture Support › should handle touch input on form fields 

    Error: page.evaluate: The operation is insecure.
    @debugger eval code line 291 > eval:1:7
    evaluate@debugger eval code:293:16
    @debugger eval code:1:44

        at @debugger eval code line 291 > eval:1:7
        at evaluate@debugger eval code:293:16
        at @debugger eval code:1:44
        at TestUtils.login (/mnt/r/Projects/ForkFlow-crm/tests/helpers/testUtils.ts:9:38)
        at /mnt/r/Projects/ForkFlow-crm/tests/organizations/mobile-responsive.spec.ts:16:19

    attachment #1: screenshot (image/png) ──────────────────────────────────────────────────────────
    test-results/organizations-mobile-respo-c668a--touch-input-on-form-fields-firefox/test-failed-1.png
    ────────────────────────────────────────────────────────────────────────────────────────────────

    attachment #2: video (video/webm) ──────────────────────────────────────────────────────────────
    test-results/organizations-mobile-respo-c668a--touch-input-on-form-fields-firefox/video.webm
    ────────────────────────────────────────────────────────────────────────────────────────────────
]]>
</failure>
<system-out>
<![CDATA[
[[ATTACHMENT|organizations-mobile-respo-c668a--touch-input-on-form-fields-firefox/test-failed-1.png]]

[[ATTACHMENT|organizations-mobile-respo-c668a--touch-input-on-form-fields-firefox/video.webm]]
]]>
</system-out>
<system-err>
<![CDATA[Error accessing localStorage: page.evaluate: The operation is insecure.
@debugger eval code line 291 > eval:2:26
evaluate@debugger eval code:293:16
@debugger eval code:1:44

    at TestUtils.isLoggedIn [90m(/mnt/r/Projects/ForkFlow-crm/[39mtests/helpers/testUtils.ts:51:30[90m)[39m
    at [90m/mnt/r/Projects/ForkFlow-crm/[39mtests/organizations/mobile-responsive.spec.ts:15:23 {
  name: [32m'Error'[39m,
  [[32mSymbol(step)[39m]: {
    stepId: [32m'pw:api@12'[39m,
    location: {
      file: [32m'/mnt/r/Projects/ForkFlow-crm/tests/helpers/testUtils.ts'[39m,
      line: [33m51[39m,
      column: [33m30[39m,
      function: [32m'TestUtils.isLoggedIn'[39m
    },
    category: [32m'pw:api'[39m,
    title: [32m'Evaluate'[39m,
    apiName: [32m'page.evaluate'[39m,
    params: {
      expression: [32m'() => {\n'[39m +
        [32m"        const hasAuth = !!localStorage.getItem('auth') || !!localStorage.getItem('user');\n"[39m +
        [32m"        const isTestMode = localStorage.getItem('test-mode') === 'true';\n"[39m +
        [32m'        return hasAuth || isTestMode;\n'[39m +
        [32m'      }'[39m,
      isFunction: [33mtrue[39m,
      arg: [36m[Object][39m
    },
    boxedStack: [90mundefined[39m,
    steps: [],
    attachmentIndices: [],
    info: TestStepInfoImpl {
      annotations: [],
      _testInfo: [36m[TestInfoImpl][39m,
      _stepId: [32m'pw:api@12'[39m
    },
    complete: [36m[Function: complete][39m,
    endWallTime: [33m1751169412729[39m,
    error: {
      message: [32m'Error: page.evaluate: The operation is insecure.\n'[39m +
        [32m'@debugger eval code line 291 > eval:2:26\n'[39m +
        [32m'evaluate@debugger eval code:293:16\n'[39m +
        [32m'@debugger eval code:1:44\n'[39m,
      stack: [32m'Error: page.evaluate: The operation is insecure.\n'[39m +
        [32m'@debugger eval code line 291 > eval:2:26\n'[39m +
        [32m'evaluate@debugger eval code:293:16\n'[39m +
        [32m'@debugger eval code:1:44\n'[39m +
        [32m'\n'[39m +
        [32m'    at @debugger eval code line 291 > eval:2:26\n'[39m +
        [32m'    at evaluate@debugger eval code:293:16\n'[39m +
        [32m'    at @debugger eval code:1:44\n'[39m +
        [32m'    at TestUtils.isLoggedIn (/mnt/r/Projects/ForkFlow-crm/tests/helpers/testUtils.ts:51:30)\n'[39m +
        [32m'    at /mnt/r/Projects/ForkFlow-crm/tests/organizations/mobile-responsive.spec.ts:15:23'[39m,
      cause: [90mundefined[39m
    }
  }
}
]]>
</system-err>
</testcase>
<testcase name="Organization Mobile Responsive Design › Orientation Changes › should handle portrait to landscape rotation" classname="organizations/mobile-responsive.spec.ts" time="3.909">
<failure message="mobile-responsive.spec.ts:381:5 should handle portrait to landscape rotation" type="FAILURE">
<![CDATA[  [firefox] › organizations/mobile-responsive.spec.ts:381:5 › Organization Mobile Responsive Design › Orientation Changes › should handle portrait to landscape rotation 

    Error: page.evaluate: The operation is insecure.
    @debugger eval code line 291 > eval:1:7
    evaluate@debugger eval code:293:16
    @debugger eval code:1:44

        at @debugger eval code line 291 > eval:1:7
        at evaluate@debugger eval code:293:16
        at @debugger eval code:1:44
        at TestUtils.login (/mnt/r/Projects/ForkFlow-crm/tests/helpers/testUtils.ts:9:38)
        at /mnt/r/Projects/ForkFlow-crm/tests/organizations/mobile-responsive.spec.ts:16:19

    attachment #1: screenshot (image/png) ──────────────────────────────────────────────────────────
    test-results/organizations-mobile-respo-1f6ee-trait-to-landscape-rotation-firefox/test-failed-1.png
    ────────────────────────────────────────────────────────────────────────────────────────────────

    attachment #2: video (video/webm) ──────────────────────────────────────────────────────────────
    test-results/organizations-mobile-respo-1f6ee-trait-to-landscape-rotation-firefox/video.webm
    ────────────────────────────────────────────────────────────────────────────────────────────────
]]>
</failure>
<system-out>
<![CDATA[
[[ATTACHMENT|organizations-mobile-respo-1f6ee-trait-to-landscape-rotation-firefox/test-failed-1.png]]

[[ATTACHMENT|organizations-mobile-respo-1f6ee-trait-to-landscape-rotation-firefox/video.webm]]
]]>
</system-out>
<system-err>
<![CDATA[Error accessing localStorage: page.evaluate: The operation is insecure.
@debugger eval code line 291 > eval:2:26
evaluate@debugger eval code:293:16
@debugger eval code:1:44

    at TestUtils.isLoggedIn [90m(/mnt/r/Projects/ForkFlow-crm/[39mtests/helpers/testUtils.ts:51:30[90m)[39m
    at [90m/mnt/r/Projects/ForkFlow-crm/[39mtests/organizations/mobile-responsive.spec.ts:15:23 {
  name: [32m'Error'[39m,
  [[32mSymbol(step)[39m]: {
    stepId: [32m'pw:api@12'[39m,
    location: {
      file: [32m'/mnt/r/Projects/ForkFlow-crm/tests/helpers/testUtils.ts'[39m,
      line: [33m51[39m,
      column: [33m30[39m,
      function: [32m'TestUtils.isLoggedIn'[39m
    },
    category: [32m'pw:api'[39m,
    title: [32m'Evaluate'[39m,
    apiName: [32m'page.evaluate'[39m,
    params: {
      expression: [32m'() => {\n'[39m +
        [32m"        const hasAuth = !!localStorage.getItem('auth') || !!localStorage.getItem('user');\n"[39m +
        [32m"        const isTestMode = localStorage.getItem('test-mode') === 'true';\n"[39m +
        [32m'        return hasAuth || isTestMode;\n'[39m +
        [32m'      }'[39m,
      isFunction: [33mtrue[39m,
      arg: [36m[Object][39m
    },
    boxedStack: [90mundefined[39m,
    steps: [],
    attachmentIndices: [],
    info: TestStepInfoImpl {
      annotations: [],
      _testInfo: [36m[TestInfoImpl][39m,
      _stepId: [32m'pw:api@12'[39m
    },
    complete: [36m[Function: complete][39m,
    endWallTime: [33m1751169423569[39m,
    error: {
      message: [32m'Error: page.evaluate: The operation is insecure.\n'[39m +
        [32m'@debugger eval code line 291 > eval:2:26\n'[39m +
        [32m'evaluate@debugger eval code:293:16\n'[39m +
        [32m'@debugger eval code:1:44\n'[39m,
      stack: [32m'Error: page.evaluate: The operation is insecure.\n'[39m +
        [32m'@debugger eval code line 291 > eval:2:26\n'[39m +
        [32m'evaluate@debugger eval code:293:16\n'[39m +
        [32m'@debugger eval code:1:44\n'[39m +
        [32m'\n'[39m +
        [32m'    at @debugger eval code line 291 > eval:2:26\n'[39m +
        [32m'    at evaluate@debugger eval code:293:16\n'[39m +
        [32m'    at @debugger eval code:1:44\n'[39m +
        [32m'    at TestUtils.isLoggedIn (/mnt/r/Projects/ForkFlow-crm/tests/helpers/testUtils.ts:51:30)\n'[39m +
        [32m'    at /mnt/r/Projects/ForkFlow-crm/tests/organizations/mobile-responsive.spec.ts:15:23'[39m,
      cause: [90mundefined[39m
    }
  }
}
]]>
</system-err>
</testcase>
<testcase name="Organization Mobile Responsive Design › Orientation Changes › should handle landscape to portrait rotation" classname="organizations/mobile-responsive.spec.ts" time="3.448">
<failure message="mobile-responsive.spec.ts:397:5 should handle landscape to portrait rotation" type="FAILURE">
<![CDATA[  [firefox] › organizations/mobile-responsive.spec.ts:397:5 › Organization Mobile Responsive Design › Orientation Changes › should handle landscape to portrait rotation 

    Error: page.evaluate: The operation is insecure.
    @debugger eval code line 291 > eval:1:7
    evaluate@debugger eval code:293:16
    @debugger eval code:1:44

        at @debugger eval code line 291 > eval:1:7
        at evaluate@debugger eval code:293:16
        at @debugger eval code:1:44
        at TestUtils.login (/mnt/r/Projects/ForkFlow-crm/tests/helpers/testUtils.ts:9:38)
        at /mnt/r/Projects/ForkFlow-crm/tests/organizations/mobile-responsive.spec.ts:16:19

    attachment #1: screenshot (image/png) ──────────────────────────────────────────────────────────
    test-results/organizations-mobile-respo-5cca3-dscape-to-portrait-rotation-firefox/test-failed-1.png
    ────────────────────────────────────────────────────────────────────────────────────────────────

    attachment #2: video (video/webm) ──────────────────────────────────────────────────────────────
    test-results/organizations-mobile-respo-5cca3-dscape-to-portrait-rotation-firefox/video.webm
    ────────────────────────────────────────────────────────────────────────────────────────────────
]]>
</failure>
<system-out>
<![CDATA[
[[ATTACHMENT|organizations-mobile-respo-5cca3-dscape-to-portrait-rotation-firefox/test-failed-1.png]]

[[ATTACHMENT|organizations-mobile-respo-5cca3-dscape-to-portrait-rotation-firefox/video.webm]]
]]>
</system-out>
<system-err>
<![CDATA[Error accessing localStorage: page.evaluate: The operation is insecure.
@debugger eval code line 291 > eval:2:26
evaluate@debugger eval code:293:16
@debugger eval code:1:44

    at TestUtils.isLoggedIn [90m(/mnt/r/Projects/ForkFlow-crm/[39mtests/helpers/testUtils.ts:51:30[90m)[39m
    at [90m/mnt/r/Projects/ForkFlow-crm/[39mtests/organizations/mobile-responsive.spec.ts:15:23 {
  name: [32m'Error'[39m,
  [[32mSymbol(step)[39m]: {
    stepId: [32m'pw:api@12'[39m,
    location: {
      file: [32m'/mnt/r/Projects/ForkFlow-crm/tests/helpers/testUtils.ts'[39m,
      line: [33m51[39m,
      column: [33m30[39m,
      function: [32m'TestUtils.isLoggedIn'[39m
    },
    category: [32m'pw:api'[39m,
    title: [32m'Evaluate'[39m,
    apiName: [32m'page.evaluate'[39m,
    params: {
      expression: [32m'() => {\n'[39m +
        [32m"        const hasAuth = !!localStorage.getItem('auth') || !!localStorage.getItem('user');\n"[39m +
        [32m"        const isTestMode = localStorage.getItem('test-mode') === 'true';\n"[39m +
        [32m'        return hasAuth || isTestMode;\n'[39m +
        [32m'      }'[39m,
      isFunction: [33mtrue[39m,
      arg: [36m[Object][39m
    },
    boxedStack: [90mundefined[39m,
    steps: [],
    attachmentIndices: [],
    info: TestStepInfoImpl {
      annotations: [],
      _testInfo: [36m[TestInfoImpl][39m,
      _stepId: [32m'pw:api@12'[39m
    },
    complete: [36m[Function: complete][39m,
    endWallTime: [33m1751169435100[39m,
    error: {
      message: [32m'Error: page.evaluate: The operation is insecure.\n'[39m +
        [32m'@debugger eval code line 291 > eval:2:26\n'[39m +
        [32m'evaluate@debugger eval code:293:16\n'[39m +
        [32m'@debugger eval code:1:44\n'[39m,
      stack: [32m'Error: page.evaluate: The operation is insecure.\n'[39m +
        [32m'@debugger eval code line 291 > eval:2:26\n'[39m +
        [32m'evaluate@debugger eval code:293:16\n'[39m +
        [32m'@debugger eval code:1:44\n'[39m +
        [32m'\n'[39m +
        [32m'    at @debugger eval code line 291 > eval:2:26\n'[39m +
        [32m'    at evaluate@debugger eval code:293:16\n'[39m +
        [32m'    at @debugger eval code:1:44\n'[39m +
        [32m'    at TestUtils.isLoggedIn (/mnt/r/Projects/ForkFlow-crm/tests/helpers/testUtils.ts:51:30)\n'[39m +
        [32m'    at /mnt/r/Projects/ForkFlow-crm/tests/organizations/mobile-responsive.spec.ts:15:23'[39m,
      cause: [90mundefined[39m
    }
  }
}
]]>
</system-err>
</testcase>
<testcase name="Organization Mobile Responsive Design › Performance on Mobile › should load quickly on mobile devices" classname="organizations/mobile-responsive.spec.ts" time="3.384">
<failure message="mobile-responsive.spec.ts:415:5 should load quickly on mobile devices" type="FAILURE">
<![CDATA[  [firefox] › organizations/mobile-responsive.spec.ts:415:5 › Organization Mobile Responsive Design › Performance on Mobile › should load quickly on mobile devices 

    Error: page.evaluate: The operation is insecure.
    @debugger eval code line 291 > eval:1:7
    evaluate@debugger eval code:293:16
    @debugger eval code:1:44

        at @debugger eval code line 291 > eval:1:7
        at evaluate@debugger eval code:293:16
        at @debugger eval code:1:44
        at TestUtils.login (/mnt/r/Projects/ForkFlow-crm/tests/helpers/testUtils.ts:9:38)
        at /mnt/r/Projects/ForkFlow-crm/tests/organizations/mobile-responsive.spec.ts:16:19

    attachment #1: screenshot (image/png) ──────────────────────────────────────────────────────────
    test-results/organizations-mobile-respo-b2b1f-d-quickly-on-mobile-devices-firefox/test-failed-1.png
    ────────────────────────────────────────────────────────────────────────────────────────────────

    attachment #2: video (video/webm) ──────────────────────────────────────────────────────────────
    test-results/organizations-mobile-respo-b2b1f-d-quickly-on-mobile-devices-firefox/video.webm
    ────────────────────────────────────────────────────────────────────────────────────────────────
]]>
</failure>
<system-out>
<![CDATA[
[[ATTACHMENT|organizations-mobile-respo-b2b1f-d-quickly-on-mobile-devices-firefox/test-failed-1.png]]

[[ATTACHMENT|organizations-mobile-respo-b2b1f-d-quickly-on-mobile-devices-firefox/video.webm]]
]]>
</system-out>
<system-err>
<![CDATA[Error accessing localStorage: page.evaluate: The operation is insecure.
@debugger eval code line 291 > eval:2:26
evaluate@debugger eval code:293:16
@debugger eval code:1:44

    at TestUtils.isLoggedIn [90m(/mnt/r/Projects/ForkFlow-crm/[39mtests/helpers/testUtils.ts:51:30[90m)[39m
    at [90m/mnt/r/Projects/ForkFlow-crm/[39mtests/organizations/mobile-responsive.spec.ts:15:23 {
  name: [32m'Error'[39m,
  [[32mSymbol(step)[39m]: {
    stepId: [32m'pw:api@12'[39m,
    location: {
      file: [32m'/mnt/r/Projects/ForkFlow-crm/tests/helpers/testUtils.ts'[39m,
      line: [33m51[39m,
      column: [33m30[39m,
      function: [32m'TestUtils.isLoggedIn'[39m
    },
    category: [32m'pw:api'[39m,
    title: [32m'Evaluate'[39m,
    apiName: [32m'page.evaluate'[39m,
    params: {
      expression: [32m'() => {\n'[39m +
        [32m"        const hasAuth = !!localStorage.getItem('auth') || !!localStorage.getItem('user');\n"[39m +
        [32m"        const isTestMode = localStorage.getItem('test-mode') === 'true';\n"[39m +
        [32m'        return hasAuth || isTestMode;\n'[39m +
        [32m'      }'[39m,
      isFunction: [33mtrue[39m,
      arg: [36m[Object][39m
    },
    boxedStack: [90mundefined[39m,
    steps: [],
    attachmentIndices: [],
    info: TestStepInfoImpl {
      annotations: [],
      _testInfo: [36m[TestInfoImpl][39m,
      _stepId: [32m'pw:api@12'[39m
    },
    complete: [36m[Function: complete][39m,
    endWallTime: [33m1751169445736[39m,
    error: {
      message: [32m'Error: page.evaluate: The operation is insecure.\n'[39m +
        [32m'@debugger eval code line 291 > eval:2:26\n'[39m +
        [32m'evaluate@debugger eval code:293:16\n'[39m +
        [32m'@debugger eval code:1:44\n'[39m,
      stack: [32m'Error: page.evaluate: The operation is insecure.\n'[39m +
        [32m'@debugger eval code line 291 > eval:2:26\n'[39m +
        [32m'evaluate@debugger eval code:293:16\n'[39m +
        [32m'@debugger eval code:1:44\n'[39m +
        [32m'\n'[39m +
        [32m'    at @debugger eval code line 291 > eval:2:26\n'[39m +
        [32m'    at evaluate@debugger eval code:293:16\n'[39m +
        [32m'    at @debugger eval code:1:44\n'[39m +
        [32m'    at TestUtils.isLoggedIn (/mnt/r/Projects/ForkFlow-crm/tests/helpers/testUtils.ts:51:30)\n'[39m +
        [32m'    at /mnt/r/Projects/ForkFlow-crm/tests/organizations/mobile-responsive.spec.ts:15:23'[39m,
      cause: [90mundefined[39m
    }
  }
}
]]>
</system-err>
</testcase>
<testcase name="Organization Mobile Responsive Design › Performance on Mobile › should handle low bandwidth conditions" classname="organizations/mobile-responsive.spec.ts" time="3.442">
<failure message="mobile-responsive.spec.ts:426:5 should handle low bandwidth conditions" type="FAILURE">
<![CDATA[  [firefox] › organizations/mobile-responsive.spec.ts:426:5 › Organization Mobile Responsive Design › Performance on Mobile › should handle low bandwidth conditions 

    Error: page.evaluate: The operation is insecure.
    @debugger eval code line 291 > eval:1:7
    evaluate@debugger eval code:293:16
    @debugger eval code:1:44

        at @debugger eval code line 291 > eval:1:7
        at evaluate@debugger eval code:293:16
        at @debugger eval code:1:44
        at TestUtils.login (/mnt/r/Projects/ForkFlow-crm/tests/helpers/testUtils.ts:9:38)
        at /mnt/r/Projects/ForkFlow-crm/tests/organizations/mobile-responsive.spec.ts:16:19

    attachment #1: screenshot (image/png) ──────────────────────────────────────────────────────────
    test-results/organizations-mobile-respo-7d8ad-le-low-bandwidth-conditions-firefox/test-failed-1.png
    ────────────────────────────────────────────────────────────────────────────────────────────────

    attachment #2: video (video/webm) ──────────────────────────────────────────────────────────────
    test-results/organizations-mobile-respo-7d8ad-le-low-bandwidth-conditions-firefox/video.webm
    ────────────────────────────────────────────────────────────────────────────────────────────────
]]>
</failure>
<system-out>
<![CDATA[
[[ATTACHMENT|organizations-mobile-respo-7d8ad-le-low-bandwidth-conditions-firefox/test-failed-1.png]]

[[ATTACHMENT|organizations-mobile-respo-7d8ad-le-low-bandwidth-conditions-firefox/video.webm]]
]]>
</system-out>
<system-err>
<![CDATA[Error accessing localStorage: page.evaluate: The operation is insecure.
@debugger eval code line 291 > eval:2:26
evaluate@debugger eval code:293:16
@debugger eval code:1:44

    at TestUtils.isLoggedIn [90m(/mnt/r/Projects/ForkFlow-crm/[39mtests/helpers/testUtils.ts:51:30[90m)[39m
    at [90m/mnt/r/Projects/ForkFlow-crm/[39mtests/organizations/mobile-responsive.spec.ts:15:23 {
  name: [32m'Error'[39m,
  [[32mSymbol(step)[39m]: {
    stepId: [32m'pw:api@12'[39m,
    location: {
      file: [32m'/mnt/r/Projects/ForkFlow-crm/tests/helpers/testUtils.ts'[39m,
      line: [33m51[39m,
      column: [33m30[39m,
      function: [32m'TestUtils.isLoggedIn'[39m
    },
    category: [32m'pw:api'[39m,
    title: [32m'Evaluate'[39m,
    apiName: [32m'page.evaluate'[39m,
    params: {
      expression: [32m'() => {\n'[39m +
        [32m"        const hasAuth = !!localStorage.getItem('auth') || !!localStorage.getItem('user');\n"[39m +
        [32m"        const isTestMode = localStorage.getItem('test-mode') === 'true';\n"[39m +
        [32m'        return hasAuth || isTestMode;\n'[39m +
        [32m'      }'[39m,
      isFunction: [33mtrue[39m,
      arg: [36m[Object][39m
    },
    boxedStack: [90mundefined[39m,
    steps: [],
    attachmentIndices: [],
    info: TestStepInfoImpl {
      annotations: [],
      _testInfo: [36m[TestInfoImpl][39m,
      _stepId: [32m'pw:api@12'[39m
    },
    complete: [36m[Function: complete][39m,
    endWallTime: [33m1751169456284[39m,
    error: {
      message: [32m'Error: page.evaluate: The operation is insecure.\n'[39m +
        [32m'@debugger eval code line 291 > eval:2:26\n'[39m +
        [32m'evaluate@debugger eval code:293:16\n'[39m +
        [32m'@debugger eval code:1:44\n'[39m,
      stack: [32m'Error: page.evaluate: The operation is insecure.\n'[39m +
        [32m'@debugger eval code line 291 > eval:2:26\n'[39m +
        [32m'evaluate@debugger eval code:293:16\n'[39m +
        [32m'@debugger eval code:1:44\n'[39m +
        [32m'\n'[39m +
        [32m'    at @debugger eval code line 291 > eval:2:26\n'[39m +
        [32m'    at evaluate@debugger eval code:293:16\n'[39m +
        [32m'    at @debugger eval code:1:44\n'[39m +
        [32m'    at TestUtils.isLoggedIn (/mnt/r/Projects/ForkFlow-crm/tests/helpers/testUtils.ts:51:30)\n'[39m +
        [32m'    at /mnt/r/Projects/ForkFlow-crm/tests/organizations/mobile-responsive.spec.ts:15:23'[39m,
      cause: [90mundefined[39m
    }
  }
}
]]>
</system-err>
</testcase>
<testcase name="Organization Mobile Responsive Design › Cross-Device Consistency › should maintain data consistency across devices" classname="organizations/mobile-responsive.spec.ts" time="3.433">
<failure message="mobile-responsive.spec.ts:445:5 should maintain data consistency across devices" type="FAILURE">
<![CDATA[  [firefox] › organizations/mobile-responsive.spec.ts:445:5 › Organization Mobile Responsive Design › Cross-Device Consistency › should maintain data consistency across devices 

    Error: page.evaluate: The operation is insecure.
    @debugger eval code line 291 > eval:1:7
    evaluate@debugger eval code:293:16
    @debugger eval code:1:44

        at @debugger eval code line 291 > eval:1:7
        at evaluate@debugger eval code:293:16
        at @debugger eval code:1:44
        at TestUtils.login (/mnt/r/Projects/ForkFlow-crm/tests/helpers/testUtils.ts:9:38)
        at /mnt/r/Projects/ForkFlow-crm/tests/organizations/mobile-responsive.spec.ts:16:19

    attachment #1: screenshot (image/png) ──────────────────────────────────────────────────────────
    test-results/organizations-mobile-respo-90088--consistency-across-devices-firefox/test-failed-1.png
    ────────────────────────────────────────────────────────────────────────────────────────────────

    attachment #2: video (video/webm) ──────────────────────────────────────────────────────────────
    test-results/organizations-mobile-respo-90088--consistency-across-devices-firefox/video.webm
    ────────────────────────────────────────────────────────────────────────────────────────────────
]]>
</failure>
<system-out>
<![CDATA[
[[ATTACHMENT|organizations-mobile-respo-90088--consistency-across-devices-firefox/test-failed-1.png]]

[[ATTACHMENT|organizations-mobile-respo-90088--consistency-across-devices-firefox/video.webm]]
]]>
</system-out>
<system-err>
<![CDATA[Error accessing localStorage: page.evaluate: The operation is insecure.
@debugger eval code line 291 > eval:2:26
evaluate@debugger eval code:293:16
@debugger eval code:1:44

    at TestUtils.isLoggedIn [90m(/mnt/r/Projects/ForkFlow-crm/[39mtests/helpers/testUtils.ts:51:30[90m)[39m
    at [90m/mnt/r/Projects/ForkFlow-crm/[39mtests/organizations/mobile-responsive.spec.ts:15:23 {
  name: [32m'Error'[39m,
  [[32mSymbol(step)[39m]: {
    stepId: [32m'pw:api@12'[39m,
    location: {
      file: [32m'/mnt/r/Projects/ForkFlow-crm/tests/helpers/testUtils.ts'[39m,
      line: [33m51[39m,
      column: [33m30[39m,
      function: [32m'TestUtils.isLoggedIn'[39m
    },
    category: [32m'pw:api'[39m,
    title: [32m'Evaluate'[39m,
    apiName: [32m'page.evaluate'[39m,
    params: {
      expression: [32m'() => {\n'[39m +
        [32m"        const hasAuth = !!localStorage.getItem('auth') || !!localStorage.getItem('user');\n"[39m +
        [32m"        const isTestMode = localStorage.getItem('test-mode') === 'true';\n"[39m +
        [32m'        return hasAuth || isTestMode;\n'[39m +
        [32m'      }'[39m,
      isFunction: [33mtrue[39m,
      arg: [36m[Object][39m
    },
    boxedStack: [90mundefined[39m,
    steps: [],
    attachmentIndices: [],
    info: TestStepInfoImpl {
      annotations: [],
      _testInfo: [36m[TestInfoImpl][39m,
      _stepId: [32m'pw:api@12'[39m
    },
    complete: [36m[Function: complete][39m,
    endWallTime: [33m1751169468058[39m,
    error: {
      message: [32m'Error: page.evaluate: The operation is insecure.\n'[39m +
        [32m'@debugger eval code line 291 > eval:2:26\n'[39m +
        [32m'evaluate@debugger eval code:293:16\n'[39m +
        [32m'@debugger eval code:1:44\n'[39m,
      stack: [32m'Error: page.evaluate: The operation is insecure.\n'[39m +
        [32m'@debugger eval code line 291 > eval:2:26\n'[39m +
        [32m'evaluate@debugger eval code:293:16\n'[39m +
        [32m'@debugger eval code:1:44\n'[39m +
        [32m'\n'[39m +
        [32m'    at @debugger eval code line 291 > eval:2:26\n'[39m +
        [32m'    at evaluate@debugger eval code:293:16\n'[39m +
        [32m'    at @debugger eval code:1:44\n'[39m +
        [32m'    at TestUtils.isLoggedIn (/mnt/r/Projects/ForkFlow-crm/tests/helpers/testUtils.ts:51:30)\n'[39m +
        [32m'    at /mnt/r/Projects/ForkFlow-crm/tests/organizations/mobile-responsive.spec.ts:15:23'[39m,
      cause: [90mundefined[39m
    }
  }
}
]]>
</system-err>
</testcase>
<testcase name="Organization Mobile Responsive Design › Cross-Device Consistency › should sync form state across orientations" classname="organizations/mobile-responsive.spec.ts" time="3.322">
<failure message="mobile-responsive.spec.ts:462:5 should sync form state across orientations" type="FAILURE">
<![CDATA[  [firefox] › organizations/mobile-responsive.spec.ts:462:5 › Organization Mobile Responsive Design › Cross-Device Consistency › should sync form state across orientations 

    Error: page.evaluate: The operation is insecure.
    @debugger eval code line 291 > eval:1:7
    evaluate@debugger eval code:293:16
    @debugger eval code:1:44

        at @debugger eval code line 291 > eval:1:7
        at evaluate@debugger eval code:293:16
        at @debugger eval code:1:44
        at TestUtils.login (/mnt/r/Projects/ForkFlow-crm/tests/helpers/testUtils.ts:9:38)
        at /mnt/r/Projects/ForkFlow-crm/tests/organizations/mobile-responsive.spec.ts:16:19

    attachment #1: screenshot (image/png) ──────────────────────────────────────────────────────────
    test-results/organizations-mobile-respo-2227f-m-state-across-orientations-firefox/test-failed-1.png
    ────────────────────────────────────────────────────────────────────────────────────────────────

    attachment #2: video (video/webm) ──────────────────────────────────────────────────────────────
    test-results/organizations-mobile-respo-2227f-m-state-across-orientations-firefox/video.webm
    ────────────────────────────────────────────────────────────────────────────────────────────────
]]>
</failure>
<system-out>
<![CDATA[
[[ATTACHMENT|organizations-mobile-respo-2227f-m-state-across-orientations-firefox/test-failed-1.png]]

[[ATTACHMENT|organizations-mobile-respo-2227f-m-state-across-orientations-firefox/video.webm]]
]]>
</system-out>
<system-err>
<![CDATA[Error accessing localStorage: page.evaluate: The operation is insecure.
@debugger eval code line 291 > eval:2:26
evaluate@debugger eval code:293:16
@debugger eval code:1:44

    at TestUtils.isLoggedIn [90m(/mnt/r/Projects/ForkFlow-crm/[39mtests/helpers/testUtils.ts:51:30[90m)[39m
    at [90m/mnt/r/Projects/ForkFlow-crm/[39mtests/organizations/mobile-responsive.spec.ts:15:23 {
  name: [32m'Error'[39m,
  [[32mSymbol(step)[39m]: {
    stepId: [32m'pw:api@12'[39m,
    location: {
      file: [32m'/mnt/r/Projects/ForkFlow-crm/tests/helpers/testUtils.ts'[39m,
      line: [33m51[39m,
      column: [33m30[39m,
      function: [32m'TestUtils.isLoggedIn'[39m
    },
    category: [32m'pw:api'[39m,
    title: [32m'Evaluate'[39m,
    apiName: [32m'page.evaluate'[39m,
    params: {
      expression: [32m'() => {\n'[39m +
        [32m"        const hasAuth = !!localStorage.getItem('auth') || !!localStorage.getItem('user');\n"[39m +
        [32m"        const isTestMode = localStorage.getItem('test-mode') === 'true';\n"[39m +
        [32m'        return hasAuth || isTestMode;\n'[39m +
        [32m'      }'[39m,
      isFunction: [33mtrue[39m,
      arg: [36m[Object][39m
    },
    boxedStack: [90mundefined[39m,
    steps: [],
    attachmentIndices: [],
    info: TestStepInfoImpl {
      annotations: [],
      _testInfo: [36m[TestInfoImpl][39m,
      _stepId: [32m'pw:api@12'[39m
    },
    complete: [36m[Function: complete][39m,
    endWallTime: [33m1751169478798[39m,
    error: {
      message: [32m'Error: page.evaluate: The operation is insecure.\n'[39m +
        [32m'@debugger eval code line 291 > eval:2:26\n'[39m +
        [32m'evaluate@debugger eval code:293:16\n'[39m +
        [32m'@debugger eval code:1:44\n'[39m,
      stack: [32m'Error: page.evaluate: The operation is insecure.\n'[39m +
        [32m'@debugger eval code line 291 > eval:2:26\n'[39m +
        [32m'evaluate@debugger eval code:293:16\n'[39m +
        [32m'@debugger eval code:1:44\n'[39m +
        [32m'\n'[39m +
        [32m'    at @debugger eval code line 291 > eval:2:26\n'[39m +
        [32m'    at evaluate@debugger eval code:293:16\n'[39m +
        [32m'    at @debugger eval code:1:44\n'[39m +
        [32m'    at TestUtils.isLoggedIn (/mnt/r/Projects/ForkFlow-crm/tests/helpers/testUtils.ts:51:30)\n'[39m +
        [32m'    at /mnt/r/Projects/ForkFlow-crm/tests/organizations/mobile-responsive.spec.ts:15:23'[39m,
      cause: [90mundefined[39m
    }
  }
}
]]>
</system-err>
</testcase>
</testsuite>
<testsuite name="organizations/performance.spec.ts" timestamp="2025-06-29T03:15:12.290Z" hostname="firefox" tests="24" failures="17" skipped="7" time="57.814" errors="0">
<testcase name="Organization Performance Testing › Page Load Performance › should load organization list within acceptable time" classname="organizations/performance.spec.ts" time="3.284">
<failure message="performance.spec.ts:21:5 should load organization list within acceptable time" type="FAILURE">
<![CDATA[  [firefox] › organizations/performance.spec.ts:21:5 › Organization Performance Testing › Page Load Performance › should load organization list within acceptable time 

    Error: page.evaluate: The operation is insecure.
    @debugger eval code line 291 > eval:1:7
    evaluate@debugger eval code:293:16
    @debugger eval code:1:44

        at @debugger eval code line 291 > eval:1:7
        at evaluate@debugger eval code:293:16
        at @debugger eval code:1:44
        at TestUtils.login (/mnt/r/Projects/ForkFlow-crm/tests/helpers/testUtils.ts:9:38)
        at /mnt/r/Projects/ForkFlow-crm/tests/organizations/performance.spec.ts:16:19

    attachment #1: screenshot (image/png) ──────────────────────────────────────────────────────────
    test-results/organizations-performance--b37f9-list-within-acceptable-time-firefox/test-failed-1.png
    ────────────────────────────────────────────────────────────────────────────────────────────────

    attachment #2: video (video/webm) ──────────────────────────────────────────────────────────────
    test-results/organizations-performance--b37f9-list-within-acceptable-time-firefox/video.webm
    ────────────────────────────────────────────────────────────────────────────────────────────────
]]>
</failure>
<system-out>
<![CDATA[
[[ATTACHMENT|organizations-performance--b37f9-list-within-acceptable-time-firefox/test-failed-1.png]]

[[ATTACHMENT|organizations-performance--b37f9-list-within-acceptable-time-firefox/video.webm]]
]]>
</system-out>
<system-err>
<![CDATA[Error accessing localStorage: page.evaluate: The operation is insecure.
@debugger eval code line 291 > eval:2:26
evaluate@debugger eval code:293:16
@debugger eval code:1:44

    at TestUtils.isLoggedIn [90m(/mnt/r/Projects/ForkFlow-crm/[39mtests/helpers/testUtils.ts:51:30[90m)[39m
    at [90m/mnt/r/Projects/ForkFlow-crm/[39mtests/organizations/performance.spec.ts:15:23 {
  name: [32m'Error'[39m,
  [[32mSymbol(step)[39m]: {
    stepId: [32m'pw:api@12'[39m,
    location: {
      file: [32m'/mnt/r/Projects/ForkFlow-crm/tests/helpers/testUtils.ts'[39m,
      line: [33m51[39m,
      column: [33m30[39m,
      function: [32m'TestUtils.isLoggedIn'[39m
    },
    category: [32m'pw:api'[39m,
    title: [32m'Evaluate'[39m,
    apiName: [32m'page.evaluate'[39m,
    params: {
      expression: [32m'() => {\n'[39m +
        [32m"        const hasAuth = !!localStorage.getItem('auth') || !!localStorage.getItem('user');\n"[39m +
        [32m"        const isTestMode = localStorage.getItem('test-mode') === 'true';\n"[39m +
        [32m'        return hasAuth || isTestMode;\n'[39m +
        [32m'      }'[39m,
      isFunction: [33mtrue[39m,
      arg: [36m[Object][39m
    },
    boxedStack: [90mundefined[39m,
    steps: [],
    attachmentIndices: [],
    info: TestStepInfoImpl {
      annotations: [],
      _testInfo: [36m[TestInfoImpl][39m,
      _stepId: [32m'pw:api@12'[39m
    },
    complete: [36m[Function: complete][39m,
    endWallTime: [33m1751169488946[39m,
    error: {
      message: [32m'Error: page.evaluate: The operation is insecure.\n'[39m +
        [32m'@debugger eval code line 291 > eval:2:26\n'[39m +
        [32m'evaluate@debugger eval code:293:16\n'[39m +
        [32m'@debugger eval code:1:44\n'[39m,
      stack: [32m'Error: page.evaluate: The operation is insecure.\n'[39m +
        [32m'@debugger eval code line 291 > eval:2:26\n'[39m +
        [32m'evaluate@debugger eval code:293:16\n'[39m +
        [32m'@debugger eval code:1:44\n'[39m +
        [32m'\n'[39m +
        [32m'    at @debugger eval code line 291 > eval:2:26\n'[39m +
        [32m'    at evaluate@debugger eval code:293:16\n'[39m +
        [32m'    at @debugger eval code:1:44\n'[39m +
        [32m'    at TestUtils.isLoggedIn (/mnt/r/Projects/ForkFlow-crm/tests/helpers/testUtils.ts:51:30)\n'[39m +
        [32m'    at /mnt/r/Projects/ForkFlow-crm/tests/organizations/performance.spec.ts:15:23'[39m,
      cause: [90mundefined[39m
    }
  }
}
]]>
</system-err>
</testcase>
<testcase name="Organization Performance Testing › Page Load Performance › should load organization create form quickly" classname="organizations/performance.spec.ts" time="3.28">
<failure message="performance.spec.ts:33:5 should load organization create form quickly" type="FAILURE">
<![CDATA[  [firefox] › organizations/performance.spec.ts:33:5 › Organization Performance Testing › Page Load Performance › should load organization create form quickly 

    Error: page.evaluate: The operation is insecure.
    @debugger eval code line 291 > eval:1:7
    evaluate@debugger eval code:293:16
    @debugger eval code:1:44

        at @debugger eval code line 291 > eval:1:7
        at evaluate@debugger eval code:293:16
        at @debugger eval code:1:44
        at TestUtils.login (/mnt/r/Projects/ForkFlow-crm/tests/helpers/testUtils.ts:9:38)
        at /mnt/r/Projects/ForkFlow-crm/tests/organizations/performance.spec.ts:16:19

    attachment #1: screenshot (image/png) ──────────────────────────────────────────────────────────
    test-results/organizations-performance--08217-ization-create-form-quickly-firefox/test-failed-1.png
    ────────────────────────────────────────────────────────────────────────────────────────────────

    attachment #2: video (video/webm) ──────────────────────────────────────────────────────────────
    test-results/organizations-performance--08217-ization-create-form-quickly-firefox/video.webm
    ────────────────────────────────────────────────────────────────────────────────────────────────
]]>
</failure>
<system-out>
<![CDATA[
[[ATTACHMENT|organizations-performance--08217-ization-create-form-quickly-firefox/test-failed-1.png]]

[[ATTACHMENT|organizations-performance--08217-ization-create-form-quickly-firefox/video.webm]]
]]>
</system-out>
<system-err>
<![CDATA[Error accessing localStorage: page.evaluate: The operation is insecure.
@debugger eval code line 291 > eval:2:26
evaluate@debugger eval code:293:16
@debugger eval code:1:44

    at TestUtils.isLoggedIn [90m(/mnt/r/Projects/ForkFlow-crm/[39mtests/helpers/testUtils.ts:51:30[90m)[39m
    at [90m/mnt/r/Projects/ForkFlow-crm/[39mtests/organizations/performance.spec.ts:15:23 {
  name: [32m'Error'[39m,
  [[32mSymbol(step)[39m]: {
    stepId: [32m'pw:api@12'[39m,
    location: {
      file: [32m'/mnt/r/Projects/ForkFlow-crm/tests/helpers/testUtils.ts'[39m,
      line: [33m51[39m,
      column: [33m30[39m,
      function: [32m'TestUtils.isLoggedIn'[39m
    },
    category: [32m'pw:api'[39m,
    title: [32m'Evaluate'[39m,
    apiName: [32m'page.evaluate'[39m,
    params: {
      expression: [32m'() => {\n'[39m +
        [32m"        const hasAuth = !!localStorage.getItem('auth') || !!localStorage.getItem('user');\n"[39m +
        [32m"        const isTestMode = localStorage.getItem('test-mode') === 'true';\n"[39m +
        [32m'        return hasAuth || isTestMode;\n'[39m +
        [32m'      }'[39m,
      isFunction: [33mtrue[39m,
      arg: [36m[Object][39m
    },
    boxedStack: [90mundefined[39m,
    steps: [],
    attachmentIndices: [],
    info: TestStepInfoImpl {
      annotations: [],
      _testInfo: [36m[TestInfoImpl][39m,
      _stepId: [32m'pw:api@12'[39m
    },
    complete: [36m[Function: complete][39m,
    endWallTime: [33m1751169500935[39m,
    error: {
      message: [32m'Error: page.evaluate: The operation is insecure.\n'[39m +
        [32m'@debugger eval code line 291 > eval:2:26\n'[39m +
        [32m'evaluate@debugger eval code:293:16\n'[39m +
        [32m'@debugger eval code:1:44\n'[39m,
      stack: [32m'Error: page.evaluate: The operation is insecure.\n'[39m +
        [32m'@debugger eval code line 291 > eval:2:26\n'[39m +
        [32m'evaluate@debugger eval code:293:16\n'[39m +
        [32m'@debugger eval code:1:44\n'[39m +
        [32m'\n'[39m +
        [32m'    at @debugger eval code line 291 > eval:2:26\n'[39m +
        [32m'    at evaluate@debugger eval code:293:16\n'[39m +
        [32m'    at @debugger eval code:1:44\n'[39m +
        [32m'    at TestUtils.isLoggedIn (/mnt/r/Projects/ForkFlow-crm/tests/helpers/testUtils.ts:51:30)\n'[39m +
        [32m'    at /mnt/r/Projects/ForkFlow-crm/tests/organizations/performance.spec.ts:15:23'[39m,
      cause: [90mundefined[39m
    }
  }
}
]]>
</system-err>
</testcase>
<testcase name="Organization Performance Testing › Page Load Performance › should load organization details quickly" classname="organizations/performance.spec.ts" time="3.791">
<failure message="performance.spec.ts:45:5 should load organization details quickly" type="FAILURE">
<![CDATA[  [firefox] › organizations/performance.spec.ts:45:5 › Organization Performance Testing › Page Load Performance › should load organization details quickly 

    Error: page.evaluate: The operation is insecure.
    @debugger eval code line 291 > eval:1:7
    evaluate@debugger eval code:293:16
    @debugger eval code:1:44

        at @debugger eval code line 291 > eval:1:7
        at evaluate@debugger eval code:293:16
        at @debugger eval code:1:44
        at TestUtils.login (/mnt/r/Projects/ForkFlow-crm/tests/helpers/testUtils.ts:9:38)
        at /mnt/r/Projects/ForkFlow-crm/tests/organizations/performance.spec.ts:16:19

    attachment #1: screenshot (image/png) ──────────────────────────────────────────────────────────
    test-results/organizations-performance--5d8b6-rganization-details-quickly-firefox/test-failed-1.png
    ────────────────────────────────────────────────────────────────────────────────────────────────

    attachment #2: video (video/webm) ──────────────────────────────────────────────────────────────
    test-results/organizations-performance--5d8b6-rganization-details-quickly-firefox/video.webm
    ────────────────────────────────────────────────────────────────────────────────────────────────
]]>
</failure>
<system-out>
<![CDATA[
[[ATTACHMENT|organizations-performance--5d8b6-rganization-details-quickly-firefox/test-failed-1.png]]

[[ATTACHMENT|organizations-performance--5d8b6-rganization-details-quickly-firefox/video.webm]]
]]>
</system-out>
<system-err>
<![CDATA[Error accessing localStorage: page.evaluate: The operation is insecure.
@debugger eval code line 291 > eval:2:26
evaluate@debugger eval code:293:16
@debugger eval code:1:44

    at TestUtils.isLoggedIn [90m(/mnt/r/Projects/ForkFlow-crm/[39mtests/helpers/testUtils.ts:51:30[90m)[39m
    at [90m/mnt/r/Projects/ForkFlow-crm/[39mtests/organizations/performance.spec.ts:15:23 {
  name: [32m'Error'[39m,
  [[32mSymbol(step)[39m]: {
    stepId: [32m'pw:api@12'[39m,
    location: {
      file: [32m'/mnt/r/Projects/ForkFlow-crm/tests/helpers/testUtils.ts'[39m,
      line: [33m51[39m,
      column: [33m30[39m,
      function: [32m'TestUtils.isLoggedIn'[39m
    },
    category: [32m'pw:api'[39m,
    title: [32m'Evaluate'[39m,
    apiName: [32m'page.evaluate'[39m,
    params: {
      expression: [32m'() => {\n'[39m +
        [32m"        const hasAuth = !!localStorage.getItem('auth') || !!localStorage.getItem('user');\n"[39m +
        [32m"        const isTestMode = localStorage.getItem('test-mode') === 'true';\n"[39m +
        [32m'        return hasAuth || isTestMode;\n'[39m +
        [32m'      }'[39m,
      isFunction: [33mtrue[39m,
      arg: [36m[Object][39m
    },
    boxedStack: [90mundefined[39m,
    steps: [],
    attachmentIndices: [],
    info: TestStepInfoImpl {
      annotations: [],
      _testInfo: [36m[TestInfoImpl][39m,
      _stepId: [32m'pw:api@12'[39m
    },
    complete: [36m[Function: complete][39m,
    endWallTime: [33m1751169511267[39m,
    error: {
      message: [32m'Error: page.evaluate: The operation is insecure.\n'[39m +
        [32m'@debugger eval code line 291 > eval:2:26\n'[39m +
        [32m'evaluate@debugger eval code:293:16\n'[39m +
        [32m'@debugger eval code:1:44\n'[39m,
      stack: [32m'Error: page.evaluate: The operation is insecure.\n'[39m +
        [32m'@debugger eval code line 291 > eval:2:26\n'[39m +
        [32m'evaluate@debugger eval code:293:16\n'[39m +
        [32m'@debugger eval code:1:44\n'[39m +
        [32m'\n'[39m +
        [32m'    at @debugger eval code line 291 > eval:2:26\n'[39m +
        [32m'    at evaluate@debugger eval code:293:16\n'[39m +
        [32m'    at @debugger eval code:1:44\n'[39m +
        [32m'    at TestUtils.isLoggedIn (/mnt/r/Projects/ForkFlow-crm/tests/helpers/testUtils.ts:51:30)\n'[39m +
        [32m'    at /mnt/r/Projects/ForkFlow-crm/tests/organizations/performance.spec.ts:15:23'[39m,
      cause: [90mundefined[39m
    }
  }
}
]]>
</system-err>
</testcase>
<testcase name="Organization Performance Testing › Page Load Performance › should handle concurrent page loads" classname="organizations/performance.spec.ts" time="3.555">
<failure message="performance.spec.ts:61:5 should handle concurrent page loads" type="FAILURE">
<![CDATA[  [firefox] › organizations/performance.spec.ts:61:5 › Organization Performance Testing › Page Load Performance › should handle concurrent page loads 

    Error: page.evaluate: The operation is insecure.
    @debugger eval code line 291 > eval:1:7
    evaluate@debugger eval code:293:16
    @debugger eval code:1:44

        at @debugger eval code line 291 > eval:1:7
        at evaluate@debugger eval code:293:16
        at @debugger eval code:1:44
        at TestUtils.login (/mnt/r/Projects/ForkFlow-crm/tests/helpers/testUtils.ts:9:38)
        at /mnt/r/Projects/ForkFlow-crm/tests/organizations/performance.spec.ts:16:19

    attachment #1: screenshot (image/png) ──────────────────────────────────────────────────────────
    test-results/organizations-performance--9f83a-andle-concurrent-page-loads-firefox/test-failed-1.png
    ────────────────────────────────────────────────────────────────────────────────────────────────

    attachment #2: video (video/webm) ──────────────────────────────────────────────────────────────
    test-results/organizations-performance--9f83a-andle-concurrent-page-loads-firefox/video.webm
    ────────────────────────────────────────────────────────────────────────────────────────────────
]]>
</failure>
<system-out>
<![CDATA[
[[ATTACHMENT|organizations-performance--9f83a-andle-concurrent-page-loads-firefox/test-failed-1.png]]

[[ATTACHMENT|organizations-performance--9f83a-andle-concurrent-page-loads-firefox/video.webm]]
]]>
</system-out>
<system-err>
<![CDATA[Error accessing localStorage: page.evaluate: The operation is insecure.
@debugger eval code line 291 > eval:2:26
evaluate@debugger eval code:293:16
@debugger eval code:1:44

    at TestUtils.isLoggedIn [90m(/mnt/r/Projects/ForkFlow-crm/[39mtests/helpers/testUtils.ts:51:30[90m)[39m
    at [90m/mnt/r/Projects/ForkFlow-crm/[39mtests/organizations/performance.spec.ts:15:23 {
  name: [32m'Error'[39m,
  [[32mSymbol(step)[39m]: {
    stepId: [32m'pw:api@12'[39m,
    location: {
      file: [32m'/mnt/r/Projects/ForkFlow-crm/tests/helpers/testUtils.ts'[39m,
      line: [33m51[39m,
      column: [33m30[39m,
      function: [32m'TestUtils.isLoggedIn'[39m
    },
    category: [32m'pw:api'[39m,
    title: [32m'Evaluate'[39m,
    apiName: [32m'page.evaluate'[39m,
    params: {
      expression: [32m'() => {\n'[39m +
        [32m"        const hasAuth = !!localStorage.getItem('auth') || !!localStorage.getItem('user');\n"[39m +
        [32m"        const isTestMode = localStorage.getItem('test-mode') === 'true';\n"[39m +
        [32m'        return hasAuth || isTestMode;\n'[39m +
        [32m'      }'[39m,
      isFunction: [33mtrue[39m,
      arg: [36m[Object][39m
    },
    boxedStack: [90mundefined[39m,
    steps: [],
    attachmentIndices: [],
    info: TestStepInfoImpl {
      annotations: [],
      _testInfo: [36m[TestInfoImpl][39m,
      _stepId: [32m'pw:api@12'[39m
    },
    complete: [36m[Function: complete][39m,
    endWallTime: [33m1751169522526[39m,
    error: {
      message: [32m'Error: page.evaluate: The operation is insecure.\n'[39m +
        [32m'@debugger eval code line 291 > eval:2:26\n'[39m +
        [32m'evaluate@debugger eval code:293:16\n'[39m +
        [32m'@debugger eval code:1:44\n'[39m,
      stack: [32m'Error: page.evaluate: The operation is insecure.\n'[39m +
        [32m'@debugger eval code line 291 > eval:2:26\n'[39m +
        [32m'evaluate@debugger eval code:293:16\n'[39m +
        [32m'@debugger eval code:1:44\n'[39m +
        [32m'\n'[39m +
        [32m'    at @debugger eval code line 291 > eval:2:26\n'[39m +
        [32m'    at evaluate@debugger eval code:293:16\n'[39m +
        [32m'    at @debugger eval code:1:44\n'[39m +
        [32m'    at TestUtils.isLoggedIn (/mnt/r/Projects/ForkFlow-crm/tests/helpers/testUtils.ts:51:30)\n'[39m +
        [32m'    at /mnt/r/Projects/ForkFlow-crm/tests/organizations/performance.spec.ts:15:23'[39m,
      cause: [90mundefined[39m
    }
  }
}
]]>
</system-err>
</testcase>
<testcase name="Organization Performance Testing › Form Performance › should handle form submission quickly" classname="organizations/performance.spec.ts" time="3.331">
<failure message="performance.spec.ts:87:5 should handle form submission quickly" type="FAILURE">
<![CDATA[  [firefox] › organizations/performance.spec.ts:87:5 › Organization Performance Testing › Form Performance › should handle form submission quickly 

    Error: page.evaluate: The operation is insecure.
    @debugger eval code line 291 > eval:1:7
    evaluate@debugger eval code:293:16
    @debugger eval code:1:44

        at @debugger eval code line 291 > eval:1:7
        at evaluate@debugger eval code:293:16
        at @debugger eval code:1:44
        at TestUtils.login (/mnt/r/Projects/ForkFlow-crm/tests/helpers/testUtils.ts:9:38)
        at /mnt/r/Projects/ForkFlow-crm/tests/organizations/performance.spec.ts:16:19

    attachment #1: screenshot (image/png) ──────────────────────────────────────────────────────────
    test-results/organizations-performance--311fd-dle-form-submission-quickly-firefox/test-failed-1.png
    ────────────────────────────────────────────────────────────────────────────────────────────────

    attachment #2: video (video/webm) ──────────────────────────────────────────────────────────────
    test-results/organizations-performance--311fd-dle-form-submission-quickly-firefox/video.webm
    ────────────────────────────────────────────────────────────────────────────────────────────────
]]>
</failure>
<system-out>
<![CDATA[
[[ATTACHMENT|organizations-performance--311fd-dle-form-submission-quickly-firefox/test-failed-1.png]]

[[ATTACHMENT|organizations-performance--311fd-dle-form-submission-quickly-firefox/video.webm]]
]]>
</system-out>
<system-err>
<![CDATA[Error accessing localStorage: page.evaluate: The operation is insecure.
@debugger eval code line 291 > eval:2:26
evaluate@debugger eval code:293:16
@debugger eval code:1:44

    at TestUtils.isLoggedIn [90m(/mnt/r/Projects/ForkFlow-crm/[39mtests/helpers/testUtils.ts:51:30[90m)[39m
    at [90m/mnt/r/Projects/ForkFlow-crm/[39mtests/organizations/performance.spec.ts:15:23 {
  name: [32m'Error'[39m,
  [[32mSymbol(step)[39m]: {
    stepId: [32m'pw:api@12'[39m,
    location: {
      file: [32m'/mnt/r/Projects/ForkFlow-crm/tests/helpers/testUtils.ts'[39m,
      line: [33m51[39m,
      column: [33m30[39m,
      function: [32m'TestUtils.isLoggedIn'[39m
    },
    category: [32m'pw:api'[39m,
    title: [32m'Evaluate'[39m,
    apiName: [32m'page.evaluate'[39m,
    params: {
      expression: [32m'() => {\n'[39m +
        [32m"        const hasAuth = !!localStorage.getItem('auth') || !!localStorage.getItem('user');\n"[39m +
        [32m"        const isTestMode = localStorage.getItem('test-mode') === 'true';\n"[39m +
        [32m'        return hasAuth || isTestMode;\n'[39m +
        [32m'      }'[39m,
      isFunction: [33mtrue[39m,
      arg: [36m[Object][39m
    },
    boxedStack: [90mundefined[39m,
    steps: [],
    attachmentIndices: [],
    info: TestStepInfoImpl {
      annotations: [],
      _testInfo: [36m[TestInfoImpl][39m,
      _stepId: [32m'pw:api@12'[39m
    },
    complete: [36m[Function: complete][39m,
    endWallTime: [33m1751169534026[39m,
    error: {
      message: [32m'Error: page.evaluate: The operation is insecure.\n'[39m +
        [32m'@debugger eval code line 291 > eval:2:26\n'[39m +
        [32m'evaluate@debugger eval code:293:16\n'[39m +
        [32m'@debugger eval code:1:44\n'[39m,
      stack: [32m'Error: page.evaluate: The operation is insecure.\n'[39m +
        [32m'@debugger eval code line 291 > eval:2:26\n'[39m +
        [32m'evaluate@debugger eval code:293:16\n'[39m +
        [32m'@debugger eval code:1:44\n'[39m +
        [32m'\n'[39m +
        [32m'    at @debugger eval code line 291 > eval:2:26\n'[39m +
        [32m'    at evaluate@debugger eval code:293:16\n'[39m +
        [32m'    at @debugger eval code:1:44\n'[39m +
        [32m'    at TestUtils.isLoggedIn (/mnt/r/Projects/ForkFlow-crm/tests/helpers/testUtils.ts:51:30)\n'[39m +
        [32m'    at /mnt/r/Projects/ForkFlow-crm/tests/organizations/performance.spec.ts:15:23'[39m,
      cause: [90mundefined[39m
    }
  }
}
]]>
</system-err>
</testcase>
<testcase name="Organization Performance Testing › Form Performance › should handle form validation quickly" classname="organizations/performance.spec.ts" time="3.251">
<failure message="performance.spec.ts:102:5 should handle form validation quickly" type="FAILURE">
<![CDATA[  [firefox] › organizations/performance.spec.ts:102:5 › Organization Performance Testing › Form Performance › should handle form validation quickly 

    Error: page.evaluate: The operation is insecure.
    @debugger eval code line 291 > eval:1:7
    evaluate@debugger eval code:293:16
    @debugger eval code:1:44

        at @debugger eval code line 291 > eval:1:7
        at evaluate@debugger eval code:293:16
        at @debugger eval code:1:44
        at TestUtils.login (/mnt/r/Projects/ForkFlow-crm/tests/helpers/testUtils.ts:9:38)
        at /mnt/r/Projects/ForkFlow-crm/tests/organizations/performance.spec.ts:16:19

    attachment #1: screenshot (image/png) ──────────────────────────────────────────────────────────
    test-results/organizations-performance--5099c-dle-form-validation-quickly-firefox/test-failed-1.png
    ────────────────────────────────────────────────────────────────────────────────────────────────

    attachment #2: video (video/webm) ──────────────────────────────────────────────────────────────
    test-results/organizations-performance--5099c-dle-form-validation-quickly-firefox/video.webm
    ────────────────────────────────────────────────────────────────────────────────────────────────
]]>
</failure>
<system-out>
<![CDATA[
[[ATTACHMENT|organizations-performance--5099c-dle-form-validation-quickly-firefox/test-failed-1.png]]

[[ATTACHMENT|organizations-performance--5099c-dle-form-validation-quickly-firefox/video.webm]]
]]>
</system-out>
<system-err>
<![CDATA[Error accessing localStorage: page.evaluate: The operation is insecure.
@debugger eval code line 291 > eval:2:26
evaluate@debugger eval code:293:16
@debugger eval code:1:44

    at TestUtils.isLoggedIn [90m(/mnt/r/Projects/ForkFlow-crm/[39mtests/helpers/testUtils.ts:51:30[90m)[39m
    at [90m/mnt/r/Projects/ForkFlow-crm/[39mtests/organizations/performance.spec.ts:15:23 {
  name: [32m'Error'[39m,
  [[32mSymbol(step)[39m]: {
    stepId: [32m'pw:api@12'[39m,
    location: {
      file: [32m'/mnt/r/Projects/ForkFlow-crm/tests/helpers/testUtils.ts'[39m,
      line: [33m51[39m,
      column: [33m30[39m,
      function: [32m'TestUtils.isLoggedIn'[39m
    },
    category: [32m'pw:api'[39m,
    title: [32m'Evaluate'[39m,
    apiName: [32m'page.evaluate'[39m,
    params: {
      expression: [32m'() => {\n'[39m +
        [32m"        const hasAuth = !!localStorage.getItem('auth') || !!localStorage.getItem('user');\n"[39m +
        [32m"        const isTestMode = localStorage.getItem('test-mode') === 'true';\n"[39m +
        [32m'        return hasAuth || isTestMode;\n'[39m +
        [32m'      }'[39m,
      isFunction: [33mtrue[39m,
      arg: [36m[Object][39m
    },
    boxedStack: [90mundefined[39m,
    steps: [],
    attachmentIndices: [],
    info: TestStepInfoImpl {
      annotations: [],
      _testInfo: [36m[TestInfoImpl][39m,
      _stepId: [32m'pw:api@12'[39m
    },
    complete: [36m[Function: complete][39m,
    endWallTime: [33m1751169545304[39m,
    error: {
      message: [32m'Error: page.evaluate: The operation is insecure.\n'[39m +
        [32m'@debugger eval code line 291 > eval:2:26\n'[39m +
        [32m'evaluate@debugger eval code:293:16\n'[39m +
        [32m'@debugger eval code:1:44\n'[39m,
      stack: [32m'Error: page.evaluate: The operation is insecure.\n'[39m +
        [32m'@debugger eval code line 291 > eval:2:26\n'[39m +
        [32m'evaluate@debugger eval code:293:16\n'[39m +
        [32m'@debugger eval code:1:44\n'[39m +
        [32m'\n'[39m +
        [32m'    at @debugger eval code line 291 > eval:2:26\n'[39m +
        [32m'    at evaluate@debugger eval code:293:16\n'[39m +
        [32m'    at @debugger eval code:1:44\n'[39m +
        [32m'    at TestUtils.isLoggedIn (/mnt/r/Projects/ForkFlow-crm/tests/helpers/testUtils.ts:51:30)\n'[39m +
        [32m'    at /mnt/r/Projects/ForkFlow-crm/tests/organizations/performance.spec.ts:15:23'[39m,
      cause: [90mundefined[39m
    }
  }
}
]]>
</system-err>
</testcase>
<testcase name="Organization Performance Testing › Form Performance › should handle real-time field updates efficiently" classname="organizations/performance.spec.ts" time="3.236">
<failure message="performance.spec.ts:117:5 should handle real-time field updates efficiently" type="FAILURE">
<![CDATA[  [firefox] › organizations/performance.spec.ts:117:5 › Organization Performance Testing › Form Performance › should handle real-time field updates efficiently 

    Error: page.evaluate: The operation is insecure.
    @debugger eval code line 291 > eval:1:7
    evaluate@debugger eval code:293:16
    @debugger eval code:1:44

        at @debugger eval code line 291 > eval:1:7
        at evaluate@debugger eval code:293:16
        at @debugger eval code:1:44
        at TestUtils.login (/mnt/r/Projects/ForkFlow-crm/tests/helpers/testUtils.ts:9:38)
        at /mnt/r/Projects/ForkFlow-crm/tests/organizations/performance.spec.ts:16:19

    attachment #1: screenshot (image/png) ──────────────────────────────────────────────────────────
    test-results/organizations-performance--4bed3-e-field-updates-efficiently-firefox/test-failed-1.png
    ────────────────────────────────────────────────────────────────────────────────────────────────

    attachment #2: video (video/webm) ──────────────────────────────────────────────────────────────
    test-results/organizations-performance--4bed3-e-field-updates-efficiently-firefox/video.webm
    ────────────────────────────────────────────────────────────────────────────────────────────────
]]>
</failure>
<system-out>
<![CDATA[
[[ATTACHMENT|organizations-performance--4bed3-e-field-updates-efficiently-firefox/test-failed-1.png]]

[[ATTACHMENT|organizations-performance--4bed3-e-field-updates-efficiently-firefox/video.webm]]
]]>
</system-out>
<system-err>
<![CDATA[Error accessing localStorage: page.evaluate: The operation is insecure.
@debugger eval code line 291 > eval:2:26
evaluate@debugger eval code:293:16
@debugger eval code:1:44

    at TestUtils.isLoggedIn [90m(/mnt/r/Projects/ForkFlow-crm/[39mtests/helpers/testUtils.ts:51:30[90m)[39m
    at [90m/mnt/r/Projects/ForkFlow-crm/[39mtests/organizations/performance.spec.ts:15:23 {
  name: [32m'Error'[39m,
  [[32mSymbol(step)[39m]: {
    stepId: [32m'pw:api@12'[39m,
    location: {
      file: [32m'/mnt/r/Projects/ForkFlow-crm/tests/helpers/testUtils.ts'[39m,
      line: [33m51[39m,
      column: [33m30[39m,
      function: [32m'TestUtils.isLoggedIn'[39m
    },
    category: [32m'pw:api'[39m,
    title: [32m'Evaluate'[39m,
    apiName: [32m'page.evaluate'[39m,
    params: {
      expression: [32m'() => {\n'[39m +
        [32m"        const hasAuth = !!localStorage.getItem('auth') || !!localStorage.getItem('user');\n"[39m +
        [32m"        const isTestMode = localStorage.getItem('test-mode') === 'true';\n"[39m +
        [32m'        return hasAuth || isTestMode;\n'[39m +
        [32m'      }'[39m,
      isFunction: [33mtrue[39m,
      arg: [36m[Object][39m
    },
    boxedStack: [90mundefined[39m,
    steps: [],
    attachmentIndices: [],
    info: TestStepInfoImpl {
      annotations: [],
      _testInfo: [36m[TestInfoImpl][39m,
      _stepId: [32m'pw:api@12'[39m
    },
    complete: [36m[Function: complete][39m,
    endWallTime: [33m1751169555359[39m,
    error: {
      message: [32m'Error: page.evaluate: The operation is insecure.\n'[39m +
        [32m'@debugger eval code line 291 > eval:2:26\n'[39m +
        [32m'evaluate@debugger eval code:293:16\n'[39m +
        [32m'@debugger eval code:1:44\n'[39m,
      stack: [32m'Error: page.evaluate: The operation is insecure.\n'[39m +
        [32m'@debugger eval code line 291 > eval:2:26\n'[39m +
        [32m'evaluate@debugger eval code:293:16\n'[39m +
        [32m'@debugger eval code:1:44\n'[39m +
        [32m'\n'[39m +
        [32m'    at @debugger eval code line 291 > eval:2:26\n'[39m +
        [32m'    at evaluate@debugger eval code:293:16\n'[39m +
        [32m'    at @debugger eval code:1:44\n'[39m +
        [32m'    at TestUtils.isLoggedIn (/mnt/r/Projects/ForkFlow-crm/tests/helpers/testUtils.ts:51:30)\n'[39m +
        [32m'    at /mnt/r/Projects/ForkFlow-crm/tests/organizations/performance.spec.ts:15:23'[39m,
      cause: [90mundefined[39m
    }
  }
}
]]>
</system-err>
</testcase>
<testcase name="Organization Performance Testing › Search and Filter Performance › should search large datasets quickly" classname="organizations/performance.spec.ts" time="0">
<skipped>
</skipped>
</testcase>
<testcase name="Organization Performance Testing › Search and Filter Performance › should apply filters quickly" classname="organizations/performance.spec.ts" time="0">
<skipped>
</skipped>
</testcase>
<testcase name="Organization Performance Testing › Search and Filter Performance › should handle multiple filters efficiently" classname="organizations/performance.spec.ts" time="0">
<skipped>
</skipped>
</testcase>
<testcase name="Organization Performance Testing › Search and Filter Performance › should clear filters quickly" classname="organizations/performance.spec.ts" time="0">
<skipped>
</skipped>
</testcase>
<testcase name="Organization Performance Testing › Data Loading Performance › should handle pagination efficiently" classname="organizations/performance.spec.ts" time="3.3">
<failure message="performance.spec.ts:223:5 should handle pagination efficiently" type="FAILURE">
<![CDATA[  [firefox] › organizations/performance.spec.ts:223:5 › Organization Performance Testing › Data Loading Performance › should handle pagination efficiently 

    Error: page.evaluate: The operation is insecure.
    @debugger eval code line 291 > eval:1:7
    evaluate@debugger eval code:293:16
    @debugger eval code:1:44

        at @debugger eval code line 291 > eval:1:7
        at evaluate@debugger eval code:293:16
        at @debugger eval code:1:44
        at TestUtils.login (/mnt/r/Projects/ForkFlow-crm/tests/helpers/testUtils.ts:9:38)
        at /mnt/r/Projects/ForkFlow-crm/tests/organizations/performance.spec.ts:16:19

    attachment #1: screenshot (image/png) ──────────────────────────────────────────────────────────
    test-results/organizations-performance--b1b97-ndle-pagination-efficiently-firefox/test-failed-1.png
    ────────────────────────────────────────────────────────────────────────────────────────────────

    attachment #2: video (video/webm) ──────────────────────────────────────────────────────────────
    test-results/organizations-performance--b1b97-ndle-pagination-efficiently-firefox/video.webm
    ────────────────────────────────────────────────────────────────────────────────────────────────
]]>
</failure>
<system-out>
<![CDATA[
[[ATTACHMENT|organizations-performance--b1b97-ndle-pagination-efficiently-firefox/test-failed-1.png]]

[[ATTACHMENT|organizations-performance--b1b97-ndle-pagination-efficiently-firefox/video.webm]]
]]>
</system-out>
<system-err>
<![CDATA[Error accessing localStorage: page.evaluate: The operation is insecure.
@debugger eval code line 291 > eval:2:26
evaluate@debugger eval code:293:16
@debugger eval code:1:44

    at TestUtils.isLoggedIn [90m(/mnt/r/Projects/ForkFlow-crm/[39mtests/helpers/testUtils.ts:51:30[90m)[39m
    at [90m/mnt/r/Projects/ForkFlow-crm/[39mtests/organizations/performance.spec.ts:15:23 {
  name: [32m'Error'[39m,
  [[32mSymbol(step)[39m]: {
    stepId: [32m'pw:api@12'[39m,
    location: {
      file: [32m'/mnt/r/Projects/ForkFlow-crm/tests/helpers/testUtils.ts'[39m,
      line: [33m51[39m,
      column: [33m30[39m,
      function: [32m'TestUtils.isLoggedIn'[39m
    },
    category: [32m'pw:api'[39m,
    title: [32m'Evaluate'[39m,
    apiName: [32m'page.evaluate'[39m,
    params: {
      expression: [32m'() => {\n'[39m +
        [32m"        const hasAuth = !!localStorage.getItem('auth') || !!localStorage.getItem('user');\n"[39m +
        [32m"        const isTestMode = localStorage.getItem('test-mode') === 'true';\n"[39m +
        [32m'        return hasAuth || isTestMode;\n'[39m +
        [32m'      }'[39m,
      isFunction: [33mtrue[39m,
      arg: [36m[Object][39m
    },
    boxedStack: [90mundefined[39m,
    steps: [],
    attachmentIndices: [],
    info: TestStepInfoImpl {
      annotations: [],
      _testInfo: [36m[TestInfoImpl][39m,
      _stepId: [32m'pw:api@12'[39m
    },
    complete: [36m[Function: complete][39m,
    endWallTime: [33m1751169568080[39m,
    error: {
      message: [32m'Error: page.evaluate: The operation is insecure.\n'[39m +
        [32m'@debugger eval code line 291 > eval:2:26\n'[39m +
        [32m'evaluate@debugger eval code:293:16\n'[39m +
        [32m'@debugger eval code:1:44\n'[39m,
      stack: [32m'Error: page.evaluate: The operation is insecure.\n'[39m +
        [32m'@debugger eval code line 291 > eval:2:26\n'[39m +
        [32m'evaluate@debugger eval code:293:16\n'[39m +
        [32m'@debugger eval code:1:44\n'[39m +
        [32m'\n'[39m +
        [32m'    at @debugger eval code line 291 > eval:2:26\n'[39m +
        [32m'    at evaluate@debugger eval code:293:16\n'[39m +
        [32m'    at @debugger eval code:1:44\n'[39m +
        [32m'    at TestUtils.isLoggedIn (/mnt/r/Projects/ForkFlow-crm/tests/helpers/testUtils.ts:51:30)\n'[39m +
        [32m'    at /mnt/r/Projects/ForkFlow-crm/tests/organizations/performance.spec.ts:15:23'[39m,
      cause: [90mundefined[39m
    }
  }
}
]]>
</system-err>
</testcase>
<testcase name="Organization Performance Testing › Data Loading Performance › should load organization statistics quickly" classname="organizations/performance.spec.ts" time="3.348">
<failure message="performance.spec.ts:239:5 should load organization statistics quickly" type="FAILURE">
<![CDATA[  [firefox] › organizations/performance.spec.ts:239:5 › Organization Performance Testing › Data Loading Performance › should load organization statistics quickly 

    Error: page.evaluate: The operation is insecure.
    @debugger eval code line 291 > eval:1:7
    evaluate@debugger eval code:293:16
    @debugger eval code:1:44

        at @debugger eval code line 291 > eval:1:7
        at evaluate@debugger eval code:293:16
        at @debugger eval code:1:44
        at TestUtils.login (/mnt/r/Projects/ForkFlow-crm/tests/helpers/testUtils.ts:9:38)
        at /mnt/r/Projects/ForkFlow-crm/tests/organizations/performance.spec.ts:16:19

    attachment #1: screenshot (image/png) ──────────────────────────────────────────────────────────
    test-results/organizations-performance--6225f-nization-statistics-quickly-firefox/test-failed-1.png
    ────────────────────────────────────────────────────────────────────────────────────────────────

    attachment #2: video (video/webm) ──────────────────────────────────────────────────────────────
    test-results/organizations-performance--6225f-nization-statistics-quickly-firefox/video.webm
    ────────────────────────────────────────────────────────────────────────────────────────────────
]]>
</failure>
<system-out>
<![CDATA[
[[ATTACHMENT|organizations-performance--6225f-nization-statistics-quickly-firefox/test-failed-1.png]]

[[ATTACHMENT|organizations-performance--6225f-nization-statistics-quickly-firefox/video.webm]]
]]>
</system-out>
<system-err>
<![CDATA[Error accessing localStorage: page.evaluate: The operation is insecure.
@debugger eval code line 291 > eval:2:26
evaluate@debugger eval code:293:16
@debugger eval code:1:44

    at TestUtils.isLoggedIn [90m(/mnt/r/Projects/ForkFlow-crm/[39mtests/helpers/testUtils.ts:51:30[90m)[39m
    at [90m/mnt/r/Projects/ForkFlow-crm/[39mtests/organizations/performance.spec.ts:15:23 {
  name: [32m'Error'[39m,
  [[32mSymbol(step)[39m]: {
    stepId: [32m'pw:api@12'[39m,
    location: {
      file: [32m'/mnt/r/Projects/ForkFlow-crm/tests/helpers/testUtils.ts'[39m,
      line: [33m51[39m,
      column: [33m30[39m,
      function: [32m'TestUtils.isLoggedIn'[39m
    },
    category: [32m'pw:api'[39m,
    title: [32m'Evaluate'[39m,
    apiName: [32m'page.evaluate'[39m,
    params: {
      expression: [32m'() => {\n'[39m +
        [32m"        const hasAuth = !!localStorage.getItem('auth') || !!localStorage.getItem('user');\n"[39m +
        [32m"        const isTestMode = localStorage.getItem('test-mode') === 'true';\n"[39m +
        [32m'        return hasAuth || isTestMode;\n'[39m +
        [32m'      }'[39m,
      isFunction: [33mtrue[39m,
      arg: [36m[Object][39m
    },
    boxedStack: [90mundefined[39m,
    steps: [],
    attachmentIndices: [],
    info: TestStepInfoImpl {
      annotations: [],
      _testInfo: [36m[TestInfoImpl][39m,
      _stepId: [32m'pw:api@12'[39m
    },
    complete: [36m[Function: complete][39m,
    endWallTime: [33m1751169578290[39m,
    error: {
      message: [32m'Error: page.evaluate: The operation is insecure.\n'[39m +
        [32m'@debugger eval code line 291 > eval:2:26\n'[39m +
        [32m'evaluate@debugger eval code:293:16\n'[39m +
        [32m'@debugger eval code:1:44\n'[39m,
      stack: [32m'Error: page.evaluate: The operation is insecure.\n'[39m +
        [32m'@debugger eval code line 291 > eval:2:26\n'[39m +
        [32m'evaluate@debugger eval code:293:16\n'[39m +
        [32m'@debugger eval code:1:44\n'[39m +
        [32m'\n'[39m +
        [32m'    at @debugger eval code line 291 > eval:2:26\n'[39m +
        [32m'    at evaluate@debugger eval code:293:16\n'[39m +
        [32m'    at @debugger eval code:1:44\n'[39m +
        [32m'    at TestUtils.isLoggedIn (/mnt/r/Projects/ForkFlow-crm/tests/helpers/testUtils.ts:51:30)\n'[39m +
        [32m'    at /mnt/r/Projects/ForkFlow-crm/tests/organizations/performance.spec.ts:15:23'[39m,
      cause: [90mundefined[39m
    }
  }
}
]]>
</system-err>
</testcase>
<testcase name="Organization Performance Testing › Data Loading Performance › should handle bulk operations efficiently" classname="organizations/performance.spec.ts" time="3.681">
<failure message="performance.spec.ts:254:5 should handle bulk operations efficiently" type="FAILURE">
<![CDATA[  [firefox] › organizations/performance.spec.ts:254:5 › Organization Performance Testing › Data Loading Performance › should handle bulk operations efficiently 

    Error: page.evaluate: The operation is insecure.
    @debugger eval code line 291 > eval:1:7
    evaluate@debugger eval code:293:16
    @debugger eval code:1:44

        at @debugger eval code line 291 > eval:1:7
        at evaluate@debugger eval code:293:16
        at @debugger eval code:1:44
        at TestUtils.login (/mnt/r/Projects/ForkFlow-crm/tests/helpers/testUtils.ts:9:38)
        at /mnt/r/Projects/ForkFlow-crm/tests/organizations/performance.spec.ts:16:19

    attachment #1: screenshot (image/png) ──────────────────────────────────────────────────────────
    test-results/organizations-performance--d63f8-bulk-operations-efficiently-firefox/test-failed-1.png
    ────────────────────────────────────────────────────────────────────────────────────────────────

    attachment #2: video (video/webm) ──────────────────────────────────────────────────────────────
    test-results/organizations-performance--d63f8-bulk-operations-efficiently-firefox/video.webm
    ────────────────────────────────────────────────────────────────────────────────────────────────
]]>
</failure>
<system-out>
<![CDATA[
[[ATTACHMENT|organizations-performance--d63f8-bulk-operations-efficiently-firefox/test-failed-1.png]]

[[ATTACHMENT|organizations-performance--d63f8-bulk-operations-efficiently-firefox/video.webm]]
]]>
</system-out>
<system-err>
<![CDATA[Error accessing localStorage: page.evaluate: The operation is insecure.
@debugger eval code line 291 > eval:2:26
evaluate@debugger eval code:293:16
@debugger eval code:1:44

    at TestUtils.isLoggedIn [90m(/mnt/r/Projects/ForkFlow-crm/[39mtests/helpers/testUtils.ts:51:30[90m)[39m
    at [90m/mnt/r/Projects/ForkFlow-crm/[39mtests/organizations/performance.spec.ts:15:23 {
  name: [32m'Error'[39m,
  [[32mSymbol(step)[39m]: {
    stepId: [32m'pw:api@12'[39m,
    location: {
      file: [32m'/mnt/r/Projects/ForkFlow-crm/tests/helpers/testUtils.ts'[39m,
      line: [33m51[39m,
      column: [33m30[39m,
      function: [32m'TestUtils.isLoggedIn'[39m
    },
    category: [32m'pw:api'[39m,
    title: [32m'Evaluate'[39m,
    apiName: [32m'page.evaluate'[39m,
    params: {
      expression: [32m'() => {\n'[39m +
        [32m"        const hasAuth = !!localStorage.getItem('auth') || !!localStorage.getItem('user');\n"[39m +
        [32m"        const isTestMode = localStorage.getItem('test-mode') === 'true';\n"[39m +
        [32m'        return hasAuth || isTestMode;\n'[39m +
        [32m'      }'[39m,
      isFunction: [33mtrue[39m,
      arg: [36m[Object][39m
    },
    boxedStack: [90mundefined[39m,
    steps: [],
    attachmentIndices: [],
    info: TestStepInfoImpl {
      annotations: [],
      _testInfo: [36m[TestInfoImpl][39m,
      _stepId: [32m'pw:api@12'[39m
    },
    complete: [36m[Function: complete][39m,
    endWallTime: [33m1751169589766[39m,
    error: {
      message: [32m'Error: page.evaluate: The operation is insecure.\n'[39m +
        [32m'@debugger eval code line 291 > eval:2:26\n'[39m +
        [32m'evaluate@debugger eval code:293:16\n'[39m +
        [32m'@debugger eval code:1:44\n'[39m,
      stack: [32m'Error: page.evaluate: The operation is insecure.\n'[39m +
        [32m'@debugger eval code line 291 > eval:2:26\n'[39m +
        [32m'evaluate@debugger eval code:293:16\n'[39m +
        [32m'@debugger eval code:1:44\n'[39m +
        [32m'\n'[39m +
        [32m'    at @debugger eval code line 291 > eval:2:26\n'[39m +
        [32m'    at evaluate@debugger eval code:293:16\n'[39m +
        [32m'    at @debugger eval code:1:44\n'[39m +
        [32m'    at TestUtils.isLoggedIn (/mnt/r/Projects/ForkFlow-crm/tests/helpers/testUtils.ts:51:30)\n'[39m +
        [32m'    at /mnt/r/Projects/ForkFlow-crm/tests/organizations/performance.spec.ts:15:23'[39m,
      cause: [90mundefined[39m
    }
  }
}
]]>
</system-err>
</testcase>
<testcase name="Organization Performance Testing › Memory Performance › should not cause memory leaks during navigation" classname="organizations/performance.spec.ts" time="3.55">
<failure message="performance.spec.ts:278:5 should not cause memory leaks during navigation" type="FAILURE">
<![CDATA[  [firefox] › organizations/performance.spec.ts:278:5 › Organization Performance Testing › Memory Performance › should not cause memory leaks during navigation 

    Error: page.evaluate: The operation is insecure.
    @debugger eval code line 291 > eval:1:7
    evaluate@debugger eval code:293:16
    @debugger eval code:1:44

        at @debugger eval code line 291 > eval:1:7
        at evaluate@debugger eval code:293:16
        at @debugger eval code:1:44
        at TestUtils.login (/mnt/r/Projects/ForkFlow-crm/tests/helpers/testUtils.ts:9:38)
        at /mnt/r/Projects/ForkFlow-crm/tests/organizations/performance.spec.ts:16:19

    attachment #1: screenshot (image/png) ──────────────────────────────────────────────────────────
    test-results/organizations-performance--09c7f-ory-leaks-during-navigation-firefox/test-failed-1.png
    ────────────────────────────────────────────────────────────────────────────────────────────────

    attachment #2: video (video/webm) ──────────────────────────────────────────────────────────────
    test-results/organizations-performance--09c7f-ory-leaks-during-navigation-firefox/video.webm
    ────────────────────────────────────────────────────────────────────────────────────────────────
]]>
</failure>
<system-out>
<![CDATA[
[[ATTACHMENT|organizations-performance--09c7f-ory-leaks-during-navigation-firefox/test-failed-1.png]]

[[ATTACHMENT|organizations-performance--09c7f-ory-leaks-during-navigation-firefox/video.webm]]
]]>
</system-out>
<system-err>
<![CDATA[Error accessing localStorage: page.evaluate: The operation is insecure.
@debugger eval code line 291 > eval:2:26
evaluate@debugger eval code:293:16
@debugger eval code:1:44

    at TestUtils.isLoggedIn [90m(/mnt/r/Projects/ForkFlow-crm/[39mtests/helpers/testUtils.ts:51:30[90m)[39m
    at [90m/mnt/r/Projects/ForkFlow-crm/[39mtests/organizations/performance.spec.ts:15:23 {
  name: [32m'Error'[39m,
  [[32mSymbol(step)[39m]: {
    stepId: [32m'pw:api@12'[39m,
    location: {
      file: [32m'/mnt/r/Projects/ForkFlow-crm/tests/helpers/testUtils.ts'[39m,
      line: [33m51[39m,
      column: [33m30[39m,
      function: [32m'TestUtils.isLoggedIn'[39m
    },
    category: [32m'pw:api'[39m,
    title: [32m'Evaluate'[39m,
    apiName: [32m'page.evaluate'[39m,
    params: {
      expression: [32m'() => {\n'[39m +
        [32m"        const hasAuth = !!localStorage.getItem('auth') || !!localStorage.getItem('user');\n"[39m +
        [32m"        const isTestMode = localStorage.getItem('test-mode') === 'true';\n"[39m +
        [32m'        return hasAuth || isTestMode;\n'[39m +
        [32m'      }'[39m,
      isFunction: [33mtrue[39m,
      arg: [36m[Object][39m
    },
    boxedStack: [90mundefined[39m,
    steps: [],
    attachmentIndices: [],
    info: TestStepInfoImpl {
      annotations: [],
      _testInfo: [36m[TestInfoImpl][39m,
      _stepId: [32m'pw:api@12'[39m
    },
    complete: [36m[Function: complete][39m,
    endWallTime: [33m1751169600816[39m,
    error: {
      message: [32m'Error: page.evaluate: The operation is insecure.\n'[39m +
        [32m'@debugger eval code line 291 > eval:2:26\n'[39m +
        [32m'evaluate@debugger eval code:293:16\n'[39m +
        [32m'@debugger eval code:1:44\n'[39m,
      stack: [32m'Error: page.evaluate: The operation is insecure.\n'[39m +
        [32m'@debugger eval code line 291 > eval:2:26\n'[39m +
        [32m'evaluate@debugger eval code:293:16\n'[39m +
        [32m'@debugger eval code:1:44\n'[39m +
        [32m'\n'[39m +
        [32m'    at @debugger eval code line 291 > eval:2:26\n'[39m +
        [32m'    at evaluate@debugger eval code:293:16\n'[39m +
        [32m'    at @debugger eval code:1:44\n'[39m +
        [32m'    at TestUtils.isLoggedIn (/mnt/r/Projects/ForkFlow-crm/tests/helpers/testUtils.ts:51:30)\n'[39m +
        [32m'    at /mnt/r/Projects/ForkFlow-crm/tests/organizations/performance.spec.ts:15:23'[39m,
      cause: [90mundefined[39m
    }
  }
}
]]>
</system-err>
</testcase>
<testcase name="Organization Performance Testing › Memory Performance › should handle large forms without performance degradation" classname="organizations/performance.spec.ts" time="3.356">
<failure message="performance.spec.ts:314:5 should handle large forms without performance degradation" type="FAILURE">
<![CDATA[  [firefox] › organizations/performance.spec.ts:314:5 › Organization Performance Testing › Memory Performance › should handle large forms without performance degradation 

    Error: page.evaluate: The operation is insecure.
    @debugger eval code line 291 > eval:1:7
    evaluate@debugger eval code:293:16
    @debugger eval code:1:44

        at @debugger eval code line 291 > eval:1:7
        at evaluate@debugger eval code:293:16
        at @debugger eval code:1:44
        at TestUtils.login (/mnt/r/Projects/ForkFlow-crm/tests/helpers/testUtils.ts:9:38)
        at /mnt/r/Projects/ForkFlow-crm/tests/organizations/performance.spec.ts:16:19

    attachment #1: screenshot (image/png) ──────────────────────────────────────────────────────────
    test-results/organizations-performance--97763-out-performance-degradation-firefox/test-failed-1.png
    ────────────────────────────────────────────────────────────────────────────────────────────────

    attachment #2: video (video/webm) ──────────────────────────────────────────────────────────────
    test-results/organizations-performance--97763-out-performance-degradation-firefox/video.webm
    ────────────────────────────────────────────────────────────────────────────────────────────────
]]>
</failure>
<system-out>
<![CDATA[
[[ATTACHMENT|organizations-performance--97763-out-performance-degradation-firefox/test-failed-1.png]]

[[ATTACHMENT|organizations-performance--97763-out-performance-degradation-firefox/video.webm]]
]]>
</system-out>
<system-err>
<![CDATA[Error accessing localStorage: page.evaluate: The operation is insecure.
@debugger eval code line 291 > eval:2:26
evaluate@debugger eval code:293:16
@debugger eval code:1:44

    at TestUtils.isLoggedIn [90m(/mnt/r/Projects/ForkFlow-crm/[39mtests/helpers/testUtils.ts:51:30[90m)[39m
    at [90m/mnt/r/Projects/ForkFlow-crm/[39mtests/organizations/performance.spec.ts:15:23 {
  name: [32m'Error'[39m,
  [[32mSymbol(step)[39m]: {
    stepId: [32m'pw:api@12'[39m,
    location: {
      file: [32m'/mnt/r/Projects/ForkFlow-crm/tests/helpers/testUtils.ts'[39m,
      line: [33m51[39m,
      column: [33m30[39m,
      function: [32m'TestUtils.isLoggedIn'[39m
    },
    category: [32m'pw:api'[39m,
    title: [32m'Evaluate'[39m,
    apiName: [32m'page.evaluate'[39m,
    params: {
      expression: [32m'() => {\n'[39m +
        [32m"        const hasAuth = !!localStorage.getItem('auth') || !!localStorage.getItem('user');\n"[39m +
        [32m"        const isTestMode = localStorage.getItem('test-mode') === 'true';\n"[39m +
        [32m'        return hasAuth || isTestMode;\n'[39m +
        [32m'      }'[39m,
      isFunction: [33mtrue[39m,
      arg: [36m[Object][39m
    },
    boxedStack: [90mundefined[39m,
    steps: [],
    attachmentIndices: [],
    info: TestStepInfoImpl {
      annotations: [],
      _testInfo: [36m[TestInfoImpl][39m,
      _stepId: [32m'pw:api@12'[39m
    },
    complete: [36m[Function: complete][39m,
    endWallTime: [33m1751169612152[39m,
    error: {
      message: [32m'Error: page.evaluate: The operation is insecure.\n'[39m +
        [32m'@debugger eval code line 291 > eval:2:26\n'[39m +
        [32m'evaluate@debugger eval code:293:16\n'[39m +
        [32m'@debugger eval code:1:44\n'[39m,
      stack: [32m'Error: page.evaluate: The operation is insecure.\n'[39m +
        [32m'@debugger eval code line 291 > eval:2:26\n'[39m +
        [32m'evaluate@debugger eval code:293:16\n'[39m +
        [32m'@debugger eval code:1:44\n'[39m +
        [32m'\n'[39m +
        [32m'    at @debugger eval code line 291 > eval:2:26\n'[39m +
        [32m'    at evaluate@debugger eval code:293:16\n'[39m +
        [32m'    at @debugger eval code:1:44\n'[39m +
        [32m'    at TestUtils.isLoggedIn (/mnt/r/Projects/ForkFlow-crm/tests/helpers/testUtils.ts:51:30)\n'[39m +
        [32m'    at /mnt/r/Projects/ForkFlow-crm/tests/organizations/performance.spec.ts:15:23'[39m,
      cause: [90mundefined[39m
    }
  }
}
]]>
</system-err>
</testcase>
<testcase name="Organization Performance Testing › Network Performance › should handle slow network conditions" classname="organizations/performance.spec.ts" time="3.301">
<failure message="performance.spec.ts:333:5 should handle slow network conditions" type="FAILURE">
<![CDATA[  [firefox] › organizations/performance.spec.ts:333:5 › Organization Performance Testing › Network Performance › should handle slow network conditions 

    Error: page.evaluate: The operation is insecure.
    @debugger eval code line 291 > eval:1:7
    evaluate@debugger eval code:293:16
    @debugger eval code:1:44

        at @debugger eval code line 291 > eval:1:7
        at evaluate@debugger eval code:293:16
        at @debugger eval code:1:44
        at TestUtils.login (/mnt/r/Projects/ForkFlow-crm/tests/helpers/testUtils.ts:9:38)
        at /mnt/r/Projects/ForkFlow-crm/tests/organizations/performance.spec.ts:16:19

    attachment #1: screenshot (image/png) ──────────────────────────────────────────────────────────
    test-results/organizations-performance--2144c-dle-slow-network-conditions-firefox/test-failed-1.png
    ────────────────────────────────────────────────────────────────────────────────────────────────

    attachment #2: video (video/webm) ──────────────────────────────────────────────────────────────
    test-results/organizations-performance--2144c-dle-slow-network-conditions-firefox/video.webm
    ────────────────────────────────────────────────────────────────────────────────────────────────
]]>
</failure>
<system-out>
<![CDATA[
[[ATTACHMENT|organizations-performance--2144c-dle-slow-network-conditions-firefox/test-failed-1.png]]

[[ATTACHMENT|organizations-performance--2144c-dle-slow-network-conditions-firefox/video.webm]]
]]>
</system-out>
<system-err>
<![CDATA[Error accessing localStorage: page.evaluate: The operation is insecure.
@debugger eval code line 291 > eval:2:26
evaluate@debugger eval code:293:16
@debugger eval code:1:44

    at TestUtils.isLoggedIn [90m(/mnt/r/Projects/ForkFlow-crm/[39mtests/helpers/testUtils.ts:51:30[90m)[39m
    at [90m/mnt/r/Projects/ForkFlow-crm/[39mtests/organizations/performance.spec.ts:15:23 {
  name: [32m'Error'[39m,
  [[32mSymbol(step)[39m]: {
    stepId: [32m'pw:api@12'[39m,
    location: {
      file: [32m'/mnt/r/Projects/ForkFlow-crm/tests/helpers/testUtils.ts'[39m,
      line: [33m51[39m,
      column: [33m30[39m,
      function: [32m'TestUtils.isLoggedIn'[39m
    },
    category: [32m'pw:api'[39m,
    title: [32m'Evaluate'[39m,
    apiName: [32m'page.evaluate'[39m,
    params: {
      expression: [32m'() => {\n'[39m +
        [32m"        const hasAuth = !!localStorage.getItem('auth') || !!localStorage.getItem('user');\n"[39m +
        [32m"        const isTestMode = localStorage.getItem('test-mode') === 'true';\n"[39m +
        [32m'        return hasAuth || isTestMode;\n'[39m +
        [32m'      }'[39m,
      isFunction: [33mtrue[39m,
      arg: [36m[Object][39m
    },
    boxedStack: [90mundefined[39m,
    steps: [],
    attachmentIndices: [],
    info: TestStepInfoImpl {
      annotations: [],
      _testInfo: [36m[TestInfoImpl][39m,
      _stepId: [32m'pw:api@12'[39m
    },
    complete: [36m[Function: complete][39m,
    endWallTime: [33m1751169622141[39m,
    error: {
      message: [32m'Error: page.evaluate: The operation is insecure.\n'[39m +
        [32m'@debugger eval code line 291 > eval:2:26\n'[39m +
        [32m'evaluate@debugger eval code:293:16\n'[39m +
        [32m'@debugger eval code:1:44\n'[39m,
      stack: [32m'Error: page.evaluate: The operation is insecure.\n'[39m +
        [32m'@debugger eval code line 291 > eval:2:26\n'[39m +
        [32m'evaluate@debugger eval code:293:16\n'[39m +
        [32m'@debugger eval code:1:44\n'[39m +
        [32m'\n'[39m +
        [32m'    at @debugger eval code line 291 > eval:2:26\n'[39m +
        [32m'    at evaluate@debugger eval code:293:16\n'[39m +
        [32m'    at @debugger eval code:1:44\n'[39m +
        [32m'    at TestUtils.isLoggedIn (/mnt/r/Projects/ForkFlow-crm/tests/helpers/testUtils.ts:51:30)\n'[39m +
        [32m'    at /mnt/r/Projects/ForkFlow-crm/tests/organizations/performance.spec.ts:15:23'[39m,
      cause: [90mundefined[39m
    }
  }
}
]]>
</system-err>
</testcase>
<testcase name="Organization Performance Testing › Network Performance › should optimize API calls" classname="organizations/performance.spec.ts" time="3.527">
<failure message="performance.spec.ts:348:5 should optimize API calls" type="FAILURE">
<![CDATA[  [firefox] › organizations/performance.spec.ts:348:5 › Organization Performance Testing › Network Performance › should optimize API calls 

    Error: page.evaluate: The operation is insecure.
    @debugger eval code line 291 > eval:1:7
    evaluate@debugger eval code:293:16
    @debugger eval code:1:44

        at @debugger eval code line 291 > eval:1:7
        at evaluate@debugger eval code:293:16
        at @debugger eval code:1:44
        at TestUtils.login (/mnt/r/Projects/ForkFlow-crm/tests/helpers/testUtils.ts:9:38)
        at /mnt/r/Projects/ForkFlow-crm/tests/organizations/performance.spec.ts:16:19

    attachment #1: screenshot (image/png) ──────────────────────────────────────────────────────────
    test-results/organizations-performance--f3f27-e-should-optimize-API-calls-firefox/test-failed-1.png
    ────────────────────────────────────────────────────────────────────────────────────────────────

    attachment #2: video (video/webm) ──────────────────────────────────────────────────────────────
    test-results/organizations-performance--f3f27-e-should-optimize-API-calls-firefox/video.webm
    ────────────────────────────────────────────────────────────────────────────────────────────────
]]>
</failure>
<system-out>
<![CDATA[
[[ATTACHMENT|organizations-performance--f3f27-e-should-optimize-API-calls-firefox/test-failed-1.png]]

[[ATTACHMENT|organizations-performance--f3f27-e-should-optimize-API-calls-firefox/video.webm]]
]]>
</system-out>
<system-err>
<![CDATA[Error accessing localStorage: page.evaluate: The operation is insecure.
@debugger eval code line 291 > eval:2:26
evaluate@debugger eval code:293:16
@debugger eval code:1:44

    at TestUtils.isLoggedIn [90m(/mnt/r/Projects/ForkFlow-crm/[39mtests/helpers/testUtils.ts:51:30[90m)[39m
    at [90m/mnt/r/Projects/ForkFlow-crm/[39mtests/organizations/performance.spec.ts:15:23 {
  name: [32m'Error'[39m,
  [[32mSymbol(step)[39m]: {
    stepId: [32m'pw:api@12'[39m,
    location: {
      file: [32m'/mnt/r/Projects/ForkFlow-crm/tests/helpers/testUtils.ts'[39m,
      line: [33m51[39m,
      column: [33m30[39m,
      function: [32m'TestUtils.isLoggedIn'[39m
    },
    category: [32m'pw:api'[39m,
    title: [32m'Evaluate'[39m,
    apiName: [32m'page.evaluate'[39m,
    params: {
      expression: [32m'() => {\n'[39m +
        [32m"        const hasAuth = !!localStorage.getItem('auth') || !!localStorage.getItem('user');\n"[39m +
        [32m"        const isTestMode = localStorage.getItem('test-mode') === 'true';\n"[39m +
        [32m'        return hasAuth || isTestMode;\n'[39m +
        [32m'      }'[39m,
      isFunction: [33mtrue[39m,
      arg: [36m[Object][39m
    },
    boxedStack: [90mundefined[39m,
    steps: [],
    attachmentIndices: [],
    info: TestStepInfoImpl {
      annotations: [],
      _testInfo: [36m[TestInfoImpl][39m,
      _stepId: [32m'pw:api@12'[39m
    },
    complete: [36m[Function: complete][39m,
    endWallTime: [33m1751169634818[39m,
    error: {
      message: [32m'Error: page.evaluate: The operation is insecure.\n'[39m +
        [32m'@debugger eval code line 291 > eval:2:26\n'[39m +
        [32m'evaluate@debugger eval code:293:16\n'[39m +
        [32m'@debugger eval code:1:44\n'[39m,
      stack: [32m'Error: page.evaluate: The operation is insecure.\n'[39m +
        [32m'@debugger eval code line 291 > eval:2:26\n'[39m +
        [32m'evaluate@debugger eval code:293:16\n'[39m +
        [32m'@debugger eval code:1:44\n'[39m +
        [32m'\n'[39m +
        [32m'    at @debugger eval code line 291 > eval:2:26\n'[39m +
        [32m'    at evaluate@debugger eval code:293:16\n'[39m +
        [32m'    at @debugger eval code:1:44\n'[39m +
        [32m'    at TestUtils.isLoggedIn (/mnt/r/Projects/ForkFlow-crm/tests/helpers/testUtils.ts:51:30)\n'[39m +
        [32m'    at /mnt/r/Projects/ForkFlow-crm/tests/organizations/performance.spec.ts:15:23'[39m,
      cause: [90mundefined[39m
    }
  }
}
]]>
</system-err>
</testcase>
<testcase name="Organization Performance Testing › Network Performance › should cache data appropriately" classname="organizations/performance.spec.ts" time="3.351">
<failure message="performance.spec.ts:364:5 should cache data appropriately" type="FAILURE">
<![CDATA[  [firefox] › organizations/performance.spec.ts:364:5 › Organization Performance Testing › Network Performance › should cache data appropriately 

    Error: page.evaluate: The operation is insecure.
    @debugger eval code line 291 > eval:1:7
    evaluate@debugger eval code:293:16
    @debugger eval code:1:44

        at @debugger eval code line 291 > eval:1:7
        at evaluate@debugger eval code:293:16
        at @debugger eval code:1:44
        at TestUtils.login (/mnt/r/Projects/ForkFlow-crm/tests/helpers/testUtils.ts:9:38)
        at /mnt/r/Projects/ForkFlow-crm/tests/organizations/performance.spec.ts:16:19

    attachment #1: screenshot (image/png) ──────────────────────────────────────────────────────────
    test-results/organizations-performance--6c854-ld-cache-data-appropriately-firefox/test-failed-1.png
    ────────────────────────────────────────────────────────────────────────────────────────────────

    attachment #2: video (video/webm) ──────────────────────────────────────────────────────────────
    test-results/organizations-performance--6c854-ld-cache-data-appropriately-firefox/video.webm
    ────────────────────────────────────────────────────────────────────────────────────────────────
]]>
</failure>
<system-out>
<![CDATA[
[[ATTACHMENT|organizations-performance--6c854-ld-cache-data-appropriately-firefox/test-failed-1.png]]

[[ATTACHMENT|organizations-performance--6c854-ld-cache-data-appropriately-firefox/video.webm]]
]]>
</system-out>
<system-err>
<![CDATA[Error accessing localStorage: page.evaluate: The operation is insecure.
@debugger eval code line 291 > eval:2:26
evaluate@debugger eval code:293:16
@debugger eval code:1:44

    at TestUtils.isLoggedIn [90m(/mnt/r/Projects/ForkFlow-crm/[39mtests/helpers/testUtils.ts:51:30[90m)[39m
    at [90m/mnt/r/Projects/ForkFlow-crm/[39mtests/organizations/performance.spec.ts:15:23 {
  name: [32m'Error'[39m,
  [[32mSymbol(step)[39m]: {
    stepId: [32m'pw:api@12'[39m,
    location: {
      file: [32m'/mnt/r/Projects/ForkFlow-crm/tests/helpers/testUtils.ts'[39m,
      line: [33m51[39m,
      column: [33m30[39m,
      function: [32m'TestUtils.isLoggedIn'[39m
    },
    category: [32m'pw:api'[39m,
    title: [32m'Evaluate'[39m,
    apiName: [32m'page.evaluate'[39m,
    params: {
      expression: [32m'() => {\n'[39m +
        [32m"        const hasAuth = !!localStorage.getItem('auth') || !!localStorage.getItem('user');\n"[39m +
        [32m"        const isTestMode = localStorage.getItem('test-mode') === 'true';\n"[39m +
        [32m'        return hasAuth || isTestMode;\n'[39m +
        [32m'      }'[39m,
      isFunction: [33mtrue[39m,
      arg: [36m[Object][39m
    },
    boxedStack: [90mundefined[39m,
    steps: [],
    attachmentIndices: [],
    info: TestStepInfoImpl {
      annotations: [],
      _testInfo: [36m[TestInfoImpl][39m,
      _stepId: [32m'pw:api@12'[39m
    },
    complete: [36m[Function: complete][39m,
    endWallTime: [33m1751169645084[39m,
    error: {
      message: [32m'Error: page.evaluate: The operation is insecure.\n'[39m +
        [32m'@debugger eval code line 291 > eval:2:26\n'[39m +
        [32m'evaluate@debugger eval code:293:16\n'[39m +
        [32m'@debugger eval code:1:44\n'[39m,
      stack: [32m'Error: page.evaluate: The operation is insecure.\n'[39m +
        [32m'@debugger eval code line 291 > eval:2:26\n'[39m +
        [32m'evaluate@debugger eval code:293:16\n'[39m +
        [32m'@debugger eval code:1:44\n'[39m +
        [32m'\n'[39m +
        [32m'    at @debugger eval code line 291 > eval:2:26\n'[39m +
        [32m'    at evaluate@debugger eval code:293:16\n'[39m +
        [32m'    at @debugger eval code:1:44\n'[39m +
        [32m'    at TestUtils.isLoggedIn (/mnt/r/Projects/ForkFlow-crm/tests/helpers/testUtils.ts:51:30)\n'[39m +
        [32m'    at /mnt/r/Projects/ForkFlow-crm/tests/organizations/performance.spec.ts:15:23'[39m,
      cause: [90mundefined[39m
    }
  }
}
]]>
</system-err>
</testcase>
<testcase name="Organization Performance Testing › Rendering Performance › should render tables efficiently" classname="organizations/performance.spec.ts" time="3.26">
<failure message="performance.spec.ts:386:5 should render tables efficiently" type="FAILURE">
<![CDATA[  [firefox] › organizations/performance.spec.ts:386:5 › Organization Performance Testing › Rendering Performance › should render tables efficiently 

    Error: page.evaluate: The operation is insecure.
    @debugger eval code line 291 > eval:1:7
    evaluate@debugger eval code:293:16
    @debugger eval code:1:44

        at @debugger eval code line 291 > eval:1:7
        at evaluate@debugger eval code:293:16
        at @debugger eval code:1:44
        at TestUtils.login (/mnt/r/Projects/ForkFlow-crm/tests/helpers/testUtils.ts:9:38)
        at /mnt/r/Projects/ForkFlow-crm/tests/organizations/performance.spec.ts:16:19

    attachment #1: screenshot (image/png) ──────────────────────────────────────────────────────────
    test-results/organizations-performance--efa33-d-render-tables-efficiently-firefox/test-failed-1.png
    ────────────────────────────────────────────────────────────────────────────────────────────────

    attachment #2: video (video/webm) ──────────────────────────────────────────────────────────────
    test-results/organizations-performance--efa33-d-render-tables-efficiently-firefox/video.webm
    ────────────────────────────────────────────────────────────────────────────────────────────────
]]>
</failure>
<system-out>
<![CDATA[
[[ATTACHMENT|organizations-performance--efa33-d-render-tables-efficiently-firefox/test-failed-1.png]]

[[ATTACHMENT|organizations-performance--efa33-d-render-tables-efficiently-firefox/video.webm]]
]]>
</system-out>
<system-err>
<![CDATA[Error accessing localStorage: page.evaluate: The operation is insecure.
@debugger eval code line 291 > eval:2:26
evaluate@debugger eval code:293:16
@debugger eval code:1:44

    at TestUtils.isLoggedIn [90m(/mnt/r/Projects/ForkFlow-crm/[39mtests/helpers/testUtils.ts:51:30[90m)[39m
    at [90m/mnt/r/Projects/ForkFlow-crm/[39mtests/organizations/performance.spec.ts:15:23 {
  name: [32m'Error'[39m,
  [[32mSymbol(step)[39m]: {
    stepId: [32m'pw:api@12'[39m,
    location: {
      file: [32m'/mnt/r/Projects/ForkFlow-crm/tests/helpers/testUtils.ts'[39m,
      line: [33m51[39m,
      column: [33m30[39m,
      function: [32m'TestUtils.isLoggedIn'[39m
    },
    category: [32m'pw:api'[39m,
    title: [32m'Evaluate'[39m,
    apiName: [32m'page.evaluate'[39m,
    params: {
      expression: [32m'() => {\n'[39m +
        [32m"        const hasAuth = !!localStorage.getItem('auth') || !!localStorage.getItem('user');\n"[39m +
        [32m"        const isTestMode = localStorage.getItem('test-mode') === 'true';\n"[39m +
        [32m'        return hasAuth || isTestMode;\n'[39m +
        [32m'      }'[39m,
      isFunction: [33mtrue[39m,
      arg: [36m[Object][39m
    },
    boxedStack: [90mundefined[39m,
    steps: [],
    attachmentIndices: [],
    info: TestStepInfoImpl {
      annotations: [],
      _testInfo: [36m[TestInfoImpl][39m,
      _stepId: [32m'pw:api@12'[39m
    },
    complete: [36m[Function: complete][39m,
    endWallTime: [33m1751169655956[39m,
    error: {
      message: [32m'Error: page.evaluate: The operation is insecure.\n'[39m +
        [32m'@debugger eval code line 291 > eval:2:26\n'[39m +
        [32m'evaluate@debugger eval code:293:16\n'[39m +
        [32m'@debugger eval code:1:44\n'[39m,
      stack: [32m'Error: page.evaluate: The operation is insecure.\n'[39m +
        [32m'@debugger eval code line 291 > eval:2:26\n'[39m +
        [32m'evaluate@debugger eval code:293:16\n'[39m +
        [32m'@debugger eval code:1:44\n'[39m +
        [32m'\n'[39m +
        [32m'    at @debugger eval code line 291 > eval:2:26\n'[39m +
        [32m'    at evaluate@debugger eval code:293:16\n'[39m +
        [32m'    at @debugger eval code:1:44\n'[39m +
        [32m'    at TestUtils.isLoggedIn (/mnt/r/Projects/ForkFlow-crm/tests/helpers/testUtils.ts:51:30)\n'[39m +
        [32m'    at /mnt/r/Projects/ForkFlow-crm/tests/organizations/performance.spec.ts:15:23'[39m,
      cause: [90mundefined[39m
    }
  }
}
]]>
</system-err>
</testcase>
<testcase name="Organization Performance Testing › Rendering Performance › should handle scroll performance" classname="organizations/performance.spec.ts" time="3.412">
<failure message="performance.spec.ts:401:5 should handle scroll performance" type="FAILURE">
<![CDATA[  [firefox] › organizations/performance.spec.ts:401:5 › Organization Performance Testing › Rendering Performance › should handle scroll performance 

    Error: page.evaluate: The operation is insecure.
    @debugger eval code line 291 > eval:1:7
    evaluate@debugger eval code:293:16
    @debugger eval code:1:44

        at @debugger eval code line 291 > eval:1:7
        at evaluate@debugger eval code:293:16
        at @debugger eval code:1:44
        at TestUtils.login (/mnt/r/Projects/ForkFlow-crm/tests/helpers/testUtils.ts:9:38)
        at /mnt/r/Projects/ForkFlow-crm/tests/organizations/performance.spec.ts:16:19

    attachment #1: screenshot (image/png) ──────────────────────────────────────────────────────────
    test-results/organizations-performance--d8e67-d-handle-scroll-performance-firefox/test-failed-1.png
    ────────────────────────────────────────────────────────────────────────────────────────────────

    attachment #2: video (video/webm) ──────────────────────────────────────────────────────────────
    test-results/organizations-performance--d8e67-d-handle-scroll-performance-firefox/video.webm
    ────────────────────────────────────────────────────────────────────────────────────────────────
]]>
</failure>
<system-out>
<![CDATA[
[[ATTACHMENT|organizations-performance--d8e67-d-handle-scroll-performance-firefox/test-failed-1.png]]

[[ATTACHMENT|organizations-performance--d8e67-d-handle-scroll-performance-firefox/video.webm]]
]]>
</system-out>
<system-err>
<![CDATA[Error accessing localStorage: page.evaluate: The operation is insecure.
@debugger eval code line 291 > eval:2:26
evaluate@debugger eval code:293:16
@debugger eval code:1:44

    at TestUtils.isLoggedIn [90m(/mnt/r/Projects/ForkFlow-crm/[39mtests/helpers/testUtils.ts:51:30[90m)[39m
    at [90m/mnt/r/Projects/ForkFlow-crm/[39mtests/organizations/performance.spec.ts:15:23 {
  name: [32m'Error'[39m,
  [[32mSymbol(step)[39m]: {
    stepId: [32m'pw:api@12'[39m,
    location: {
      file: [32m'/mnt/r/Projects/ForkFlow-crm/tests/helpers/testUtils.ts'[39m,
      line: [33m51[39m,
      column: [33m30[39m,
      function: [32m'TestUtils.isLoggedIn'[39m
    },
    category: [32m'pw:api'[39m,
    title: [32m'Evaluate'[39m,
    apiName: [32m'page.evaluate'[39m,
    params: {
      expression: [32m'() => {\n'[39m +
        [32m"        const hasAuth = !!localStorage.getItem('auth') || !!localStorage.getItem('user');\n"[39m +
        [32m"        const isTestMode = localStorage.getItem('test-mode') === 'true';\n"[39m +
        [32m'        return hasAuth || isTestMode;\n'[39m +
        [32m'      }'[39m,
      isFunction: [33mtrue[39m,
      arg: [36m[Object][39m
    },
    boxedStack: [90mundefined[39m,
    steps: [],
    attachmentIndices: [],
    info: TestStepInfoImpl {
      annotations: [],
      _testInfo: [36m[TestInfoImpl][39m,
      _stepId: [32m'pw:api@12'[39m
    },
    complete: [36m[Function: complete][39m,
    endWallTime: [33m1751169667817[39m,
    error: {
      message: [32m'Error: page.evaluate: The operation is insecure.\n'[39m +
        [32m'@debugger eval code line 291 > eval:2:26\n'[39m +
        [32m'evaluate@debugger eval code:293:16\n'[39m +
        [32m'@debugger eval code:1:44\n'[39m,
      stack: [32m'Error: page.evaluate: The operation is insecure.\n'[39m +
        [32m'@debugger eval code line 291 > eval:2:26\n'[39m +
        [32m'evaluate@debugger eval code:293:16\n'[39m +
        [32m'@debugger eval code:1:44\n'[39m +
        [32m'\n'[39m +
        [32m'    at @debugger eval code line 291 > eval:2:26\n'[39m +
        [32m'    at evaluate@debugger eval code:293:16\n'[39m +
        [32m'    at @debugger eval code:1:44\n'[39m +
        [32m'    at TestUtils.isLoggedIn (/mnt/r/Projects/ForkFlow-crm/tests/helpers/testUtils.ts:51:30)\n'[39m +
        [32m'    at /mnt/r/Projects/ForkFlow-crm/tests/organizations/performance.spec.ts:15:23'[39m,
      cause: [90mundefined[39m
    }
  }
}
]]>
</system-err>
</testcase>
<testcase name="Organization Performance Testing › Rendering Performance › should handle responsive layout changes efficiently" classname="organizations/performance.spec.ts" time="0">
<skipped>
</skipped>
</testcase>
<testcase name="Organization Performance Testing › Resource Loading Performance › should load CSS and JS efficiently" classname="organizations/performance.spec.ts" time="0">
<skipped>
</skipped>
</testcase>
<testcase name="Organization Performance Testing › Resource Loading Performance › should load images efficiently" classname="organizations/performance.spec.ts" time="0">
<skipped>
</skipped>
</testcase>
</testsuite>
<testsuite name="organizations/search-filter.spec.ts" timestamp="2025-06-29T03:15:12.290Z" hostname="firefox" tests="39" failures="0" skipped="39" time="0" errors="0">
<testcase name="Organization Search and Filter › Text Search › should search organizations by name" classname="organizations/search-filter.spec.ts" time="0">
<skipped>
</skipped>
</testcase>
<testcase name="Organization Search and Filter › Text Search › should search organizations by address" classname="organizations/search-filter.spec.ts" time="0">
<skipped>
</skipped>
</testcase>
<testcase name="Organization Search and Filter › Text Search › should search organizations by city" classname="organizations/search-filter.spec.ts" time="0">
<skipped>
</skipped>
</testcase>
<testcase name="Organization Search and Filter › Text Search › should search organizations by phone number" classname="organizations/search-filter.spec.ts" time="0">
<skipped>
</skipped>
</testcase>
<testcase name="Organization Search and Filter › Text Search › should search organizations by notes content" classname="organizations/search-filter.spec.ts" time="0">
<skipped>
</skipped>
</testcase>
<testcase name="Organization Search and Filter › Text Search › should handle case-insensitive search" classname="organizations/search-filter.spec.ts" time="0">
<skipped>
</skipped>
</testcase>
<testcase name="Organization Search and Filter › Text Search › should handle partial word search" classname="organizations/search-filter.spec.ts" time="0">
<skipped>
</skipped>
</testcase>
<testcase name="Organization Search and Filter › Text Search › should handle empty search results" classname="organizations/search-filter.spec.ts" time="0">
<skipped>
</skipped>
</testcase>
<testcase name="Organization Search and Filter › Text Search › should clear search results" classname="organizations/search-filter.spec.ts" time="0">
<skipped>
</skipped>
</testcase>
<testcase name="Organization Search and Filter › Filter by Priority › should filter by high priority" classname="organizations/search-filter.spec.ts" time="0">
<skipped>
</skipped>
</testcase>
<testcase name="Organization Search and Filter › Filter by Priority › should filter by medium priority" classname="organizations/search-filter.spec.ts" time="0">
<skipped>
</skipped>
</testcase>
<testcase name="Organization Search and Filter › Filter by Priority › should combine priority filter with search" classname="organizations/search-filter.spec.ts" time="0">
<skipped>
</skipped>
</testcase>
<testcase name="Organization Search and Filter › Filter by Business Segment › should filter by fine dining segment" classname="organizations/search-filter.spec.ts" time="0">
<skipped>
</skipped>
</testcase>
<testcase name="Organization Search and Filter › Filter by Business Segment › should filter by casual dining segment" classname="organizations/search-filter.spec.ts" time="0">
<skipped>
</skipped>
</testcase>
<testcase name="Organization Search and Filter › Filter by Business Segment › should filter by quick service segment" classname="organizations/search-filter.spec.ts" time="0">
<skipped>
</skipped>
</testcase>
<testcase name="Organization Search and Filter › Filter by Distributor › should filter by Sysco distributor" classname="organizations/search-filter.spec.ts" time="0">
<skipped>
</skipped>
</testcase>
<testcase name="Organization Search and Filter › Filter by Distributor › should filter by US Foods distributor" classname="organizations/search-filter.spec.ts" time="0">
<skipped>
</skipped>
</testcase>
<testcase name="Organization Search and Filter › Geographic Filters › should filter by city" classname="organizations/search-filter.spec.ts" time="0">
<skipped>
</skipped>
</testcase>
<testcase name="Organization Search and Filter › Geographic Filters › should filter by state" classname="organizations/search-filter.spec.ts" time="0">
<skipped>
</skipped>
</testcase>
<testcase name="Organization Search and Filter › Geographic Filters › should filter by ZIP code" classname="organizations/search-filter.spec.ts" time="0">
<skipped>
</skipped>
</testcase>
<testcase name="Organization Search and Filter › Relationship Filters › should filter organizations with contacts" classname="organizations/search-filter.spec.ts" time="0">
<skipped>
</skipped>
</testcase>
<testcase name="Organization Search and Filter › Relationship Filters › should filter organizations without contacts" classname="organizations/search-filter.spec.ts" time="0">
<skipped>
</skipped>
</testcase>
<testcase name="Organization Search and Filter › Relationship Filters › should filter organizations with opportunities" classname="organizations/search-filter.spec.ts" time="0">
<skipped>
</skipped>
</testcase>
<testcase name="Organization Search and Filter › Date Range Filters › should filter by last contact date range" classname="organizations/search-filter.spec.ts" time="0">
<skipped>
</skipped>
</testcase>
<testcase name="Organization Search and Filter › Date Range Filters › should filter by creation date" classname="organizations/search-filter.spec.ts" time="0">
<skipped>
</skipped>
</testcase>
<testcase name="Organization Search and Filter › Account Manager Filter › should filter by account manager" classname="organizations/search-filter.spec.ts" time="0">
<skipped>
</skipped>
</testcase>
<testcase name="Organization Search and Filter › Account Manager Filter › should filter by different account manager" classname="organizations/search-filter.spec.ts" time="0">
<skipped>
</skipped>
</testcase>
<testcase name="Organization Search and Filter › Multiple Filters › should combine multiple filters" classname="organizations/search-filter.spec.ts" time="0">
<skipped>
</skipped>
</testcase>
<testcase name="Organization Search and Filter › Multiple Filters › should combine search with filters" classname="organizations/search-filter.spec.ts" time="0">
<skipped>
</skipped>
</testcase>
<testcase name="Organization Search and Filter › Multiple Filters › should clear all filters" classname="organizations/search-filter.spec.ts" time="0">
<skipped>
</skipped>
</testcase>
<testcase name="Organization Search and Filter › Filter UI and UX › should show active filter indicators" classname="organizations/search-filter.spec.ts" time="0">
<skipped>
</skipped>
</testcase>
<testcase name="Organization Search and Filter › Filter UI and UX › should allow removing individual filters" classname="organizations/search-filter.spec.ts" time="0">
<skipped>
</skipped>
</testcase>
<testcase name="Organization Search and Filter › Filter UI and UX › should save filter state in URL" classname="organizations/search-filter.spec.ts" time="0">
<skipped>
</skipped>
</testcase>
<testcase name="Organization Search and Filter › Filter UI and UX › should restore filters from URL" classname="organizations/search-filter.spec.ts" time="0">
<skipped>
</skipped>
</testcase>
<testcase name="Organization Search and Filter › Performance › should filter large datasets quickly" classname="organizations/search-filter.spec.ts" time="0">
<skipped>
</skipped>
</testcase>
<testcase name="Organization Search and Filter › Performance › should search large datasets quickly" classname="organizations/search-filter.spec.ts" time="0">
<skipped>
</skipped>
</testcase>
<testcase name="Organization Search and Filter › Accessibility › should support keyboard navigation in filters" classname="organizations/search-filter.spec.ts" time="0">
<skipped>
</skipped>
</testcase>
<testcase name="Organization Search and Filter › Accessibility › should have proper ARIA labels for search and filters" classname="organizations/search-filter.spec.ts" time="0">
<skipped>
</skipped>
</testcase>
<testcase name="Organization Search and Filter › Accessibility › should announce filter results to screen readers" classname="organizations/search-filter.spec.ts" time="0">
<skipped>
</skipped>
</testcase>
</testsuite>
<testsuite name="organizations/visual-regression.spec.ts" timestamp="2025-06-29T03:15:12.290Z" hostname="firefox" tests="29" failures="0" skipped="29" time="0" errors="0">
<testcase name="Organization Visual Regression Testing › Organization List Visual Tests › should match organization list screenshot" classname="organizations/visual-regression.spec.ts" time="0">
<skipped>
</skipped>
</testcase>
<testcase name="Organization Visual Regression Testing › Organization List Visual Tests › should match organization list with search results" classname="organizations/visual-regression.spec.ts" time="0">
<skipped>
</skipped>
</testcase>
<testcase name="Organization Visual Regression Testing › Organization List Visual Tests › should match organization list with filters applied" classname="organizations/visual-regression.spec.ts" time="0">
<skipped>
</skipped>
</testcase>
<testcase name="Organization Visual Regression Testing › Organization List Visual Tests › should match empty organization list" classname="organizations/visual-regression.spec.ts" time="0">
<skipped>
</skipped>
</testcase>
<testcase name="Organization Visual Regression Testing › Organization Form Visual Tests › should match create organization form" classname="organizations/visual-regression.spec.ts" time="0">
<skipped>
</skipped>
</testcase>
<testcase name="Organization Visual Regression Testing › Organization Form Visual Tests › should match create form with data filled" classname="organizations/visual-regression.spec.ts" time="0">
<skipped>
</skipped>
</testcase>
<testcase name="Organization Visual Regression Testing › Organization Form Visual Tests › should match create form with validation errors" classname="organizations/visual-regression.spec.ts" time="0">
<skipped>
</skipped>
</testcase>
<testcase name="Organization Visual Regression Testing › Organization Form Visual Tests › should match edit organization form" classname="organizations/visual-regression.spec.ts" time="0">
<skipped>
</skipped>
</testcase>
<testcase name="Organization Visual Regression Testing › Organization Detail Visual Tests › should match organization detail page" classname="organizations/visual-regression.spec.ts" time="0">
<skipped>
</skipped>
</testcase>
<testcase name="Organization Visual Regression Testing › Organization Detail Visual Tests › should match organization detail with statistics" classname="organizations/visual-regression.spec.ts" time="0">
<skipped>
</skipped>
</testcase>
<testcase name="Organization Visual Regression Testing › Mobile Visual Tests › should match mobile organization list" classname="organizations/visual-regression.spec.ts" time="0">
<skipped>
</skipped>
</testcase>
<testcase name="Organization Visual Regression Testing › Mobile Visual Tests › should match mobile create form" classname="organizations/visual-regression.spec.ts" time="0">
<skipped>
</skipped>
</testcase>
<testcase name="Organization Visual Regression Testing › Mobile Visual Tests › should match mobile detail page" classname="organizations/visual-regression.spec.ts" time="0">
<skipped>
</skipped>
</testcase>
<testcase name="Organization Visual Regression Testing › Tablet Visual Tests › should match tablet organization list" classname="organizations/visual-regression.spec.ts" time="0">
<skipped>
</skipped>
</testcase>
<testcase name="Organization Visual Regression Testing › Tablet Visual Tests › should match tablet create form" classname="organizations/visual-regression.spec.ts" time="0">
<skipped>
</skipped>
</testcase>
<testcase name="Organization Visual Regression Testing › Component Visual Tests › should match organization card component" classname="organizations/visual-regression.spec.ts" time="0">
<skipped>
</skipped>
</testcase>
<testcase name="Organization Visual Regression Testing › Component Visual Tests › should match form field components" classname="organizations/visual-regression.spec.ts" time="0">
<skipped>
</skipped>
</testcase>
<testcase name="Organization Visual Regression Testing › Component Visual Tests › should match dropdown components" classname="organizations/visual-regression.spec.ts" time="0">
<skipped>
</skipped>
</testcase>
<testcase name="Organization Visual Regression Testing › Component Visual Tests › should match notification components" classname="organizations/visual-regression.spec.ts" time="0">
<skipped>
</skipped>
</testcase>
<testcase name="Organization Visual Regression Testing › Theme and Styling Visual Tests › should match light theme appearance" classname="organizations/visual-regression.spec.ts" time="0">
<skipped>
</skipped>
</testcase>
<testcase name="Organization Visual Regression Testing › Theme and Styling Visual Tests › should match dark theme appearance" classname="organizations/visual-regression.spec.ts" time="0">
<skipped>
</skipped>
</testcase>
<testcase name="Organization Visual Regression Testing › Theme and Styling Visual Tests › should match high contrast mode" classname="organizations/visual-regression.spec.ts" time="0">
<skipped>
</skipped>
</testcase>
<testcase name="Organization Visual Regression Testing › State Variation Visual Tests › should match loading state" classname="organizations/visual-regression.spec.ts" time="0">
<skipped>
</skipped>
</testcase>
<testcase name="Organization Visual Regression Testing › State Variation Visual Tests › should match error state" classname="organizations/visual-regression.spec.ts" time="0">
<skipped>
</skipped>
</testcase>
<testcase name="Organization Visual Regression Testing › State Variation Visual Tests › should match disabled state for form elements" classname="organizations/visual-regression.spec.ts" time="0">
<skipped>
</skipped>
</testcase>
<testcase name="Organization Visual Regression Testing › Interaction State Visual Tests › should match hover states" classname="organizations/visual-regression.spec.ts" time="0">
<skipped>
</skipped>
</testcase>
<testcase name="Organization Visual Regression Testing › Interaction State Visual Tests › should match focus states" classname="organizations/visual-regression.spec.ts" time="0">
<skipped>
</skipped>
</testcase>
<testcase name="Organization Visual Regression Testing › Interaction State Visual Tests › should match selected states" classname="organizations/visual-regression.spec.ts" time="0">
<skipped>
</skipped>
</testcase>
<testcase name="Organization Visual Regression Testing › Cross-Browser Visual Consistency › should render consistently across viewport sizes" classname="organizations/visual-regression.spec.ts" time="0">
<skipped>
</skipped>
</testcase>
</testsuite>
<testsuite name="responsive/mobile-interaction.spec.ts" timestamp="2025-06-29T03:15:12.290Z" hostname="firefox" tests="4" failures="0" skipped="4" time="0" errors="0">
<testcase name="Mobile Responsive - Interactions › should display touch-friendly buttons (44px minimum)" classname="responsive/mobile-interaction.spec.ts" time="0">
<skipped>
</skipped>
</testcase>
<testcase name="Mobile Responsive - Interactions › should be readable on mobile viewport" classname="responsive/mobile-interaction.spec.ts" time="0">
<skipped>
</skipped>
</testcase>
<testcase name="Mobile Responsive - Interactions › should handle mobile viewport correctly" classname="responsive/mobile-interaction.spec.ts" time="0">
<skipped>
</skipped>
</testcase>
<testcase name="Mobile Responsive - Interactions › should support gesture navigation" classname="responsive/mobile-interaction.spec.ts" time="0">
<skipped>
</skipped>
</testcase>
</testsuite>
<testsuite name="simple-load.spec.ts" timestamp="2025-06-29T03:15:12.290Z" hostname="firefox" tests="1" failures="0" skipped="1" time="0" errors="0">
<testcase name="simple app load test" classname="simple-load.spec.ts" time="0">
<skipped>
</skipped>
</testcase>
</testsuite>
<testsuite name="smoke/app-loading.spec.ts" timestamp="2025-06-29T03:15:12.290Z" hostname="firefox" tests="5" failures="0" skipped="5" time="0" errors="0">
<testcase name="Application Loading - Smoke Tests › should load application without getting stuck in loading state" classname="smoke/app-loading.spec.ts" time="0">
<skipped>
</skipped>
</testcase>
<testcase name="Application Loading - Smoke Tests › should have working navigation" classname="smoke/app-loading.spec.ts" time="0">
<skipped>
</skipped>
</testcase>
<testcase name="Application Loading - Smoke Tests › should not have console errors on load" classname="smoke/app-loading.spec.ts" time="0">
<skipped>
</skipped>
</testcase>
<testcase name="Application Loading - Smoke Tests › should have correct data provider in test mode" classname="smoke/app-loading.spec.ts" time="0">
<skipped>
</skipped>
</testcase>
<testcase name="Application Loading - Smoke Tests › should be authenticated in test mode" classname="smoke/app-loading.spec.ts" time="0">
<skipped>
</skipped>
</testcase>
</testsuite>
<testsuite name="accessibility/component-accessibility.spec.ts" timestamp="2025-06-29T03:15:12.290Z" hostname="webkit" tests="9" failures="0" skipped="9" time="0" errors="0">
<testcase name="Accessibility Compliance - Components › should have proper heading hierarchy" classname="accessibility/component-accessibility.spec.ts" time="0">
<skipped>
</skipped>
</testcase>
<testcase name="Accessibility Compliance - Components › should have accessible interactive elements" classname="accessibility/component-accessibility.spec.ts" time="0">
<skipped>
</skipped>
</testcase>
<testcase name="Accessibility Compliance - Components › should have proper focus management" classname="accessibility/component-accessibility.spec.ts" time="0">
<skipped>
</skipped>
</testcase>
<testcase name="Accessibility Compliance - Components › should have accessible forms" classname="accessibility/component-accessibility.spec.ts" time="0">
<skipped>
</skipped>
</testcase>
<testcase name="Accessibility Compliance - Components › should have proper color contrast" classname="accessibility/component-accessibility.spec.ts" time="0">
<skipped>
</skipped>
</testcase>
<testcase name="Accessibility Compliance - Components › should have accessible images" classname="accessibility/component-accessibility.spec.ts" time="0">
<skipped>
</skipped>
</testcase>
<testcase name="Accessibility Compliance - Components › should have proper ARIA attributes" classname="accessibility/component-accessibility.spec.ts" time="0">
<skipped>
</skipped>
</testcase>
<testcase name="Accessibility Compliance - Components › should support keyboard navigation" classname="accessibility/component-accessibility.spec.ts" time="0">
<skipped>
</skipped>
</testcase>
<testcase name="Accessibility Compliance - Components › should have proper link accessibility" classname="accessibility/component-accessibility.spec.ts" time="0">
<skipped>
</skipped>
</testcase>
</testsuite>
<testsuite name="organizations/accessibility.spec.ts" timestamp="2025-06-29T03:15:12.290Z" hostname="webkit" tests="25" failures="0" skipped="25" time="0" errors="0">
<testcase name="Organization Accessibility (WCAG 2.1 AA) › Keyboard Navigation › should support full keyboard navigation in organization list" classname="organizations/accessibility.spec.ts" time="0">
<skipped>
</skipped>
</testcase>
<testcase name="Organization Accessibility (WCAG 2.1 AA) › Keyboard Navigation › should support keyboard navigation in organization form" classname="organizations/accessibility.spec.ts" time="0">
<skipped>
</skipped>
</testcase>
<testcase name="Organization Accessibility (WCAG 2.1 AA) › Keyboard Navigation › should support Enter key to submit forms" classname="organizations/accessibility.spec.ts" time="0">
<skipped>
</skipped>
</testcase>
<testcase name="Organization Accessibility (WCAG 2.1 AA) › Keyboard Navigation › should support Escape key to cancel operations" classname="organizations/accessibility.spec.ts" time="0">
<skipped>
</skipped>
</testcase>
<testcase name="Organization Accessibility (WCAG 2.1 AA) › Keyboard Navigation › should support arrow keys in dropdown menus" classname="organizations/accessibility.spec.ts" time="0">
<skipped>
</skipped>
</testcase>
<testcase name="Organization Accessibility (WCAG 2.1 AA) › Screen Reader Support › should have proper headings hierarchy" classname="organizations/accessibility.spec.ts" time="0">
<skipped>
</skipped>
</testcase>
<testcase name="Organization Accessibility (WCAG 2.1 AA) › Screen Reader Support › should have proper labels for all form inputs" classname="organizations/accessibility.spec.ts" time="0">
<skipped>
</skipped>
</testcase>
<testcase name="Organization Accessibility (WCAG 2.1 AA) › Screen Reader Support › should have proper ARIA attributes for interactive elements" classname="organizations/accessibility.spec.ts" time="0">
<skipped>
</skipped>
</testcase>
<testcase name="Organization Accessibility (WCAG 2.1 AA) › Screen Reader Support › should have proper alt text for images" classname="organizations/accessibility.spec.ts" time="0">
<skipped>
</skipped>
</testcase>
<testcase name="Organization Accessibility (WCAG 2.1 AA) › Screen Reader Support › should have live regions for dynamic content" classname="organizations/accessibility.spec.ts" time="0">
<skipped>
</skipped>
</testcase>
<testcase name="Organization Accessibility (WCAG 2.1 AA) › Color and Contrast › should have sufficient color contrast for text" classname="organizations/accessibility.spec.ts" time="0">
<skipped>
</skipped>
</testcase>
<testcase name="Organization Accessibility (WCAG 2.1 AA) › Color and Contrast › should not rely solely on color to convey information" classname="organizations/accessibility.spec.ts" time="0">
<skipped>
</skipped>
</testcase>
<testcase name="Organization Accessibility (WCAG 2.1 AA) › Focus Management › should have visible focus indicators" classname="organizations/accessibility.spec.ts" time="0">
<skipped>
</skipped>
</testcase>
<testcase name="Organization Accessibility (WCAG 2.1 AA) › Focus Management › should manage focus in modal dialogs" classname="organizations/accessibility.spec.ts" time="0">
<skipped>
</skipped>
</testcase>
<testcase name="Organization Accessibility (WCAG 2.1 AA) › Focus Management › should restore focus after modal closes" classname="organizations/accessibility.spec.ts" time="0">
<skipped>
</skipped>
</testcase>
<testcase name="Organization Accessibility (WCAG 2.1 AA) › Error and Status Announcements › should announce form validation errors" classname="organizations/accessibility.spec.ts" time="0">
<skipped>
</skipped>
</testcase>
<testcase name="Organization Accessibility (WCAG 2.1 AA) › Error and Status Announcements › should announce successful operations" classname="organizations/accessibility.spec.ts" time="0">
<skipped>
</skipped>
</testcase>
<testcase name="Organization Accessibility (WCAG 2.1 AA) › Responsive Accessibility › should maintain accessibility on mobile" classname="organizations/accessibility.spec.ts" time="0">
<skipped>
</skipped>
</testcase>
<testcase name="Organization Accessibility (WCAG 2.1 AA) › Responsive Accessibility › should support zoom up to 200%" classname="organizations/accessibility.spec.ts" time="0">
<skipped>
</skipped>
</testcase>
<testcase name="Organization Accessibility (WCAG 2.1 AA) › Assistive Technology Support › should support high contrast mode" classname="organizations/accessibility.spec.ts" time="0">
<skipped>
</skipped>
</testcase>
<testcase name="Organization Accessibility (WCAG 2.1 AA) › Assistive Technology Support › should work with reduced motion preferences" classname="organizations/accessibility.spec.ts" time="0">
<skipped>
</skipped>
</testcase>
<testcase name="Organization Accessibility (WCAG 2.1 AA) › Language and Internationalization › should have proper lang attribute" classname="organizations/accessibility.spec.ts" time="0">
<skipped>
</skipped>
</testcase>
<testcase name="Organization Accessibility (WCAG 2.1 AA) › Language and Internationalization › should handle text direction for RTL languages" classname="organizations/accessibility.spec.ts" time="0">
<skipped>
</skipped>
</testcase>
<testcase name="Organization Accessibility (WCAG 2.1 AA) › Data Tables Accessibility › should have proper table structure for organization list" classname="organizations/accessibility.spec.ts" time="0">
<skipped>
</skipped>
</testcase>
<testcase name="Organization Accessibility (WCAG 2.1 AA) › Data Tables Accessibility › should support table navigation with arrow keys" classname="organizations/accessibility.spec.ts" time="0">
<skipped>
</skipped>
</testcase>
</testsuite>
<testsuite name="organizations/crud-workflow.spec.ts" timestamp="2025-06-29T03:15:12.290Z" hostname="webkit" tests="21" failures="0" skipped="21" time="0" errors="0">
<testcase name="Organization CRUD Workflow › Create Organization › should create organization with basic information" classname="organizations/crud-workflow.spec.ts" time="0">
<skipped>
</skipped>
</testcase>
<testcase name="Organization CRUD Workflow › Create Organization › should create organization with complete information" classname="organizations/crud-workflow.spec.ts" time="0">
<skipped>
</skipped>
</testcase>
<testcase name="Organization CRUD Workflow › Create Organization › should create organization with minimal required fields" classname="organizations/crud-workflow.spec.ts" time="0">
<skipped>
</skipped>
</testcase>
<testcase name="Organization CRUD Workflow › Create Organization › should validate required fields" classname="organizations/crud-workflow.spec.ts" time="0">
<skipped>
</skipped>
</testcase>
<testcase name="Organization CRUD Workflow › Create Organization › should validate field formats" classname="organizations/crud-workflow.spec.ts" time="0">
<skipped>
</skipped>
</testcase>
<testcase name="Organization CRUD Workflow › Create Organization › should auto-populate account manager if not provided" classname="organizations/crud-workflow.spec.ts" time="0">
<skipped>
</skipped>
</testcase>
<testcase name="Organization CRUD Workflow › Create Organization › should handle GPS location capture" classname="organizations/crud-workflow.spec.ts" time="0">
<skipped>
</skipped>
</testcase>
<testcase name="Organization CRUD Workflow › Read Organization › should display organization details" classname="organizations/crud-workflow.spec.ts" time="0">
<skipped>
</skipped>
</testcase>
<testcase name="Organization CRUD Workflow › Read Organization › should display computed statistics" classname="organizations/crud-workflow.spec.ts" time="0">
<skipped>
</skipped>
</testcase>
<testcase name="Organization CRUD Workflow › Read Organization › should show related contacts and deals" classname="organizations/crud-workflow.spec.ts" time="0">
<skipped>
</skipped>
</testcase>
<testcase name="Organization CRUD Workflow › Update Organization › should update organization information" classname="organizations/crud-workflow.spec.ts" time="0">
<skipped>
</skipped>
</testcase>
<testcase name="Organization CRUD Workflow › Update Organization › should validate updates" classname="organizations/crud-workflow.spec.ts" time="0">
<skipped>
</skipped>
</testcase>
<testcase name="Organization CRUD Workflow › Update Organization › should preserve existing data when updating" classname="organizations/crud-workflow.spec.ts" time="0">
<skipped>
</skipped>
</testcase>
<testcase name="Organization CRUD Workflow › Delete Organization › should delete organization" classname="organizations/crud-workflow.spec.ts" time="0">
<skipped>
</skipped>
</testcase>
<testcase name="Organization CRUD Workflow › Delete Organization › should require confirmation for deletion" classname="organizations/crud-workflow.spec.ts" time="0">
<skipped>
</skipped>
</testcase>
<testcase name="Organization CRUD Workflow › Delete Organization › should handle deletion errors gracefully" classname="organizations/crud-workflow.spec.ts" time="0">
<skipped>
</skipped>
</testcase>
<testcase name="Organization CRUD Workflow › Bulk Operations › should handle bulk updates" classname="organizations/crud-workflow.spec.ts" time="0">
<skipped>
</skipped>
</testcase>
<testcase name="Organization CRUD Workflow › Bulk Operations › should export organization data" classname="organizations/crud-workflow.spec.ts" time="0">
<skipped>
</skipped>
</testcase>
<testcase name="Organization CRUD Workflow › Performance › should load organization form quickly" classname="organizations/crud-workflow.spec.ts" time="0">
<skipped>
</skipped>
</testcase>
<testcase name="Organization CRUD Workflow › Performance › should save organization quickly" classname="organizations/crud-workflow.spec.ts" time="0">
<skipped>
</skipped>
</testcase>
<testcase name="Organization CRUD Workflow › Performance › should handle large datasets" classname="organizations/crud-workflow.spec.ts" time="0">
<skipped>
</skipped>
</testcase>
</testsuite>
<testsuite name="organizations/error-handling.spec.ts" timestamp="2025-06-29T03:15:12.290Z" hostname="webkit" tests="23" failures="0" skipped="23" time="0" errors="0">
<testcase name="Organization Error Handling and Edge Cases › Network Error Handling › should handle network timeout during create" classname="organizations/error-handling.spec.ts" time="0">
<skipped>
</skipped>
</testcase>
<testcase name="Organization Error Handling and Edge Cases › Network Error Handling › should handle 500 server error during create" classname="organizations/error-handling.spec.ts" time="0">
<skipped>
</skipped>
</testcase>
<testcase name="Organization Error Handling and Edge Cases › Network Error Handling › should handle network disconnection" classname="organizations/error-handling.spec.ts" time="0">
<skipped>
</skipped>
</testcase>
<testcase name="Organization Error Handling and Edge Cases › Network Error Handling › should handle slow API responses" classname="organizations/error-handling.spec.ts" time="0">
<skipped>
</skipped>
</testcase>
<testcase name="Organization Error Handling and Edge Cases › Data Validation Edge Cases › should handle extremely long text inputs" classname="organizations/error-handling.spec.ts" time="0">
<skipped>
</skipped>
</testcase>
<testcase name="Organization Error Handling and Edge Cases › Data Validation Edge Cases › should handle special characters in inputs" classname="organizations/error-handling.spec.ts" time="0">
<skipped>
</skipped>
</testcase>
<testcase name="Organization Error Handling and Edge Cases › Data Validation Edge Cases › should handle SQL injection attempts" classname="organizations/error-handling.spec.ts" time="0">
<skipped>
</skipped>
</testcase>
<testcase name="Organization Error Handling and Edge Cases › Data Validation Edge Cases › should handle XSS attempts" classname="organizations/error-handling.spec.ts" time="0">
<skipped>
</skipped>
</testcase>
<testcase name="Organization Error Handling and Edge Cases › Concurrency and Race Conditions › should handle simultaneous organization creation" classname="organizations/error-handling.spec.ts" time="0">
<skipped>
</skipped>
</testcase>
<testcase name="Organization Error Handling and Edge Cases › Concurrency and Race Conditions › should handle edit conflicts" classname="organizations/error-handling.spec.ts" time="0">
<skipped>
</skipped>
</testcase>
<testcase name="Organization Error Handling and Edge Cases › Resource Limits and Performance Edge Cases › should handle large file uploads for logos" classname="organizations/error-handling.spec.ts" time="0">
<skipped>
</skipped>
</testcase>
<testcase name="Organization Error Handling and Edge Cases › Resource Limits and Performance Edge Cases › should handle browser memory limits" classname="organizations/error-handling.spec.ts" time="0">
<skipped>
</skipped>
</testcase>
<testcase name="Organization Error Handling and Edge Cases › Browser Compatibility Edge Cases › should handle disabled JavaScript" classname="organizations/error-handling.spec.ts" time="0">
<skipped>
</skipped>
</testcase>
<testcase name="Organization Error Handling and Edge Cases › Browser Compatibility Edge Cases › should handle cookies disabled" classname="organizations/error-handling.spec.ts" time="0">
<skipped>
</skipped>
</testcase>
<testcase name="Organization Error Handling and Edge Cases › Browser Compatibility Edge Cases › should handle local storage disabled" classname="organizations/error-handling.spec.ts" time="0">
<skipped>
</skipped>
</testcase>
<testcase name="Organization Error Handling and Edge Cases › GPS and Geolocation Edge Cases › should handle GPS permission denied" classname="organizations/error-handling.spec.ts" time="0">
<skipped>
</skipped>
</testcase>
<testcase name="Organization Error Handling and Edge Cases › GPS and Geolocation Edge Cases › should handle GPS timeout" classname="organizations/error-handling.spec.ts" time="0">
<skipped>
</skipped>
</testcase>
<testcase name="Organization Error Handling and Edge Cases › GPS and Geolocation Edge Cases › should handle invalid GPS coordinates" classname="organizations/error-handling.spec.ts" time="0">
<skipped>
</skipped>
</testcase>
<testcase name="Organization Error Handling and Edge Cases › Form State Edge Cases › should handle browser back/forward during form submission" classname="organizations/error-handling.spec.ts" time="0">
<skipped>
</skipped>
</testcase>
<testcase name="Organization Error Handling and Edge Cases › Form State Edge Cases › should handle page refresh during form submission" classname="organizations/error-handling.spec.ts" time="0">
<skipped>
</skipped>
</testcase>
<testcase name="Organization Error Handling and Edge Cases › Form State Edge Cases › should handle browser tab close during form editing" classname="organizations/error-handling.spec.ts" time="0">
<skipped>
</skipped>
</testcase>
<testcase name="Organization Error Handling and Edge Cases › Data Integrity Edge Cases › should handle duplicate organization names" classname="organizations/error-handling.spec.ts" time="0">
<skipped>
</skipped>
</testcase>
<testcase name="Organization Error Handling and Edge Cases › Data Integrity Edge Cases › should handle orphaned data cleanup" classname="organizations/error-handling.spec.ts" time="0">
<skipped>
</skipped>
</testcase>
</testsuite>
<testsuite name="organizations/form-validation.spec.ts" timestamp="2025-06-29T03:15:12.290Z" hostname="webkit" tests="23" failures="0" skipped="23" time="0" errors="0">
<testcase name="Organization Form Validation › Required Field Validation › should require organization name" classname="organizations/form-validation.spec.ts" time="0">
<skipped>
</skipped>
</testcase>
<testcase name="Organization Form Validation › Required Field Validation › should allow minimal required fields only" classname="organizations/form-validation.spec.ts" time="0">
<skipped>
</skipped>
</testcase>
<testcase name="Organization Form Validation › Required Field Validation › should highlight required fields on focus" classname="organizations/form-validation.spec.ts" time="0">
<skipped>
</skipped>
</testcase>
<testcase name="Organization Form Validation › Format Validation › should validate phone number formats" classname="organizations/form-validation.spec.ts" time="0">
<skipped>
</skipped>
</testcase>
<testcase name="Organization Form Validation › Format Validation › should validate email format for account manager" classname="organizations/form-validation.spec.ts" time="0">
<skipped>
</skipped>
</testcase>
<testcase name="Organization Form Validation › Format Validation › should validate website URL format" classname="organizations/form-validation.spec.ts" time="0">
<skipped>
</skipped>
</testcase>
<testcase name="Organization Form Validation › Format Validation › should validate ZIP code format" classname="organizations/form-validation.spec.ts" time="0">
<skipped>
</skipped>
</testcase>
<testcase name="Organization Form Validation › Field Length Validation › should enforce maximum length for notes" classname="organizations/form-validation.spec.ts" time="0">
<skipped>
</skipped>
</testcase>
<testcase name="Organization Form Validation › Field Length Validation › should enforce maximum length for name" classname="organizations/form-validation.spec.ts" time="0">
<skipped>
</skipped>
</testcase>
<testcase name="Organization Form Validation › Field Length Validation › should show character count for notes field" classname="organizations/form-validation.spec.ts" time="0">
<skipped>
</skipped>
</testcase>
<testcase name="Organization Form Validation › Real-time Validation › should validate fields as user types" classname="organizations/form-validation.spec.ts" time="0">
<skipped>
</skipped>
</testcase>
<testcase name="Organization Form Validation › Real-time Validation › should update validation on blur" classname="organizations/form-validation.spec.ts" time="0">
<skipped>
</skipped>
</testcase>
<testcase name="Organization Form Validation › GPS Validation › should validate GPS coordinates" classname="organizations/form-validation.spec.ts" time="0">
<skipped>
</skipped>
</testcase>
<testcase name="Organization Form Validation › GPS Validation › should handle GPS permission denied" classname="organizations/form-validation.spec.ts" time="0">
<skipped>
</skipped>
</testcase>
<testcase name="Organization Form Validation › GPS Validation › should validate coordinate ranges" classname="organizations/form-validation.spec.ts" time="0">
<skipped>
</skipped>
</testcase>
<testcase name="Organization Form Validation › Dropdown Validation › should validate priority selection" classname="organizations/form-validation.spec.ts" time="0">
<skipped>
</skipped>
</testcase>
<testcase name="Organization Form Validation › Dropdown Validation › should validate segment selection" classname="organizations/form-validation.spec.ts" time="0">
<skipped>
</skipped>
</testcase>
<testcase name="Organization Form Validation › Dropdown Validation › should handle empty dropdown selections" classname="organizations/form-validation.spec.ts" time="0">
<skipped>
</skipped>
</testcase>
<testcase name="Organization Form Validation › Form Accessibility › should have proper labels for all fields" classname="organizations/form-validation.spec.ts" time="0">
<skipped>
</skipped>
</testcase>
<testcase name="Organization Form Validation › Form Accessibility › should have proper ARIA attributes" classname="organizations/form-validation.spec.ts" time="0">
<skipped>
</skipped>
</testcase>
<testcase name="Organization Form Validation › Form Accessibility › should support keyboard navigation" classname="organizations/form-validation.spec.ts" time="0">
<skipped>
</skipped>
</testcase>
<testcase name="Organization Form Validation › Form Submission › should prevent duplicate submissions" classname="organizations/form-validation.spec.ts" time="0">
<skipped>
</skipped>
</testcase>
<testcase name="Organization Form Validation › Form Submission › should disable save button during submission" classname="organizations/form-validation.spec.ts" time="0">
<skipped>
</skipped>
</testcase>
</testsuite>
<testsuite name="organizations/mobile-responsive.spec.ts" timestamp="2025-06-29T03:15:12.290Z" hostname="webkit" tests="26" failures="0" skipped="26" time="0" errors="0">
<testcase name="Organization Mobile Responsive Design › Mobile Device Testing › should display properly on iPhone" classname="organizations/mobile-responsive.spec.ts" time="0">
<skipped>
</skipped>
</testcase>
<testcase name="Organization Mobile Responsive Design › Mobile Device Testing › should handle touch interactions" classname="organizations/mobile-responsive.spec.ts" time="0">
<skipped>
</skipped>
</testcase>
<testcase name="Organization Mobile Responsive Design › Mobile Device Testing › should support swipe gestures on mobile" classname="organizations/mobile-responsive.spec.ts" time="0">
<skipped>
</skipped>
</testcase>
<testcase name="Organization Mobile Responsive Design › Tablet Device Testing › should display properly on tablet" classname="organizations/mobile-responsive.spec.ts" time="0">
<skipped>
</skipped>
</testcase>
<testcase name="Organization Mobile Responsive Design › Tablet Device Testing › should handle tablet form layout" classname="organizations/mobile-responsive.spec.ts" time="0">
<skipped>
</skipped>
</testcase>
<testcase name="Organization Mobile Responsive Design › Form Responsive Behavior › should stack form fields vertically on mobile" classname="organizations/mobile-responsive.spec.ts" time="0">
<skipped>
</skipped>
</testcase>
<testcase name="Organization Mobile Responsive Design › Form Responsive Behavior › should use horizontal layout on desktop" classname="organizations/mobile-responsive.spec.ts" time="0">
<skipped>
</skipped>
</testcase>
<testcase name="Organization Mobile Responsive Design › Form Responsive Behavior › should handle form validation on mobile" classname="organizations/mobile-responsive.spec.ts" time="0">
<skipped>
</skipped>
</testcase>
<testcase name="Organization Mobile Responsive Design › List View Responsive Behavior › should use card layout on mobile" classname="organizations/mobile-responsive.spec.ts" time="0">
<skipped>
</skipped>
</testcase>
<testcase name="Organization Mobile Responsive Design › List View Responsive Behavior › should use table layout on desktop" classname="organizations/mobile-responsive.spec.ts" time="0">
<skipped>
</skipped>
</testcase>
<testcase name="Organization Mobile Responsive Design › List View Responsive Behavior › should handle horizontal scrolling on mobile table" classname="organizations/mobile-responsive.spec.ts" time="0">
<skipped>
</skipped>
</testcase>
<testcase name="Organization Mobile Responsive Design › Navigation Responsive Behavior › should show hamburger menu on mobile" classname="organizations/mobile-responsive.spec.ts" time="0">
<skipped>
</skipped>
</testcase>
<testcase name="Organization Mobile Responsive Design › Navigation Responsive Behavior › should show sidebar navigation on desktop" classname="organizations/mobile-responsive.spec.ts" time="0">
<skipped>
</skipped>
</testcase>
<testcase name="Organization Mobile Responsive Design › Navigation Responsive Behavior › should handle navigation menu toggle" classname="organizations/mobile-responsive.spec.ts" time="0">
<skipped>
</skipped>
</testcase>
<testcase name="Organization Mobile Responsive Design › Search and Filter Responsive Behavior › should adapt search interface for mobile" classname="organizations/mobile-responsive.spec.ts" time="0">
<skipped>
</skipped>
</testcase>
<testcase name="Organization Mobile Responsive Design › Search and Filter Responsive Behavior › should handle filter menu on mobile" classname="organizations/mobile-responsive.spec.ts" time="0">
<skipped>
</skipped>
</testcase>
<testcase name="Organization Mobile Responsive Design › Search and Filter Responsive Behavior › should show filters inline on desktop" classname="organizations/mobile-responsive.spec.ts" time="0">
<skipped>
</skipped>
</testcase>
<testcase name="Organization Mobile Responsive Design › Touch and Gesture Support › should support touch scrolling" classname="organizations/mobile-responsive.spec.ts" time="0">
<skipped>
</skipped>
</testcase>
<testcase name="Organization Mobile Responsive Design › Touch and Gesture Support › should support pinch to zoom" classname="organizations/mobile-responsive.spec.ts" time="0">
<skipped>
</skipped>
</testcase>
<testcase name="Organization Mobile Responsive Design › Touch and Gesture Support › should handle touch input on form fields" classname="organizations/mobile-responsive.spec.ts" time="0">
<skipped>
</skipped>
</testcase>
<testcase name="Organization Mobile Responsive Design › Orientation Changes › should handle portrait to landscape rotation" classname="organizations/mobile-responsive.spec.ts" time="0">
<skipped>
</skipped>
</testcase>
<testcase name="Organization Mobile Responsive Design › Orientation Changes › should handle landscape to portrait rotation" classname="organizations/mobile-responsive.spec.ts" time="0">
<skipped>
</skipped>
</testcase>
<testcase name="Organization Mobile Responsive Design › Performance on Mobile › should load quickly on mobile devices" classname="organizations/mobile-responsive.spec.ts" time="0">
<skipped>
</skipped>
</testcase>
<testcase name="Organization Mobile Responsive Design › Performance on Mobile › should handle low bandwidth conditions" classname="organizations/mobile-responsive.spec.ts" time="0">
<skipped>
</skipped>
</testcase>
<testcase name="Organization Mobile Responsive Design › Cross-Device Consistency › should maintain data consistency across devices" classname="organizations/mobile-responsive.spec.ts" time="0">
<skipped>
</skipped>
</testcase>
<testcase name="Organization Mobile Responsive Design › Cross-Device Consistency › should sync form state across orientations" classname="organizations/mobile-responsive.spec.ts" time="0">
<skipped>
</skipped>
</testcase>
</testsuite>
<testsuite name="organizations/performance.spec.ts" timestamp="2025-06-29T03:15:12.290Z" hostname="webkit" tests="24" failures="0" skipped="24" time="0" errors="0">
<testcase name="Organization Performance Testing › Page Load Performance › should load organization list within acceptable time" classname="organizations/performance.spec.ts" time="0">
<skipped>
</skipped>
</testcase>
<testcase name="Organization Performance Testing › Page Load Performance › should load organization create form quickly" classname="organizations/performance.spec.ts" time="0">
<skipped>
</skipped>
</testcase>
<testcase name="Organization Performance Testing › Page Load Performance › should load organization details quickly" classname="organizations/performance.spec.ts" time="0">
<skipped>
</skipped>
</testcase>
<testcase name="Organization Performance Testing › Page Load Performance › should handle concurrent page loads" classname="organizations/performance.spec.ts" time="0">
<skipped>
</skipped>
</testcase>
<testcase name="Organization Performance Testing › Form Performance › should handle form submission quickly" classname="organizations/performance.spec.ts" time="0">
<skipped>
</skipped>
</testcase>
<testcase name="Organization Performance Testing › Form Performance › should handle form validation quickly" classname="organizations/performance.spec.ts" time="0">
<skipped>
</skipped>
</testcase>
<testcase name="Organization Performance Testing › Form Performance › should handle real-time field updates efficiently" classname="organizations/performance.spec.ts" time="0">
<skipped>
</skipped>
</testcase>
<testcase name="Organization Performance Testing › Search and Filter Performance › should search large datasets quickly" classname="organizations/performance.spec.ts" time="0">
<skipped>
</skipped>
</testcase>
<testcase name="Organization Performance Testing › Search and Filter Performance › should apply filters quickly" classname="organizations/performance.spec.ts" time="0">
<skipped>
</skipped>
</testcase>
<testcase name="Organization Performance Testing › Search and Filter Performance › should handle multiple filters efficiently" classname="organizations/performance.spec.ts" time="0">
<skipped>
</skipped>
</testcase>
<testcase name="Organization Performance Testing › Search and Filter Performance › should clear filters quickly" classname="organizations/performance.spec.ts" time="0">
<skipped>
</skipped>
</testcase>
<testcase name="Organization Performance Testing › Data Loading Performance › should handle pagination efficiently" classname="organizations/performance.spec.ts" time="0">
<skipped>
</skipped>
</testcase>
<testcase name="Organization Performance Testing › Data Loading Performance › should load organization statistics quickly" classname="organizations/performance.spec.ts" time="0">
<skipped>
</skipped>
</testcase>
<testcase name="Organization Performance Testing › Data Loading Performance › should handle bulk operations efficiently" classname="organizations/performance.spec.ts" time="0">
<skipped>
</skipped>
</testcase>
<testcase name="Organization Performance Testing › Memory Performance › should not cause memory leaks during navigation" classname="organizations/performance.spec.ts" time="0">
<skipped>
</skipped>
</testcase>
<testcase name="Organization Performance Testing › Memory Performance › should handle large forms without performance degradation" classname="organizations/performance.spec.ts" time="0">
<skipped>
</skipped>
</testcase>
<testcase name="Organization Performance Testing › Network Performance › should handle slow network conditions" classname="organizations/performance.spec.ts" time="0">
<skipped>
</skipped>
</testcase>
<testcase name="Organization Performance Testing › Network Performance › should optimize API calls" classname="organizations/performance.spec.ts" time="0">
<skipped>
</skipped>
</testcase>
<testcase name="Organization Performance Testing › Network Performance › should cache data appropriately" classname="organizations/performance.spec.ts" time="0">
<skipped>
</skipped>
</testcase>
<testcase name="Organization Performance Testing › Rendering Performance › should render tables efficiently" classname="organizations/performance.spec.ts" time="0">
<skipped>
</skipped>
</testcase>
<testcase name="Organization Performance Testing › Rendering Performance › should handle scroll performance" classname="organizations/performance.spec.ts" time="0">
<skipped>
</skipped>
</testcase>
<testcase name="Organization Performance Testing › Rendering Performance › should handle responsive layout changes efficiently" classname="organizations/performance.spec.ts" time="0">
<skipped>
</skipped>
</testcase>
<testcase name="Organization Performance Testing › Resource Loading Performance › should load CSS and JS efficiently" classname="organizations/performance.spec.ts" time="0">
<skipped>
</skipped>
</testcase>
<testcase name="Organization Performance Testing › Resource Loading Performance › should load images efficiently" classname="organizations/performance.spec.ts" time="0">
<skipped>
</skipped>
</testcase>
</testsuite>
<testsuite name="organizations/search-filter.spec.ts" timestamp="2025-06-29T03:15:12.290Z" hostname="webkit" tests="39" failures="0" skipped="39" time="0" errors="0">
<testcase name="Organization Search and Filter › Text Search › should search organizations by name" classname="organizations/search-filter.spec.ts" time="0">
<skipped>
</skipped>
</testcase>
<testcase name="Organization Search and Filter › Text Search › should search organizations by address" classname="organizations/search-filter.spec.ts" time="0">
<skipped>
</skipped>
</testcase>
<testcase name="Organization Search and Filter › Text Search › should search organizations by city" classname="organizations/search-filter.spec.ts" time="0">
<skipped>
</skipped>
</testcase>
<testcase name="Organization Search and Filter › Text Search › should search organizations by phone number" classname="organizations/search-filter.spec.ts" time="0">
<skipped>
</skipped>
</testcase>
<testcase name="Organization Search and Filter › Text Search › should search organizations by notes content" classname="organizations/search-filter.spec.ts" time="0">
<skipped>
</skipped>
</testcase>
<testcase name="Organization Search and Filter › Text Search › should handle case-insensitive search" classname="organizations/search-filter.spec.ts" time="0">
<skipped>
</skipped>
</testcase>
<testcase name="Organization Search and Filter › Text Search › should handle partial word search" classname="organizations/search-filter.spec.ts" time="0">
<skipped>
</skipped>
</testcase>
<testcase name="Organization Search and Filter › Text Search › should handle empty search results" classname="organizations/search-filter.spec.ts" time="0">
<skipped>
</skipped>
</testcase>
<testcase name="Organization Search and Filter › Text Search › should clear search results" classname="organizations/search-filter.spec.ts" time="0">
<skipped>
</skipped>
</testcase>
<testcase name="Organization Search and Filter › Filter by Priority › should filter by high priority" classname="organizations/search-filter.spec.ts" time="0">
<skipped>
</skipped>
</testcase>
<testcase name="Organization Search and Filter › Filter by Priority › should filter by medium priority" classname="organizations/search-filter.spec.ts" time="0">
<skipped>
</skipped>
</testcase>
<testcase name="Organization Search and Filter › Filter by Priority › should combine priority filter with search" classname="organizations/search-filter.spec.ts" time="0">
<skipped>
</skipped>
</testcase>
<testcase name="Organization Search and Filter › Filter by Business Segment › should filter by fine dining segment" classname="organizations/search-filter.spec.ts" time="0">
<skipped>
</skipped>
</testcase>
<testcase name="Organization Search and Filter › Filter by Business Segment › should filter by casual dining segment" classname="organizations/search-filter.spec.ts" time="0">
<skipped>
</skipped>
</testcase>
<testcase name="Organization Search and Filter › Filter by Business Segment › should filter by quick service segment" classname="organizations/search-filter.spec.ts" time="0">
<skipped>
</skipped>
</testcase>
<testcase name="Organization Search and Filter › Filter by Distributor › should filter by Sysco distributor" classname="organizations/search-filter.spec.ts" time="0">
<skipped>
</skipped>
</testcase>
<testcase name="Organization Search and Filter › Filter by Distributor › should filter by US Foods distributor" classname="organizations/search-filter.spec.ts" time="0">
<skipped>
</skipped>
</testcase>
<testcase name="Organization Search and Filter › Geographic Filters › should filter by city" classname="organizations/search-filter.spec.ts" time="0">
<skipped>
</skipped>
</testcase>
<testcase name="Organization Search and Filter › Geographic Filters › should filter by state" classname="organizations/search-filter.spec.ts" time="0">
<skipped>
</skipped>
</testcase>
<testcase name="Organization Search and Filter › Geographic Filters › should filter by ZIP code" classname="organizations/search-filter.spec.ts" time="0">
<skipped>
</skipped>
</testcase>
<testcase name="Organization Search and Filter › Relationship Filters › should filter organizations with contacts" classname="organizations/search-filter.spec.ts" time="0">
<skipped>
</skipped>
</testcase>
<testcase name="Organization Search and Filter › Relationship Filters › should filter organizations without contacts" classname="organizations/search-filter.spec.ts" time="0">
<skipped>
</skipped>
</testcase>
<testcase name="Organization Search and Filter › Relationship Filters › should filter organizations with opportunities" classname="organizations/search-filter.spec.ts" time="0">
<skipped>
</skipped>
</testcase>
<testcase name="Organization Search and Filter › Date Range Filters › should filter by last contact date range" classname="organizations/search-filter.spec.ts" time="0">
<skipped>
</skipped>
</testcase>
<testcase name="Organization Search and Filter › Date Range Filters › should filter by creation date" classname="organizations/search-filter.spec.ts" time="0">
<skipped>
</skipped>
</testcase>
<testcase name="Organization Search and Filter › Account Manager Filter › should filter by account manager" classname="organizations/search-filter.spec.ts" time="0">
<skipped>
</skipped>
</testcase>
<testcase name="Organization Search and Filter › Account Manager Filter › should filter by different account manager" classname="organizations/search-filter.spec.ts" time="0">
<skipped>
</skipped>
</testcase>
<testcase name="Organization Search and Filter › Multiple Filters › should combine multiple filters" classname="organizations/search-filter.spec.ts" time="0">
<skipped>
</skipped>
</testcase>
<testcase name="Organization Search and Filter › Multiple Filters › should combine search with filters" classname="organizations/search-filter.spec.ts" time="0">
<skipped>
</skipped>
</testcase>
<testcase name="Organization Search and Filter › Multiple Filters › should clear all filters" classname="organizations/search-filter.spec.ts" time="0">
<skipped>
</skipped>
</testcase>
<testcase name="Organization Search and Filter › Filter UI and UX › should show active filter indicators" classname="organizations/search-filter.spec.ts" time="0">
<skipped>
</skipped>
</testcase>
<testcase name="Organization Search and Filter › Filter UI and UX › should allow removing individual filters" classname="organizations/search-filter.spec.ts" time="0">
<skipped>
</skipped>
</testcase>
<testcase name="Organization Search and Filter › Filter UI and UX › should save filter state in URL" classname="organizations/search-filter.spec.ts" time="0">
<skipped>
</skipped>
</testcase>
<testcase name="Organization Search and Filter › Filter UI and UX › should restore filters from URL" classname="organizations/search-filter.spec.ts" time="0">
<skipped>
</skipped>
</testcase>
<testcase name="Organization Search and Filter › Performance › should filter large datasets quickly" classname="organizations/search-filter.spec.ts" time="0">
<skipped>
</skipped>
</testcase>
<testcase name="Organization Search and Filter › Performance › should search large datasets quickly" classname="organizations/search-filter.spec.ts" time="0">
<skipped>
</skipped>
</testcase>
<testcase name="Organization Search and Filter › Accessibility › should support keyboard navigation in filters" classname="organizations/search-filter.spec.ts" time="0">
<skipped>
</skipped>
</testcase>
<testcase name="Organization Search and Filter › Accessibility › should have proper ARIA labels for search and filters" classname="organizations/search-filter.spec.ts" time="0">
<skipped>
</skipped>
</testcase>
<testcase name="Organization Search and Filter › Accessibility › should announce filter results to screen readers" classname="organizations/search-filter.spec.ts" time="0">
<skipped>
</skipped>
</testcase>
</testsuite>
<testsuite name="organizations/visual-regression.spec.ts" timestamp="2025-06-29T03:15:12.290Z" hostname="webkit" tests="29" failures="0" skipped="29" time="0" errors="0">
<testcase name="Organization Visual Regression Testing › Organization List Visual Tests › should match organization list screenshot" classname="organizations/visual-regression.spec.ts" time="0">
<skipped>
</skipped>
</testcase>
<testcase name="Organization Visual Regression Testing › Organization List Visual Tests › should match organization list with search results" classname="organizations/visual-regression.spec.ts" time="0">
<skipped>
</skipped>
</testcase>
<testcase name="Organization Visual Regression Testing › Organization List Visual Tests › should match organization list with filters applied" classname="organizations/visual-regression.spec.ts" time="0">
<skipped>
</skipped>
</testcase>
<testcase name="Organization Visual Regression Testing › Organization List Visual Tests › should match empty organization list" classname="organizations/visual-regression.spec.ts" time="0">
<skipped>
</skipped>
</testcase>
<testcase name="Organization Visual Regression Testing › Organization Form Visual Tests › should match create organization form" classname="organizations/visual-regression.spec.ts" time="0">
<skipped>
</skipped>
</testcase>
<testcase name="Organization Visual Regression Testing › Organization Form Visual Tests › should match create form with data filled" classname="organizations/visual-regression.spec.ts" time="0">
<skipped>
</skipped>
</testcase>
<testcase name="Organization Visual Regression Testing › Organization Form Visual Tests › should match create form with validation errors" classname="organizations/visual-regression.spec.ts" time="0">
<skipped>
</skipped>
</testcase>
<testcase name="Organization Visual Regression Testing › Organization Form Visual Tests › should match edit organization form" classname="organizations/visual-regression.spec.ts" time="0">
<skipped>
</skipped>
</testcase>
<testcase name="Organization Visual Regression Testing › Organization Detail Visual Tests › should match organization detail page" classname="organizations/visual-regression.spec.ts" time="0">
<skipped>
</skipped>
</testcase>
<testcase name="Organization Visual Regression Testing › Organization Detail Visual Tests › should match organization detail with statistics" classname="organizations/visual-regression.spec.ts" time="0">
<skipped>
</skipped>
</testcase>
<testcase name="Organization Visual Regression Testing › Mobile Visual Tests › should match mobile organization list" classname="organizations/visual-regression.spec.ts" time="0">
<skipped>
</skipped>
</testcase>
<testcase name="Organization Visual Regression Testing › Mobile Visual Tests › should match mobile create form" classname="organizations/visual-regression.spec.ts" time="0">
<skipped>
</skipped>
</testcase>
<testcase name="Organization Visual Regression Testing › Mobile Visual Tests › should match mobile detail page" classname="organizations/visual-regression.spec.ts" time="0">
<skipped>
</skipped>
</testcase>
<testcase name="Organization Visual Regression Testing › Tablet Visual Tests › should match tablet organization list" classname="organizations/visual-regression.spec.ts" time="0">
<skipped>
</skipped>
</testcase>
<testcase name="Organization Visual Regression Testing › Tablet Visual Tests › should match tablet create form" classname="organizations/visual-regression.spec.ts" time="0">
<skipped>
</skipped>
</testcase>
<testcase name="Organization Visual Regression Testing › Component Visual Tests › should match organization card component" classname="organizations/visual-regression.spec.ts" time="0">
<skipped>
</skipped>
</testcase>
<testcase name="Organization Visual Regression Testing › Component Visual Tests › should match form field components" classname="organizations/visual-regression.spec.ts" time="0">
<skipped>
</skipped>
</testcase>
<testcase name="Organization Visual Regression Testing › Component Visual Tests › should match dropdown components" classname="organizations/visual-regression.spec.ts" time="0">
<skipped>
</skipped>
</testcase>
<testcase name="Organization Visual Regression Testing › Component Visual Tests › should match notification components" classname="organizations/visual-regression.spec.ts" time="0">
<skipped>
</skipped>
</testcase>
<testcase name="Organization Visual Regression Testing › Theme and Styling Visual Tests › should match light theme appearance" classname="organizations/visual-regression.spec.ts" time="0">
<skipped>
</skipped>
</testcase>
<testcase name="Organization Visual Regression Testing › Theme and Styling Visual Tests › should match dark theme appearance" classname="organizations/visual-regression.spec.ts" time="0">
<skipped>
</skipped>
</testcase>
<testcase name="Organization Visual Regression Testing › Theme and Styling Visual Tests › should match high contrast mode" classname="organizations/visual-regression.spec.ts" time="0">
<skipped>
</skipped>
</testcase>
<testcase name="Organization Visual Regression Testing › State Variation Visual Tests › should match loading state" classname="organizations/visual-regression.spec.ts" time="0">
<skipped>
</skipped>
</testcase>
<testcase name="Organization Visual Regression Testing › State Variation Visual Tests › should match error state" classname="organizations/visual-regression.spec.ts" time="0">
<skipped>
</skipped>
</testcase>
<testcase name="Organization Visual Regression Testing › State Variation Visual Tests › should match disabled state for form elements" classname="organizations/visual-regression.spec.ts" time="0">
<skipped>
</skipped>
</testcase>
<testcase name="Organization Visual Regression Testing › Interaction State Visual Tests › should match hover states" classname="organizations/visual-regression.spec.ts" time="0">
<skipped>
</skipped>
</testcase>
<testcase name="Organization Visual Regression Testing › Interaction State Visual Tests › should match focus states" classname="organizations/visual-regression.spec.ts" time="0">
<skipped>
</skipped>
</testcase>
<testcase name="Organization Visual Regression Testing › Interaction State Visual Tests › should match selected states" classname="organizations/visual-regression.spec.ts" time="0">
<skipped>
</skipped>
</testcase>
<testcase name="Organization Visual Regression Testing › Cross-Browser Visual Consistency › should render consistently across viewport sizes" classname="organizations/visual-regression.spec.ts" time="0">
<skipped>
</skipped>
</testcase>
</testsuite>
<testsuite name="responsive/mobile-interaction.spec.ts" timestamp="2025-06-29T03:15:12.290Z" hostname="webkit" tests="4" failures="0" skipped="4" time="0" errors="0">
<testcase name="Mobile Responsive - Interactions › should display touch-friendly buttons (44px minimum)" classname="responsive/mobile-interaction.spec.ts" time="0">
<skipped>
</skipped>
</testcase>
<testcase name="Mobile Responsive - Interactions › should be readable on mobile viewport" classname="responsive/mobile-interaction.spec.ts" time="0">
<skipped>
</skipped>
</testcase>
<testcase name="Mobile Responsive - Interactions › should handle mobile viewport correctly" classname="responsive/mobile-interaction.spec.ts" time="0">
<skipped>
</skipped>
</testcase>
<testcase name="Mobile Responsive - Interactions › should support gesture navigation" classname="responsive/mobile-interaction.spec.ts" time="0">
<skipped>
</skipped>
</testcase>
</testsuite>
<testsuite name="simple-load.spec.ts" timestamp="2025-06-29T03:15:12.290Z" hostname="webkit" tests="1" failures="0" skipped="1" time="0" errors="0">
<testcase name="simple app load test" classname="simple-load.spec.ts" time="0">
<skipped>
</skipped>
</testcase>
</testsuite>
<testsuite name="smoke/app-loading.spec.ts" timestamp="2025-06-29T03:15:12.290Z" hostname="webkit" tests="5" failures="0" skipped="5" time="0" errors="0">
<testcase name="Application Loading - Smoke Tests › should load application without getting stuck in loading state" classname="smoke/app-loading.spec.ts" time="0">
<skipped>
</skipped>
</testcase>
<testcase name="Application Loading - Smoke Tests › should have working navigation" classname="smoke/app-loading.spec.ts" time="0">
<skipped>
</skipped>
</testcase>
<testcase name="Application Loading - Smoke Tests › should not have console errors on load" classname="smoke/app-loading.spec.ts" time="0">
<skipped>
</skipped>
</testcase>
<testcase name="Application Loading - Smoke Tests › should have correct data provider in test mode" classname="smoke/app-loading.spec.ts" time="0">
<skipped>
</skipped>
</testcase>
<testcase name="Application Loading - Smoke Tests › should be authenticated in test mode" classname="smoke/app-loading.spec.ts" time="0">
<skipped>
</skipped>
</testcase>
</testsuite>
<testsuite name="accessibility/component-accessibility.spec.ts" timestamp="2025-06-29T03:15:12.290Z" hostname="Mobile Chrome" tests="9" failures="0" skipped="9" time="0" errors="0">
<testcase name="Accessibility Compliance - Components › should have proper heading hierarchy" classname="accessibility/component-accessibility.spec.ts" time="0">
<skipped>
</skipped>
</testcase>
<testcase name="Accessibility Compliance - Components › should have accessible interactive elements" classname="accessibility/component-accessibility.spec.ts" time="0">
<skipped>
</skipped>
</testcase>
<testcase name="Accessibility Compliance - Components › should have proper focus management" classname="accessibility/component-accessibility.spec.ts" time="0">
<skipped>
</skipped>
</testcase>
<testcase name="Accessibility Compliance - Components › should have accessible forms" classname="accessibility/component-accessibility.spec.ts" time="0">
<skipped>
</skipped>
</testcase>
<testcase name="Accessibility Compliance - Components › should have proper color contrast" classname="accessibility/component-accessibility.spec.ts" time="0">
<skipped>
</skipped>
</testcase>
<testcase name="Accessibility Compliance - Components › should have accessible images" classname="accessibility/component-accessibility.spec.ts" time="0">
<skipped>
</skipped>
</testcase>
<testcase name="Accessibility Compliance - Components › should have proper ARIA attributes" classname="accessibility/component-accessibility.spec.ts" time="0">
<skipped>
</skipped>
</testcase>
<testcase name="Accessibility Compliance - Components › should support keyboard navigation" classname="accessibility/component-accessibility.spec.ts" time="0">
<skipped>
</skipped>
</testcase>
<testcase name="Accessibility Compliance - Components › should have proper link accessibility" classname="accessibility/component-accessibility.spec.ts" time="0">
<skipped>
</skipped>
</testcase>
</testsuite>
<testsuite name="organizations/accessibility.spec.ts" timestamp="2025-06-29T03:15:12.290Z" hostname="Mobile Chrome" tests="25" failures="0" skipped="25" time="0" errors="0">
<testcase name="Organization Accessibility (WCAG 2.1 AA) › Keyboard Navigation › should support full keyboard navigation in organization list" classname="organizations/accessibility.spec.ts" time="0">
<skipped>
</skipped>
</testcase>
<testcase name="Organization Accessibility (WCAG 2.1 AA) › Keyboard Navigation › should support keyboard navigation in organization form" classname="organizations/accessibility.spec.ts" time="0">
<skipped>
</skipped>
</testcase>
<testcase name="Organization Accessibility (WCAG 2.1 AA) › Keyboard Navigation › should support Enter key to submit forms" classname="organizations/accessibility.spec.ts" time="0">
<skipped>
</skipped>
</testcase>
<testcase name="Organization Accessibility (WCAG 2.1 AA) › Keyboard Navigation › should support Escape key to cancel operations" classname="organizations/accessibility.spec.ts" time="0">
<skipped>
</skipped>
</testcase>
<testcase name="Organization Accessibility (WCAG 2.1 AA) › Keyboard Navigation › should support arrow keys in dropdown menus" classname="organizations/accessibility.spec.ts" time="0">
<skipped>
</skipped>
</testcase>
<testcase name="Organization Accessibility (WCAG 2.1 AA) › Screen Reader Support › should have proper headings hierarchy" classname="organizations/accessibility.spec.ts" time="0">
<skipped>
</skipped>
</testcase>
<testcase name="Organization Accessibility (WCAG 2.1 AA) › Screen Reader Support › should have proper labels for all form inputs" classname="organizations/accessibility.spec.ts" time="0">
<skipped>
</skipped>
</testcase>
<testcase name="Organization Accessibility (WCAG 2.1 AA) › Screen Reader Support › should have proper ARIA attributes for interactive elements" classname="organizations/accessibility.spec.ts" time="0">
<skipped>
</skipped>
</testcase>
<testcase name="Organization Accessibility (WCAG 2.1 AA) › Screen Reader Support › should have proper alt text for images" classname="organizations/accessibility.spec.ts" time="0">
<skipped>
</skipped>
</testcase>
<testcase name="Organization Accessibility (WCAG 2.1 AA) › Screen Reader Support › should have live regions for dynamic content" classname="organizations/accessibility.spec.ts" time="0">
<skipped>
</skipped>
</testcase>
<testcase name="Organization Accessibility (WCAG 2.1 AA) › Color and Contrast › should have sufficient color contrast for text" classname="organizations/accessibility.spec.ts" time="0">
<skipped>
</skipped>
</testcase>
<testcase name="Organization Accessibility (WCAG 2.1 AA) › Color and Contrast › should not rely solely on color to convey information" classname="organizations/accessibility.spec.ts" time="0">
<skipped>
</skipped>
</testcase>
<testcase name="Organization Accessibility (WCAG 2.1 AA) › Focus Management › should have visible focus indicators" classname="organizations/accessibility.spec.ts" time="0">
<skipped>
</skipped>
</testcase>
<testcase name="Organization Accessibility (WCAG 2.1 AA) › Focus Management › should manage focus in modal dialogs" classname="organizations/accessibility.spec.ts" time="0">
<skipped>
</skipped>
</testcase>
<testcase name="Organization Accessibility (WCAG 2.1 AA) › Focus Management › should restore focus after modal closes" classname="organizations/accessibility.spec.ts" time="0">
<skipped>
</skipped>
</testcase>
<testcase name="Organization Accessibility (WCAG 2.1 AA) › Error and Status Announcements › should announce form validation errors" classname="organizations/accessibility.spec.ts" time="0">
<skipped>
</skipped>
</testcase>
<testcase name="Organization Accessibility (WCAG 2.1 AA) › Error and Status Announcements › should announce successful operations" classname="organizations/accessibility.spec.ts" time="0">
<skipped>
</skipped>
</testcase>
<testcase name="Organization Accessibility (WCAG 2.1 AA) › Responsive Accessibility › should maintain accessibility on mobile" classname="organizations/accessibility.spec.ts" time="0">
<skipped>
</skipped>
</testcase>
<testcase name="Organization Accessibility (WCAG 2.1 AA) › Responsive Accessibility › should support zoom up to 200%" classname="organizations/accessibility.spec.ts" time="0">
<skipped>
</skipped>
</testcase>
<testcase name="Organization Accessibility (WCAG 2.1 AA) › Assistive Technology Support › should support high contrast mode" classname="organizations/accessibility.spec.ts" time="0">
<skipped>
</skipped>
</testcase>
<testcase name="Organization Accessibility (WCAG 2.1 AA) › Assistive Technology Support › should work with reduced motion preferences" classname="organizations/accessibility.spec.ts" time="0">
<skipped>
</skipped>
</testcase>
<testcase name="Organization Accessibility (WCAG 2.1 AA) › Language and Internationalization › should have proper lang attribute" classname="organizations/accessibility.spec.ts" time="0">
<skipped>
</skipped>
</testcase>
<testcase name="Organization Accessibility (WCAG 2.1 AA) › Language and Internationalization › should handle text direction for RTL languages" classname="organizations/accessibility.spec.ts" time="0">
<skipped>
</skipped>
</testcase>
<testcase name="Organization Accessibility (WCAG 2.1 AA) › Data Tables Accessibility › should have proper table structure for organization list" classname="organizations/accessibility.spec.ts" time="0">
<skipped>
</skipped>
</testcase>
<testcase name="Organization Accessibility (WCAG 2.1 AA) › Data Tables Accessibility › should support table navigation with arrow keys" classname="organizations/accessibility.spec.ts" time="0">
<skipped>
</skipped>
</testcase>
</testsuite>
<testsuite name="organizations/crud-workflow.spec.ts" timestamp="2025-06-29T03:15:12.290Z" hostname="Mobile Chrome" tests="21" failures="0" skipped="21" time="0" errors="0">
<testcase name="Organization CRUD Workflow › Create Organization › should create organization with basic information" classname="organizations/crud-workflow.spec.ts" time="0">
<skipped>
</skipped>
</testcase>
<testcase name="Organization CRUD Workflow › Create Organization › should create organization with complete information" classname="organizations/crud-workflow.spec.ts" time="0">
<skipped>
</skipped>
</testcase>
<testcase name="Organization CRUD Workflow › Create Organization › should create organization with minimal required fields" classname="organizations/crud-workflow.spec.ts" time="0">
<skipped>
</skipped>
</testcase>
<testcase name="Organization CRUD Workflow › Create Organization › should validate required fields" classname="organizations/crud-workflow.spec.ts" time="0">
<skipped>
</skipped>
</testcase>
<testcase name="Organization CRUD Workflow › Create Organization › should validate field formats" classname="organizations/crud-workflow.spec.ts" time="0">
<skipped>
</skipped>
</testcase>
<testcase name="Organization CRUD Workflow › Create Organization › should auto-populate account manager if not provided" classname="organizations/crud-workflow.spec.ts" time="0">
<skipped>
</skipped>
</testcase>
<testcase name="Organization CRUD Workflow › Create Organization › should handle GPS location capture" classname="organizations/crud-workflow.spec.ts" time="0">
<skipped>
</skipped>
</testcase>
<testcase name="Organization CRUD Workflow › Read Organization › should display organization details" classname="organizations/crud-workflow.spec.ts" time="0">
<skipped>
</skipped>
</testcase>
<testcase name="Organization CRUD Workflow › Read Organization › should display computed statistics" classname="organizations/crud-workflow.spec.ts" time="0">
<skipped>
</skipped>
</testcase>
<testcase name="Organization CRUD Workflow › Read Organization › should show related contacts and deals" classname="organizations/crud-workflow.spec.ts" time="0">
<skipped>
</skipped>
</testcase>
<testcase name="Organization CRUD Workflow › Update Organization › should update organization information" classname="organizations/crud-workflow.spec.ts" time="0">
<skipped>
</skipped>
</testcase>
<testcase name="Organization CRUD Workflow › Update Organization › should validate updates" classname="organizations/crud-workflow.spec.ts" time="0">
<skipped>
</skipped>
</testcase>
<testcase name="Organization CRUD Workflow › Update Organization › should preserve existing data when updating" classname="organizations/crud-workflow.spec.ts" time="0">
<skipped>
</skipped>
</testcase>
<testcase name="Organization CRUD Workflow › Delete Organization › should delete organization" classname="organizations/crud-workflow.spec.ts" time="0">
<skipped>
</skipped>
</testcase>
<testcase name="Organization CRUD Workflow › Delete Organization › should require confirmation for deletion" classname="organizations/crud-workflow.spec.ts" time="0">
<skipped>
</skipped>
</testcase>
<testcase name="Organization CRUD Workflow › Delete Organization › should handle deletion errors gracefully" classname="organizations/crud-workflow.spec.ts" time="0">
<skipped>
</skipped>
</testcase>
<testcase name="Organization CRUD Workflow › Bulk Operations › should handle bulk updates" classname="organizations/crud-workflow.spec.ts" time="0">
<skipped>
</skipped>
</testcase>
<testcase name="Organization CRUD Workflow › Bulk Operations › should export organization data" classname="organizations/crud-workflow.spec.ts" time="0">
<skipped>
</skipped>
</testcase>
<testcase name="Organization CRUD Workflow › Performance › should load organization form quickly" classname="organizations/crud-workflow.spec.ts" time="0">
<skipped>
</skipped>
</testcase>
<testcase name="Organization CRUD Workflow › Performance › should save organization quickly" classname="organizations/crud-workflow.spec.ts" time="0">
<skipped>
</skipped>
</testcase>
<testcase name="Organization CRUD Workflow › Performance › should handle large datasets" classname="organizations/crud-workflow.spec.ts" time="0">
<skipped>
</skipped>
</testcase>
</testsuite>
<testsuite name="organizations/error-handling.spec.ts" timestamp="2025-06-29T03:15:12.290Z" hostname="Mobile Chrome" tests="23" failures="0" skipped="23" time="0" errors="0">
<testcase name="Organization Error Handling and Edge Cases › Network Error Handling › should handle network timeout during create" classname="organizations/error-handling.spec.ts" time="0">
<skipped>
</skipped>
</testcase>
<testcase name="Organization Error Handling and Edge Cases › Network Error Handling › should handle 500 server error during create" classname="organizations/error-handling.spec.ts" time="0">
<skipped>
</skipped>
</testcase>
<testcase name="Organization Error Handling and Edge Cases › Network Error Handling › should handle network disconnection" classname="organizations/error-handling.spec.ts" time="0">
<skipped>
</skipped>
</testcase>
<testcase name="Organization Error Handling and Edge Cases › Network Error Handling › should handle slow API responses" classname="organizations/error-handling.spec.ts" time="0">
<skipped>
</skipped>
</testcase>
<testcase name="Organization Error Handling and Edge Cases › Data Validation Edge Cases › should handle extremely long text inputs" classname="organizations/error-handling.spec.ts" time="0">
<skipped>
</skipped>
</testcase>
<testcase name="Organization Error Handling and Edge Cases › Data Validation Edge Cases › should handle special characters in inputs" classname="organizations/error-handling.spec.ts" time="0">
<skipped>
</skipped>
</testcase>
<testcase name="Organization Error Handling and Edge Cases › Data Validation Edge Cases › should handle SQL injection attempts" classname="organizations/error-handling.spec.ts" time="0">
<skipped>
</skipped>
</testcase>
<testcase name="Organization Error Handling and Edge Cases › Data Validation Edge Cases › should handle XSS attempts" classname="organizations/error-handling.spec.ts" time="0">
<skipped>
</skipped>
</testcase>
<testcase name="Organization Error Handling and Edge Cases › Concurrency and Race Conditions › should handle simultaneous organization creation" classname="organizations/error-handling.spec.ts" time="0">
<skipped>
</skipped>
</testcase>
<testcase name="Organization Error Handling and Edge Cases › Concurrency and Race Conditions › should handle edit conflicts" classname="organizations/error-handling.spec.ts" time="0">
<skipped>
</skipped>
</testcase>
<testcase name="Organization Error Handling and Edge Cases › Resource Limits and Performance Edge Cases › should handle large file uploads for logos" classname="organizations/error-handling.spec.ts" time="0">
<skipped>
</skipped>
</testcase>
<testcase name="Organization Error Handling and Edge Cases › Resource Limits and Performance Edge Cases › should handle browser memory limits" classname="organizations/error-handling.spec.ts" time="0">
<skipped>
</skipped>
</testcase>
<testcase name="Organization Error Handling and Edge Cases › Browser Compatibility Edge Cases › should handle disabled JavaScript" classname="organizations/error-handling.spec.ts" time="0">
<skipped>
</skipped>
</testcase>
<testcase name="Organization Error Handling and Edge Cases › Browser Compatibility Edge Cases › should handle cookies disabled" classname="organizations/error-handling.spec.ts" time="0">
<skipped>
</skipped>
</testcase>
<testcase name="Organization Error Handling and Edge Cases › Browser Compatibility Edge Cases › should handle local storage disabled" classname="organizations/error-handling.spec.ts" time="0">
<skipped>
</skipped>
</testcase>
<testcase name="Organization Error Handling and Edge Cases › GPS and Geolocation Edge Cases › should handle GPS permission denied" classname="organizations/error-handling.spec.ts" time="0">
<skipped>
</skipped>
</testcase>
<testcase name="Organization Error Handling and Edge Cases › GPS and Geolocation Edge Cases › should handle GPS timeout" classname="organizations/error-handling.spec.ts" time="0">
<skipped>
</skipped>
</testcase>
<testcase name="Organization Error Handling and Edge Cases › GPS and Geolocation Edge Cases › should handle invalid GPS coordinates" classname="organizations/error-handling.spec.ts" time="0">
<skipped>
</skipped>
</testcase>
<testcase name="Organization Error Handling and Edge Cases › Form State Edge Cases › should handle browser back/forward during form submission" classname="organizations/error-handling.spec.ts" time="0">
<skipped>
</skipped>
</testcase>
<testcase name="Organization Error Handling and Edge Cases › Form State Edge Cases › should handle page refresh during form submission" classname="organizations/error-handling.spec.ts" time="0">
<skipped>
</skipped>
</testcase>
<testcase name="Organization Error Handling and Edge Cases › Form State Edge Cases › should handle browser tab close during form editing" classname="organizations/error-handling.spec.ts" time="0">
<skipped>
</skipped>
</testcase>
<testcase name="Organization Error Handling and Edge Cases › Data Integrity Edge Cases › should handle duplicate organization names" classname="organizations/error-handling.spec.ts" time="0">
<skipped>
</skipped>
</testcase>
<testcase name="Organization Error Handling and Edge Cases › Data Integrity Edge Cases › should handle orphaned data cleanup" classname="organizations/error-handling.spec.ts" time="0">
<skipped>
</skipped>
</testcase>
</testsuite>
<testsuite name="organizations/form-validation.spec.ts" timestamp="2025-06-29T03:15:12.290Z" hostname="Mobile Chrome" tests="23" failures="0" skipped="23" time="0" errors="0">
<testcase name="Organization Form Validation › Required Field Validation › should require organization name" classname="organizations/form-validation.spec.ts" time="0">
<skipped>
</skipped>
</testcase>
<testcase name="Organization Form Validation › Required Field Validation › should allow minimal required fields only" classname="organizations/form-validation.spec.ts" time="0">
<skipped>
</skipped>
</testcase>
<testcase name="Organization Form Validation › Required Field Validation › should highlight required fields on focus" classname="organizations/form-validation.spec.ts" time="0">
<skipped>
</skipped>
</testcase>
<testcase name="Organization Form Validation › Format Validation › should validate phone number formats" classname="organizations/form-validation.spec.ts" time="0">
<skipped>
</skipped>
</testcase>
<testcase name="Organization Form Validation › Format Validation › should validate email format for account manager" classname="organizations/form-validation.spec.ts" time="0">
<skipped>
</skipped>
</testcase>
<testcase name="Organization Form Validation › Format Validation › should validate website URL format" classname="organizations/form-validation.spec.ts" time="0">
<skipped>
</skipped>
</testcase>
<testcase name="Organization Form Validation › Format Validation › should validate ZIP code format" classname="organizations/form-validation.spec.ts" time="0">
<skipped>
</skipped>
</testcase>
<testcase name="Organization Form Validation › Field Length Validation › should enforce maximum length for notes" classname="organizations/form-validation.spec.ts" time="0">
<skipped>
</skipped>
</testcase>
<testcase name="Organization Form Validation › Field Length Validation › should enforce maximum length for name" classname="organizations/form-validation.spec.ts" time="0">
<skipped>
</skipped>
</testcase>
<testcase name="Organization Form Validation › Field Length Validation › should show character count for notes field" classname="organizations/form-validation.spec.ts" time="0">
<skipped>
</skipped>
</testcase>
<testcase name="Organization Form Validation › Real-time Validation › should validate fields as user types" classname="organizations/form-validation.spec.ts" time="0">
<skipped>
</skipped>
</testcase>
<testcase name="Organization Form Validation › Real-time Validation › should update validation on blur" classname="organizations/form-validation.spec.ts" time="0">
<skipped>
</skipped>
</testcase>
<testcase name="Organization Form Validation › GPS Validation › should validate GPS coordinates" classname="organizations/form-validation.spec.ts" time="0">
<skipped>
</skipped>
</testcase>
<testcase name="Organization Form Validation › GPS Validation › should handle GPS permission denied" classname="organizations/form-validation.spec.ts" time="0">
<skipped>
</skipped>
</testcase>
<testcase name="Organization Form Validation › GPS Validation › should validate coordinate ranges" classname="organizations/form-validation.spec.ts" time="0">
<skipped>
</skipped>
</testcase>
<testcase name="Organization Form Validation › Dropdown Validation › should validate priority selection" classname="organizations/form-validation.spec.ts" time="0">
<skipped>
</skipped>
</testcase>
<testcase name="Organization Form Validation › Dropdown Validation › should validate segment selection" classname="organizations/form-validation.spec.ts" time="0">
<skipped>
</skipped>
</testcase>
<testcase name="Organization Form Validation › Dropdown Validation › should handle empty dropdown selections" classname="organizations/form-validation.spec.ts" time="0">
<skipped>
</skipped>
</testcase>
<testcase name="Organization Form Validation › Form Accessibility › should have proper labels for all fields" classname="organizations/form-validation.spec.ts" time="0">
<skipped>
</skipped>
</testcase>
<testcase name="Organization Form Validation › Form Accessibility › should have proper ARIA attributes" classname="organizations/form-validation.spec.ts" time="0">
<skipped>
</skipped>
</testcase>
<testcase name="Organization Form Validation › Form Accessibility › should support keyboard navigation" classname="organizations/form-validation.spec.ts" time="0">
<skipped>
</skipped>
</testcase>
<testcase name="Organization Form Validation › Form Submission › should prevent duplicate submissions" classname="organizations/form-validation.spec.ts" time="0">
<skipped>
</skipped>
</testcase>
<testcase name="Organization Form Validation › Form Submission › should disable save button during submission" classname="organizations/form-validation.spec.ts" time="0">
<skipped>
</skipped>
</testcase>
</testsuite>
<testsuite name="organizations/mobile-responsive.spec.ts" timestamp="2025-06-29T03:15:12.290Z" hostname="Mobile Chrome" tests="26" failures="0" skipped="26" time="0" errors="0">
<testcase name="Organization Mobile Responsive Design › Mobile Device Testing › should display properly on iPhone" classname="organizations/mobile-responsive.spec.ts" time="0">
<skipped>
</skipped>
</testcase>
<testcase name="Organization Mobile Responsive Design › Mobile Device Testing › should handle touch interactions" classname="organizations/mobile-responsive.spec.ts" time="0">
<skipped>
</skipped>
</testcase>
<testcase name="Organization Mobile Responsive Design › Mobile Device Testing › should support swipe gestures on mobile" classname="organizations/mobile-responsive.spec.ts" time="0">
<skipped>
</skipped>
</testcase>
<testcase name="Organization Mobile Responsive Design › Tablet Device Testing › should display properly on tablet" classname="organizations/mobile-responsive.spec.ts" time="0">
<skipped>
</skipped>
</testcase>
<testcase name="Organization Mobile Responsive Design › Tablet Device Testing › should handle tablet form layout" classname="organizations/mobile-responsive.spec.ts" time="0">
<skipped>
</skipped>
</testcase>
<testcase name="Organization Mobile Responsive Design › Form Responsive Behavior › should stack form fields vertically on mobile" classname="organizations/mobile-responsive.spec.ts" time="0">
<skipped>
</skipped>
</testcase>
<testcase name="Organization Mobile Responsive Design › Form Responsive Behavior › should use horizontal layout on desktop" classname="organizations/mobile-responsive.spec.ts" time="0">
<skipped>
</skipped>
</testcase>
<testcase name="Organization Mobile Responsive Design › Form Responsive Behavior › should handle form validation on mobile" classname="organizations/mobile-responsive.spec.ts" time="0">
<skipped>
</skipped>
</testcase>
<testcase name="Organization Mobile Responsive Design › List View Responsive Behavior › should use card layout on mobile" classname="organizations/mobile-responsive.spec.ts" time="0">
<skipped>
</skipped>
</testcase>
<testcase name="Organization Mobile Responsive Design › List View Responsive Behavior › should use table layout on desktop" classname="organizations/mobile-responsive.spec.ts" time="0">
<skipped>
</skipped>
</testcase>
<testcase name="Organization Mobile Responsive Design › List View Responsive Behavior › should handle horizontal scrolling on mobile table" classname="organizations/mobile-responsive.spec.ts" time="0">
<skipped>
</skipped>
</testcase>
<testcase name="Organization Mobile Responsive Design › Navigation Responsive Behavior › should show hamburger menu on mobile" classname="organizations/mobile-responsive.spec.ts" time="0">
<skipped>
</skipped>
</testcase>
<testcase name="Organization Mobile Responsive Design › Navigation Responsive Behavior › should show sidebar navigation on desktop" classname="organizations/mobile-responsive.spec.ts" time="0">
<skipped>
</skipped>
</testcase>
<testcase name="Organization Mobile Responsive Design › Navigation Responsive Behavior › should handle navigation menu toggle" classname="organizations/mobile-responsive.spec.ts" time="0">
<skipped>
</skipped>
</testcase>
<testcase name="Organization Mobile Responsive Design › Search and Filter Responsive Behavior › should adapt search interface for mobile" classname="organizations/mobile-responsive.spec.ts" time="0">
<skipped>
</skipped>
</testcase>
<testcase name="Organization Mobile Responsive Design › Search and Filter Responsive Behavior › should handle filter menu on mobile" classname="organizations/mobile-responsive.spec.ts" time="0">
<skipped>
</skipped>
</testcase>
<testcase name="Organization Mobile Responsive Design › Search and Filter Responsive Behavior › should show filters inline on desktop" classname="organizations/mobile-responsive.spec.ts" time="0">
<skipped>
</skipped>
</testcase>
<testcase name="Organization Mobile Responsive Design › Touch and Gesture Support › should support touch scrolling" classname="organizations/mobile-responsive.spec.ts" time="0">
<skipped>
</skipped>
</testcase>
<testcase name="Organization Mobile Responsive Design › Touch and Gesture Support › should support pinch to zoom" classname="organizations/mobile-responsive.spec.ts" time="0">
<skipped>
</skipped>
</testcase>
<testcase name="Organization Mobile Responsive Design › Touch and Gesture Support › should handle touch input on form fields" classname="organizations/mobile-responsive.spec.ts" time="0">
<skipped>
</skipped>
</testcase>
<testcase name="Organization Mobile Responsive Design › Orientation Changes › should handle portrait to landscape rotation" classname="organizations/mobile-responsive.spec.ts" time="0">
<skipped>
</skipped>
</testcase>
<testcase name="Organization Mobile Responsive Design › Orientation Changes › should handle landscape to portrait rotation" classname="organizations/mobile-responsive.spec.ts" time="0">
<skipped>
</skipped>
</testcase>
<testcase name="Organization Mobile Responsive Design › Performance on Mobile › should load quickly on mobile devices" classname="organizations/mobile-responsive.spec.ts" time="0">
<skipped>
</skipped>
</testcase>
<testcase name="Organization Mobile Responsive Design › Performance on Mobile › should handle low bandwidth conditions" classname="organizations/mobile-responsive.spec.ts" time="0">
<skipped>
</skipped>
</testcase>
<testcase name="Organization Mobile Responsive Design › Cross-Device Consistency › should maintain data consistency across devices" classname="organizations/mobile-responsive.spec.ts" time="0">
<skipped>
</skipped>
</testcase>
<testcase name="Organization Mobile Responsive Design › Cross-Device Consistency › should sync form state across orientations" classname="organizations/mobile-responsive.spec.ts" time="0">
<skipped>
</skipped>
</testcase>
</testsuite>
<testsuite name="organizations/performance.spec.ts" timestamp="2025-06-29T03:15:12.290Z" hostname="Mobile Chrome" tests="24" failures="0" skipped="24" time="0" errors="0">
<testcase name="Organization Performance Testing › Page Load Performance › should load organization list within acceptable time" classname="organizations/performance.spec.ts" time="0">
<skipped>
</skipped>
</testcase>
<testcase name="Organization Performance Testing › Page Load Performance › should load organization create form quickly" classname="organizations/performance.spec.ts" time="0">
<skipped>
</skipped>
</testcase>
<testcase name="Organization Performance Testing › Page Load Performance › should load organization details quickly" classname="organizations/performance.spec.ts" time="0">
<skipped>
</skipped>
</testcase>
<testcase name="Organization Performance Testing › Page Load Performance › should handle concurrent page loads" classname="organizations/performance.spec.ts" time="0">
<skipped>
</skipped>
</testcase>
<testcase name="Organization Performance Testing › Form Performance › should handle form submission quickly" classname="organizations/performance.spec.ts" time="0">
<skipped>
</skipped>
</testcase>
<testcase name="Organization Performance Testing › Form Performance › should handle form validation quickly" classname="organizations/performance.spec.ts" time="0">
<skipped>
</skipped>
</testcase>
<testcase name="Organization Performance Testing › Form Performance › should handle real-time field updates efficiently" classname="organizations/performance.spec.ts" time="0">
<skipped>
</skipped>
</testcase>
<testcase name="Organization Performance Testing › Search and Filter Performance › should search large datasets quickly" classname="organizations/performance.spec.ts" time="0">
<skipped>
</skipped>
</testcase>
<testcase name="Organization Performance Testing › Search and Filter Performance › should apply filters quickly" classname="organizations/performance.spec.ts" time="0">
<skipped>
</skipped>
</testcase>
<testcase name="Organization Performance Testing › Search and Filter Performance › should handle multiple filters efficiently" classname="organizations/performance.spec.ts" time="0">
<skipped>
</skipped>
</testcase>
<testcase name="Organization Performance Testing › Search and Filter Performance › should clear filters quickly" classname="organizations/performance.spec.ts" time="0">
<skipped>
</skipped>
</testcase>
<testcase name="Organization Performance Testing › Data Loading Performance › should handle pagination efficiently" classname="organizations/performance.spec.ts" time="0">
<skipped>
</skipped>
</testcase>
<testcase name="Organization Performance Testing › Data Loading Performance › should load organization statistics quickly" classname="organizations/performance.spec.ts" time="0">
<skipped>
</skipped>
</testcase>
<testcase name="Organization Performance Testing › Data Loading Performance › should handle bulk operations efficiently" classname="organizations/performance.spec.ts" time="0">
<skipped>
</skipped>
</testcase>
<testcase name="Organization Performance Testing › Memory Performance › should not cause memory leaks during navigation" classname="organizations/performance.spec.ts" time="0">
<skipped>
</skipped>
</testcase>
<testcase name="Organization Performance Testing › Memory Performance › should handle large forms without performance degradation" classname="organizations/performance.spec.ts" time="0">
<skipped>
</skipped>
</testcase>
<testcase name="Organization Performance Testing › Network Performance › should handle slow network conditions" classname="organizations/performance.spec.ts" time="0">
<skipped>
</skipped>
</testcase>
<testcase name="Organization Performance Testing › Network Performance › should optimize API calls" classname="organizations/performance.spec.ts" time="0">
<skipped>
</skipped>
</testcase>
<testcase name="Organization Performance Testing › Network Performance › should cache data appropriately" classname="organizations/performance.spec.ts" time="0">
<skipped>
</skipped>
</testcase>
<testcase name="Organization Performance Testing › Rendering Performance › should render tables efficiently" classname="organizations/performance.spec.ts" time="0">
<skipped>
</skipped>
</testcase>
<testcase name="Organization Performance Testing › Rendering Performance › should handle scroll performance" classname="organizations/performance.spec.ts" time="0">
<skipped>
</skipped>
</testcase>
<testcase name="Organization Performance Testing › Rendering Performance › should handle responsive layout changes efficiently" classname="organizations/performance.spec.ts" time="0">
<skipped>
</skipped>
</testcase>
<testcase name="Organization Performance Testing › Resource Loading Performance › should load CSS and JS efficiently" classname="organizations/performance.spec.ts" time="0">
<skipped>
</skipped>
</testcase>
<testcase name="Organization Performance Testing › Resource Loading Performance › should load images efficiently" classname="organizations/performance.spec.ts" time="0">
<skipped>
</skipped>
</testcase>
</testsuite>
<testsuite name="organizations/search-filter.spec.ts" timestamp="2025-06-29T03:15:12.290Z" hostname="Mobile Chrome" tests="39" failures="0" skipped="39" time="0" errors="0">
<testcase name="Organization Search and Filter › Text Search › should search organizations by name" classname="organizations/search-filter.spec.ts" time="0">
<skipped>
</skipped>
</testcase>
<testcase name="Organization Search and Filter › Text Search › should search organizations by address" classname="organizations/search-filter.spec.ts" time="0">
<skipped>
</skipped>
</testcase>
<testcase name="Organization Search and Filter › Text Search › should search organizations by city" classname="organizations/search-filter.spec.ts" time="0">
<skipped>
</skipped>
</testcase>
<testcase name="Organization Search and Filter › Text Search › should search organizations by phone number" classname="organizations/search-filter.spec.ts" time="0">
<skipped>
</skipped>
</testcase>
<testcase name="Organization Search and Filter › Text Search › should search organizations by notes content" classname="organizations/search-filter.spec.ts" time="0">
<skipped>
</skipped>
</testcase>
<testcase name="Organization Search and Filter › Text Search › should handle case-insensitive search" classname="organizations/search-filter.spec.ts" time="0">
<skipped>
</skipped>
</testcase>
<testcase name="Organization Search and Filter › Text Search › should handle partial word search" classname="organizations/search-filter.spec.ts" time="0">
<skipped>
</skipped>
</testcase>
<testcase name="Organization Search and Filter › Text Search › should handle empty search results" classname="organizations/search-filter.spec.ts" time="0">
<skipped>
</skipped>
</testcase>
<testcase name="Organization Search and Filter › Text Search › should clear search results" classname="organizations/search-filter.spec.ts" time="0">
<skipped>
</skipped>
</testcase>
<testcase name="Organization Search and Filter › Filter by Priority › should filter by high priority" classname="organizations/search-filter.spec.ts" time="0">
<skipped>
</skipped>
</testcase>
<testcase name="Organization Search and Filter › Filter by Priority › should filter by medium priority" classname="organizations/search-filter.spec.ts" time="0">
<skipped>
</skipped>
</testcase>
<testcase name="Organization Search and Filter › Filter by Priority › should combine priority filter with search" classname="organizations/search-filter.spec.ts" time="0">
<skipped>
</skipped>
</testcase>
<testcase name="Organization Search and Filter › Filter by Business Segment › should filter by fine dining segment" classname="organizations/search-filter.spec.ts" time="0">
<skipped>
</skipped>
</testcase>
<testcase name="Organization Search and Filter › Filter by Business Segment › should filter by casual dining segment" classname="organizations/search-filter.spec.ts" time="0">
<skipped>
</skipped>
</testcase>
<testcase name="Organization Search and Filter › Filter by Business Segment › should filter by quick service segment" classname="organizations/search-filter.spec.ts" time="0">
<skipped>
</skipped>
</testcase>
<testcase name="Organization Search and Filter › Filter by Distributor › should filter by Sysco distributor" classname="organizations/search-filter.spec.ts" time="0">
<skipped>
</skipped>
</testcase>
<testcase name="Organization Search and Filter › Filter by Distributor › should filter by US Foods distributor" classname="organizations/search-filter.spec.ts" time="0">
<skipped>
</skipped>
</testcase>
<testcase name="Organization Search and Filter › Geographic Filters › should filter by city" classname="organizations/search-filter.spec.ts" time="0">
<skipped>
</skipped>
</testcase>
<testcase name="Organization Search and Filter › Geographic Filters › should filter by state" classname="organizations/search-filter.spec.ts" time="0">
<skipped>
</skipped>
</testcase>
<testcase name="Organization Search and Filter › Geographic Filters › should filter by ZIP code" classname="organizations/search-filter.spec.ts" time="0">
<skipped>
</skipped>
</testcase>
<testcase name="Organization Search and Filter › Relationship Filters › should filter organizations with contacts" classname="organizations/search-filter.spec.ts" time="0">
<skipped>
</skipped>
</testcase>
<testcase name="Organization Search and Filter › Relationship Filters › should filter organizations without contacts" classname="organizations/search-filter.spec.ts" time="0">
<skipped>
</skipped>
</testcase>
<testcase name="Organization Search and Filter › Relationship Filters › should filter organizations with opportunities" classname="organizations/search-filter.spec.ts" time="0">
<skipped>
</skipped>
</testcase>
<testcase name="Organization Search and Filter › Date Range Filters › should filter by last contact date range" classname="organizations/search-filter.spec.ts" time="0">
<skipped>
</skipped>
</testcase>
<testcase name="Organization Search and Filter › Date Range Filters › should filter by creation date" classname="organizations/search-filter.spec.ts" time="0">
<skipped>
</skipped>
</testcase>
<testcase name="Organization Search and Filter › Account Manager Filter › should filter by account manager" classname="organizations/search-filter.spec.ts" time="0">
<skipped>
</skipped>
</testcase>
<testcase name="Organization Search and Filter › Account Manager Filter › should filter by different account manager" classname="organizations/search-filter.spec.ts" time="0">
<skipped>
</skipped>
</testcase>
<testcase name="Organization Search and Filter › Multiple Filters › should combine multiple filters" classname="organizations/search-filter.spec.ts" time="0">
<skipped>
</skipped>
</testcase>
<testcase name="Organization Search and Filter › Multiple Filters › should combine search with filters" classname="organizations/search-filter.spec.ts" time="0">
<skipped>
</skipped>
</testcase>
<testcase name="Organization Search and Filter › Multiple Filters › should clear all filters" classname="organizations/search-filter.spec.ts" time="0">
<skipped>
</skipped>
</testcase>
<testcase name="Organization Search and Filter › Filter UI and UX › should show active filter indicators" classname="organizations/search-filter.spec.ts" time="0">
<skipped>
</skipped>
</testcase>
<testcase name="Organization Search and Filter › Filter UI and UX › should allow removing individual filters" classname="organizations/search-filter.spec.ts" time="0">
<skipped>
</skipped>
</testcase>
<testcase name="Organization Search and Filter › Filter UI and UX › should save filter state in URL" classname="organizations/search-filter.spec.ts" time="0">
<skipped>
</skipped>
</testcase>
<testcase name="Organization Search and Filter › Filter UI and UX › should restore filters from URL" classname="organizations/search-filter.spec.ts" time="0">
<skipped>
</skipped>
</testcase>
<testcase name="Organization Search and Filter › Performance › should filter large datasets quickly" classname="organizations/search-filter.spec.ts" time="0">
<skipped>
</skipped>
</testcase>
<testcase name="Organization Search and Filter › Performance › should search large datasets quickly" classname="organizations/search-filter.spec.ts" time="0">
<skipped>
</skipped>
</testcase>
<testcase name="Organization Search and Filter › Accessibility › should support keyboard navigation in filters" classname="organizations/search-filter.spec.ts" time="0">
<skipped>
</skipped>
</testcase>
<testcase name="Organization Search and Filter › Accessibility › should have proper ARIA labels for search and filters" classname="organizations/search-filter.spec.ts" time="0">
<skipped>
</skipped>
</testcase>
<testcase name="Organization Search and Filter › Accessibility › should announce filter results to screen readers" classname="organizations/search-filter.spec.ts" time="0">
<skipped>
</skipped>
</testcase>
</testsuite>
<testsuite name="organizations/visual-regression.spec.ts" timestamp="2025-06-29T03:15:12.290Z" hostname="Mobile Chrome" tests="29" failures="0" skipped="29" time="0" errors="0">
<testcase name="Organization Visual Regression Testing › Organization List Visual Tests › should match organization list screenshot" classname="organizations/visual-regression.spec.ts" time="0">
<skipped>
</skipped>
</testcase>
<testcase name="Organization Visual Regression Testing › Organization List Visual Tests › should match organization list with search results" classname="organizations/visual-regression.spec.ts" time="0">
<skipped>
</skipped>
</testcase>
<testcase name="Organization Visual Regression Testing › Organization List Visual Tests › should match organization list with filters applied" classname="organizations/visual-regression.spec.ts" time="0">
<skipped>
</skipped>
</testcase>
<testcase name="Organization Visual Regression Testing › Organization List Visual Tests › should match empty organization list" classname="organizations/visual-regression.spec.ts" time="0">
<skipped>
</skipped>
</testcase>
<testcase name="Organization Visual Regression Testing › Organization Form Visual Tests › should match create organization form" classname="organizations/visual-regression.spec.ts" time="0">
<skipped>
</skipped>
</testcase>
<testcase name="Organization Visual Regression Testing › Organization Form Visual Tests › should match create form with data filled" classname="organizations/visual-regression.spec.ts" time="0">
<skipped>
</skipped>
</testcase>
<testcase name="Organization Visual Regression Testing › Organization Form Visual Tests › should match create form with validation errors" classname="organizations/visual-regression.spec.ts" time="0">
<skipped>
</skipped>
</testcase>
<testcase name="Organization Visual Regression Testing › Organization Form Visual Tests › should match edit organization form" classname="organizations/visual-regression.spec.ts" time="0">
<skipped>
</skipped>
</testcase>
<testcase name="Organization Visual Regression Testing › Organization Detail Visual Tests › should match organization detail page" classname="organizations/visual-regression.spec.ts" time="0">
<skipped>
</skipped>
</testcase>
<testcase name="Organization Visual Regression Testing › Organization Detail Visual Tests › should match organization detail with statistics" classname="organizations/visual-regression.spec.ts" time="0">
<skipped>
</skipped>
</testcase>
<testcase name="Organization Visual Regression Testing › Mobile Visual Tests › should match mobile organization list" classname="organizations/visual-regression.spec.ts" time="0">
<skipped>
</skipped>
</testcase>
<testcase name="Organization Visual Regression Testing › Mobile Visual Tests › should match mobile create form" classname="organizations/visual-regression.spec.ts" time="0">
<skipped>
</skipped>
</testcase>
<testcase name="Organization Visual Regression Testing › Mobile Visual Tests › should match mobile detail page" classname="organizations/visual-regression.spec.ts" time="0">
<skipped>
</skipped>
</testcase>
<testcase name="Organization Visual Regression Testing › Tablet Visual Tests › should match tablet organization list" classname="organizations/visual-regression.spec.ts" time="0">
<skipped>
</skipped>
</testcase>
<testcase name="Organization Visual Regression Testing › Tablet Visual Tests › should match tablet create form" classname="organizations/visual-regression.spec.ts" time="0">
<skipped>
</skipped>
</testcase>
<testcase name="Organization Visual Regression Testing › Component Visual Tests › should match organization card component" classname="organizations/visual-regression.spec.ts" time="0">
<skipped>
</skipped>
</testcase>
<testcase name="Organization Visual Regression Testing › Component Visual Tests › should match form field components" classname="organizations/visual-regression.spec.ts" time="0">
<skipped>
</skipped>
</testcase>
<testcase name="Organization Visual Regression Testing › Component Visual Tests › should match dropdown components" classname="organizations/visual-regression.spec.ts" time="0">
<skipped>
</skipped>
</testcase>
<testcase name="Organization Visual Regression Testing › Component Visual Tests › should match notification components" classname="organizations/visual-regression.spec.ts" time="0">
<skipped>
</skipped>
</testcase>
<testcase name="Organization Visual Regression Testing › Theme and Styling Visual Tests › should match light theme appearance" classname="organizations/visual-regression.spec.ts" time="0">
<skipped>
</skipped>
</testcase>
<testcase name="Organization Visual Regression Testing › Theme and Styling Visual Tests › should match dark theme appearance" classname="organizations/visual-regression.spec.ts" time="0">
<skipped>
</skipped>
</testcase>
<testcase name="Organization Visual Regression Testing › Theme and Styling Visual Tests › should match high contrast mode" classname="organizations/visual-regression.spec.ts" time="0">
<skipped>
</skipped>
</testcase>
<testcase name="Organization Visual Regression Testing › State Variation Visual Tests › should match loading state" classname="organizations/visual-regression.spec.ts" time="0">
<skipped>
</skipped>
</testcase>
<testcase name="Organization Visual Regression Testing › State Variation Visual Tests › should match error state" classname="organizations/visual-regression.spec.ts" time="0">
<skipped>
</skipped>
</testcase>
<testcase name="Organization Visual Regression Testing › State Variation Visual Tests › should match disabled state for form elements" classname="organizations/visual-regression.spec.ts" time="0">
<skipped>
</skipped>
</testcase>
<testcase name="Organization Visual Regression Testing › Interaction State Visual Tests › should match hover states" classname="organizations/visual-regression.spec.ts" time="0">
<skipped>
</skipped>
</testcase>
<testcase name="Organization Visual Regression Testing › Interaction State Visual Tests › should match focus states" classname="organizations/visual-regression.spec.ts" time="0">
<skipped>
</skipped>
</testcase>
<testcase name="Organization Visual Regression Testing › Interaction State Visual Tests › should match selected states" classname="organizations/visual-regression.spec.ts" time="0">
<skipped>
</skipped>
</testcase>
<testcase name="Organization Visual Regression Testing › Cross-Browser Visual Consistency › should render consistently across viewport sizes" classname="organizations/visual-regression.spec.ts" time="0">
<skipped>
</skipped>
</testcase>
</testsuite>
<testsuite name="responsive/mobile-interaction.spec.ts" timestamp="2025-06-29T03:15:12.290Z" hostname="Mobile Chrome" tests="4" failures="0" skipped="4" time="0" errors="0">
<testcase name="Mobile Responsive - Interactions › should display touch-friendly buttons (44px minimum)" classname="responsive/mobile-interaction.spec.ts" time="0">
<skipped>
</skipped>
</testcase>
<testcase name="Mobile Responsive - Interactions › should be readable on mobile viewport" classname="responsive/mobile-interaction.spec.ts" time="0">
<skipped>
</skipped>
</testcase>
<testcase name="Mobile Responsive - Interactions › should handle mobile viewport correctly" classname="responsive/mobile-interaction.spec.ts" time="0">
<skipped>
</skipped>
</testcase>
<testcase name="Mobile Responsive - Interactions › should support gesture navigation" classname="responsive/mobile-interaction.spec.ts" time="0">
<skipped>
</skipped>
</testcase>
</testsuite>
<testsuite name="simple-load.spec.ts" timestamp="2025-06-29T03:15:12.290Z" hostname="Mobile Chrome" tests="1" failures="0" skipped="1" time="0" errors="0">
<testcase name="simple app load test" classname="simple-load.spec.ts" time="0">
<skipped>
</skipped>
</testcase>
</testsuite>
<testsuite name="smoke/app-loading.spec.ts" timestamp="2025-06-29T03:15:12.290Z" hostname="Mobile Chrome" tests="5" failures="0" skipped="5" time="0" errors="0">
<testcase name="Application Loading - Smoke Tests › should load application without getting stuck in loading state" classname="smoke/app-loading.spec.ts" time="0">
<skipped>
</skipped>
</testcase>
<testcase name="Application Loading - Smoke Tests › should have working navigation" classname="smoke/app-loading.spec.ts" time="0">
<skipped>
</skipped>
</testcase>
<testcase name="Application Loading - Smoke Tests › should not have console errors on load" classname="smoke/app-loading.spec.ts" time="0">
<skipped>
</skipped>
</testcase>
<testcase name="Application Loading - Smoke Tests › should have correct data provider in test mode" classname="smoke/app-loading.spec.ts" time="0">
<skipped>
</skipped>
</testcase>
<testcase name="Application Loading - Smoke Tests › should be authenticated in test mode" classname="smoke/app-loading.spec.ts" time="0">
<skipped>
</skipped>
</testcase>
</testsuite>
<testsuite name="accessibility/component-accessibility.spec.ts" timestamp="2025-06-29T03:15:12.290Z" hostname="Mobile Safari" tests="9" failures="0" skipped="9" time="0" errors="0">
<testcase name="Accessibility Compliance - Components › should have proper heading hierarchy" classname="accessibility/component-accessibility.spec.ts" time="0">
<skipped>
</skipped>
</testcase>
<testcase name="Accessibility Compliance - Components › should have accessible interactive elements" classname="accessibility/component-accessibility.spec.ts" time="0">
<skipped>
</skipped>
</testcase>
<testcase name="Accessibility Compliance - Components › should have proper focus management" classname="accessibility/component-accessibility.spec.ts" time="0">
<skipped>
</skipped>
</testcase>
<testcase name="Accessibility Compliance - Components › should have accessible forms" classname="accessibility/component-accessibility.spec.ts" time="0">
<skipped>
</skipped>
</testcase>
<testcase name="Accessibility Compliance - Components › should have proper color contrast" classname="accessibility/component-accessibility.spec.ts" time="0">
<skipped>
</skipped>
</testcase>
<testcase name="Accessibility Compliance - Components › should have accessible images" classname="accessibility/component-accessibility.spec.ts" time="0">
<skipped>
</skipped>
</testcase>
<testcase name="Accessibility Compliance - Components › should have proper ARIA attributes" classname="accessibility/component-accessibility.spec.ts" time="0">
<skipped>
</skipped>
</testcase>
<testcase name="Accessibility Compliance - Components › should support keyboard navigation" classname="accessibility/component-accessibility.spec.ts" time="0">
<skipped>
</skipped>
</testcase>
<testcase name="Accessibility Compliance - Components › should have proper link accessibility" classname="accessibility/component-accessibility.spec.ts" time="0">
<skipped>
</skipped>
</testcase>
</testsuite>
<testsuite name="organizations/accessibility.spec.ts" timestamp="2025-06-29T03:15:12.290Z" hostname="Mobile Safari" tests="25" failures="0" skipped="25" time="0" errors="0">
<testcase name="Organization Accessibility (WCAG 2.1 AA) › Keyboard Navigation › should support full keyboard navigation in organization list" classname="organizations/accessibility.spec.ts" time="0">
<skipped>
</skipped>
</testcase>
<testcase name="Organization Accessibility (WCAG 2.1 AA) › Keyboard Navigation › should support keyboard navigation in organization form" classname="organizations/accessibility.spec.ts" time="0">
<skipped>
</skipped>
</testcase>
<testcase name="Organization Accessibility (WCAG 2.1 AA) › Keyboard Navigation › should support Enter key to submit forms" classname="organizations/accessibility.spec.ts" time="0">
<skipped>
</skipped>
</testcase>
<testcase name="Organization Accessibility (WCAG 2.1 AA) › Keyboard Navigation › should support Escape key to cancel operations" classname="organizations/accessibility.spec.ts" time="0">
<skipped>
</skipped>
</testcase>
<testcase name="Organization Accessibility (WCAG 2.1 AA) › Keyboard Navigation › should support arrow keys in dropdown menus" classname="organizations/accessibility.spec.ts" time="0">
<skipped>
</skipped>
</testcase>
<testcase name="Organization Accessibility (WCAG 2.1 AA) › Screen Reader Support › should have proper headings hierarchy" classname="organizations/accessibility.spec.ts" time="0">
<skipped>
</skipped>
</testcase>
<testcase name="Organization Accessibility (WCAG 2.1 AA) › Screen Reader Support › should have proper labels for all form inputs" classname="organizations/accessibility.spec.ts" time="0">
<skipped>
</skipped>
</testcase>
<testcase name="Organization Accessibility (WCAG 2.1 AA) › Screen Reader Support › should have proper ARIA attributes for interactive elements" classname="organizations/accessibility.spec.ts" time="0">
<skipped>
</skipped>
</testcase>
<testcase name="Organization Accessibility (WCAG 2.1 AA) › Screen Reader Support › should have proper alt text for images" classname="organizations/accessibility.spec.ts" time="0">
<skipped>
</skipped>
</testcase>
<testcase name="Organization Accessibility (WCAG 2.1 AA) › Screen Reader Support › should have live regions for dynamic content" classname="organizations/accessibility.spec.ts" time="0">
<skipped>
</skipped>
</testcase>
<testcase name="Organization Accessibility (WCAG 2.1 AA) › Color and Contrast › should have sufficient color contrast for text" classname="organizations/accessibility.spec.ts" time="0">
<skipped>
</skipped>
</testcase>
<testcase name="Organization Accessibility (WCAG 2.1 AA) › Color and Contrast › should not rely solely on color to convey information" classname="organizations/accessibility.spec.ts" time="0">
<skipped>
</skipped>
</testcase>
<testcase name="Organization Accessibility (WCAG 2.1 AA) › Focus Management › should have visible focus indicators" classname="organizations/accessibility.spec.ts" time="0">
<skipped>
</skipped>
</testcase>
<testcase name="Organization Accessibility (WCAG 2.1 AA) › Focus Management › should manage focus in modal dialogs" classname="organizations/accessibility.spec.ts" time="0">
<skipped>
</skipped>
</testcase>
<testcase name="Organization Accessibility (WCAG 2.1 AA) › Focus Management › should restore focus after modal closes" classname="organizations/accessibility.spec.ts" time="0">
<skipped>
</skipped>
</testcase>
<testcase name="Organization Accessibility (WCAG 2.1 AA) › Error and Status Announcements › should announce form validation errors" classname="organizations/accessibility.spec.ts" time="0">
<skipped>
</skipped>
</testcase>
<testcase name="Organization Accessibility (WCAG 2.1 AA) › Error and Status Announcements › should announce successful operations" classname="organizations/accessibility.spec.ts" time="0">
<skipped>
</skipped>
</testcase>
<testcase name="Organization Accessibility (WCAG 2.1 AA) › Responsive Accessibility › should maintain accessibility on mobile" classname="organizations/accessibility.spec.ts" time="0">
<skipped>
</skipped>
</testcase>
<testcase name="Organization Accessibility (WCAG 2.1 AA) › Responsive Accessibility › should support zoom up to 200%" classname="organizations/accessibility.spec.ts" time="0">
<skipped>
</skipped>
</testcase>
<testcase name="Organization Accessibility (WCAG 2.1 AA) › Assistive Technology Support › should support high contrast mode" classname="organizations/accessibility.spec.ts" time="0">
<skipped>
</skipped>
</testcase>
<testcase name="Organization Accessibility (WCAG 2.1 AA) › Assistive Technology Support › should work with reduced motion preferences" classname="organizations/accessibility.spec.ts" time="0">
<skipped>
</skipped>
</testcase>
<testcase name="Organization Accessibility (WCAG 2.1 AA) › Language and Internationalization › should have proper lang attribute" classname="organizations/accessibility.spec.ts" time="0">
<skipped>
</skipped>
</testcase>
<testcase name="Organization Accessibility (WCAG 2.1 AA) › Language and Internationalization › should handle text direction for RTL languages" classname="organizations/accessibility.spec.ts" time="0">
<skipped>
</skipped>
</testcase>
<testcase name="Organization Accessibility (WCAG 2.1 AA) › Data Tables Accessibility › should have proper table structure for organization list" classname="organizations/accessibility.spec.ts" time="0">
<skipped>
</skipped>
</testcase>
<testcase name="Organization Accessibility (WCAG 2.1 AA) › Data Tables Accessibility › should support table navigation with arrow keys" classname="organizations/accessibility.spec.ts" time="0">
<skipped>
</skipped>
</testcase>
</testsuite>
<testsuite name="organizations/crud-workflow.spec.ts" timestamp="2025-06-29T03:15:12.290Z" hostname="Mobile Safari" tests="21" failures="0" skipped="21" time="0" errors="0">
<testcase name="Organization CRUD Workflow › Create Organization › should create organization with basic information" classname="organizations/crud-workflow.spec.ts" time="0">
<skipped>
</skipped>
</testcase>
<testcase name="Organization CRUD Workflow › Create Organization › should create organization with complete information" classname="organizations/crud-workflow.spec.ts" time="0">
<skipped>
</skipped>
</testcase>
<testcase name="Organization CRUD Workflow › Create Organization › should create organization with minimal required fields" classname="organizations/crud-workflow.spec.ts" time="0">
<skipped>
</skipped>
</testcase>
<testcase name="Organization CRUD Workflow › Create Organization › should validate required fields" classname="organizations/crud-workflow.spec.ts" time="0">
<skipped>
</skipped>
</testcase>
<testcase name="Organization CRUD Workflow › Create Organization › should validate field formats" classname="organizations/crud-workflow.spec.ts" time="0">
<skipped>
</skipped>
</testcase>
<testcase name="Organization CRUD Workflow › Create Organization › should auto-populate account manager if not provided" classname="organizations/crud-workflow.spec.ts" time="0">
<skipped>
</skipped>
</testcase>
<testcase name="Organization CRUD Workflow › Create Organization › should handle GPS location capture" classname="organizations/crud-workflow.spec.ts" time="0">
<skipped>
</skipped>
</testcase>
<testcase name="Organization CRUD Workflow › Read Organization › should display organization details" classname="organizations/crud-workflow.spec.ts" time="0">
<skipped>
</skipped>
</testcase>
<testcase name="Organization CRUD Workflow › Read Organization › should display computed statistics" classname="organizations/crud-workflow.spec.ts" time="0">
<skipped>
</skipped>
</testcase>
<testcase name="Organization CRUD Workflow › Read Organization › should show related contacts and deals" classname="organizations/crud-workflow.spec.ts" time="0">
<skipped>
</skipped>
</testcase>
<testcase name="Organization CRUD Workflow › Update Organization › should update organization information" classname="organizations/crud-workflow.spec.ts" time="0">
<skipped>
</skipped>
</testcase>
<testcase name="Organization CRUD Workflow › Update Organization › should validate updates" classname="organizations/crud-workflow.spec.ts" time="0">
<skipped>
</skipped>
</testcase>
<testcase name="Organization CRUD Workflow › Update Organization › should preserve existing data when updating" classname="organizations/crud-workflow.spec.ts" time="0">
<skipped>
</skipped>
</testcase>
<testcase name="Organization CRUD Workflow › Delete Organization › should delete organization" classname="organizations/crud-workflow.spec.ts" time="0">
<skipped>
</skipped>
</testcase>
<testcase name="Organization CRUD Workflow › Delete Organization › should require confirmation for deletion" classname="organizations/crud-workflow.spec.ts" time="0">
<skipped>
</skipped>
</testcase>
<testcase name="Organization CRUD Workflow › Delete Organization › should handle deletion errors gracefully" classname="organizations/crud-workflow.spec.ts" time="0">
<skipped>
</skipped>
</testcase>
<testcase name="Organization CRUD Workflow › Bulk Operations › should handle bulk updates" classname="organizations/crud-workflow.spec.ts" time="0">
<skipped>
</skipped>
</testcase>
<testcase name="Organization CRUD Workflow › Bulk Operations › should export organization data" classname="organizations/crud-workflow.spec.ts" time="0">
<skipped>
</skipped>
</testcase>
<testcase name="Organization CRUD Workflow › Performance › should load organization form quickly" classname="organizations/crud-workflow.spec.ts" time="0">
<skipped>
</skipped>
</testcase>
<testcase name="Organization CRUD Workflow › Performance › should save organization quickly" classname="organizations/crud-workflow.spec.ts" time="0">
<skipped>
</skipped>
</testcase>
<testcase name="Organization CRUD Workflow › Performance › should handle large datasets" classname="organizations/crud-workflow.spec.ts" time="0">
<skipped>
</skipped>
</testcase>
</testsuite>
<testsuite name="organizations/error-handling.spec.ts" timestamp="2025-06-29T03:15:12.290Z" hostname="Mobile Safari" tests="23" failures="0" skipped="23" time="0" errors="0">
<testcase name="Organization Error Handling and Edge Cases › Network Error Handling › should handle network timeout during create" classname="organizations/error-handling.spec.ts" time="0">
<skipped>
</skipped>
</testcase>
<testcase name="Organization Error Handling and Edge Cases › Network Error Handling › should handle 500 server error during create" classname="organizations/error-handling.spec.ts" time="0">
<skipped>
</skipped>
</testcase>
<testcase name="Organization Error Handling and Edge Cases › Network Error Handling › should handle network disconnection" classname="organizations/error-handling.spec.ts" time="0">
<skipped>
</skipped>
</testcase>
<testcase name="Organization Error Handling and Edge Cases › Network Error Handling › should handle slow API responses" classname="organizations/error-handling.spec.ts" time="0">
<skipped>
</skipped>
</testcase>
<testcase name="Organization Error Handling and Edge Cases › Data Validation Edge Cases › should handle extremely long text inputs" classname="organizations/error-handling.spec.ts" time="0">
<skipped>
</skipped>
</testcase>
<testcase name="Organization Error Handling and Edge Cases › Data Validation Edge Cases › should handle special characters in inputs" classname="organizations/error-handling.spec.ts" time="0">
<skipped>
</skipped>
</testcase>
<testcase name="Organization Error Handling and Edge Cases › Data Validation Edge Cases › should handle SQL injection attempts" classname="organizations/error-handling.spec.ts" time="0">
<skipped>
</skipped>
</testcase>
<testcase name="Organization Error Handling and Edge Cases › Data Validation Edge Cases › should handle XSS attempts" classname="organizations/error-handling.spec.ts" time="0">
<skipped>
</skipped>
</testcase>
<testcase name="Organization Error Handling and Edge Cases › Concurrency and Race Conditions › should handle simultaneous organization creation" classname="organizations/error-handling.spec.ts" time="0">
<skipped>
</skipped>
</testcase>
<testcase name="Organization Error Handling and Edge Cases › Concurrency and Race Conditions › should handle edit conflicts" classname="organizations/error-handling.spec.ts" time="0">
<skipped>
</skipped>
</testcase>
<testcase name="Organization Error Handling and Edge Cases › Resource Limits and Performance Edge Cases › should handle large file uploads for logos" classname="organizations/error-handling.spec.ts" time="0">
<skipped>
</skipped>
</testcase>
<testcase name="Organization Error Handling and Edge Cases › Resource Limits and Performance Edge Cases › should handle browser memory limits" classname="organizations/error-handling.spec.ts" time="0">
<skipped>
</skipped>
</testcase>
<testcase name="Organization Error Handling and Edge Cases › Browser Compatibility Edge Cases › should handle disabled JavaScript" classname="organizations/error-handling.spec.ts" time="0">
<skipped>
</skipped>
</testcase>
<testcase name="Organization Error Handling and Edge Cases › Browser Compatibility Edge Cases › should handle cookies disabled" classname="organizations/error-handling.spec.ts" time="0">
<skipped>
</skipped>
</testcase>
<testcase name="Organization Error Handling and Edge Cases › Browser Compatibility Edge Cases › should handle local storage disabled" classname="organizations/error-handling.spec.ts" time="0">
<skipped>
</skipped>
</testcase>
<testcase name="Organization Error Handling and Edge Cases › GPS and Geolocation Edge Cases › should handle GPS permission denied" classname="organizations/error-handling.spec.ts" time="0">
<skipped>
</skipped>
</testcase>
<testcase name="Organization Error Handling and Edge Cases › GPS and Geolocation Edge Cases › should handle GPS timeout" classname="organizations/error-handling.spec.ts" time="0">
<skipped>
</skipped>
</testcase>
<testcase name="Organization Error Handling and Edge Cases › GPS and Geolocation Edge Cases › should handle invalid GPS coordinates" classname="organizations/error-handling.spec.ts" time="0">
<skipped>
</skipped>
</testcase>
<testcase name="Organization Error Handling and Edge Cases › Form State Edge Cases › should handle browser back/forward during form submission" classname="organizations/error-handling.spec.ts" time="0">
<skipped>
</skipped>
</testcase>
<testcase name="Organization Error Handling and Edge Cases › Form State Edge Cases › should handle page refresh during form submission" classname="organizations/error-handling.spec.ts" time="0">
<skipped>
</skipped>
</testcase>
<testcase name="Organization Error Handling and Edge Cases › Form State Edge Cases › should handle browser tab close during form editing" classname="organizations/error-handling.spec.ts" time="0">
<skipped>
</skipped>
</testcase>
<testcase name="Organization Error Handling and Edge Cases › Data Integrity Edge Cases › should handle duplicate organization names" classname="organizations/error-handling.spec.ts" time="0">
<skipped>
</skipped>
</testcase>
<testcase name="Organization Error Handling and Edge Cases › Data Integrity Edge Cases › should handle orphaned data cleanup" classname="organizations/error-handling.spec.ts" time="0">
<skipped>
</skipped>
</testcase>
</testsuite>
<testsuite name="organizations/form-validation.spec.ts" timestamp="2025-06-29T03:15:12.290Z" hostname="Mobile Safari" tests="23" failures="0" skipped="23" time="0" errors="0">
<testcase name="Organization Form Validation › Required Field Validation › should require organization name" classname="organizations/form-validation.spec.ts" time="0">
<skipped>
</skipped>
</testcase>
<testcase name="Organization Form Validation › Required Field Validation › should allow minimal required fields only" classname="organizations/form-validation.spec.ts" time="0">
<skipped>
</skipped>
</testcase>
<testcase name="Organization Form Validation › Required Field Validation › should highlight required fields on focus" classname="organizations/form-validation.spec.ts" time="0">
<skipped>
</skipped>
</testcase>
<testcase name="Organization Form Validation › Format Validation › should validate phone number formats" classname="organizations/form-validation.spec.ts" time="0">
<skipped>
</skipped>
</testcase>
<testcase name="Organization Form Validation › Format Validation › should validate email format for account manager" classname="organizations/form-validation.spec.ts" time="0">
<skipped>
</skipped>
</testcase>
<testcase name="Organization Form Validation › Format Validation › should validate website URL format" classname="organizations/form-validation.spec.ts" time="0">
<skipped>
</skipped>
</testcase>
<testcase name="Organization Form Validation › Format Validation › should validate ZIP code format" classname="organizations/form-validation.spec.ts" time="0">
<skipped>
</skipped>
</testcase>
<testcase name="Organization Form Validation › Field Length Validation › should enforce maximum length for notes" classname="organizations/form-validation.spec.ts" time="0">
<skipped>
</skipped>
</testcase>
<testcase name="Organization Form Validation › Field Length Validation › should enforce maximum length for name" classname="organizations/form-validation.spec.ts" time="0">
<skipped>
</skipped>
</testcase>
<testcase name="Organization Form Validation › Field Length Validation › should show character count for notes field" classname="organizations/form-validation.spec.ts" time="0">
<skipped>
</skipped>
</testcase>
<testcase name="Organization Form Validation › Real-time Validation › should validate fields as user types" classname="organizations/form-validation.spec.ts" time="0">
<skipped>
</skipped>
</testcase>
<testcase name="Organization Form Validation › Real-time Validation › should update validation on blur" classname="organizations/form-validation.spec.ts" time="0">
<skipped>
</skipped>
</testcase>
<testcase name="Organization Form Validation › GPS Validation › should validate GPS coordinates" classname="organizations/form-validation.spec.ts" time="0">
<skipped>
</skipped>
</testcase>
<testcase name="Organization Form Validation › GPS Validation › should handle GPS permission denied" classname="organizations/form-validation.spec.ts" time="0">
<skipped>
</skipped>
</testcase>
<testcase name="Organization Form Validation › GPS Validation › should validate coordinate ranges" classname="organizations/form-validation.spec.ts" time="0">
<skipped>
</skipped>
</testcase>
<testcase name="Organization Form Validation › Dropdown Validation › should validate priority selection" classname="organizations/form-validation.spec.ts" time="0">
<skipped>
</skipped>
</testcase>
<testcase name="Organization Form Validation › Dropdown Validation › should validate segment selection" classname="organizations/form-validation.spec.ts" time="0">
<skipped>
</skipped>
</testcase>
<testcase name="Organization Form Validation › Dropdown Validation › should handle empty dropdown selections" classname="organizations/form-validation.spec.ts" time="0">
<skipped>
</skipped>
</testcase>
<testcase name="Organization Form Validation › Form Accessibility › should have proper labels for all fields" classname="organizations/form-validation.spec.ts" time="0">
<skipped>
</skipped>
</testcase>
<testcase name="Organization Form Validation › Form Accessibility › should have proper ARIA attributes" classname="organizations/form-validation.spec.ts" time="0">
<skipped>
</skipped>
</testcase>
<testcase name="Organization Form Validation › Form Accessibility › should support keyboard navigation" classname="organizations/form-validation.spec.ts" time="0">
<skipped>
</skipped>
</testcase>
<testcase name="Organization Form Validation › Form Submission › should prevent duplicate submissions" classname="organizations/form-validation.spec.ts" time="0">
<skipped>
</skipped>
</testcase>
<testcase name="Organization Form Validation › Form Submission › should disable save button during submission" classname="organizations/form-validation.spec.ts" time="0">
<skipped>
</skipped>
</testcase>
</testsuite>
<testsuite name="organizations/mobile-responsive.spec.ts" timestamp="2025-06-29T03:15:12.290Z" hostname="Mobile Safari" tests="26" failures="0" skipped="26" time="0" errors="0">
<testcase name="Organization Mobile Responsive Design › Mobile Device Testing › should display properly on iPhone" classname="organizations/mobile-responsive.spec.ts" time="0">
<skipped>
</skipped>
</testcase>
<testcase name="Organization Mobile Responsive Design › Mobile Device Testing › should handle touch interactions" classname="organizations/mobile-responsive.spec.ts" time="0">
<skipped>
</skipped>
</testcase>
<testcase name="Organization Mobile Responsive Design › Mobile Device Testing › should support swipe gestures on mobile" classname="organizations/mobile-responsive.spec.ts" time="0">
<skipped>
</skipped>
</testcase>
<testcase name="Organization Mobile Responsive Design › Tablet Device Testing › should display properly on tablet" classname="organizations/mobile-responsive.spec.ts" time="0">
<skipped>
</skipped>
</testcase>
<testcase name="Organization Mobile Responsive Design › Tablet Device Testing › should handle tablet form layout" classname="organizations/mobile-responsive.spec.ts" time="0">
<skipped>
</skipped>
</testcase>
<testcase name="Organization Mobile Responsive Design › Form Responsive Behavior › should stack form fields vertically on mobile" classname="organizations/mobile-responsive.spec.ts" time="0">
<skipped>
</skipped>
</testcase>
<testcase name="Organization Mobile Responsive Design › Form Responsive Behavior › should use horizontal layout on desktop" classname="organizations/mobile-responsive.spec.ts" time="0">
<skipped>
</skipped>
</testcase>
<testcase name="Organization Mobile Responsive Design › Form Responsive Behavior › should handle form validation on mobile" classname="organizations/mobile-responsive.spec.ts" time="0">
<skipped>
</skipped>
</testcase>
<testcase name="Organization Mobile Responsive Design › List View Responsive Behavior › should use card layout on mobile" classname="organizations/mobile-responsive.spec.ts" time="0">
<skipped>
</skipped>
</testcase>
<testcase name="Organization Mobile Responsive Design › List View Responsive Behavior › should use table layout on desktop" classname="organizations/mobile-responsive.spec.ts" time="0">
<skipped>
</skipped>
</testcase>
<testcase name="Organization Mobile Responsive Design › List View Responsive Behavior › should handle horizontal scrolling on mobile table" classname="organizations/mobile-responsive.spec.ts" time="0">
<skipped>
</skipped>
</testcase>
<testcase name="Organization Mobile Responsive Design › Navigation Responsive Behavior › should show hamburger menu on mobile" classname="organizations/mobile-responsive.spec.ts" time="0">
<skipped>
</skipped>
</testcase>
<testcase name="Organization Mobile Responsive Design › Navigation Responsive Behavior › should show sidebar navigation on desktop" classname="organizations/mobile-responsive.spec.ts" time="0">
<skipped>
</skipped>
</testcase>
<testcase name="Organization Mobile Responsive Design › Navigation Responsive Behavior › should handle navigation menu toggle" classname="organizations/mobile-responsive.spec.ts" time="0">
<skipped>
</skipped>
</testcase>
<testcase name="Organization Mobile Responsive Design › Search and Filter Responsive Behavior › should adapt search interface for mobile" classname="organizations/mobile-responsive.spec.ts" time="0">
<skipped>
</skipped>
</testcase>
<testcase name="Organization Mobile Responsive Design › Search and Filter Responsive Behavior › should handle filter menu on mobile" classname="organizations/mobile-responsive.spec.ts" time="0">
<skipped>
</skipped>
</testcase>
<testcase name="Organization Mobile Responsive Design › Search and Filter Responsive Behavior › should show filters inline on desktop" classname="organizations/mobile-responsive.spec.ts" time="0">
<skipped>
</skipped>
</testcase>
<testcase name="Organization Mobile Responsive Design › Touch and Gesture Support › should support touch scrolling" classname="organizations/mobile-responsive.spec.ts" time="0">
<skipped>
</skipped>
</testcase>
<testcase name="Organization Mobile Responsive Design › Touch and Gesture Support › should support pinch to zoom" classname="organizations/mobile-responsive.spec.ts" time="0">
<skipped>
</skipped>
</testcase>
<testcase name="Organization Mobile Responsive Design › Touch and Gesture Support › should handle touch input on form fields" classname="organizations/mobile-responsive.spec.ts" time="0">
<skipped>
</skipped>
</testcase>
<testcase name="Organization Mobile Responsive Design › Orientation Changes › should handle portrait to landscape rotation" classname="organizations/mobile-responsive.spec.ts" time="0">
<skipped>
</skipped>
</testcase>
<testcase name="Organization Mobile Responsive Design › Orientation Changes › should handle landscape to portrait rotation" classname="organizations/mobile-responsive.spec.ts" time="0">
<skipped>
</skipped>
</testcase>
<testcase name="Organization Mobile Responsive Design › Performance on Mobile › should load quickly on mobile devices" classname="organizations/mobile-responsive.spec.ts" time="0">
<skipped>
</skipped>
</testcase>
<testcase name="Organization Mobile Responsive Design › Performance on Mobile › should handle low bandwidth conditions" classname="organizations/mobile-responsive.spec.ts" time="0">
<skipped>
</skipped>
</testcase>
<testcase name="Organization Mobile Responsive Design › Cross-Device Consistency › should maintain data consistency across devices" classname="organizations/mobile-responsive.spec.ts" time="0">
<skipped>
</skipped>
</testcase>
<testcase name="Organization Mobile Responsive Design › Cross-Device Consistency › should sync form state across orientations" classname="organizations/mobile-responsive.spec.ts" time="0">
<skipped>
</skipped>
</testcase>
</testsuite>
<testsuite name="organizations/performance.spec.ts" timestamp="2025-06-29T03:15:12.290Z" hostname="Mobile Safari" tests="24" failures="0" skipped="24" time="0" errors="0">
<testcase name="Organization Performance Testing › Page Load Performance › should load organization list within acceptable time" classname="organizations/performance.spec.ts" time="0">
<skipped>
</skipped>
</testcase>
<testcase name="Organization Performance Testing › Page Load Performance › should load organization create form quickly" classname="organizations/performance.spec.ts" time="0">
<skipped>
</skipped>
</testcase>
<testcase name="Organization Performance Testing › Page Load Performance › should load organization details quickly" classname="organizations/performance.spec.ts" time="0">
<skipped>
</skipped>
</testcase>
<testcase name="Organization Performance Testing › Page Load Performance › should handle concurrent page loads" classname="organizations/performance.spec.ts" time="0">
<skipped>
</skipped>
</testcase>
<testcase name="Organization Performance Testing › Form Performance › should handle form submission quickly" classname="organizations/performance.spec.ts" time="0">
<skipped>
</skipped>
</testcase>
<testcase name="Organization Performance Testing › Form Performance › should handle form validation quickly" classname="organizations/performance.spec.ts" time="0">
<skipped>
</skipped>
</testcase>
<testcase name="Organization Performance Testing › Form Performance › should handle real-time field updates efficiently" classname="organizations/performance.spec.ts" time="0">
<skipped>
</skipped>
</testcase>
<testcase name="Organization Performance Testing › Search and Filter Performance › should search large datasets quickly" classname="organizations/performance.spec.ts" time="0">
<skipped>
</skipped>
</testcase>
<testcase name="Organization Performance Testing › Search and Filter Performance › should apply filters quickly" classname="organizations/performance.spec.ts" time="0">
<skipped>
</skipped>
</testcase>
<testcase name="Organization Performance Testing › Search and Filter Performance › should handle multiple filters efficiently" classname="organizations/performance.spec.ts" time="0">
<skipped>
</skipped>
</testcase>
<testcase name="Organization Performance Testing › Search and Filter Performance › should clear filters quickly" classname="organizations/performance.spec.ts" time="0">
<skipped>
</skipped>
</testcase>
<testcase name="Organization Performance Testing › Data Loading Performance › should handle pagination efficiently" classname="organizations/performance.spec.ts" time="0">
<skipped>
</skipped>
</testcase>
<testcase name="Organization Performance Testing › Data Loading Performance › should load organization statistics quickly" classname="organizations/performance.spec.ts" time="0">
<skipped>
</skipped>
</testcase>
<testcase name="Organization Performance Testing › Data Loading Performance › should handle bulk operations efficiently" classname="organizations/performance.spec.ts" time="0">
<skipped>
</skipped>
</testcase>
<testcase name="Organization Performance Testing › Memory Performance › should not cause memory leaks during navigation" classname="organizations/performance.spec.ts" time="0">
<skipped>
</skipped>
</testcase>
<testcase name="Organization Performance Testing › Memory Performance › should handle large forms without performance degradation" classname="organizations/performance.spec.ts" time="0">
<skipped>
</skipped>
</testcase>
<testcase name="Organization Performance Testing › Network Performance › should handle slow network conditions" classname="organizations/performance.spec.ts" time="0">
<skipped>
</skipped>
</testcase>
<testcase name="Organization Performance Testing › Network Performance › should optimize API calls" classname="organizations/performance.spec.ts" time="0">
<skipped>
</skipped>
</testcase>
<testcase name="Organization Performance Testing › Network Performance › should cache data appropriately" classname="organizations/performance.spec.ts" time="0">
<skipped>
</skipped>
</testcase>
<testcase name="Organization Performance Testing › Rendering Performance › should render tables efficiently" classname="organizations/performance.spec.ts" time="0">
<skipped>
</skipped>
</testcase>
<testcase name="Organization Performance Testing › Rendering Performance › should handle scroll performance" classname="organizations/performance.spec.ts" time="0">
<skipped>
</skipped>
</testcase>
<testcase name="Organization Performance Testing › Rendering Performance › should handle responsive layout changes efficiently" classname="organizations/performance.spec.ts" time="0">
<skipped>
</skipped>
</testcase>
<testcase name="Organization Performance Testing › Resource Loading Performance › should load CSS and JS efficiently" classname="organizations/performance.spec.ts" time="0">
<skipped>
</skipped>
</testcase>
<testcase name="Organization Performance Testing › Resource Loading Performance › should load images efficiently" classname="organizations/performance.spec.ts" time="0">
<skipped>
</skipped>
</testcase>
</testsuite>
<testsuite name="organizations/search-filter.spec.ts" timestamp="2025-06-29T03:15:12.290Z" hostname="Mobile Safari" tests="39" failures="0" skipped="39" time="0" errors="0">
<testcase name="Organization Search and Filter › Text Search › should search organizations by name" classname="organizations/search-filter.spec.ts" time="0">
<skipped>
</skipped>
</testcase>
<testcase name="Organization Search and Filter › Text Search › should search organizations by address" classname="organizations/search-filter.spec.ts" time="0">
<skipped>
</skipped>
</testcase>
<testcase name="Organization Search and Filter › Text Search › should search organizations by city" classname="organizations/search-filter.spec.ts" time="0">
<skipped>
</skipped>
</testcase>
<testcase name="Organization Search and Filter › Text Search › should search organizations by phone number" classname="organizations/search-filter.spec.ts" time="0">
<skipped>
</skipped>
</testcase>
<testcase name="Organization Search and Filter › Text Search › should search organizations by notes content" classname="organizations/search-filter.spec.ts" time="0">
<skipped>
</skipped>
</testcase>
<testcase name="Organization Search and Filter › Text Search › should handle case-insensitive search" classname="organizations/search-filter.spec.ts" time="0">
<skipped>
</skipped>
</testcase>
<testcase name="Organization Search and Filter › Text Search › should handle partial word search" classname="organizations/search-filter.spec.ts" time="0">
<skipped>
</skipped>
</testcase>
<testcase name="Organization Search and Filter › Text Search › should handle empty search results" classname="organizations/search-filter.spec.ts" time="0">
<skipped>
</skipped>
</testcase>
<testcase name="Organization Search and Filter › Text Search › should clear search results" classname="organizations/search-filter.spec.ts" time="0">
<skipped>
</skipped>
</testcase>
<testcase name="Organization Search and Filter › Filter by Priority › should filter by high priority" classname="organizations/search-filter.spec.ts" time="0">
<skipped>
</skipped>
</testcase>
<testcase name="Organization Search and Filter › Filter by Priority › should filter by medium priority" classname="organizations/search-filter.spec.ts" time="0">
<skipped>
</skipped>
</testcase>
<testcase name="Organization Search and Filter › Filter by Priority › should combine priority filter with search" classname="organizations/search-filter.spec.ts" time="0">
<skipped>
</skipped>
</testcase>
<testcase name="Organization Search and Filter › Filter by Business Segment › should filter by fine dining segment" classname="organizations/search-filter.spec.ts" time="0">
<skipped>
</skipped>
</testcase>
<testcase name="Organization Search and Filter › Filter by Business Segment › should filter by casual dining segment" classname="organizations/search-filter.spec.ts" time="0">
<skipped>
</skipped>
</testcase>
<testcase name="Organization Search and Filter › Filter by Business Segment › should filter by quick service segment" classname="organizations/search-filter.spec.ts" time="0">
<skipped>
</skipped>
</testcase>
<testcase name="Organization Search and Filter › Filter by Distributor › should filter by Sysco distributor" classname="organizations/search-filter.spec.ts" time="0">
<skipped>
</skipped>
</testcase>
<testcase name="Organization Search and Filter › Filter by Distributor › should filter by US Foods distributor" classname="organizations/search-filter.spec.ts" time="0">
<skipped>
</skipped>
</testcase>
<testcase name="Organization Search and Filter › Geographic Filters › should filter by city" classname="organizations/search-filter.spec.ts" time="0">
<skipped>
</skipped>
</testcase>
<testcase name="Organization Search and Filter › Geographic Filters › should filter by state" classname="organizations/search-filter.spec.ts" time="0">
<skipped>
</skipped>
</testcase>
<testcase name="Organization Search and Filter › Geographic Filters › should filter by ZIP code" classname="organizations/search-filter.spec.ts" time="0">
<skipped>
</skipped>
</testcase>
<testcase name="Organization Search and Filter › Relationship Filters › should filter organizations with contacts" classname="organizations/search-filter.spec.ts" time="0">
<skipped>
</skipped>
</testcase>
<testcase name="Organization Search and Filter › Relationship Filters › should filter organizations without contacts" classname="organizations/search-filter.spec.ts" time="0">
<skipped>
</skipped>
</testcase>
<testcase name="Organization Search and Filter › Relationship Filters › should filter organizations with opportunities" classname="organizations/search-filter.spec.ts" time="0">
<skipped>
</skipped>
</testcase>
<testcase name="Organization Search and Filter › Date Range Filters › should filter by last contact date range" classname="organizations/search-filter.spec.ts" time="0">
<skipped>
</skipped>
</testcase>
<testcase name="Organization Search and Filter › Date Range Filters › should filter by creation date" classname="organizations/search-filter.spec.ts" time="0">
<skipped>
</skipped>
</testcase>
<testcase name="Organization Search and Filter › Account Manager Filter › should filter by account manager" classname="organizations/search-filter.spec.ts" time="0">
<skipped>
</skipped>
</testcase>
<testcase name="Organization Search and Filter › Account Manager Filter › should filter by different account manager" classname="organizations/search-filter.spec.ts" time="0">
<skipped>
</skipped>
</testcase>
<testcase name="Organization Search and Filter › Multiple Filters › should combine multiple filters" classname="organizations/search-filter.spec.ts" time="0">
<skipped>
</skipped>
</testcase>
<testcase name="Organization Search and Filter › Multiple Filters › should combine search with filters" classname="organizations/search-filter.spec.ts" time="0">
<skipped>
</skipped>
</testcase>
<testcase name="Organization Search and Filter › Multiple Filters › should clear all filters" classname="organizations/search-filter.spec.ts" time="0">
<skipped>
</skipped>
</testcase>
<testcase name="Organization Search and Filter › Filter UI and UX › should show active filter indicators" classname="organizations/search-filter.spec.ts" time="0">
<skipped>
</skipped>
</testcase>
<testcase name="Organization Search and Filter › Filter UI and UX › should allow removing individual filters" classname="organizations/search-filter.spec.ts" time="0">
<skipped>
</skipped>
</testcase>
<testcase name="Organization Search and Filter › Filter UI and UX › should save filter state in URL" classname="organizations/search-filter.spec.ts" time="0">
<skipped>
</skipped>
</testcase>
<testcase name="Organization Search and Filter › Filter UI and UX › should restore filters from URL" classname="organizations/search-filter.spec.ts" time="0">
<skipped>
</skipped>
</testcase>
<testcase name="Organization Search and Filter › Performance › should filter large datasets quickly" classname="organizations/search-filter.spec.ts" time="0">
<skipped>
</skipped>
</testcase>
<testcase name="Organization Search and Filter › Performance › should search large datasets quickly" classname="organizations/search-filter.spec.ts" time="0">
<skipped>
</skipped>
</testcase>
<testcase name="Organization Search and Filter › Accessibility › should support keyboard navigation in filters" classname="organizations/search-filter.spec.ts" time="0">
<skipped>
</skipped>
</testcase>
<testcase name="Organization Search and Filter › Accessibility › should have proper ARIA labels for search and filters" classname="organizations/search-filter.spec.ts" time="0">
<skipped>
</skipped>
</testcase>
<testcase name="Organization Search and Filter › Accessibility › should announce filter results to screen readers" classname="organizations/search-filter.spec.ts" time="0">
<skipped>
</skipped>
</testcase>
</testsuite>
<testsuite name="organizations/visual-regression.spec.ts" timestamp="2025-06-29T03:15:12.290Z" hostname="Mobile Safari" tests="29" failures="0" skipped="29" time="0" errors="0">
<testcase name="Organization Visual Regression Testing › Organization List Visual Tests › should match organization list screenshot" classname="organizations/visual-regression.spec.ts" time="0">
<skipped>
</skipped>
</testcase>
<testcase name="Organization Visual Regression Testing › Organization List Visual Tests › should match organization list with search results" classname="organizations/visual-regression.spec.ts" time="0">
<skipped>
</skipped>
</testcase>
<testcase name="Organization Visual Regression Testing › Organization List Visual Tests › should match organization list with filters applied" classname="organizations/visual-regression.spec.ts" time="0">
<skipped>
</skipped>
</testcase>
<testcase name="Organization Visual Regression Testing › Organization List Visual Tests › should match empty organization list" classname="organizations/visual-regression.spec.ts" time="0">
<skipped>
</skipped>
</testcase>
<testcase name="Organization Visual Regression Testing › Organization Form Visual Tests › should match create organization form" classname="organizations/visual-regression.spec.ts" time="0">
<skipped>
</skipped>
</testcase>
<testcase name="Organization Visual Regression Testing › Organization Form Visual Tests › should match create form with data filled" classname="organizations/visual-regression.spec.ts" time="0">
<skipped>
</skipped>
</testcase>
<testcase name="Organization Visual Regression Testing › Organization Form Visual Tests › should match create form with validation errors" classname="organizations/visual-regression.spec.ts" time="0">
<skipped>
</skipped>
</testcase>
<testcase name="Organization Visual Regression Testing › Organization Form Visual Tests › should match edit organization form" classname="organizations/visual-regression.spec.ts" time="0">
<skipped>
</skipped>
</testcase>
<testcase name="Organization Visual Regression Testing › Organization Detail Visual Tests › should match organization detail page" classname="organizations/visual-regression.spec.ts" time="0">
<skipped>
</skipped>
</testcase>
<testcase name="Organization Visual Regression Testing › Organization Detail Visual Tests › should match organization detail with statistics" classname="organizations/visual-regression.spec.ts" time="0">
<skipped>
</skipped>
</testcase>
<testcase name="Organization Visual Regression Testing › Mobile Visual Tests › should match mobile organization list" classname="organizations/visual-regression.spec.ts" time="0">
<skipped>
</skipped>
</testcase>
<testcase name="Organization Visual Regression Testing › Mobile Visual Tests › should match mobile create form" classname="organizations/visual-regression.spec.ts" time="0">
<skipped>
</skipped>
</testcase>
<testcase name="Organization Visual Regression Testing › Mobile Visual Tests › should match mobile detail page" classname="organizations/visual-regression.spec.ts" time="0">
<skipped>
</skipped>
</testcase>
<testcase name="Organization Visual Regression Testing › Tablet Visual Tests › should match tablet organization list" classname="organizations/visual-regression.spec.ts" time="0">
<skipped>
</skipped>
</testcase>
<testcase name="Organization Visual Regression Testing › Tablet Visual Tests › should match tablet create form" classname="organizations/visual-regression.spec.ts" time="0">
<skipped>
</skipped>
</testcase>
<testcase name="Organization Visual Regression Testing › Component Visual Tests › should match organization card component" classname="organizations/visual-regression.spec.ts" time="0">
<skipped>
</skipped>
</testcase>
<testcase name="Organization Visual Regression Testing › Component Visual Tests › should match form field components" classname="organizations/visual-regression.spec.ts" time="0">
<skipped>
</skipped>
</testcase>
<testcase name="Organization Visual Regression Testing › Component Visual Tests › should match dropdown components" classname="organizations/visual-regression.spec.ts" time="0">
<skipped>
</skipped>
</testcase>
<testcase name="Organization Visual Regression Testing › Component Visual Tests › should match notification components" classname="organizations/visual-regression.spec.ts" time="0">
<skipped>
</skipped>
</testcase>
<testcase name="Organization Visual Regression Testing › Theme and Styling Visual Tests › should match light theme appearance" classname="organizations/visual-regression.spec.ts" time="0">
<skipped>
</skipped>
</testcase>
<testcase name="Organization Visual Regression Testing › Theme and Styling Visual Tests › should match dark theme appearance" classname="organizations/visual-regression.spec.ts" time="0">
<skipped>
</skipped>
</testcase>
<testcase name="Organization Visual Regression Testing › Theme and Styling Visual Tests › should match high contrast mode" classname="organizations/visual-regression.spec.ts" time="0">
<skipped>
</skipped>
</testcase>
<testcase name="Organization Visual Regression Testing › State Variation Visual Tests › should match loading state" classname="organizations/visual-regression.spec.ts" time="0">
<skipped>
</skipped>
</testcase>
<testcase name="Organization Visual Regression Testing › State Variation Visual Tests › should match error state" classname="organizations/visual-regression.spec.ts" time="0">
<skipped>
</skipped>
</testcase>
<testcase name="Organization Visual Regression Testing › State Variation Visual Tests › should match disabled state for form elements" classname="organizations/visual-regression.spec.ts" time="0">
<skipped>
</skipped>
</testcase>
<testcase name="Organization Visual Regression Testing › Interaction State Visual Tests › should match hover states" classname="organizations/visual-regression.spec.ts" time="0">
<skipped>
</skipped>
</testcase>
<testcase name="Organization Visual Regression Testing › Interaction State Visual Tests › should match focus states" classname="organizations/visual-regression.spec.ts" time="0">
<skipped>
</skipped>
</testcase>
<testcase name="Organization Visual Regression Testing › Interaction State Visual Tests › should match selected states" classname="organizations/visual-regression.spec.ts" time="0">
<skipped>
</skipped>
</testcase>
<testcase name="Organization Visual Regression Testing › Cross-Browser Visual Consistency › should render consistently across viewport sizes" classname="organizations/visual-regression.spec.ts" time="0">
<skipped>
</skipped>
</testcase>
</testsuite>
<testsuite name="responsive/mobile-interaction.spec.ts" timestamp="2025-06-29T03:15:12.290Z" hostname="Mobile Safari" tests="4" failures="0" skipped="4" time="0" errors="0">
<testcase name="Mobile Responsive - Interactions › should display touch-friendly buttons (44px minimum)" classname="responsive/mobile-interaction.spec.ts" time="0">
<skipped>
</skipped>
</testcase>
<testcase name="Mobile Responsive - Interactions › should be readable on mobile viewport" classname="responsive/mobile-interaction.spec.ts" time="0">
<skipped>
</skipped>
</testcase>
<testcase name="Mobile Responsive - Interactions › should handle mobile viewport correctly" classname="responsive/mobile-interaction.spec.ts" time="0">
<skipped>
</skipped>
</testcase>
<testcase name="Mobile Responsive - Interactions › should support gesture navigation" classname="responsive/mobile-interaction.spec.ts" time="0">
<skipped>
</skipped>
</testcase>
</testsuite>
<testsuite name="simple-load.spec.ts" timestamp="2025-06-29T03:15:12.290Z" hostname="Mobile Safari" tests="1" failures="0" skipped="1" time="0" errors="0">
<testcase name="simple app load test" classname="simple-load.spec.ts" time="0">
<skipped>
</skipped>
</testcase>
</testsuite>
<testsuite name="smoke/app-loading.spec.ts" timestamp="2025-06-29T03:15:12.290Z" hostname="Mobile Safari" tests="5" failures="0" skipped="5" time="0" errors="0">
<testcase name="Application Loading - Smoke Tests › should load application without getting stuck in loading state" classname="smoke/app-loading.spec.ts" time="0">
<skipped>
</skipped>
</testcase>
<testcase name="Application Loading - Smoke Tests › should have working navigation" classname="smoke/app-loading.spec.ts" time="0">
<skipped>
</skipped>
</testcase>
<testcase name="Application Loading - Smoke Tests › should not have console errors on load" classname="smoke/app-loading.spec.ts" time="0">
<skipped>
</skipped>
</testcase>
<testcase name="Application Loading - Smoke Tests › should have correct data provider in test mode" classname="smoke/app-loading.spec.ts" time="0">
<skipped>
</skipped>
</testcase>
<testcase name="Application Loading - Smoke Tests › should be authenticated in test mode" classname="smoke/app-loading.spec.ts" time="0">
<skipped>
</skipped>
</testcase>
</testsuite>
<testsuite name="accessibility/component-accessibility.spec.ts" timestamp="2025-06-29T03:15:12.290Z" hostname="Tablet Chrome" tests="9" failures="0" skipped="9" time="0" errors="0">
<testcase name="Accessibility Compliance - Components › should have proper heading hierarchy" classname="accessibility/component-accessibility.spec.ts" time="0">
<skipped>
</skipped>
</testcase>
<testcase name="Accessibility Compliance - Components › should have accessible interactive elements" classname="accessibility/component-accessibility.spec.ts" time="0">
<skipped>
</skipped>
</testcase>
<testcase name="Accessibility Compliance - Components › should have proper focus management" classname="accessibility/component-accessibility.spec.ts" time="0">
<skipped>
</skipped>
</testcase>
<testcase name="Accessibility Compliance - Components › should have accessible forms" classname="accessibility/component-accessibility.spec.ts" time="0">
<skipped>
</skipped>
</testcase>
<testcase name="Accessibility Compliance - Components › should have proper color contrast" classname="accessibility/component-accessibility.spec.ts" time="0">
<skipped>
</skipped>
</testcase>
<testcase name="Accessibility Compliance - Components › should have accessible images" classname="accessibility/component-accessibility.spec.ts" time="0">
<skipped>
</skipped>
</testcase>
<testcase name="Accessibility Compliance - Components › should have proper ARIA attributes" classname="accessibility/component-accessibility.spec.ts" time="0">
<skipped>
</skipped>
</testcase>
<testcase name="Accessibility Compliance - Components › should support keyboard navigation" classname="accessibility/component-accessibility.spec.ts" time="0">
<skipped>
</skipped>
</testcase>
<testcase name="Accessibility Compliance - Components › should have proper link accessibility" classname="accessibility/component-accessibility.spec.ts" time="0">
<skipped>
</skipped>
</testcase>
</testsuite>
<testsuite name="organizations/accessibility.spec.ts" timestamp="2025-06-29T03:15:12.290Z" hostname="Tablet Chrome" tests="25" failures="0" skipped="25" time="0" errors="0">
<testcase name="Organization Accessibility (WCAG 2.1 AA) › Keyboard Navigation › should support full keyboard navigation in organization list" classname="organizations/accessibility.spec.ts" time="0">
<skipped>
</skipped>
</testcase>
<testcase name="Organization Accessibility (WCAG 2.1 AA) › Keyboard Navigation › should support keyboard navigation in organization form" classname="organizations/accessibility.spec.ts" time="0">
<skipped>
</skipped>
</testcase>
<testcase name="Organization Accessibility (WCAG 2.1 AA) › Keyboard Navigation › should support Enter key to submit forms" classname="organizations/accessibility.spec.ts" time="0">
<skipped>
</skipped>
</testcase>
<testcase name="Organization Accessibility (WCAG 2.1 AA) › Keyboard Navigation › should support Escape key to cancel operations" classname="organizations/accessibility.spec.ts" time="0">
<skipped>
</skipped>
</testcase>
<testcase name="Organization Accessibility (WCAG 2.1 AA) › Keyboard Navigation › should support arrow keys in dropdown menus" classname="organizations/accessibility.spec.ts" time="0">
<skipped>
</skipped>
</testcase>
<testcase name="Organization Accessibility (WCAG 2.1 AA) › Screen Reader Support › should have proper headings hierarchy" classname="organizations/accessibility.spec.ts" time="0">
<skipped>
</skipped>
</testcase>
<testcase name="Organization Accessibility (WCAG 2.1 AA) › Screen Reader Support › should have proper labels for all form inputs" classname="organizations/accessibility.spec.ts" time="0">
<skipped>
</skipped>
</testcase>
<testcase name="Organization Accessibility (WCAG 2.1 AA) › Screen Reader Support › should have proper ARIA attributes for interactive elements" classname="organizations/accessibility.spec.ts" time="0">
<skipped>
</skipped>
</testcase>
<testcase name="Organization Accessibility (WCAG 2.1 AA) › Screen Reader Support › should have proper alt text for images" classname="organizations/accessibility.spec.ts" time="0">
<skipped>
</skipped>
</testcase>
<testcase name="Organization Accessibility (WCAG 2.1 AA) › Screen Reader Support › should have live regions for dynamic content" classname="organizations/accessibility.spec.ts" time="0">
<skipped>
</skipped>
</testcase>
<testcase name="Organization Accessibility (WCAG 2.1 AA) › Color and Contrast › should have sufficient color contrast for text" classname="organizations/accessibility.spec.ts" time="0">
<skipped>
</skipped>
</testcase>
<testcase name="Organization Accessibility (WCAG 2.1 AA) › Color and Contrast › should not rely solely on color to convey information" classname="organizations/accessibility.spec.ts" time="0">
<skipped>
</skipped>
</testcase>
<testcase name="Organization Accessibility (WCAG 2.1 AA) › Focus Management › should have visible focus indicators" classname="organizations/accessibility.spec.ts" time="0">
<skipped>
</skipped>
</testcase>
<testcase name="Organization Accessibility (WCAG 2.1 AA) › Focus Management › should manage focus in modal dialogs" classname="organizations/accessibility.spec.ts" time="0">
<skipped>
</skipped>
</testcase>
<testcase name="Organization Accessibility (WCAG 2.1 AA) › Focus Management › should restore focus after modal closes" classname="organizations/accessibility.spec.ts" time="0">
<skipped>
</skipped>
</testcase>
<testcase name="Organization Accessibility (WCAG 2.1 AA) › Error and Status Announcements › should announce form validation errors" classname="organizations/accessibility.spec.ts" time="0">
<skipped>
</skipped>
</testcase>
<testcase name="Organization Accessibility (WCAG 2.1 AA) › Error and Status Announcements › should announce successful operations" classname="organizations/accessibility.spec.ts" time="0">
<skipped>
</skipped>
</testcase>
<testcase name="Organization Accessibility (WCAG 2.1 AA) › Responsive Accessibility › should maintain accessibility on mobile" classname="organizations/accessibility.spec.ts" time="0">
<skipped>
</skipped>
</testcase>
<testcase name="Organization Accessibility (WCAG 2.1 AA) › Responsive Accessibility › should support zoom up to 200%" classname="organizations/accessibility.spec.ts" time="0">
<skipped>
</skipped>
</testcase>
<testcase name="Organization Accessibility (WCAG 2.1 AA) › Assistive Technology Support › should support high contrast mode" classname="organizations/accessibility.spec.ts" time="0">
<skipped>
</skipped>
</testcase>
<testcase name="Organization Accessibility (WCAG 2.1 AA) › Assistive Technology Support › should work with reduced motion preferences" classname="organizations/accessibility.spec.ts" time="0">
<skipped>
</skipped>
</testcase>
<testcase name="Organization Accessibility (WCAG 2.1 AA) › Language and Internationalization › should have proper lang attribute" classname="organizations/accessibility.spec.ts" time="0">
<skipped>
</skipped>
</testcase>
<testcase name="Organization Accessibility (WCAG 2.1 AA) › Language and Internationalization › should handle text direction for RTL languages" classname="organizations/accessibility.spec.ts" time="0">
<skipped>
</skipped>
</testcase>
<testcase name="Organization Accessibility (WCAG 2.1 AA) › Data Tables Accessibility › should have proper table structure for organization list" classname="organizations/accessibility.spec.ts" time="0">
<skipped>
</skipped>
</testcase>
<testcase name="Organization Accessibility (WCAG 2.1 AA) › Data Tables Accessibility › should support table navigation with arrow keys" classname="organizations/accessibility.spec.ts" time="0">
<skipped>
</skipped>
</testcase>
</testsuite>
<testsuite name="organizations/crud-workflow.spec.ts" timestamp="2025-06-29T03:15:12.290Z" hostname="Tablet Chrome" tests="21" failures="0" skipped="21" time="0" errors="0">
<testcase name="Organization CRUD Workflow › Create Organization › should create organization with basic information" classname="organizations/crud-workflow.spec.ts" time="0">
<skipped>
</skipped>
</testcase>
<testcase name="Organization CRUD Workflow › Create Organization › should create organization with complete information" classname="organizations/crud-workflow.spec.ts" time="0">
<skipped>
</skipped>
</testcase>
<testcase name="Organization CRUD Workflow › Create Organization › should create organization with minimal required fields" classname="organizations/crud-workflow.spec.ts" time="0">
<skipped>
</skipped>
</testcase>
<testcase name="Organization CRUD Workflow › Create Organization › should validate required fields" classname="organizations/crud-workflow.spec.ts" time="0">
<skipped>
</skipped>
</testcase>
<testcase name="Organization CRUD Workflow › Create Organization › should validate field formats" classname="organizations/crud-workflow.spec.ts" time="0">
<skipped>
</skipped>
</testcase>
<testcase name="Organization CRUD Workflow › Create Organization › should auto-populate account manager if not provided" classname="organizations/crud-workflow.spec.ts" time="0">
<skipped>
</skipped>
</testcase>
<testcase name="Organization CRUD Workflow › Create Organization › should handle GPS location capture" classname="organizations/crud-workflow.spec.ts" time="0">
<skipped>
</skipped>
</testcase>
<testcase name="Organization CRUD Workflow › Read Organization › should display organization details" classname="organizations/crud-workflow.spec.ts" time="0">
<skipped>
</skipped>
</testcase>
<testcase name="Organization CRUD Workflow › Read Organization › should display computed statistics" classname="organizations/crud-workflow.spec.ts" time="0">
<skipped>
</skipped>
</testcase>
<testcase name="Organization CRUD Workflow › Read Organization › should show related contacts and deals" classname="organizations/crud-workflow.spec.ts" time="0">
<skipped>
</skipped>
</testcase>
<testcase name="Organization CRUD Workflow › Update Organization › should update organization information" classname="organizations/crud-workflow.spec.ts" time="0">
<skipped>
</skipped>
</testcase>
<testcase name="Organization CRUD Workflow › Update Organization › should validate updates" classname="organizations/crud-workflow.spec.ts" time="0">
<skipped>
</skipped>
</testcase>
<testcase name="Organization CRUD Workflow › Update Organization › should preserve existing data when updating" classname="organizations/crud-workflow.spec.ts" time="0">
<skipped>
</skipped>
</testcase>
<testcase name="Organization CRUD Workflow › Delete Organization › should delete organization" classname="organizations/crud-workflow.spec.ts" time="0">
<skipped>
</skipped>
</testcase>
<testcase name="Organization CRUD Workflow › Delete Organization › should require confirmation for deletion" classname="organizations/crud-workflow.spec.ts" time="0">
<skipped>
</skipped>
</testcase>
<testcase name="Organization CRUD Workflow › Delete Organization › should handle deletion errors gracefully" classname="organizations/crud-workflow.spec.ts" time="0">
<skipped>
</skipped>
</testcase>
<testcase name="Organization CRUD Workflow › Bulk Operations › should handle bulk updates" classname="organizations/crud-workflow.spec.ts" time="0">
<skipped>
</skipped>
</testcase>
<testcase name="Organization CRUD Workflow › Bulk Operations › should export organization data" classname="organizations/crud-workflow.spec.ts" time="0">
<skipped>
</skipped>
</testcase>
<testcase name="Organization CRUD Workflow › Performance › should load organization form quickly" classname="organizations/crud-workflow.spec.ts" time="0">
<skipped>
</skipped>
</testcase>
<testcase name="Organization CRUD Workflow › Performance › should save organization quickly" classname="organizations/crud-workflow.spec.ts" time="0">
<skipped>
</skipped>
</testcase>
<testcase name="Organization CRUD Workflow › Performance › should handle large datasets" classname="organizations/crud-workflow.spec.ts" time="0">
<skipped>
</skipped>
</testcase>
</testsuite>
<testsuite name="organizations/error-handling.spec.ts" timestamp="2025-06-29T03:15:12.290Z" hostname="Tablet Chrome" tests="23" failures="0" skipped="23" time="0" errors="0">
<testcase name="Organization Error Handling and Edge Cases › Network Error Handling › should handle network timeout during create" classname="organizations/error-handling.spec.ts" time="0">
<skipped>
</skipped>
</testcase>
<testcase name="Organization Error Handling and Edge Cases › Network Error Handling › should handle 500 server error during create" classname="organizations/error-handling.spec.ts" time="0">
<skipped>
</skipped>
</testcase>
<testcase name="Organization Error Handling and Edge Cases › Network Error Handling › should handle network disconnection" classname="organizations/error-handling.spec.ts" time="0">
<skipped>
</skipped>
</testcase>
<testcase name="Organization Error Handling and Edge Cases › Network Error Handling › should handle slow API responses" classname="organizations/error-handling.spec.ts" time="0">
<skipped>
</skipped>
</testcase>
<testcase name="Organization Error Handling and Edge Cases › Data Validation Edge Cases › should handle extremely long text inputs" classname="organizations/error-handling.spec.ts" time="0">
<skipped>
</skipped>
</testcase>
<testcase name="Organization Error Handling and Edge Cases › Data Validation Edge Cases › should handle special characters in inputs" classname="organizations/error-handling.spec.ts" time="0">
<skipped>
</skipped>
</testcase>
<testcase name="Organization Error Handling and Edge Cases › Data Validation Edge Cases › should handle SQL injection attempts" classname="organizations/error-handling.spec.ts" time="0">
<skipped>
</skipped>
</testcase>
<testcase name="Organization Error Handling and Edge Cases › Data Validation Edge Cases › should handle XSS attempts" classname="organizations/error-handling.spec.ts" time="0">
<skipped>
</skipped>
</testcase>
<testcase name="Organization Error Handling and Edge Cases › Concurrency and Race Conditions › should handle simultaneous organization creation" classname="organizations/error-handling.spec.ts" time="0">
<skipped>
</skipped>
</testcase>
<testcase name="Organization Error Handling and Edge Cases › Concurrency and Race Conditions › should handle edit conflicts" classname="organizations/error-handling.spec.ts" time="0">
<skipped>
</skipped>
</testcase>
<testcase name="Organization Error Handling and Edge Cases › Resource Limits and Performance Edge Cases › should handle large file uploads for logos" classname="organizations/error-handling.spec.ts" time="0">
<skipped>
</skipped>
</testcase>
<testcase name="Organization Error Handling and Edge Cases › Resource Limits and Performance Edge Cases › should handle browser memory limits" classname="organizations/error-handling.spec.ts" time="0">
<skipped>
</skipped>
</testcase>
<testcase name="Organization Error Handling and Edge Cases › Browser Compatibility Edge Cases › should handle disabled JavaScript" classname="organizations/error-handling.spec.ts" time="0">
<skipped>
</skipped>
</testcase>
<testcase name="Organization Error Handling and Edge Cases › Browser Compatibility Edge Cases › should handle cookies disabled" classname="organizations/error-handling.spec.ts" time="0">
<skipped>
</skipped>
</testcase>
<testcase name="Organization Error Handling and Edge Cases › Browser Compatibility Edge Cases › should handle local storage disabled" classname="organizations/error-handling.spec.ts" time="0">
<skipped>
</skipped>
</testcase>
<testcase name="Organization Error Handling and Edge Cases › GPS and Geolocation Edge Cases › should handle GPS permission denied" classname="organizations/error-handling.spec.ts" time="0">
<skipped>
</skipped>
</testcase>
<testcase name="Organization Error Handling and Edge Cases › GPS and Geolocation Edge Cases › should handle GPS timeout" classname="organizations/error-handling.spec.ts" time="0">
<skipped>
</skipped>
</testcase>
<testcase name="Organization Error Handling and Edge Cases › GPS and Geolocation Edge Cases › should handle invalid GPS coordinates" classname="organizations/error-handling.spec.ts" time="0">
<skipped>
</skipped>
</testcase>
<testcase name="Organization Error Handling and Edge Cases › Form State Edge Cases › should handle browser back/forward during form submission" classname="organizations/error-handling.spec.ts" time="0">
<skipped>
</skipped>
</testcase>
<testcase name="Organization Error Handling and Edge Cases › Form State Edge Cases › should handle page refresh during form submission" classname="organizations/error-handling.spec.ts" time="0">
<skipped>
</skipped>
</testcase>
<testcase name="Organization Error Handling and Edge Cases › Form State Edge Cases › should handle browser tab close during form editing" classname="organizations/error-handling.spec.ts" time="0">
<skipped>
</skipped>
</testcase>
<testcase name="Organization Error Handling and Edge Cases › Data Integrity Edge Cases › should handle duplicate organization names" classname="organizations/error-handling.spec.ts" time="0">
<skipped>
</skipped>
</testcase>
<testcase name="Organization Error Handling and Edge Cases › Data Integrity Edge Cases › should handle orphaned data cleanup" classname="organizations/error-handling.spec.ts" time="0">
<skipped>
</skipped>
</testcase>
</testsuite>
<testsuite name="organizations/form-validation.spec.ts" timestamp="2025-06-29T03:15:12.290Z" hostname="Tablet Chrome" tests="23" failures="0" skipped="23" time="0" errors="0">
<testcase name="Organization Form Validation › Required Field Validation › should require organization name" classname="organizations/form-validation.spec.ts" time="0">
<skipped>
</skipped>
</testcase>
<testcase name="Organization Form Validation › Required Field Validation › should allow minimal required fields only" classname="organizations/form-validation.spec.ts" time="0">
<skipped>
</skipped>
</testcase>
<testcase name="Organization Form Validation › Required Field Validation › should highlight required fields on focus" classname="organizations/form-validation.spec.ts" time="0">
<skipped>
</skipped>
</testcase>
<testcase name="Organization Form Validation › Format Validation › should validate phone number formats" classname="organizations/form-validation.spec.ts" time="0">
<skipped>
</skipped>
</testcase>
<testcase name="Organization Form Validation › Format Validation › should validate email format for account manager" classname="organizations/form-validation.spec.ts" time="0">
<skipped>
</skipped>
</testcase>
<testcase name="Organization Form Validation › Format Validation › should validate website URL format" classname="organizations/form-validation.spec.ts" time="0">
<skipped>
</skipped>
</testcase>
<testcase name="Organization Form Validation › Format Validation › should validate ZIP code format" classname="organizations/form-validation.spec.ts" time="0">
<skipped>
</skipped>
</testcase>
<testcase name="Organization Form Validation › Field Length Validation › should enforce maximum length for notes" classname="organizations/form-validation.spec.ts" time="0">
<skipped>
</skipped>
</testcase>
<testcase name="Organization Form Validation › Field Length Validation › should enforce maximum length for name" classname="organizations/form-validation.spec.ts" time="0">
<skipped>
</skipped>
</testcase>
<testcase name="Organization Form Validation › Field Length Validation › should show character count for notes field" classname="organizations/form-validation.spec.ts" time="0">
<skipped>
</skipped>
</testcase>
<testcase name="Organization Form Validation › Real-time Validation › should validate fields as user types" classname="organizations/form-validation.spec.ts" time="0">
<skipped>
</skipped>
</testcase>
<testcase name="Organization Form Validation › Real-time Validation › should update validation on blur" classname="organizations/form-validation.spec.ts" time="0">
<skipped>
</skipped>
</testcase>
<testcase name="Organization Form Validation › GPS Validation › should validate GPS coordinates" classname="organizations/form-validation.spec.ts" time="0">
<skipped>
</skipped>
</testcase>
<testcase name="Organization Form Validation › GPS Validation › should handle GPS permission denied" classname="organizations/form-validation.spec.ts" time="0">
<skipped>
</skipped>
</testcase>
<testcase name="Organization Form Validation › GPS Validation › should validate coordinate ranges" classname="organizations/form-validation.spec.ts" time="0">
<skipped>
</skipped>
</testcase>
<testcase name="Organization Form Validation › Dropdown Validation › should validate priority selection" classname="organizations/form-validation.spec.ts" time="0">
<skipped>
</skipped>
</testcase>
<testcase name="Organization Form Validation › Dropdown Validation › should validate segment selection" classname="organizations/form-validation.spec.ts" time="0">
<skipped>
</skipped>
</testcase>
<testcase name="Organization Form Validation › Dropdown Validation › should handle empty dropdown selections" classname="organizations/form-validation.spec.ts" time="0">
<skipped>
</skipped>
</testcase>
<testcase name="Organization Form Validation › Form Accessibility › should have proper labels for all fields" classname="organizations/form-validation.spec.ts" time="0">
<skipped>
</skipped>
</testcase>
<testcase name="Organization Form Validation › Form Accessibility › should have proper ARIA attributes" classname="organizations/form-validation.spec.ts" time="0">
<skipped>
</skipped>
</testcase>
<testcase name="Organization Form Validation › Form Accessibility › should support keyboard navigation" classname="organizations/form-validation.spec.ts" time="0">
<skipped>
</skipped>
</testcase>
<testcase name="Organization Form Validation › Form Submission › should prevent duplicate submissions" classname="organizations/form-validation.spec.ts" time="0">
<skipped>
</skipped>
</testcase>
<testcase name="Organization Form Validation › Form Submission › should disable save button during submission" classname="organizations/form-validation.spec.ts" time="0">
<skipped>
</skipped>
</testcase>
</testsuite>
<testsuite name="organizations/mobile-responsive.spec.ts" timestamp="2025-06-29T03:15:12.290Z" hostname="Tablet Chrome" tests="26" failures="0" skipped="26" time="0" errors="0">
<testcase name="Organization Mobile Responsive Design › Mobile Device Testing › should display properly on iPhone" classname="organizations/mobile-responsive.spec.ts" time="0">
<skipped>
</skipped>
</testcase>
<testcase name="Organization Mobile Responsive Design › Mobile Device Testing › should handle touch interactions" classname="organizations/mobile-responsive.spec.ts" time="0">
<skipped>
</skipped>
</testcase>
<testcase name="Organization Mobile Responsive Design › Mobile Device Testing › should support swipe gestures on mobile" classname="organizations/mobile-responsive.spec.ts" time="0">
<skipped>
</skipped>
</testcase>
<testcase name="Organization Mobile Responsive Design › Tablet Device Testing › should display properly on tablet" classname="organizations/mobile-responsive.spec.ts" time="0">
<skipped>
</skipped>
</testcase>
<testcase name="Organization Mobile Responsive Design › Tablet Device Testing › should handle tablet form layout" classname="organizations/mobile-responsive.spec.ts" time="0">
<skipped>
</skipped>
</testcase>
<testcase name="Organization Mobile Responsive Design › Form Responsive Behavior › should stack form fields vertically on mobile" classname="organizations/mobile-responsive.spec.ts" time="0">
<skipped>
</skipped>
</testcase>
<testcase name="Organization Mobile Responsive Design › Form Responsive Behavior › should use horizontal layout on desktop" classname="organizations/mobile-responsive.spec.ts" time="0">
<skipped>
</skipped>
</testcase>
<testcase name="Organization Mobile Responsive Design › Form Responsive Behavior › should handle form validation on mobile" classname="organizations/mobile-responsive.spec.ts" time="0">
<skipped>
</skipped>
</testcase>
<testcase name="Organization Mobile Responsive Design › List View Responsive Behavior › should use card layout on mobile" classname="organizations/mobile-responsive.spec.ts" time="0">
<skipped>
</skipped>
</testcase>
<testcase name="Organization Mobile Responsive Design › List View Responsive Behavior › should use table layout on desktop" classname="organizations/mobile-responsive.spec.ts" time="0">
<skipped>
</skipped>
</testcase>
<testcase name="Organization Mobile Responsive Design › List View Responsive Behavior › should handle horizontal scrolling on mobile table" classname="organizations/mobile-responsive.spec.ts" time="0">
<skipped>
</skipped>
</testcase>
<testcase name="Organization Mobile Responsive Design › Navigation Responsive Behavior › should show hamburger menu on mobile" classname="organizations/mobile-responsive.spec.ts" time="0">
<skipped>
</skipped>
</testcase>
<testcase name="Organization Mobile Responsive Design › Navigation Responsive Behavior › should show sidebar navigation on desktop" classname="organizations/mobile-responsive.spec.ts" time="0">
<skipped>
</skipped>
</testcase>
<testcase name="Organization Mobile Responsive Design › Navigation Responsive Behavior › should handle navigation menu toggle" classname="organizations/mobile-responsive.spec.ts" time="0">
<skipped>
</skipped>
</testcase>
<testcase name="Organization Mobile Responsive Design › Search and Filter Responsive Behavior › should adapt search interface for mobile" classname="organizations/mobile-responsive.spec.ts" time="0">
<skipped>
</skipped>
</testcase>
<testcase name="Organization Mobile Responsive Design › Search and Filter Responsive Behavior › should handle filter menu on mobile" classname="organizations/mobile-responsive.spec.ts" time="0">
<skipped>
</skipped>
</testcase>
<testcase name="Organization Mobile Responsive Design › Search and Filter Responsive Behavior › should show filters inline on desktop" classname="organizations/mobile-responsive.spec.ts" time="0">
<skipped>
</skipped>
</testcase>
<testcase name="Organization Mobile Responsive Design › Touch and Gesture Support › should support touch scrolling" classname="organizations/mobile-responsive.spec.ts" time="0">
<skipped>
</skipped>
</testcase>
<testcase name="Organization Mobile Responsive Design › Touch and Gesture Support › should support pinch to zoom" classname="organizations/mobile-responsive.spec.ts" time="0">
<skipped>
</skipped>
</testcase>
<testcase name="Organization Mobile Responsive Design › Touch and Gesture Support › should handle touch input on form fields" classname="organizations/mobile-responsive.spec.ts" time="0">
<skipped>
</skipped>
</testcase>
<testcase name="Organization Mobile Responsive Design › Orientation Changes › should handle portrait to landscape rotation" classname="organizations/mobile-responsive.spec.ts" time="0">
<skipped>
</skipped>
</testcase>
<testcase name="Organization Mobile Responsive Design › Orientation Changes › should handle landscape to portrait rotation" classname="organizations/mobile-responsive.spec.ts" time="0">
<skipped>
</skipped>
</testcase>
<testcase name="Organization Mobile Responsive Design › Performance on Mobile › should load quickly on mobile devices" classname="organizations/mobile-responsive.spec.ts" time="0">
<skipped>
</skipped>
</testcase>
<testcase name="Organization Mobile Responsive Design › Performance on Mobile › should handle low bandwidth conditions" classname="organizations/mobile-responsive.spec.ts" time="0">
<skipped>
</skipped>
</testcase>
<testcase name="Organization Mobile Responsive Design › Cross-Device Consistency › should maintain data consistency across devices" classname="organizations/mobile-responsive.spec.ts" time="0">
<skipped>
</skipped>
</testcase>
<testcase name="Organization Mobile Responsive Design › Cross-Device Consistency › should sync form state across orientations" classname="organizations/mobile-responsive.spec.ts" time="0">
<skipped>
</skipped>
</testcase>
</testsuite>
<testsuite name="organizations/performance.spec.ts" timestamp="2025-06-29T03:15:12.290Z" hostname="Tablet Chrome" tests="24" failures="0" skipped="24" time="0" errors="0">
<testcase name="Organization Performance Testing › Page Load Performance › should load organization list within acceptable time" classname="organizations/performance.spec.ts" time="0">
<skipped>
</skipped>
</testcase>
<testcase name="Organization Performance Testing › Page Load Performance › should load organization create form quickly" classname="organizations/performance.spec.ts" time="0">
<skipped>
</skipped>
</testcase>
<testcase name="Organization Performance Testing › Page Load Performance › should load organization details quickly" classname="organizations/performance.spec.ts" time="0">
<skipped>
</skipped>
</testcase>
<testcase name="Organization Performance Testing › Page Load Performance › should handle concurrent page loads" classname="organizations/performance.spec.ts" time="0">
<skipped>
</skipped>
</testcase>
<testcase name="Organization Performance Testing › Form Performance › should handle form submission quickly" classname="organizations/performance.spec.ts" time="0">
<skipped>
</skipped>
</testcase>
<testcase name="Organization Performance Testing › Form Performance › should handle form validation quickly" classname="organizations/performance.spec.ts" time="0">
<skipped>
</skipped>
</testcase>
<testcase name="Organization Performance Testing › Form Performance › should handle real-time field updates efficiently" classname="organizations/performance.spec.ts" time="0">
<skipped>
</skipped>
</testcase>
<testcase name="Organization Performance Testing › Search and Filter Performance › should search large datasets quickly" classname="organizations/performance.spec.ts" time="0">
<skipped>
</skipped>
</testcase>
<testcase name="Organization Performance Testing › Search and Filter Performance › should apply filters quickly" classname="organizations/performance.spec.ts" time="0">
<skipped>
</skipped>
</testcase>
<testcase name="Organization Performance Testing › Search and Filter Performance › should handle multiple filters efficiently" classname="organizations/performance.spec.ts" time="0">
<skipped>
</skipped>
</testcase>
<testcase name="Organization Performance Testing › Search and Filter Performance › should clear filters quickly" classname="organizations/performance.spec.ts" time="0">
<skipped>
</skipped>
</testcase>
<testcase name="Organization Performance Testing › Data Loading Performance › should handle pagination efficiently" classname="organizations/performance.spec.ts" time="0">
<skipped>
</skipped>
</testcase>
<testcase name="Organization Performance Testing › Data Loading Performance › should load organization statistics quickly" classname="organizations/performance.spec.ts" time="0">
<skipped>
</skipped>
</testcase>
<testcase name="Organization Performance Testing › Data Loading Performance › should handle bulk operations efficiently" classname="organizations/performance.spec.ts" time="0">
<skipped>
</skipped>
</testcase>
<testcase name="Organization Performance Testing › Memory Performance › should not cause memory leaks during navigation" classname="organizations/performance.spec.ts" time="0">
<skipped>
</skipped>
</testcase>
<testcase name="Organization Performance Testing › Memory Performance › should handle large forms without performance degradation" classname="organizations/performance.spec.ts" time="0">
<skipped>
</skipped>
</testcase>
<testcase name="Organization Performance Testing › Network Performance › should handle slow network conditions" classname="organizations/performance.spec.ts" time="0">
<skipped>
</skipped>
</testcase>
<testcase name="Organization Performance Testing › Network Performance › should optimize API calls" classname="organizations/performance.spec.ts" time="0">
<skipped>
</skipped>
</testcase>
<testcase name="Organization Performance Testing › Network Performance › should cache data appropriately" classname="organizations/performance.spec.ts" time="0">
<skipped>
</skipped>
</testcase>
<testcase name="Organization Performance Testing › Rendering Performance › should render tables efficiently" classname="organizations/performance.spec.ts" time="0">
<skipped>
</skipped>
</testcase>
<testcase name="Organization Performance Testing › Rendering Performance › should handle scroll performance" classname="organizations/performance.spec.ts" time="0">
<skipped>
</skipped>
</testcase>
<testcase name="Organization Performance Testing › Rendering Performance › should handle responsive layout changes efficiently" classname="organizations/performance.spec.ts" time="0">
<skipped>
</skipped>
</testcase>
<testcase name="Organization Performance Testing › Resource Loading Performance › should load CSS and JS efficiently" classname="organizations/performance.spec.ts" time="0">
<skipped>
</skipped>
</testcase>
<testcase name="Organization Performance Testing › Resource Loading Performance › should load images efficiently" classname="organizations/performance.spec.ts" time="0">
<skipped>
</skipped>
</testcase>
</testsuite>
<testsuite name="organizations/search-filter.spec.ts" timestamp="2025-06-29T03:15:12.290Z" hostname="Tablet Chrome" tests="39" failures="0" skipped="39" time="0" errors="0">
<testcase name="Organization Search and Filter › Text Search › should search organizations by name" classname="organizations/search-filter.spec.ts" time="0">
<skipped>
</skipped>
</testcase>
<testcase name="Organization Search and Filter › Text Search › should search organizations by address" classname="organizations/search-filter.spec.ts" time="0">
<skipped>
</skipped>
</testcase>
<testcase name="Organization Search and Filter › Text Search › should search organizations by city" classname="organizations/search-filter.spec.ts" time="0">
<skipped>
</skipped>
</testcase>
<testcase name="Organization Search and Filter › Text Search › should search organizations by phone number" classname="organizations/search-filter.spec.ts" time="0">
<skipped>
</skipped>
</testcase>
<testcase name="Organization Search and Filter › Text Search › should search organizations by notes content" classname="organizations/search-filter.spec.ts" time="0">
<skipped>
</skipped>
</testcase>
<testcase name="Organization Search and Filter › Text Search › should handle case-insensitive search" classname="organizations/search-filter.spec.ts" time="0">
<skipped>
</skipped>
</testcase>
<testcase name="Organization Search and Filter › Text Search › should handle partial word search" classname="organizations/search-filter.spec.ts" time="0">
<skipped>
</skipped>
</testcase>
<testcase name="Organization Search and Filter › Text Search › should handle empty search results" classname="organizations/search-filter.spec.ts" time="0">
<skipped>
</skipped>
</testcase>
<testcase name="Organization Search and Filter › Text Search › should clear search results" classname="organizations/search-filter.spec.ts" time="0">
<skipped>
</skipped>
</testcase>
<testcase name="Organization Search and Filter › Filter by Priority › should filter by high priority" classname="organizations/search-filter.spec.ts" time="0">
<skipped>
</skipped>
</testcase>
<testcase name="Organization Search and Filter › Filter by Priority › should filter by medium priority" classname="organizations/search-filter.spec.ts" time="0">
<skipped>
</skipped>
</testcase>
<testcase name="Organization Search and Filter › Filter by Priority › should combine priority filter with search" classname="organizations/search-filter.spec.ts" time="0">
<skipped>
</skipped>
</testcase>
<testcase name="Organization Search and Filter › Filter by Business Segment › should filter by fine dining segment" classname="organizations/search-filter.spec.ts" time="0">
<skipped>
</skipped>
</testcase>
<testcase name="Organization Search and Filter › Filter by Business Segment › should filter by casual dining segment" classname="organizations/search-filter.spec.ts" time="0">
<skipped>
</skipped>
</testcase>
<testcase name="Organization Search and Filter › Filter by Business Segment › should filter by quick service segment" classname="organizations/search-filter.spec.ts" time="0">
<skipped>
</skipped>
</testcase>
<testcase name="Organization Search and Filter › Filter by Distributor › should filter by Sysco distributor" classname="organizations/search-filter.spec.ts" time="0">
<skipped>
</skipped>
</testcase>
<testcase name="Organization Search and Filter › Filter by Distributor › should filter by US Foods distributor" classname="organizations/search-filter.spec.ts" time="0">
<skipped>
</skipped>
</testcase>
<testcase name="Organization Search and Filter › Geographic Filters › should filter by city" classname="organizations/search-filter.spec.ts" time="0">
<skipped>
</skipped>
</testcase>
<testcase name="Organization Search and Filter › Geographic Filters › should filter by state" classname="organizations/search-filter.spec.ts" time="0">
<skipped>
</skipped>
</testcase>
<testcase name="Organization Search and Filter › Geographic Filters › should filter by ZIP code" classname="organizations/search-filter.spec.ts" time="0">
<skipped>
</skipped>
</testcase>
<testcase name="Organization Search and Filter › Relationship Filters › should filter organizations with contacts" classname="organizations/search-filter.spec.ts" time="0">
<skipped>
</skipped>
</testcase>
<testcase name="Organization Search and Filter › Relationship Filters › should filter organizations without contacts" classname="organizations/search-filter.spec.ts" time="0">
<skipped>
</skipped>
</testcase>
<testcase name="Organization Search and Filter › Relationship Filters › should filter organizations with opportunities" classname="organizations/search-filter.spec.ts" time="0">
<skipped>
</skipped>
</testcase>
<testcase name="Organization Search and Filter › Date Range Filters › should filter by last contact date range" classname="organizations/search-filter.spec.ts" time="0">
<skipped>
</skipped>
</testcase>
<testcase name="Organization Search and Filter › Date Range Filters › should filter by creation date" classname="organizations/search-filter.spec.ts" time="0">
<skipped>
</skipped>
</testcase>
<testcase name="Organization Search and Filter › Account Manager Filter › should filter by account manager" classname="organizations/search-filter.spec.ts" time="0">
<skipped>
</skipped>
</testcase>
<testcase name="Organization Search and Filter › Account Manager Filter › should filter by different account manager" classname="organizations/search-filter.spec.ts" time="0">
<skipped>
</skipped>
</testcase>
<testcase name="Organization Search and Filter › Multiple Filters › should combine multiple filters" classname="organizations/search-filter.spec.ts" time="0">
<skipped>
</skipped>
</testcase>
<testcase name="Organization Search and Filter › Multiple Filters › should combine search with filters" classname="organizations/search-filter.spec.ts" time="0">
<skipped>
</skipped>
</testcase>
<testcase name="Organization Search and Filter › Multiple Filters › should clear all filters" classname="organizations/search-filter.spec.ts" time="0">
<skipped>
</skipped>
</testcase>
<testcase name="Organization Search and Filter › Filter UI and UX › should show active filter indicators" classname="organizations/search-filter.spec.ts" time="0">
<skipped>
</skipped>
</testcase>
<testcase name="Organization Search and Filter › Filter UI and UX › should allow removing individual filters" classname="organizations/search-filter.spec.ts" time="0">
<skipped>
</skipped>
</testcase>
<testcase name="Organization Search and Filter › Filter UI and UX › should save filter state in URL" classname="organizations/search-filter.spec.ts" time="0">
<skipped>
</skipped>
</testcase>
<testcase name="Organization Search and Filter › Filter UI and UX › should restore filters from URL" classname="organizations/search-filter.spec.ts" time="0">
<skipped>
</skipped>
</testcase>
<testcase name="Organization Search and Filter › Performance › should filter large datasets quickly" classname="organizations/search-filter.spec.ts" time="0">
<skipped>
</skipped>
</testcase>
<testcase name="Organization Search and Filter › Performance › should search large datasets quickly" classname="organizations/search-filter.spec.ts" time="0">
<skipped>
</skipped>
</testcase>
<testcase name="Organization Search and Filter › Accessibility › should support keyboard navigation in filters" classname="organizations/search-filter.spec.ts" time="0">
<skipped>
</skipped>
</testcase>
<testcase name="Organization Search and Filter › Accessibility › should have proper ARIA labels for search and filters" classname="organizations/search-filter.spec.ts" time="0">
<skipped>
</skipped>
</testcase>
<testcase name="Organization Search and Filter › Accessibility › should announce filter results to screen readers" classname="organizations/search-filter.spec.ts" time="0">
<skipped>
</skipped>
</testcase>
</testsuite>
<testsuite name="organizations/visual-regression.spec.ts" timestamp="2025-06-29T03:15:12.290Z" hostname="Tablet Chrome" tests="29" failures="0" skipped="29" time="0" errors="0">
<testcase name="Organization Visual Regression Testing › Organization List Visual Tests › should match organization list screenshot" classname="organizations/visual-regression.spec.ts" time="0">
<skipped>
</skipped>
</testcase>
<testcase name="Organization Visual Regression Testing › Organization List Visual Tests › should match organization list with search results" classname="organizations/visual-regression.spec.ts" time="0">
<skipped>
</skipped>
</testcase>
<testcase name="Organization Visual Regression Testing › Organization List Visual Tests › should match organization list with filters applied" classname="organizations/visual-regression.spec.ts" time="0">
<skipped>
</skipped>
</testcase>
<testcase name="Organization Visual Regression Testing › Organization List Visual Tests › should match empty organization list" classname="organizations/visual-regression.spec.ts" time="0">
<skipped>
</skipped>
</testcase>
<testcase name="Organization Visual Regression Testing › Organization Form Visual Tests › should match create organization form" classname="organizations/visual-regression.spec.ts" time="0">
<skipped>
</skipped>
</testcase>
<testcase name="Organization Visual Regression Testing › Organization Form Visual Tests › should match create form with data filled" classname="organizations/visual-regression.spec.ts" time="0">
<skipped>
</skipped>
</testcase>
<testcase name="Organization Visual Regression Testing › Organization Form Visual Tests › should match create form with validation errors" classname="organizations/visual-regression.spec.ts" time="0">
<skipped>
</skipped>
</testcase>
<testcase name="Organization Visual Regression Testing › Organization Form Visual Tests › should match edit organization form" classname="organizations/visual-regression.spec.ts" time="0">
<skipped>
</skipped>
</testcase>
<testcase name="Organization Visual Regression Testing › Organization Detail Visual Tests › should match organization detail page" classname="organizations/visual-regression.spec.ts" time="0">
<skipped>
</skipped>
</testcase>
<testcase name="Organization Visual Regression Testing › Organization Detail Visual Tests › should match organization detail with statistics" classname="organizations/visual-regression.spec.ts" time="0">
<skipped>
</skipped>
</testcase>
<testcase name="Organization Visual Regression Testing › Mobile Visual Tests › should match mobile organization list" classname="organizations/visual-regression.spec.ts" time="0">
<skipped>
</skipped>
</testcase>
<testcase name="Organization Visual Regression Testing › Mobile Visual Tests › should match mobile create form" classname="organizations/visual-regression.spec.ts" time="0">
<skipped>
</skipped>
</testcase>
<testcase name="Organization Visual Regression Testing › Mobile Visual Tests › should match mobile detail page" classname="organizations/visual-regression.spec.ts" time="0">
<skipped>
</skipped>
</testcase>
<testcase name="Organization Visual Regression Testing › Tablet Visual Tests › should match tablet organization list" classname="organizations/visual-regression.spec.ts" time="0">
<skipped>
</skipped>
</testcase>
<testcase name="Organization Visual Regression Testing › Tablet Visual Tests › should match tablet create form" classname="organizations/visual-regression.spec.ts" time="0">
<skipped>
</skipped>
</testcase>
<testcase name="Organization Visual Regression Testing › Component Visual Tests › should match organization card component" classname="organizations/visual-regression.spec.ts" time="0">
<skipped>
</skipped>
</testcase>
<testcase name="Organization Visual Regression Testing › Component Visual Tests › should match form field components" classname="organizations/visual-regression.spec.ts" time="0">
<skipped>
</skipped>
</testcase>
<testcase name="Organization Visual Regression Testing › Component Visual Tests › should match dropdown components" classname="organizations/visual-regression.spec.ts" time="0">
<skipped>
</skipped>
</testcase>
<testcase name="Organization Visual Regression Testing › Component Visual Tests › should match notification components" classname="organizations/visual-regression.spec.ts" time="0">
<skipped>
</skipped>
</testcase>
<testcase name="Organization Visual Regression Testing › Theme and Styling Visual Tests › should match light theme appearance" classname="organizations/visual-regression.spec.ts" time="0">
<skipped>
</skipped>
</testcase>
<testcase name="Organization Visual Regression Testing › Theme and Styling Visual Tests › should match dark theme appearance" classname="organizations/visual-regression.spec.ts" time="0">
<skipped>
</skipped>
</testcase>
<testcase name="Organization Visual Regression Testing › Theme and Styling Visual Tests › should match high contrast mode" classname="organizations/visual-regression.spec.ts" time="0">
<skipped>
</skipped>
</testcase>
<testcase name="Organization Visual Regression Testing › State Variation Visual Tests › should match loading state" classname="organizations/visual-regression.spec.ts" time="0">
<skipped>
</skipped>
</testcase>
<testcase name="Organization Visual Regression Testing › State Variation Visual Tests › should match error state" classname="organizations/visual-regression.spec.ts" time="0">
<skipped>
</skipped>
</testcase>
<testcase name="Organization Visual Regression Testing › State Variation Visual Tests › should match disabled state for form elements" classname="organizations/visual-regression.spec.ts" time="0">
<skipped>
</skipped>
</testcase>
<testcase name="Organization Visual Regression Testing › Interaction State Visual Tests › should match hover states" classname="organizations/visual-regression.spec.ts" time="0">
<skipped>
</skipped>
</testcase>
<testcase name="Organization Visual Regression Testing › Interaction State Visual Tests › should match focus states" classname="organizations/visual-regression.spec.ts" time="0">
<skipped>
</skipped>
</testcase>
<testcase name="Organization Visual Regression Testing › Interaction State Visual Tests › should match selected states" classname="organizations/visual-regression.spec.ts" time="0">
<skipped>
</skipped>
</testcase>
<testcase name="Organization Visual Regression Testing › Cross-Browser Visual Consistency › should render consistently across viewport sizes" classname="organizations/visual-regression.spec.ts" time="0">
<skipped>
</skipped>
</testcase>
</testsuite>
<testsuite name="responsive/mobile-interaction.spec.ts" timestamp="2025-06-29T03:15:12.290Z" hostname="Tablet Chrome" tests="4" failures="0" skipped="4" time="0" errors="0">
<testcase name="Mobile Responsive - Interactions › should display touch-friendly buttons (44px minimum)" classname="responsive/mobile-interaction.spec.ts" time="0">
<skipped>
</skipped>
</testcase>
<testcase name="Mobile Responsive - Interactions › should be readable on mobile viewport" classname="responsive/mobile-interaction.spec.ts" time="0">
<skipped>
</skipped>
</testcase>
<testcase name="Mobile Responsive - Interactions › should handle mobile viewport correctly" classname="responsive/mobile-interaction.spec.ts" time="0">
<skipped>
</skipped>
</testcase>
<testcase name="Mobile Responsive - Interactions › should support gesture navigation" classname="responsive/mobile-interaction.spec.ts" time="0">
<skipped>
</skipped>
</testcase>
</testsuite>
<testsuite name="simple-load.spec.ts" timestamp="2025-06-29T03:15:12.290Z" hostname="Tablet Chrome" tests="1" failures="0" skipped="1" time="0" errors="0">
<testcase name="simple app load test" classname="simple-load.spec.ts" time="0">
<skipped>
</skipped>
</testcase>
</testsuite>
<testsuite name="smoke/app-loading.spec.ts" timestamp="2025-06-29T03:15:12.290Z" hostname="Tablet Chrome" tests="5" failures="0" skipped="5" time="0" errors="0">
<testcase name="Application Loading - Smoke Tests › should load application without getting stuck in loading state" classname="smoke/app-loading.spec.ts" time="0">
<skipped>
</skipped>
</testcase>
<testcase name="Application Loading - Smoke Tests › should have working navigation" classname="smoke/app-loading.spec.ts" time="0">
<skipped>
</skipped>
</testcase>
<testcase name="Application Loading - Smoke Tests › should not have console errors on load" classname="smoke/app-loading.spec.ts" time="0">
<skipped>
</skipped>
</testcase>
<testcase name="Application Loading - Smoke Tests › should have correct data provider in test mode" classname="smoke/app-loading.spec.ts" time="0">
<skipped>
</skipped>
</testcase>
<testcase name="Application Loading - Smoke Tests › should be authenticated in test mode" classname="smoke/app-loading.spec.ts" time="0">
<skipped>
</skipped>
</testcase>
</testsuite>
</testsuites>